Archive member included because of file (symbol)

/home/jfb/nacl_sdk/pepper_42//lib/newlib_x86_32/Release/libppapi_cpp.a(instance_x86_32.o)
                              newlib/Release/multi_platform_x86_32.o (_ZN2pp8InstanceC2Ei)
/home/jfb/nacl_sdk/pepper_42//lib/newlib_x86_32/Release/libppapi_cpp.a(module_x86_32.o)
                              newlib/Release/multi_platform_x86_32.o (_ZN2pp6ModuleC2Ev)
/home/jfb/nacl_sdk/pepper_42//lib/newlib_x86_32/Release/libppapi_cpp.a(ppp_entrypoints_x86_32.o)
                              /home/jfb/nacl_sdk/pepper_42//lib/newlib_x86_32/Release/libppapi_cpp.a(instance_x86_32.o) (_ZN2pp6Module3GetEv)
/home/jfb/nacl_sdk/pepper_42//lib/newlib_x86_32/Release/libppapi_cpp.a(resource_x86_32.o)
                              /home/jfb/nacl_sdk/pepper_42//lib/newlib_x86_32/Release/libppapi_cpp.a(module_x86_32.o) (_ZN2pp8ResourceD2Ev)
/home/jfb/nacl_sdk/pepper_42//lib/newlib_x86_32/Release/libppapi_cpp.a(url_loader_x86_32.o)
                              /home/jfb/nacl_sdk/pepper_42//lib/newlib_x86_32/Release/libppapi_cpp.a(module_x86_32.o) (_ZN2pp9URLLoaderC1Ei)
/home/jfb/nacl_sdk/pepper_42//lib/newlib_x86_32/Release/libppapi_cpp.a(url_response_info_x86_32.o)
                              /home/jfb/nacl_sdk/pepper_42//lib/newlib_x86_32/Release/libppapi_cpp.a(url_loader_x86_32.o) (_ZN2pp15URLResponseInfoC1ENS_7PassRefEi)
/home/jfb/nacl_sdk/pepper_42//lib/newlib_x86_32/Release/libppapi_cpp.a(var_x86_32.o)
                              /home/jfb/nacl_sdk/pepper_42//lib/newlib_x86_32/Release/libppapi_cpp.a(module_x86_32.o) (_ZTVN2pp3VarE)
/home/jfb/nacl_sdk/pepper_42//lib/newlib_x86_32/Release/libppapi_cpp.a(view_x86_32.o)
                              /home/jfb/nacl_sdk/pepper_42//lib/newlib_x86_32/Release/libppapi_cpp.a(module_x86_32.o) (_ZN2pp4ViewC1Ei)
/home/jfb/nacl_sdk/pepper_42//lib/newlib_x86_32/Release/libppapi_cpp.a(core_x86_32.o)
                              /home/jfb/nacl_sdk/pepper_42//lib/newlib_x86_32/Release/libppapi_cpp.a(url_loader_x86_32.o) (_ZN2pp4Core16CallOnMainThreadEiRKNS_18CompletionCallbackEi)
/home/jfb/nacl_sdk/pepper_42//lib/newlib_x86_32/Release/libppapi_cpp.a(file_ref_x86_32.o)
                              /home/jfb/nacl_sdk/pepper_42//lib/newlib_x86_32/Release/libppapi_cpp.a(url_response_info_x86_32.o) (_ZN2pp7FileRefC1ENS_7PassRefEi)
/home/jfb/nacl_sdk/pepper_42//lib/newlib_x86_32/Release/libppapi_cpp.a(input_event_x86_32.o)
                              /home/jfb/nacl_sdk/pepper_42//lib/newlib_x86_32/Release/libppapi_cpp.a(module_x86_32.o) (_ZN2pp10InputEventD1Ev)
/home/jfb/nacl_sdk/pepper_42/toolchain/linux_x86_newlib/bin/../lib/gcc/x86_64-nacl/4.4.3/../../../../x86_64-nacl/lib/../lib32/libppapi_stub.a(plugin_main_irt_21ce9d26.o)
                              (main)
/home/jfb/nacl_sdk/pepper_42/toolchain/linux_x86_newlib/bin/../lib/gcc/x86_64-nacl/4.4.3/../../../../x86_64-nacl/lib/../lib32/libppapi_stub.a(ppapi_plugin_main_399d0cf7.o)
                              /home/jfb/nacl_sdk/pepper_42/toolchain/linux_x86_newlib/bin/../lib/gcc/x86_64-nacl/4.4.3/../../../../x86_64-nacl/lib/../lib32/libppapi_stub.a(plugin_main_irt_21ce9d26.o) (PpapiPluginMain)
/home/jfb/nacl_sdk/pepper_42/toolchain/linux_x86_newlib/bin/../lib/gcc/x86_64-nacl/4.4.3/../../../../x86_64-nacl/lib/../lib32/libppapi_stub.a(ppapi_plugin_start_8da67623.o)
                              /home/jfb/nacl_sdk/pepper_42/toolchain/linux_x86_newlib/bin/../lib/gcc/x86_64-nacl/4.4.3/../../../../x86_64-nacl/lib/../lib32/libppapi_stub.a(ppapi_plugin_main_399d0cf7.o) (PpapiPluginStart)
/home/jfb/nacl_sdk/pepper_42/toolchain/linux_x86_newlib/bin/../lib/gcc/x86_64-nacl/4.4.3/../../../../x86_64-nacl/lib/../lib32/libppapi_stub.a(thread_creator_ccf263e1.o)
                              /home/jfb/nacl_sdk/pepper_42/toolchain/linux_x86_newlib/bin/../lib/gcc/x86_64-nacl/4.4.3/../../../../x86_64-nacl/lib/../lib32/libppapi_stub.a(ppapi_plugin_start_8da67623.o) (__nacl_register_thread_creator)
/home/jfb/nacl_sdk/pepper_42/toolchain/linux_x86_newlib/bin/../lib/gcc/x86_64-nacl/4.4.3/../../../../x86_64-nacl/lib/../lib32/libpthread.a(nc_thread_7e478b15.o)
                              /home/jfb/nacl_sdk/pepper_42/toolchain/linux_x86_newlib/bin/../lib/gcc/x86_64-nacl/4.4.3/../../../../x86_64-nacl/lib/../lib32/libppapi_stub.a(thread_creator_ccf263e1.o) (pthread_join)
/home/jfb/nacl_sdk/pepper_42/toolchain/linux_x86_newlib/bin/../lib/gcc/x86_64-nacl/4.4.3/../../../../x86_64-nacl/lib/../lib32/libpthread.a(nc_condvar_305aa45a.o)
                              /home/jfb/nacl_sdk/pepper_42/toolchain/linux_x86_newlib/bin/../lib/gcc/x86_64-nacl/4.4.3/../../../../x86_64-nacl/lib/../lib32/libpthread.a(nc_thread_7e478b15.o) (pthread_cond_init)
/home/jfb/nacl_sdk/pepper_42/toolchain/linux_x86_newlib/bin/../lib/gcc/x86_64-nacl/4.4.3/../../../../x86_64-nacl/lib/../lib32/libpthread.a(dynamic_annotations_33ba59cc.o)
[...]
Memory Configuration

Name             Origin             Length             Attributes
*default*        0x0000000000000000 0xffffffffffffffff

Linker script and memory map

LOAD /home/jfb/nacl_sdk/pepper_42/toolchain/linux_x86_newlib/bin/../lib/gcc/x86_64-nacl/4.4.3/../../../../x86_64-nacl/lib/../lib32/crt1.o
LOAD /home/jfb/nacl_sdk/pepper_42/toolchain/linux_x86_newlib/bin/../lib/gcc/x86_64-nacl/4.4.3/../../../../x86_64-nacl/lib/../lib32/crti.o
LOAD /home/jfb/nacl_sdk/pepper_42/toolchain/linux_x86_newlib/bin/../lib/gcc/x86_64-nacl/4.4.3/32/crtbegin.o
LOAD newlib/Release/multi_platform_x86_32.o
LOAD /home/jfb/nacl_sdk/pepper_42//lib/newlib_x86_32/Release/libppapi_cpp.a
LOAD /home/jfb/nacl_sdk/pepper_42/toolchain/linux_x86_newlib/bin/../lib/gcc/x86_64-nacl/4.4.3/../../../../x86_64-nacl/lib/../lib32/libppapi.a
LOAD /home/jfb/nacl_sdk/pepper_42/toolchain/linux_x86_newlib/bin/../lib/gcc/x86_64-nacl/4.4.3/../../../../x86_64-nacl/lib/../lib32/libppapi_stub.a
LOAD /home/jfb/nacl_sdk/pepper_42/toolchain/linux_x86_newlib/bin/../lib/gcc/x86_64-nacl/4.4.3/../../../../x86_64-nacl/lib/../lib32/libpthread.a
LOAD /home/jfb/nacl_sdk/pepper_42/toolchain/linux_x86_newlib/bin/../lib/gcc/x86_64-nacl/4.4.3/../../../../x86_64-nacl/lib/../lib32/libstdc++.a
LOAD /home/jfb/nacl_sdk/pepper_42/toolchain/linux_x86_newlib/bin/../lib/gcc/x86_64-nacl/4.4.3/../../../../x86_64-nacl/lib/../lib32/libm.a
LOAD /home/jfb/nacl_sdk/pepper_42/toolchain/linux_x86_newlib/bin/../lib/gcc/x86_64-nacl/4.4.3/32/libgcc.a
LOAD /home/jfb/nacl_sdk/pepper_42/toolchain/linux_x86_newlib/bin/../lib/gcc/x86_64-nacl/4.4.3/../../../../x86_64-nacl/lib/../lib32/libpthread.a
LOAD /home/jfb/nacl_sdk/pepper_42/toolchain/linux_x86_newlib/bin/../lib/gcc/x86_64-nacl/4.4.3/../../../../x86_64-nacl/lib/../lib32/libc.a
START GROUP
LOAD /home/jfb/nacl_sdk/pepper_42/toolchain/linux_x86_newlib/bin/../lib/gcc/x86_64-nacl/4.4.3/../../../../x86_64-nacl/lib/../lib32/libnacl.a
LOAD /home/jfb/nacl_sdk/pepper_42/toolchain/linux_x86_newlib/bin/../lib/gcc/x86_64-nacl/4.4.3/../../../../x86_64-nacl/lib/../lib32/libcrt_common.a
END GROUP
LOAD /home/jfb/nacl_sdk/pepper_42/toolchain/linux_x86_newlib/bin/../lib/gcc/x86_64-nacl/4.4.3/32/libgcc.a
LOAD /home/jfb/nacl_sdk/pepper_42/toolchain/linux_x86_newlib/bin/../lib/gcc/x86_64-nacl/4.4.3/32/crtend.o
LOAD /home/jfb/nacl_sdk/pepper_42/toolchain/linux_x86_newlib/bin/../lib/gcc/x86_64-nacl/4.4.3/../../../../x86_64-nacl/lib/../lib32/crtn.o
                0x0000000000020000                PROVIDE (__executable_start, 0x20000)
                0x0000000000020000                . = 0x20000

.init           0x0000000000020000       0x80
 *(SORT(.init))
 .init          0x0000000000020000       0x20 /home/jfb/nacl_sdk/pepper_42/toolchain/linux_x86_newlib/bin/../lib/gcc/x86_64-nacl/4.4.3/../../../../x86_64-nacl/lib/../lib32/crti.o
                0x0000000000020000                _init
 .init          0x0000000000020020       0x20 /home/jfb/nacl_sdk/pepper_42/toolchain/linux_x86_newlib/bin/../lib/gcc/x86_64-nacl/4.4.3/32/crtbegin.o
 .init          0x0000000000020040       0x20 /home/jfb/nacl_sdk/pepper_42/toolchain/linux_x86_newlib/bin/../lib/gcc/x86_64-nacl/4.4.3/32/crtend.o
 .init          0x0000000000020060       0x20 /home/jfb/nacl_sdk/pepper_42/toolchain/linux_x86_newlib/bin/../lib/gcc/x86_64-nacl/4.4.3/../../../../x86_64-nacl/lib/../lib32/crtn.o

.plt            0x0000000000020080        0x0
 *(.plt)
 *(.iplt)
 .iplt          0x0000000000000000        0x0 /home/jfb/nacl_sdk/pepper_42/toolchain/linux_x86_newlib/bin/../lib/gcc/x86_64-nacl/4.4.3/32/crtbegin.o

.text           0x0000000000020080    0x60b80
 *(.text.unlikely .text.*_unlikely .text.unlikely.*)
 *(.text.exit .text.exit.*)
 *(.text.startup .text.startup.*)
 *(.text.hot .text.hot.*)
 *(.text .stub .text.* .gnu.linkonce.t.*)
 .text          0x0000000000020080        0x0 /home/jfb/nacl_sdk/pepper_42/toolchain/linux_x86_newlib/bin/../lib/gcc/x86_64-nacl/4.4.3/../../../../x86_64-nacl/lib/../lib32/crti.o
 .text          0x0000000000020080      0x160 /home/jfb/nacl_sdk/pepper_42/toolchain/linux_x86_newlib/bin/../lib/gcc/x86_64-nacl/4.4.3/32/crtbegin.o
 .text          0x00000000000201e0       0xa0 newlib/Release/multi_platform_x86_32.o
                0x00000000000201e0                _ZN2pp12CreateModuleEv
 .text._ZN6Module14CreateInstanceEi
                0x0000000000020280       0xa0 newlib/Release/multi_platform_x86_32.o
                0x0000000000020280                _ZN6Module14CreateInstanceEi
 .text._ZN8Instance4InitEjPPKcS2_
                0x0000000000020320       0xc0 newlib/Release/multi_platform_x86_32.o
                0x0000000000020320                _ZN8Instance4InitEjPPKcS2_
 .text._ZN8InstanceD0Ev
                0x00000000000203e0       0x40 newlib/Release/multi_platform_x86_32.o
                0x00000000000203e0                _ZN8InstanceD0Ev
 .text._ZN8InstanceD1Ev
                0x0000000000020420       0x20 newlib/Release/multi_platform_x86_32.o
                0x0000000000020420                _ZN8InstanceD1Ev
 .text._ZN6ModuleD0Ev
                0x0000000000020440       0x40 newlib/Release/multi_platform_x86_32.o
                0x0000000000020440                _ZN6ModuleD0Ev
 .text._ZN6ModuleD1Ev
                0x0000000000020480       0x20 newlib/Release/multi_platform_x86_32.o
                0x0000000000020480                _ZN6ModuleD1Ev
 .text          0x00000000000204a0     0x2d60 /home/jfb/nacl_sdk/pepper_42//lib/newlib_x86_32/Release/libppapi_cpp.a(instance_x86_32.o)
                0x00000000000204c0                _ZN2pp8InstanceC2Ei
                0x0000000000020500                _ZN2pp8InstanceC1Ei
                0x0000000000020540                _ZN2pp8Instance4InitEjPPKcS3_
                0x0000000000020560                _ZN2pp8Instance13DidChangeViewERKNS_4RectES3_
                0x0000000000020580                _ZN2pp8Instance14DidChangeFocusEb
                0x00000000000205a0                _ZN2pp8Instance18HandleDocumentLoadERKNS_9URLLoaderE
                0x00000000000205c0                _ZN2pp8Instance16HandleInputEventERKNS_10InputEventE
                0x00000000000205e0                _ZN2pp8Instance13HandleMessageERKNS_3VarE
                0x0000000000020880                _ZN2pp8Instance13DidChangeViewERKNS_4ViewE
                0x0000000000020960                _ZN2pp8InstanceD0Ev
                0x00000000000209e0                _ZN2pp8InstanceD1Ev
                0x0000000000020a60                _ZN2pp8InstanceD2Ev
                0x0000000000020ae0                _ZN2pp8Instance20GetPerInstanceObjectEiRKSs
                0x0000000000020c80                _ZN2pp8Instance23RemovePerInstanceObjectERKSsPv
                0x0000000000020ea0                _ZN2pp8Instance23RemovePerInstanceObjectERKNS_14InstanceHandleERKSsPv
                0x0000000000020f20                _ZN2pp8Instance22LogToConsoleWithSourceE11PP_LogLevelRKNS_3VarES4_
                0x00000000000211e0                _ZN2pp8Instance12LogToConsoleE11PP_LogLevelRKNS_3VarE
                0x0000000000021440                _ZN2pp8Instance20AddPerInstanceObjectERKSsPv
                0x00000000000216c0                _ZN2pp8Instance22ClearInputEventRequestEj
                0x0000000000021920                _ZN2pp8Instance22RegisterMessageHandlerEPNS_14MessageHandlerERKNS_11MessageLoopE
                0x0000000000021b80                _ZN2pp8Instance27RequestFilteringInputEventsEj
                0x0000000000021de0                _ZN2pp8Instance18RequestInputEventsEj
                0x0000000000022040                _ZN2pp8Instance24UnregisterMessageHandlerEv
                0x00000000000222a0                _ZN2pp8Instance12BindGraphicsERKNS_10Graphics2DE
                0x0000000000022540                _ZN2pp8Instance11IsFullFrameEv
                0x00000000000227e0                _ZN2pp8Instance12BindGraphicsERKNS_10CompositorE
                0x0000000000022a80                _ZN2pp8Instance12BindGraphicsERKNS_10Graphics3DE
                0x0000000000022d20                _ZN2pp8Instance11PostMessageERKNS_3VarE
 .text._ZNSt8_Rb_treeISsSt4pairIKSsPvESt10_Select1stIS3_ESt4lessISsESaIS3_EE8_M_eraseEPSt13_Rb_tree_nodeIS3_E
                0x0000000000023200      0x140 /home/jfb/nacl_sdk/pepper_42//lib/newlib_x86_32/Release/libppapi_cpp.a(instance_x86_32.o)
                0x0000000000023200                _ZNSt8_Rb_treeISsSt4pairIKSsPvESt10_Select1stIS3_ESt4lessISsESaIS3_EE8_M_eraseEPSt13_Rb_tree_nodeIS3_E
 .text._ZNSt8_Rb_treeISsSt4pairIKSsPvESt10_Select1stIS3_ESt4lessISsESaIS3_EE10_M_insert_EPKSt18_Rb_tree_node_baseSC_RKS3_
                0x0000000000023340      0x1e0 /home/jfb/nacl_sdk/pepper_42//lib/newlib_x86_32/Release/libppapi_cpp.a(instance_x86_32.o)
                0x0000000000023340                _ZNSt8_Rb_treeISsSt4pairIKSsPvESt10_Select1stIS3_ESt4lessISsESaIS3_EE10_M_insert_EPKSt18_Rb_tree_node_baseSC_RKS3_
 .text._ZNSt8_Rb_treeISsSt4pairIKSsPvESt10_Select1stIS3_ESt4lessISsESaIS3_EE16_M_insert_uniqueERKS3_
                0x0000000000023520      0x260 /home/jfb/nacl_sdk/pepper_42//lib/newlib_x86_32/Release/libppapi_cpp.a(instance_x86_32.o)
                0x0000000000023520                _ZNSt8_Rb_treeISsSt4pairIKSsPvESt10_Select1stIS3_ESt4lessISsESaIS3_EE16_M_insert_uniqueERKS3_
 .text._ZNSt8_Rb_treeISsSt4pairIKSsPvESt10_Select1stIS3_ESt4lessISsESaIS3_EE17_M_insert_unique_ESt23_Rb_tree_const_iteratorIS3_ERKS3_
                0x0000000000023780      0x400 /home/jfb/nacl_sdk/pepper_42//lib/newlib_x86_32/Release/libppapi_cpp.a(instance_x86_32.o)
                0x0000000000023780                _ZNSt8_Rb_treeISsSt4pairIKSsPvESt10_Select1stIS3_ESt4lessISsESaIS3_EE17_M_insert_unique_ESt23_Rb_tree_const_iteratorIS3_ERKS3_
 .text          0x0000000000023b80     0x1540 /home/jfb/nacl_sdk/pepper_42//lib/newlib_x86_32/Release/libppapi_cpp.a(module_x86_32.o)
                0x0000000000023b80                _ZN2pp6ModuleC2Ev
                0x0000000000023c00                _ZN2pp6ModuleC1Ev
                0x0000000000023c80                _ZN2pp6Module4InitEv
                0x0000000000023ca0                _ZN2pp6Module19GetBrowserInterfaceEPKc
                0x0000000000023cc0                _ZN2pp6Module21InstanceForPPInstanceEi
                0x0000000000023da0                _ZN2pp6Module12InternalInitEiPFPKvPKcE
                0x0000000000023e40                _ZN2pp23Instance_DidChangeFocusEi7PP_Bool
                0x0000000000023f40                _ZN2pp18Instance_DidCreateEijPPKcS2_
                0x0000000000024100                _ZN2pp23Messaging_HandleMessageEi6PP_Var
                0x00000000000242a0                _ZN2pp19Instance_DidDestroyEi
                0x00000000000243c0                _ZN2pp22InputEvent_HandleEventEii
                0x0000000000024560                _ZN2pp27Instance_HandleDocumentLoadEii
                0x0000000000024700                _ZN2pp22Instance_DidChangeViewEii
                0x0000000000024880                _ZN2pp6ModuleD1Ev
                0x0000000000024980                _ZN2pp6Module18GetPluginInterfaceEPKc
                0x0000000000024c80                _ZN2pp6Module18AddPluginInterfaceERKSsPKv
                0x0000000000024ec0                _ZN2pp6ModuleD0Ev
                0x0000000000024fc0                _ZN2pp6ModuleD2Ev
 .text._ZNSt8_Rb_treeIiSt4pairIKiPN2pp8InstanceEESt10_Select1stIS5_ESt4lessIiESaIS5_EE8_M_eraseEPSt13_Rb_tree_nodeIS5_E
                0x00000000000250c0       0xa0 /home/jfb/nacl_sdk/pepper_42//lib/newlib_x86_32/Release/libppapi_cpp.a(module_x86_32.o)
                0x00000000000250c0                _ZNSt8_Rb_treeIiSt4pairIKiPN2pp8InstanceEESt10_Select1stIS5_ESt4lessIiESaIS5_EE8_M_eraseEPSt13_Rb_tree_nodeIS5_E
 .text._ZNSt8_Rb_treeIiSt4pairIKiPN2pp8InstanceEESt10_Select1stIS5_ESt4lessIiESaIS5_EE10_M_insert_EPKSt18_Rb_tree_node_baseSE_RKS5_
                0x0000000000025160      0x120 /home/jfb/nacl_sdk/pepper_42//lib/newlib_x86_32/Release/libppapi_cpp.a(module_x86_32.o)
                0x0000000000025160                _ZNSt8_Rb_treeIiSt4pairIKiPN2pp8InstanceEESt10_Select1stIS5_ESt4lessIiESaIS5_EE10_M_insert_EPKSt18_Rb_tree_node_baseSE_RKS5_
 .text._ZNSt8_Rb_treeIiSt4pairIKiPN2pp8InstanceEESt10_Select1stIS5_ESt4lessIiESaIS5_EE16_M_insert_uniqueERKS5_
                0x0000000000025280      0x1a0 /home/jfb/nacl_sdk/pepper_42//lib/newlib_x86_32/Release/libppapi_cpp.a(module_x86_32.o)
                0x0000000000025280                _ZNSt8_Rb_treeIiSt4pairIKiPN2pp8InstanceEESt10_Select1stIS5_ESt4lessIiESaIS5_EE16_M_insert_uniqueERKS5_
 .text._ZNSt8_Rb_treeIiSt4pairIKiPN2pp8InstanceEESt10_Select1stIS5_ESt4lessIiESaIS5_EE17_M_insert_unique_ESt23_Rb_tree_const_iteratorIS5_ERKS5_
                0x0000000000025420      0x260 /home/jfb/nacl_sdk/pepper_42//lib/newlib_x86_32/Release/libppapi_cpp.a(module_x86_32.o)
                0x0000000000025420                _ZNSt8_Rb_treeIiSt4pairIKiPN2pp8InstanceEESt10_Select1stIS5_ESt4lessIiESaIS5_EE17_M_insert_unique_ESt23_Rb_tree_const_iteratorIS5_ERKS5_
 .text._ZN2pp9URLLoaderD1Ev
                0x0000000000025680       0x20 /home/jfb/nacl_sdk/pepper_42//lib/newlib_x86_32/Release/libppapi_cpp.a(module_x86_32.o)
                0x0000000000025680                _ZN2pp9URLLoaderD1Ev
 .text._ZN2pp9URLLoaderD0Ev
                0x00000000000256a0       0x40 /home/jfb/nacl_sdk/pepper_42//lib/newlib_x86_32/Release/libppapi_cpp.a(module_x86_32.o)
                0x00000000000256a0                _ZN2pp9URLLoaderD0Ev
 .text._ZN2pp4ViewD1Ev
                0x00000000000256e0       0x20 /home/jfb/nacl_sdk/pepper_42//lib/newlib_x86_32/Release/libppapi_cpp.a(module_x86_32.o)
                0x00000000000256e0                _ZN2pp4ViewD1Ev
 .text._ZN2pp4ViewD0Ev
                0x0000000000025700       0x40 /home/jfb/nacl_sdk/pepper_42//lib/newlib_x86_32/Release/libppapi_cpp.a(module_x86_32.o)
                0x0000000000025700                _ZN2pp4ViewD0Ev
 .text._ZNSt8_Rb_treeISsSt4pairIKSsPKvESt10_Select1stIS4_ESt4lessISsESaIS4_EE8_M_eraseEPSt13_Rb_tree_nodeIS4_E
                0x0000000000025740      0x140 /home/jfb/nacl_sdk/pepper_42//lib/newlib_x86_32/Release/libppapi_cpp.a(module_x86_32.o)
                0x0000000000025740                _ZNSt8_Rb_treeISsSt4pairIKSsPKvESt10_Select1stIS4_ESt4lessISsESaIS4_EE8_M_eraseEPSt13_Rb_tree_nodeIS4_E
 .text._ZNSt8_Rb_treeISsSt4pairIKSsPKvESt10_Select1stIS4_ESt4lessISsESaIS4_EE10_M_insert_EPKSt18_Rb_tree_node_baseSD_RKS4_
                0x0000000000025880      0x1e0 /home/jfb/nacl_sdk/pepper_42//lib/newlib_x86_32/Release/libppapi_cpp.a(module_x86_32.o)
                0x0000000000025880                _ZNSt8_Rb_treeISsSt4pairIKSsPKvESt10_Select1stIS4_ESt4lessISsESaIS4_EE10_M_insert_EPKSt18_Rb_tree_node_baseSD_RKS4_
 .text._ZNSt8_Rb_treeISsSt4pairIKSsPKvESt10_Select1stIS4_ESt4lessISsESaIS4_EE16_M_insert_uniqueERKS4_
                0x0000000000025a60      0x260 /home/jfb/nacl_sdk/pepper_42//lib/newlib_x86_32/Release/libppapi_cpp.a(module_x86_32.o)
                0x0000000000025a60                _ZNSt8_Rb_treeISsSt4pairIKSsPKvESt10_Select1stIS4_ESt4lessISsESaIS4_EE16_M_insert_uniqueERKS4_
 .text._ZNSt8_Rb_treeISsSt4pairIKSsPKvESt10_Select1stIS4_ESt4lessISsESaIS4_EE17_M_insert_unique_ESt23_Rb_tree_const_iteratorIS4_ERKS4_
                0x0000000000025cc0      0x400 /home/jfb/nacl_sdk/pepper_42//lib/newlib_x86_32/Release/libppapi_cpp.a(module_x86_32.o)
                0x0000000000025cc0                _ZNSt8_Rb_treeISsSt4pairIKSsPKvESt10_Select1stIS4_ESt4lessISsESaIS4_EE17_M_insert_unique_ESt23_Rb_tree_const_iteratorIS4_ERKS4_
 .text          0x00000000000260c0      0x1c0 /home/jfb/nacl_sdk/pepper_42//lib/newlib_x86_32/Release/libppapi_cpp.a(ppp_entrypoints_x86_32.o)
                0x00000000000260c0                _ZN2pp6Module3GetEv
                0x00000000000260e0                _ZN2pp25SetBrokerGetInterfaceFuncEPFPKvPKcE
                0x0000000000026100                PPP_ShutdownModule
                0x0000000000026140                PPP_GetInterface
                0x00000000000261a0                PPP_InitializeModule
 .text          0x0000000000026280      0x5a0 /home/jfb/nacl_sdk/pepper_42//lib/newlib_x86_32/Release/libppapi_cpp.a(resource_x86_32.o)
                0x0000000000026280                _ZN2pp8ResourceC2Ev
                0x00000000000262a0                _ZN2pp8ResourceC1Ev
                0x00000000000262c0                _ZN2pp8Resource6detachEv
                0x00000000000262e0                _ZN2pp8ResourceC2ENS_7PassRefEi
                0x0000000000026300                _ZN2pp8ResourceC1ENS_7PassRefEi
                0x0000000000026320                _ZN2pp8Resource22PassRefFromConstructorEi
                0x0000000000026340                _ZN2pp8Resource5ClearEv
                0x00000000000263c0                _ZN2pp8ResourceC1Ei
                0x0000000000026440                _ZN2pp8ResourceC2Ei
                0x00000000000264c0                _ZN2pp8ResourceaSERKS0_
                0x00000000000265a0                _ZN2pp8ResourceC1ERKS0_
                0x0000000000026620                _ZN2pp8ResourceC2ERKS0_
                0x00000000000266a0                _ZN2pp8ResourceD1Ev
                0x0000000000026720                _ZN2pp8ResourceD2Ev
                0x00000000000267a0                _ZN2pp8ResourceD0Ev
 .text          0x0000000000026820     0x1e20 /home/jfb/nacl_sdk/pepper_42//lib/newlib_x86_32/Release/libppapi_cpp.a(url_loader_x86_32.o)
                0x0000000000026820                _ZN2pp9URLLoaderC1ERKS0_
                0x0000000000026860                _ZN2pp9URLLoaderC2ERKS0_
                0x00000000000268a0                _ZN2pp9URLLoaderC1Ei
                0x00000000000268e0                _ZN2pp9URLLoaderC2Ei
                0x0000000000026920                _ZN2pp9URLLoader16ReadResponseBodyEPviRKNS_18CompletionCallbackE
                0x0000000000026c40                _ZN2pp9URLLoader14FollowRedirectERKNS_18CompletionCallbackE
                0x0000000000026f60                _ZN2pp9URLLoaderC1ERKNS_14InstanceHandleE
                0x0000000000027280                _ZNK2pp9URLLoader19GetDownloadProgressEPxS1_
                0x0000000000027520                _ZN2pp9URLLoader5CloseEv
                0x0000000000027780                _ZN2pp9URLLoaderC2ERKNS_14InstanceHandleE
                0x0000000000027aa0                _ZN2pp9URLLoader21FinishStreamingToFileERKNS_18CompletionCallbackE
                0x0000000000027dc0                _ZNK2pp9URLLoader15GetResponseInfoEv
                0x0000000000028080                _ZNK2pp9URLLoader17GetUploadProgressEPxS1_
                0x0000000000028320                _ZN2pp9URLLoader4OpenERKNS_14URLRequestInfoERKNS_18CompletionCallbackE
 .text._ZN2pp15URLResponseInfoD1Ev
                0x0000000000028640       0x20 /home/jfb/nacl_sdk/pepper_42//lib/newlib_x86_32/Release/libppapi_cpp.a(url_loader_x86_32.o)
                0x0000000000028640                _ZN2pp15URLResponseInfoD1Ev
 .text._ZN2pp15URLResponseInfoD0Ev
                0x0000000000028660       0x40 /home/jfb/nacl_sdk/pepper_42//lib/newlib_x86_32/Release/libppapi_cpp.a(url_loader_x86_32.o)
                0x0000000000028660                _ZN2pp15URLResponseInfoD0Ev
 .text          0x00000000000286a0      0x700 /home/jfb/nacl_sdk/pepper_42//lib/newlib_x86_32/Release/libppapi_cpp.a(url_response_info_x86_32.o)
                0x00000000000286a0                _ZN2pp15URLResponseInfoC1ENS_7PassRefEi
                0x0000000000028700                _ZN2pp15URLResponseInfoC2ENS_7PassRefEi
                0x0000000000028760                _ZN2pp15URLResponseInfoC1ERKS0_
                0x00000000000287a0                _ZN2pp15URLResponseInfoC2ERKS0_
                0x00000000000287e0                _ZNK2pp15URLResponseInfo16GetBodyAsFileRefEv
                0x0000000000028ac0                _ZNK2pp15URLResponseInfo11GetPropertyE22PP_URLResponseProperty
 .text._ZN2pp7FileRefD1Ev
                0x0000000000028da0       0x20 /home/jfb/nacl_sdk/pepper_42//lib/newlib_x86_32/Release/libppapi_cpp.a(url_response_info_x86_32.o)
                0x0000000000028da0                _ZN2pp7FileRefD1Ev
 .text._ZN2pp7FileRefD0Ev
                0x0000000000028dc0       0x40 /home/jfb/nacl_sdk/pepper_42//lib/newlib_x86_32/Release/libppapi_cpp.a(url_response_info_x86_32.o)
                0x0000000000028dc0                _ZN2pp7FileRefD0Ev
 .text          0x0000000000028e00     0x39a0 /home/jfb/nacl_sdk/pepper_42//lib/newlib_x86_32/Release/libppapi_cpp.a(var_x86_32.o)
                0x0000000000028e00                _ZN2pp3VarC2Eb
                0x0000000000028e40                _ZN2pp3VarC1Eb
                0x0000000000028e80                _ZN2pp3VarC2Ei
                0x0000000000028ec0                _ZN2pp3VarC1Ei
                0x0000000000028f00                _ZN2pp3VarC2Ed
                0x0000000000028f40                _ZN2pp3VarC1Ed
                0x0000000000028f80                _ZNK2pp3Var6AsBoolEv
                0x0000000000028fc0                _ZNK2pp3Var5AsIntEv
                0x0000000000029060                _ZNK2pp3Var8AsDoubleEv
                0x00000000000291e0                _ZN2pp3VarC1ENS0_4NullE
                0x0000000000029220                _ZN2pp3VarC2ENS0_4NullE
                0x0000000000029260                _ZN2pp3VarC1Ev
                0x00000000000292a0                _ZN2pp3VarC2Ev
                0x00000000000292e0                _ZNK2pp3Var8AsStringEv
                0x00000000000299e0                _ZNK2pp3Var11DebugStringEv
                0x0000000000029f20                _ZNK2pp3VareqERKS0_
                0x000000000002a380                _ZN2pp3VarC1ERKNS_8ResourceE
                0x000000000002a640                _ZN2pp3VarC2ERKNS_8ResourceE
                0x000000000002af60                _ZN2pp3VarC1ERKSs
                0x000000000002afc0                _ZN2pp3VarC2ERKSs
                0x000000000002b020                _ZN2pp3VarC1EPKc
                0x000000000002b0e0                _ZN2pp3VarC2EPKc
                0x000000000002b8e0                _ZN2pp3VarC1ERKS0_
                0x000000000002b980                _ZN2pp3VarC2ERKS0_
                0x000000000002ba20                _ZN2pp3VarC1ERK6PP_Var
                0x000000000002bac0                _ZN2pp3VarC2ERK6PP_Var
                0x000000000002c2a0                _ZN2pp3VaraSERKS0_
                0x000000000002c380                _ZN2pp3VarD0Ev
                0x000000000002c3e0                _ZN2pp3VarD1Ev
                0x000000000002c440                _ZN2pp3VarD2Ev
                0x000000000002c4a0                _ZNK2pp3Var10AsResourceEv
 .text          0x000000000002c7a0     0x2f80 /home/jfb/nacl_sdk/pepper_42//lib/newlib_x86_32/Release/libppapi_cpp.a(view_x86_32.o)
                0x000000000002c8c0                _ZN2pp4ViewC1Ei
                0x000000000002c900                _ZN2pp4ViewC2Ei
                0x000000000002c940                _ZN2pp4ViewC1Ev
                0x000000000002c980                _ZN2pp4ViewC2Ev
                0x000000000002c9c0                _ZNK2pp4View15GetScrollOffsetEv
                0x000000000002cc80                _ZNK2pp4View11GetClipRectEv
                0x000000000002d2c0                _ZNK2pp4View14GetDeviceScaleEv
                0x000000000002d720                _ZNK2pp4View11GetCSSScaleEv
                0x000000000002db80                _ZNK2pp4View7GetRectEv
                0x000000000002e1c0                _ZNK2pp4View13IsPageVisibleEv
                0x000000000002e8e0                _ZNK2pp4View9IsVisibleEv
                0x000000000002f000                _ZNK2pp4View12IsFullscreenEv
 .text          0x000000000002f720       0xc0 /home/jfb/nacl_sdk/pepper_42//lib/newlib_x86_32/Release/libppapi_cpp.a(core_x86_32.o)
                0x000000000002f720                _ZN2pp4Core16CallOnMainThreadEiRKNS_18CompletionCallbackEi
                0x000000000002f7a0                _ZN2pp4Core12IsMainThreadEv
 .text          0x000000000002f7e0     0x55a0 /home/jfb/nacl_sdk/pepper_42//lib/newlib_x86_32/Release/libppapi_cpp.a(file_ref_x86_32.o)
                0x000000000002f900                _ZN2pp7FileRefC1ERKS0_
                0x000000000002f940                _ZN2pp7FileRefC2ERKS0_
                0x000000000002f980                _ZN2pp7FileRefC1ENS_7PassRefEi
                0x000000000002f9e0                _ZN2pp7FileRefC2ENS_7PassRefEi
                0x000000000002fa40                _ZN2pp7FileRefC1Ei
                0x000000000002fa80                _ZN2pp7FileRefC2Ei
                0x000000000002fac0                _ZN2pp7FileRef13MakeDirectoryEiRKNS_18CompletionCallbackE
                0x0000000000030220                _ZN2pp7FileRef20ReadDirectoryEntriesERKNS_28CompletionCallbackWithOutputISt6vectorINS_14DirectoryEntryESaIS3_EEEE
                0x00000000000307a0                _ZN2pp7FileRef5QueryERKNS_28CompletionCallbackWithOutputI11PP_FileInfoEE
                0x0000000000030d20                _ZN2pp7FileRefC1ERKNS_10FileSystemEPKc
                0x0000000000031360                _ZNK2pp7FileRef17GetFileSystemTypeEv
                0x00000000000319c0                _ZN2pp7FileRef6RenameERKS0_RKNS_18CompletionCallbackE
                0x0000000000032160                _ZN2pp7FileRef6DeleteERKNS_18CompletionCallbackE
                0x0000000000032920                _ZN2pp7FileRef5TouchEddRKNS_18CompletionCallbackE
                0x0000000000033100                _ZNK2pp7FileRef7GetPathEv
                0x00000000000338c0                _ZNK2pp7FileRef7GetNameEv
                0x0000000000034080                _ZNK2pp7FileRef9GetParentEv
                0x0000000000034740                _ZN2pp7FileRefC2ERKNS_10FileSystemEPKc
 .text._ZNK2pp18CompletionCallback8MayForceEi
                0x0000000000034d80       0xc0 /home/jfb/nacl_sdk/pepper_42//lib/newlib_x86_32/Release/libppapi_cpp.a(file_ref_x86_32.o)
                0x0000000000034d80                _ZNK2pp18CompletionCallback8MayForceEi
 .text          0x0000000000034e40     0x93e0 /home/jfb/nacl_sdk/pepper_42//lib/newlib_x86_32/Release/libppapi_cpp.a(input_event_x86_32.o)
                0x00000000000351a0                _ZN2pp10InputEventD0Ev
                0x00000000000351e0                _ZN2pp10InputEventD1Ev
                0x0000000000035200                _ZN2pp10InputEventD2Ev
                0x0000000000035220                _ZN2pp10InputEventC1Ev
                0x0000000000035260                _ZN2pp10InputEventC2Ev
                0x00000000000352a0                _ZN2pp13IMEInputEventC1Ev
                0x00000000000352e0                _ZN2pp13IMEInputEventC2Ev
                0x0000000000035320                _ZN2pp15TouchInputEventC1Ev
                0x0000000000035360                _ZN2pp15TouchInputEventC2Ev
                0x00000000000353a0                _ZN2pp18KeyboardInputEventC1Ev
                0x00000000000353e0                _ZN2pp18KeyboardInputEventC2Ev
                0x0000000000035420                _ZN2pp15WheelInputEventC1Ev
                0x0000000000035460                _ZN2pp15WheelInputEventC2Ev
                0x00000000000354a0                _ZN2pp15MouseInputEventC1Ev
                0x00000000000354e0                _ZN2pp15MouseInputEventC2Ev
                0x0000000000035520                _ZN2pp10InputEventC2Ei
                0x0000000000035880                _ZNK2pp10InputEvent12GetModifiersEv
                0x0000000000035ae0                _ZNK2pp10InputEvent12GetTimeStampEv
                0x0000000000035d40                _ZNK2pp10InputEvent7GetTypeEv
                0x0000000000035fa0                _ZN2pp10InputEventC1Ei
                0x0000000000036300                _ZNK2pp15WheelInputEvent15GetScrollByPageEv
                0x00000000000365a0                _ZN2pp15WheelInputEventC1ERKNS_14InstanceHandleEdjRKNS_10FloatPointES6_b
                0x00000000000368e0                _ZN2pp15WheelInputEventC2ERKNS_14InstanceHandleEdjRKNS_10FloatPointES6_b
                0x0000000000036c20                _ZN2pp15WheelInputEventC2ERKNS_10InputEventE
                0x0000000000036f80                _ZNK2pp15WheelInputEvent8GetTicksEv
                0x0000000000037220                _ZNK2pp15WheelInputEvent8GetDeltaEv
                0x00000000000374c0                _ZN2pp18KeyboardInputEventC2ERKNS_10InputEventE
                0x0000000000037840                _ZN2pp18KeyboardInputEventC1ERKNS_10InputEventE
                0x0000000000037bc0                _ZN2pp18KeyboardInputEventC1ERKNS_14InstanceHandleE18PP_InputEvent_TypedjjRKNS_3VarES7_
                0x0000000000037f00                _ZN2pp18KeyboardInputEventC1ERKNS_14InstanceHandleE18PP_InputEvent_TypedjjRKNS_3VarE
                0x00000000000383a0                _ZN2pp18KeyboardInputEventC2ERKNS_14InstanceHandleE18PP_InputEvent_TypedjjRKNS_3VarES7_
                0x00000000000387e0                _ZN2pp15WheelInputEventC1ERKNS_10InputEventE
                0x0000000000038b40                _ZN2pp15TouchInputEventC2ERKNS_10InputEventE
                0x0000000000038ea0                _ZNK2pp15MouseInputEvent11GetMovementEv
                0x0000000000039140                _ZN2pp15TouchInputEvent13AddTouchPointE16PP_TouchListType13PP_TouchPoint
                0x00000000000393e0                _ZN2pp15TouchInputEventC1ERKNS_14InstanceHandleE18PP_InputEvent_Typedj
                0x0000000000039720                _ZN2pp15TouchInputEventC1ERKNS_10InputEventE
                0x0000000000039a80                _ZNK2pp15TouchInputEvent15GetTouchByIndexE16PP_TouchListTypej
                0x0000000000039d60                _ZN2pp15MouseInputEventC2ERKNS_10InputEventE
                0x000000000003a0c0                _ZNK2pp15TouchInputEvent13GetTouchCountE16PP_TouchListType
                0x000000000003a340                _ZNK2pp15MouseInputEvent13GetClickCountEv
                0x000000000003a5a0                _ZNK2pp15MouseInputEvent11GetPositionEv
                0x000000000003a840                _ZN2pp15MouseInputEventC1ERKNS_14InstanceHandleE18PP_InputEvent_Typedj25PP_InputEvent_MouseButtonRKNS_5PointEiS8_
                0x000000000003aba0                _ZN2pp15MouseInputEventC2ERKNS_14InstanceHandleE18PP_InputEvent_Typedj25PP_InputEvent_MouseButtonRKNS_5PointEiS8_
                0x000000000003af00                _ZN2pp15MouseInputEventC1ERKNS_10InputEventE
                0x000000000003b260                _ZNK2pp18KeyboardInputEvent10GetKeyCodeEv
                0x000000000003b5c0                _ZNK2pp18KeyboardInputEvent7GetCodeEv
                0x000000000003b780                _ZNK2pp18KeyboardInputEvent16GetCharacterTextEv
                0x000000000003bbc0                _ZNK2pp15TouchInputEvent12GetTouchByIdE16PP_TouchListTypej
                0x000000000003bea0                _ZNK2pp13IMEInputEvent7GetTextEv
                0x000000000003c160                _ZNK2pp13IMEInputEvent16GetSegmentNumberEv
                0x000000000003c3c0                _ZNK2pp13IMEInputEvent16GetSegmentOffsetEj
                0x000000000003c520                _ZN2pp13IMEInputEventC1ERKNS_14InstanceHandleE18PP_InputEvent_TypedRKNS_3VarERKSt6vectorIjSaIjEEiRKSt4pairIjjE
                0x000000000003c820                _ZN2pp13IMEInputEventC2ERKNS_14InstanceHandleE18PP_InputEvent_TypedRKNS_3VarERKSt6vectorIjSaIjEEiRKSt4pairIjjE
                0x000000000003cc20                _ZN2pp13IMEInputEventC1ERKNS_10InputEventE
                0x000000000003cf80                _ZN2pp13IMEInputEventC2ERKNS_10InputEventE
                0x000000000003d1e0                _ZNK2pp13IMEInputEvent12GetSelectionEPjS1_
                0x000000000003d480                _ZN2pp15TouchInputEventC2ERKNS_14InstanceHandleE18PP_InputEvent_Typedj
                0x000000000003d7c0                _ZNK2pp13IMEInputEvent16GetTargetSegmentEv
                0x000000000003da20                _ZNK2pp15MouseInputEvent9GetButtonEv
                0x000000000003dc80                _ZN2pp18KeyboardInputEventC2ERKNS_14InstanceHandleE18PP_InputEvent_TypedjjRKNS_3VarE
 .text._ZN2pp13IMEInputEventD0Ev
                0x000000000003e220       0x40 /home/jfb/nacl_sdk/pepper_42//lib/newlib_x86_32/Release/libppapi_cpp.a(input_event_x86_32.o)
                0x000000000003e220                _ZN2pp13IMEInputEventD0Ev
 .text._ZN2pp13IMEInputEventD1Ev
                0x000000000003e260       0x20 /home/jfb/nacl_sdk/pepper_42//lib/newlib_x86_32/Release/libppapi_cpp.a(input_event_x86_32.o)
                0x000000000003e260                _ZN2pp13IMEInputEventD1Ev
 .text._ZN2pp15TouchInputEventD0Ev
                0x000000000003e280       0x40 /home/jfb/nacl_sdk/pepper_42//lib/newlib_x86_32/Release/libppapi_cpp.a(input_event_x86_32.o)
                0x000000000003e280                _ZN2pp15TouchInputEventD0Ev
 .text._ZN2pp15TouchInputEventD1Ev
                0x000000000003e2c0       0x20 /home/jfb/nacl_sdk/pepper_42//lib/newlib_x86_32/Release/libppapi_cpp.a(input_event_x86_32.o)
                0x000000000003e2c0                _ZN2pp15TouchInputEventD1Ev
 .text._ZN2pp18KeyboardInputEventD0Ev
                0x000000000003e2e0       0x40 /home/jfb/nacl_sdk/pepper_42//lib/newlib_x86_32/Release/libppapi_cpp.a(input_event_x86_32.o)
                0x000000000003e2e0                _ZN2pp18KeyboardInputEventD0Ev
 .text._ZN2pp18KeyboardInputEventD1Ev
                0x000000000003e320       0x20 /home/jfb/nacl_sdk/pepper_42//lib/newlib_x86_32/Release/libppapi_cpp.a(input_event_x86_32.o)
                0x000000000003e320                _ZN2pp18KeyboardInputEventD1Ev
 .text._ZN2pp15WheelInputEventD0Ev
                0x000000000003e340       0x40 /home/jfb/nacl_sdk/pepper_42//lib/newlib_x86_32/Release/libppapi_cpp.a(input_event_x86_32.o)
                0x000000000003e340                _ZN2pp15WheelInputEventD0Ev
 .text._ZN2pp15WheelInputEventD1Ev
                0x000000000003e380       0x20 /home/jfb/nacl_sdk/pepper_42//lib/newlib_x86_32/Release/libppapi_cpp.a(input_event_x86_32.o)
                0x000000000003e380                _ZN2pp15WheelInputEventD1Ev
 .text._ZN2pp15MouseInputEventD0Ev
                0x000000000003e3a0       0x40 /home/jfb/nacl_sdk/pepper_42//lib/newlib_x86_32/Release/libppapi_cpp.a(input_event_x86_32.o)
                0x000000000003e3a0                _ZN2pp15MouseInputEventD0Ev
 .text._ZN2pp15MouseInputEventD1Ev
                0x000000000003e3e0       0x20 /home/jfb/nacl_sdk/pepper_42//lib/newlib_x86_32/Release/libppapi_cpp.a(input_event_x86_32.o)
                0x000000000003e3e0                _ZN2pp15MouseInputEventD1Ev
 .text          0x000000000003e400       0x40 /home/jfb/nacl_sdk/pepper_42/toolchain/linux_x86_newlib/bin/../lib/gcc/x86_64-nacl/4.4.3/../../../../x86_64-nacl/lib/../lib32/libppapi_stub.a(plugin_main_irt_21ce9d26.o)
                0x000000000003e400                main
 .text          0x000000000003e440       0x40 /home/jfb/nacl_sdk/pepper_42/toolchain/linux_x86_newlib/bin/../lib/gcc/x86_64-nacl/4.4.3/../../../../x86_64-nacl/lib/../lib32/libppapi_stub.a(ppapi_plugin_main_399d0cf7.o)
                0x000000000003e440                PpapiPluginMain
 .text          0x000000000003e480      0x1e0 /home/jfb/nacl_sdk/pepper_42/toolchain/linux_x86_newlib/bin/../lib/gcc/x86_64-nacl/4.4.3/../../../../x86_64-nacl/lib/../lib32/libppapi_stub.a(ppapi_plugin_start_8da67623.o)
                0x000000000003e4e0                PpapiPluginStart
 .text          0x000000000003e660       0xc0 /home/jfb/nacl_sdk/pepper_42/toolchain/linux_x86_newlib/bin/../lib/gcc/x86_64-nacl/4.4.3/../../../../x86_64-nacl/lib/../lib32/libppapi_stub.a(thread_creator_ccf263e1.o)
                0x000000000003e660                __nacl_register_thread_creator
 .text          0x000000000003e720     0x1bc0 /home/jfb/nacl_sdk/pepper_42/toolchain/linux_x86_newlib/bin/../lib/gcc/x86_64-nacl/4.4.3/../../../../x86_64-nacl/lib/../lib32/libpthread.a(nc_thread_7e478b15.o)
                0x000000000003e720                pthread_kill
                0x000000000003e740                pthread_equal
                0x000000000003e760                pthread_attr_init
                0x000000000003e7a0                pthread_attr_destroy
                0x000000000003e7c0                pthread_attr_setdetachstate
                0x000000000003e800                pthread_attr_getdetachstate
                0x000000000003e840                pthread_attr_setscope
                0x000000000003e880                pthread_attr_getscope
                0x000000000003e8a0                pthread_attr_setstacksize
                0x000000000003e920                pthread_attr_getstacksize
                0x000000000003e960                pthread_getspecific
                0x000000000003e9e0                __nc_tsd_exit
                0x000000000003eb80                pthread_cleanup_pop
                0x000000000003ec20                pthread_setspecific
                0x000000000003ed20                pthread_key_delete
                0x000000000003edc0                pthread_key_create
                0x000000000003ee60                __local_lock_release
                0x000000000003eea0                __local_lock_release_recursive
                0x000000000003eec0                __local_lock_try_acquire
                0x000000000003ef20                __local_lock_try_acquire_recursive
                0x000000000003ef40                __local_lock_acquire
                0x000000000003ef80                __local_lock_acquire_recursive
                0x000000000003efa0                __local_lock_close
                0x000000000003efe0                __local_lock_close_recursive
                0x000000000003f000                __local_lock_init_recursive
                0x000000000003f080                __local_lock_init
                0x000000000003f100                pthread_self
                0x000000000003f140                pthread_setschedprio
                0x000000000003f200                pthread_detach
                0x000000000003f2e0                pthread_join
                0x000000000003f4a0                pthread_exit
                0x000000000003f8e0                pthread_cleanup_push
                0x000000000003fc00                pthread_create
                0x0000000000040140                __nc_initialize_globals
                0x0000000000040260                __pthread_initialize
 .text          0x00000000000402e0      0x1e0 /home/jfb/nacl_sdk/pepper_42/toolchain/linux_x86_newlib/bin/../lib/gcc/x86_64-nacl/4.4.3/../../../../x86_64-nacl/lib/../lib32/libpthread.a(nc_condvar_305aa45a.o)
                0x00000000000402e0                pthread_cond_init
                0x0000000000040300                pthread_cond_destroy
                0x0000000000040320                pthread_cond_timedwait_abs
                0x0000000000040400                pthread_cond_wait
                0x0000000000040480                pthread_cond_broadcast
                0x00000000000404a0                pthread_cond_signal
 .text          0x00000000000404c0      0x540 /home/jfb/nacl_sdk/pepper_42/toolchain/linux_x86_newlib/bin/../lib/gcc/x86_64-nacl/4.4.3/../../../../x86_64-nacl/lib/../lib32/libpthread.a(dynamic_annotations_33ba59cc.o)
                0x00000000000404c0                NACL_AnnotateRWLockCreate
                0x00000000000404e0                NACL_AnnotateRWLockDestroy
                0x0000000000040500                NACL_AnnotateRWLockAcquired
                0x0000000000040520                NACL_AnnotateRWLockReleased
                0x0000000000040540                NACL_AnnotateBarrierInit
                0x0000000000040560                NACL_AnnotateBarrierWaitBefore
                0x0000000000040580                NACL_AnnotateBarrierWaitAfter
                0x00000000000405a0                NACL_AnnotateBarrierDestroy
                0x00000000000405c0                NACL_AnnotateCondVarWait
                0x00000000000405e0                NACL_AnnotateCondVarSignal
                0x0000000000040600                NACL_AnnotateCondVarSignalAll
                0x0000000000040620                NACL_AnnotateHappensBefore
                0x0000000000040640                NACL_AnnotateHappensAfter
                0x0000000000040660                NACL_AnnotatePublishMemoryRange
                0x0000000000040680                NACL_AnnotateUnpublishMemoryRange
                0x00000000000406a0                NACL_AnnotatePCQCreate
                0x00000000000406c0                NACL_AnnotatePCQDestroy
                0x00000000000406e0                NACL_AnnotatePCQPut
                0x0000000000040700                NACL_AnnotatePCQGet
                0x0000000000040720                NACL_AnnotateNewMemory
                0x0000000000040740                NACL_AnnotateExpectRace
                0x0000000000040760                NACL_AnnotateFlushExpectedRaces
                0x0000000000040780                NACL_AnnotateBenignRace
                0x00000000000407a0                NACL_AnnotateBenignRaceSized
                0x00000000000407c0                NACL_AnnotateMutexIsUsedAsCondVar
                0x00000000000407e0                NACL_AnnotateMutexIsNotPHB
                0x0000000000040800                NACL_AnnotateTraceMemory
                0x0000000000040820                NACL_AnnotateThreadName
                0x0000000000040840                NACL_AnnotateIgnoreReadsBegin
                0x0000000000040860                NACL_AnnotateIgnoreReadsEnd
                0x0000000000040880                NACL_AnnotateIgnoreWritesBegin
                0x00000000000408a0                NACL_AnnotateIgnoreWritesEnd
                0x00000000000408c0                NACL_AnnotateIgnoreSyncBegin
                0x00000000000408e0                NACL_AnnotateIgnoreSyncEnd
                0x0000000000040900                NACL_AnnotateEnableRaceDetection
                0x0000000000040920                NACL_AnnotateNoOp
                0x0000000000040940                NACL_AnnotateFlushState
                0x0000000000040960                RunningOnValgrind
 .text          0x0000000000040a00      0x6a0 /home/jfb/nacl_sdk/pepper_42/toolchain/linux_x86_newlib/bin/../lib/gcc/x86_64-nacl/4.4.3/../../../../x86_64-nacl/lib/../lib32/libpthread.a(nc_mutex_86341ae1.o)
                0x0000000000040a00                pthread_mutex_init
                0x0000000000040a60                pthread_mutex_destroy
                0x0000000000040ac0                pthread_mutexattr_init
                0x0000000000040ae0                pthread_mutexattr_destroy
                0x0000000000040b00                pthread_mutexattr_settype
                0x0000000000040b40                pthread_mutexattr_gettype
                0x0000000000040b60                pthread_mutex_unlock
                0x0000000000040f40                pthread_mutex_timedlock
                0x0000000000040f60                pthread_mutex_lock
                0x0000000000040f80                pthread_once
                0x0000000000041080                pthread_mutex_trylock
 .text          0x00000000000410a0       0x60 /home/jfb/nacl_sdk/pepper_42/toolchain/linux_x86_newlib/bin/../lib/gcc/x86_64-nacl/4.4.3/../../../../x86_64-nacl/lib/../lib32/libpthread.a(nc_init_irt_d3daafc0.o)
                0x00000000000410a0                __nc_initialize_interfaces
 .text          0x0000000000041100        0x0 /home/jfb/nacl_sdk/pepper_42/toolchain/linux_x86_newlib/bin/../lib/gcc/x86_64-nacl/4.4.3/../../../../x86_64-nacl/lib/../lib32/libstdc++.a(tree.o)
 .text._ZSt18_Rb_tree_incrementPSt18_Rb_tree_node_base
                0x0000000000041100       0xa0 /home/jfb/nacl_sdk/pepper_42/toolchain/linux_x86_newlib/bin/../lib/gcc/x86_64-nacl/4.4.3/../../../../x86_64-nacl/lib/../lib32/libstdc++.a(tree.o)
                0x0000000000041100                _ZSt18_Rb_tree_incrementPSt18_Rb_tree_node_base
 .text._ZSt18_Rb_tree_incrementPKSt18_Rb_tree_node_base
                0x00000000000411a0       0xc0 /home/jfb/nacl_sdk/pepper_42/toolchain/linux_x86_newlib/bin/../lib/gcc/x86_64-nacl/4.4.3/../../../../x86_64-nacl/lib/../lib32/libstdc++.a(tree.o)
                0x00000000000411a0                _ZSt18_Rb_tree_incrementPKSt18_Rb_tree_node_base
 .text._ZSt18_Rb_tree_decrementPSt18_Rb_tree_node_base
                0x0000000000041260      0x120 /home/jfb/nacl_sdk/pepper_42/toolchain/linux_x86_newlib/bin/../lib/gcc/x86_64-nacl/4.4.3/../../../../x86_64-nacl/lib/../lib32/libstdc++.a(tree.o)
                0x0000000000041260                _ZSt18_Rb_tree_decrementPSt18_Rb_tree_node_base
 .text._ZSt18_Rb_tree_decrementPKSt18_Rb_tree_node_base
                0x0000000000041380      0x120 /home/jfb/nacl_sdk/pepper_42/toolchain/linux_x86_newlib/bin/../lib/gcc/x86_64-nacl/4.4.3/../../../../x86_64-nacl/lib/../lib32/libstdc++.a(tree.o)
                0x0000000000041380                _ZSt18_Rb_tree_decrementPKSt18_Rb_tree_node_base
 .text._ZSt20_Rb_tree_rotate_leftPSt18_Rb_tree_node_baseRS0_
                0x00000000000414a0       0xa0 /home/jfb/nacl_sdk/pepper_42/toolchain/linux_x86_newlib/bin/../lib/gcc/x86_64-nacl/4.4.3/../../../../x86_64-nacl/lib/../lib32/libstdc++.a(tree.o)
                0x00000000000414a0                _ZSt20_Rb_tree_rotate_leftPSt18_Rb_tree_node_baseRS0_
 .text._ZSt21_Rb_tree_rotate_rightPSt18_Rb_tree_node_baseRS0_
                0x0000000000041540       0xa0 /home/jfb/nacl_sdk/pepper_42/toolchain/linux_x86_newlib/bin/../lib/gcc/x86_64-nacl/4.4.3/../../../../x86_64-nacl/lib/../lib32/libstdc++.a(tree.o)
                0x0000000000041540                _ZSt21_Rb_tree_rotate_rightPSt18_Rb_tree_node_baseRS0_
 .text._ZSt29_Rb_tree_insert_and_rebalancebPSt18_Rb_tree_node_baseS0_RS_
                0x00000000000415e0      0x4a0 /home/jfb/nacl_sdk/pepper_42/toolchain/linux_x86_newlib/bin/../lib/gcc/x86_64-nacl/4.4.3/../../../../x86_64-nacl/lib/../lib32/libstdc++.a(tree.o)
                0x00000000000415e0                _ZSt29_Rb_tree_insert_and_rebalancebPSt18_Rb_tree_node_baseS0_RS_
 .text._ZSt28_Rb_tree_rebalance_for_erasePSt18_Rb_tree_node_baseRS_
                0x0000000000041a80      0x9a0 /home/jfb/nacl_sdk/pepper_42/toolchain/linux_x86_newlib/bin/../lib/gcc/x86_64-nacl/4.4.3/../../../../x86_64-nacl/lib/../lib32/libstdc++.a(tree.o)
                0x0000000000041a80                _ZSt28_Rb_tree_rebalance_for_erasePSt18_Rb_tree_node_baseRS_
 .text._ZSt20_Rb_tree_black_countPKSt18_Rb_tree_node_baseS1_
                0x0000000000042420       0x80 /home/jfb/nacl_sdk/pepper_42/toolchain/linux_x86_newlib/bin/../lib/gcc/x86_64-nacl/4.4.3/../../../../x86_64-nacl/lib/../lib32/libstdc++.a(tree.o)
                0x0000000000042420                _ZSt20_Rb_tree_black_countPKSt18_Rb_tree_node_baseS1_
 .text          0x00000000000424a0        0x0 /home/jfb/nacl_sdk/pepper_42/toolchain/linux_x86_newlib/bin/../lib/gcc/x86_64-nacl/4.4.3/../../../../x86_64-nacl/lib/../lib32/libstdc++.a(string-inst.o)
 .text._ZNKSs7_M_dataEv
                0x00000000000424a0       0x20 /home/jfb/nacl_sdk/pepper_42/toolchain/linux_x86_newlib/bin/../lib/gcc/x86_64-nacl/4.4.3/../../../../x86_64-nacl/lib/../lib32/libstdc++.a(string-inst.o)
                0x00000000000424a0                _ZNKSs7_M_dataEv
 .text._ZNSs7_M_dataEPc
                0x00000000000424c0       0x20 /home/jfb/nacl_sdk/pepper_42/toolchain/linux_x86_newlib/bin/../lib/gcc/x86_64-nacl/4.4.3/../../../../x86_64-nacl/lib/../lib32/libstdc++.a(string-inst.o)
                0x00000000000424c0                _ZNSs7_M_dataEPc
 .text._ZNKSs6_M_repEv
                0x00000000000424e0       0x20 /home/jfb/nacl_sdk/pepper_42/toolchain/linux_x86_newlib/bin/../lib/gcc/x86_64-nacl/4.4.3/../../../../x86_64-nacl/lib/../lib32/libstdc++.a(string-inst.o)
                0x00000000000424e0                _ZNKSs6_M_repEv
 .text._ZNKSs9_M_ibeginEv
                0x0000000000042500       0x20 /home/jfb/nacl_sdk/pepper_42/toolchain/linux_x86_newlib/bin/../lib/gcc/x86_64-nacl/4.4.3/../../../../x86_64-nacl/lib/../lib32/libstdc++.a(string-inst.o)
                0x0000000000042500                _ZNKSs9_M_ibeginEv
 .text._ZNKSs7_M_iendEv
                0x0000000000042520       0x20 /home/jfb/nacl_sdk/pepper_42/toolchain/linux_x86_newlib/bin/../lib/gcc/x86_64-nacl/4.4.3/../../../../x86_64-nacl/lib/../lib32/libstdc++.a(string-inst.o)
                0x0000000000042520                _ZNKSs7_M_iendEv
 .text._ZNKSs8_M_limitEjj
                0x0000000000042540       0x20 /home/jfb/nacl_sdk/pepper_42/toolchain/linux_x86_newlib/bin/../lib/gcc/x86_64-nacl/4.4.3/../../../../x86_64-nacl/lib/../lib32/libstdc++.a(string-inst.o)
                0x0000000000042540                _ZNKSs8_M_limitEjj
 .text._ZNKSs11_M_disjunctEPKc
                0x0000000000042560       0x40 /home/jfb/nacl_sdk/pepper_42/toolchain/linux_x86_newlib/bin/../lib/gcc/x86_64-nacl/4.4.3/../../../../x86_64-nacl/lib/../lib32/libstdc++.a(string-inst.o)
                0x0000000000042560                _ZNKSs11_M_disjunctEPKc
 .text._ZNSs10_S_compareEjj
                0x00000000000425a0       0x20 /home/jfb/nacl_sdk/pepper_42/toolchain/linux_x86_newlib/bin/../lib/gcc/x86_64-nacl/4.4.3/../../../../x86_64-nacl/lib/../lib32/libstdc++.a(string-inst.o)
                0x00000000000425a0                _ZNSs10_S_compareEjj
 .text._ZNSs12_S_empty_repEv
                0x00000000000425c0       0x20 /home/jfb/nacl_sdk/pepper_42/toolchain/linux_x86_newlib/bin/../lib/gcc/x86_64-nacl/4.4.3/../../../../x86_64-nacl/lib/../lib32/libstdc++.a(string-inst.o)
                0x00000000000425c0                _ZNSs12_S_empty_repEv
 .text._ZNSsC2Ev
                0x00000000000425e0       0x20 /home/jfb/nacl_sdk/pepper_42/toolchain/linux_x86_newlib/bin/../lib/gcc/x86_64-nacl/4.4.3/../../../../x86_64-nacl/lib/../lib32/libstdc++.a(string-inst.o)
                0x00000000000425e0                _ZNSsC2Ev
 .text._ZNSsC1Ev
                0x0000000000042600       0x20 /home/jfb/nacl_sdk/pepper_42/toolchain/linux_x86_newlib/bin/../lib/gcc/x86_64-nacl/4.4.3/../../../../x86_64-nacl/lib/../lib32/libstdc++.a(string-inst.o)
                0x0000000000042600                _ZNSsC1Ev
 .text._ZNKSs5beginEv
                0x0000000000042620       0x20 /home/jfb/nacl_sdk/pepper_42/toolchain/linux_x86_newlib/bin/../lib/gcc/x86_64-nacl/4.4.3/../../../../x86_64-nacl/lib/../lib32/libstdc++.a(string-inst.o)
                0x0000000000042620                _ZNKSs5beginEv
 .text._ZNKSs3endEv
                0x0000000000042640       0x20 /home/jfb/nacl_sdk/pepper_42/toolchain/linux_x86_newlib/bin/../lib/gcc/x86_64-nacl/4.4.3/../../../../x86_64-nacl/lib/../lib32/libstdc++.a(string-inst.o)
                0x0000000000042640                _ZNKSs3endEv
 .text._ZNKSs6rbeginEv
                0x0000000000042660       0x20 /home/jfb/nacl_sdk/pepper_42/toolchain/linux_x86_newlib/bin/../lib/gcc/x86_64-nacl/4.4.3/../../../../x86_64-nacl/lib/../lib32/libstdc++.a(string-inst.o)
                0x0000000000042660                _ZNKSs6rbeginEv
 .text._ZNKSs4rendEv
                0x0000000000042680       0x20 /home/jfb/nacl_sdk/pepper_42/toolchain/linux_x86_newlib/bin/../lib/gcc/x86_64-nacl/4.4.3/../../../../x86_64-nacl/lib/../lib32/libstdc++.a(string-inst.o)
                0x0000000000042680                _ZNKSs4rendEv
 .text._ZNKSs4sizeEv
                0x00000000000426a0       0x20 /home/jfb/nacl_sdk/pepper_42/toolchain/linux_x86_newlib/bin/../lib/gcc/x86_64-nacl/4.4.3/../../../../x86_64-nacl/lib/../lib32/libstdc++.a(string-inst.o)
                0x00000000000426a0                _ZNKSs4sizeEv
 .text._ZNKSs6lengthEv
                0x00000000000426c0       0x20 /home/jfb/nacl_sdk/pepper_42/toolchain/linux_x86_newlib/bin/../lib/gcc/x86_64-nacl/4.4.3/../../../../x86_64-nacl/lib/../lib32/libstdc++.a(string-inst.o)
                0x00000000000426c0                _ZNKSs6lengthEv
 .text._ZNKSs8max_sizeEv
                0x00000000000426e0       0x20 /home/jfb/nacl_sdk/pepper_42/toolchain/linux_x86_newlib/bin/../lib/gcc/x86_64-nacl/4.4.3/../../../../x86_64-nacl/lib/../lib32/libstdc++.a(string-inst.o)
                0x00000000000426e0                _ZNKSs8max_sizeEv
 .text._ZNKSs8capacityEv
                0x0000000000042700       0x20 /home/jfb/nacl_sdk/pepper_42/toolchain/linux_x86_newlib/bin/../lib/gcc/x86_64-nacl/4.4.3/../../../../x86_64-nacl/lib/../lib32/libstdc++.a(string-inst.o)
                0x0000000000042700                _ZNKSs8capacityEv
 .text._ZNKSs5emptyEv
                0x0000000000042720       0x20 /home/jfb/nacl_sdk/pepper_42/toolchain/linux_x86_newlib/bin/../lib/gcc/x86_64-nacl/4.4.3/../../../../x86_64-nacl/lib/../lib32/libstdc++.a(string-inst.o)
                0x0000000000042720                _ZNKSs5emptyEv
 .text._ZNKSsixEj
                0x0000000000042740       0x20 /home/jfb/nacl_sdk/pepper_42/toolchain/linux_x86_newlib/bin/../lib/gcc/x86_64-nacl/4.4.3/../../../../x86_64-nacl/lib/../lib32/libstdc++.a(string-inst.o)
                0x0000000000042740                _ZNKSsixEj
 .text._ZNSs4swapERSs
                0x0000000000042760       0xa0 /home/jfb/nacl_sdk/pepper_42/toolchain/linux_x86_newlib/bin/../lib/gcc/x86_64-nacl/4.4.3/../../../../x86_64-nacl/lib/../lib32/libstdc++.a(string-inst.o)
                0x0000000000042760                _ZNSs4swapERSs
 .text._ZNKSs5c_strEv
                0x0000000000042800       0x20 /home/jfb/nacl_sdk/pepper_42/toolchain/linux_x86_newlib/bin/../lib/gcc/x86_64-nacl/4.4.3/../../../../x86_64-nacl/lib/../lib32/libstdc++.a(string-inst.o)
                0x0000000000042800                _ZNKSs5c_strEv
 .text._ZNKSs4dataEv
                0x0000000000042820       0x20 /home/jfb/nacl_sdk/pepper_42/toolchain/linux_x86_newlib/bin/../lib/gcc/x86_64-nacl/4.4.3/../../../../x86_64-nacl/lib/../lib32/libstdc++.a(string-inst.o)
                0x0000000000042820                _ZNKSs4dataEv
 .text._ZNKSs13get_allocatorEv
                0x0000000000042840       0x20 /home/jfb/nacl_sdk/pepper_42/toolchain/linux_x86_newlib/bin/../lib/gcc/x86_64-nacl/4.4.3/../../../../x86_64-nacl/lib/../lib32/libstdc++.a(string-inst.o)
                0x0000000000042840                _ZNKSs13get_allocatorEv
 .text._ZNKSs5rfindEcj
                0x0000000000042860       0x80 /home/jfb/nacl_sdk/pepper_42/toolchain/linux_x86_newlib/bin/../lib/gcc/x86_64-nacl/4.4.3/../../../../x86_64-nacl/lib/../lib32/libstdc++.a(string-inst.o)
                0x0000000000042860                _ZNKSs5rfindEcj
 .text._ZNKSs12find_last_ofEcj
                0x00000000000428e0       0x20 /home/jfb/nacl_sdk/pepper_42/toolchain/linux_x86_newlib/bin/../lib/gcc/x86_64-nacl/4.4.3/../../../../x86_64-nacl/lib/../lib32/libstdc++.a(string-inst.o)
                0x00000000000428e0                _ZNKSs12find_last_ofEcj
 .text._ZNKSs17find_first_not_ofEcj
                0x0000000000042900       0xc0 /home/jfb/nacl_sdk/pepper_42/toolchain/linux_x86_newlib/bin/../lib/gcc/x86_64-nacl/4.4.3/../../../../x86_64-nacl/lib/../lib32/libstdc++.a(string-inst.o)
                0x0000000000042900                _ZNKSs17find_first_not_ofEcj
 .text._ZNKSs16find_last_not_ofEcj
                0x00000000000429c0       0xc0 /home/jfb/nacl_sdk/pepper_42/toolchain/linux_x86_newlib/bin/../lib/gcc/x86_64-nacl/4.4.3/../../../../x86_64-nacl/lib/../lib32/libstdc++.a(string-inst.o)
                0x00000000000429c0                _ZNKSs16find_last_not_ofEcj
 .text._ZNSs12_Alloc_hiderC2EPcRKSaIcE
                0x0000000000042a80       0x20 /home/jfb/nacl_sdk/pepper_42/toolchain/linux_x86_newlib/bin/../lib/gcc/x86_64-nacl/4.4.3/../../../../x86_64-nacl/lib/../lib32/libstdc++.a(string-inst.o)
                0x0000000000042a80                _ZNSs12_Alloc_hiderC2EPcRKSaIcE
 .text._ZNSs12_Alloc_hiderC1EPcRKSaIcE
                0x0000000000042aa0       0x20 /home/jfb/nacl_sdk/pepper_42/toolchain/linux_x86_newlib/bin/../lib/gcc/x86_64-nacl/4.4.3/../../../../x86_64-nacl/lib/../lib32/libstdc++.a(string-inst.o)
                0x0000000000042aa0                _ZNSs12_Alloc_hiderC1EPcRKSaIcE
 .text._ZNSs4_Rep12_S_empty_repEv
                0x0000000000042ac0       0x20 /home/jfb/nacl_sdk/pepper_42/toolchain/linux_x86_newlib/bin/../lib/gcc/x86_64-nacl/4.4.3/../../../../x86_64-nacl/lib/../lib32/libstdc++.a(string-inst.o)
                0x0000000000042ac0                _ZNSs4_Rep12_S_empty_repEv
 .text._ZNKSs4_Rep12_M_is_leakedEv
                0x0000000000042ae0       0x20 /home/jfb/nacl_sdk/pepper_42/toolchain/linux_x86_newlib/bin/../lib/gcc/x86_64-nacl/4.4.3/../../../../x86_64-nacl/lib/../lib32/libstdc++.a(string-inst.o)
                0x0000000000042ae0                _ZNKSs4_Rep12_M_is_leakedEv
 .text._ZNKSs4_Rep12_M_is_sharedEv
                0x0000000000042b00       0x20 /home/jfb/nacl_sdk/pepper_42/toolchain/linux_x86_newlib/bin/../lib/gcc/x86_64-nacl/4.4.3/../../../../x86_64-nacl/lib/../lib32/libstdc++.a(string-inst.o)
                0x0000000000042b00                _ZNKSs4_Rep12_M_is_sharedEv
 .text._ZNSs4_Rep13_M_set_leakedEv
                0x0000000000042b20       0x20 /home/jfb/nacl_sdk/pepper_42/toolchain/linux_x86_newlib/bin/../lib/gcc/x86_64-nacl/4.4.3/../../../../x86_64-nacl/lib/../lib32/libstdc++.a(string-inst.o)
                0x0000000000042b20                _ZNSs4_Rep13_M_set_leakedEv
 .text._ZNSs4_Rep15_M_set_sharableEv
                0x0000000000042b40       0x20 /home/jfb/nacl_sdk/pepper_42/toolchain/linux_x86_newlib/bin/../lib/gcc/x86_64-nacl/4.4.3/../../../../x86_64-nacl/lib/../lib32/libstdc++.a(string-inst.o)
                0x0000000000042b40                _ZNSs4_Rep15_M_set_sharableEv
 .text._ZNSs4_Rep26_M_set_length_and_sharableEj
                0x0000000000042b60       0x20 /home/jfb/nacl_sdk/pepper_42/toolchain/linux_x86_newlib/bin/../lib/gcc/x86_64-nacl/4.4.3/../../../../x86_64-nacl/lib/../lib32/libstdc++.a(string-inst.o)
                0x0000000000042b60                _ZNSs4_Rep26_M_set_length_and_sharableEj
 .text._ZNSs4_Rep10_M_refdataEv
                0x0000000000042b80       0x20 /home/jfb/nacl_sdk/pepper_42/toolchain/linux_x86_newlib/bin/../lib/gcc/x86_64-nacl/4.4.3/../../../../x86_64-nacl/lib/../lib32/libstdc++.a(string-inst.o)
                0x0000000000042b80                _ZNSs4_Rep10_M_refdataEv
 .text._ZN9__gnu_cxxeqIPcSsEEbRKNS_17__normal_iteratorIT_T0_EES7_
                0x0000000000042ba0       0x20 /home/jfb/nacl_sdk/pepper_42/toolchain/linux_x86_newlib/bin/../lib/gcc/x86_64-nacl/4.4.3/../../../../x86_64-nacl/lib/../lib32/libstdc++.a(string-inst.o)
                0x0000000000042ba0                _ZN9__gnu_cxxeqIPcSsEEbRKNS_17__normal_iteratorIT_T0_EES7_
 .text._ZN9__gnu_cxxeqIPKcSsEEbRKNS_17__normal_iteratorIT_T0_EES8_
                0x0000000000042bc0       0x20 /home/jfb/nacl_sdk/pepper_42/toolchain/linux_x86_newlib/bin/../lib/gcc/x86_64-nacl/4.4.3/../../../../x86_64-nacl/lib/../lib32/libstdc++.a(string-inst.o)
                0x0000000000042bc0                _ZN9__gnu_cxxeqIPKcSsEEbRKNS_17__normal_iteratorIT_T0_EES8_
 .text._ZNSs4_Rep10_M_refcopyEv
                0x0000000000042be0       0x80 /home/jfb/nacl_sdk/pepper_42/toolchain/linux_x86_newlib/bin/../lib/gcc/x86_64-nacl/4.4.3/../../../../x86_64-nacl/lib/../lib32/libstdc++.a(string-inst.o)
                0x0000000000042be0                _ZNSs4_Rep10_M_refcopyEv
 .text._ZNSs4_Rep10_M_destroyERKSaIcE
                0x0000000000042c60       0x20 /home/jfb/nacl_sdk/pepper_42/toolchain/linux_x86_newlib/bin/../lib/gcc/x86_64-nacl/4.4.3/../../../../x86_64-nacl/lib/../lib32/libstdc++.a(string-inst.o)
                0x0000000000042c60                _ZNSs4_Rep10_M_destroyERKSaIcE
 .text._ZNSs4_Rep10_M_disposeERKSaIcE
                0x0000000000042c80       0xa0 /home/jfb/nacl_sdk/pepper_42/toolchain/linux_x86_newlib/bin/../lib/gcc/x86_64-nacl/4.4.3/../../../../x86_64-nacl/lib/../lib32/libstdc++.a(string-inst.o)
                0x0000000000042c80                _ZNSs4_Rep10_M_disposeERKSaIcE
 .text._ZNKSs15_M_check_lengthEjjPKc
                0x0000000000042d20       0x60 /home/jfb/nacl_sdk/pepper_42/toolchain/linux_x86_newlib/bin/../lib/gcc/x86_64-nacl/4.4.3/../../../../x86_64-nacl/lib/../lib32/libstdc++.a(string-inst.o)
                0x0000000000042d20                _ZNKSs15_M_check_lengthEjjPKc
 .text._ZNSs4_Rep9_S_createEjjRKSaIcE
                0x0000000000042d80      0x120 /home/jfb/nacl_sdk/pepper_42/toolchain/linux_x86_newlib/bin/../lib/gcc/x86_64-nacl/4.4.3/../../../../x86_64-nacl/lib/../lib32/libstdc++.a(string-inst.o)
                0x0000000000042d80                _ZNSs4_Rep9_S_createEjjRKSaIcE
 .text._ZNKSs4findEPKcjj
                0x0000000000042ea0      0x140 /home/jfb/nacl_sdk/pepper_42/toolchain/linux_x86_newlib/bin/../lib/gcc/x86_64-nacl/4.4.3/../../../../x86_64-nacl/lib/../lib32/libstdc++.a(string-inst.o)
                0x0000000000042ea0                _ZNKSs4findEPKcjj
 .text._ZNKSs4findERKSsj
                0x0000000000042fe0       0x60 /home/jfb/nacl_sdk/pepper_42/toolchain/linux_x86_newlib/bin/../lib/gcc/x86_64-nacl/4.4.3/../../../../x86_64-nacl/lib/../lib32/libstdc++.a(string-inst.o)
                0x0000000000042fe0                _ZNKSs4findERKSsj
 .text._ZNKSs4findEcj
                0x0000000000043040       0x80 /home/jfb/nacl_sdk/pepper_42/toolchain/linux_x86_newlib/bin/../lib/gcc/x86_64-nacl/4.4.3/../../../../x86_64-nacl/lib/../lib32/libstdc++.a(string-inst.o)
                0x0000000000043040                _ZNKSs4findEcj
 .text._ZNKSs13find_first_ofEcj
                0x00000000000430c0       0x20 /home/jfb/nacl_sdk/pepper_42/toolchain/linux_x86_newlib/bin/../lib/gcc/x86_64-nacl/4.4.3/../../../../x86_64-nacl/lib/../lib32/libstdc++.a(string-inst.o)
                0x00000000000430c0                _ZNKSs13find_first_ofEcj
 .text._ZNKSs2atEj
                0x00000000000430e0       0x40 /home/jfb/nacl_sdk/pepper_42/toolchain/linux_x86_newlib/bin/../lib/gcc/x86_64-nacl/4.4.3/../../../../x86_64-nacl/lib/../lib32/libstdc++.a(string-inst.o)
                0x00000000000430e0                _ZNKSs2atEj
 .text._ZNKSs8_M_checkEjPKc
                0x0000000000043120       0x40 /home/jfb/nacl_sdk/pepper_42/toolchain/linux_x86_newlib/bin/../lib/gcc/x86_64-nacl/4.4.3/../../../../x86_64-nacl/lib/../lib32/libstdc++.a(string-inst.o)
                0x0000000000043120                _ZNKSs8_M_checkEjPKc
 .text._ZNSs9_M_assignEPcjc
                0x0000000000043160       0x60 /home/jfb/nacl_sdk/pepper_42/toolchain/linux_x86_newlib/bin/../lib/gcc/x86_64-nacl/4.4.3/../../../../x86_64-nacl/lib/../lib32/libstdc++.a(string-inst.o)
                0x0000000000043160                _ZNSs9_M_assignEPcjc
 .text._ZNSs7_M_moveEPcPKcj
                0x00000000000431c0       0x60 /home/jfb/nacl_sdk/pepper_42/toolchain/linux_x86_newlib/bin/../lib/gcc/x86_64-nacl/4.4.3/../../../../x86_64-nacl/lib/../lib32/libstdc++.a(string-inst.o)
                0x00000000000431c0                _ZNSs7_M_moveEPcPKcj
 .text._ZNSs7_M_copyEPcPKcj
                0x0000000000043220       0x60 /home/jfb/nacl_sdk/pepper_42/toolchain/linux_x86_newlib/bin/../lib/gcc/x86_64-nacl/4.4.3/../../../../x86_64-nacl/lib/../lib32/libstdc++.a(string-inst.o)
                0x0000000000043220                _ZNSs7_M_copyEPcPKcj
 .text._ZNKSs16find_last_not_ofEPKcjj
                0x0000000000043280       0xe0 /home/jfb/nacl_sdk/pepper_42/toolchain/linux_x86_newlib/bin/../lib/gcc/x86_64-nacl/4.4.3/../../../../x86_64-nacl/lib/../lib32/libstdc++.a(string-inst.o)
                0x0000000000043280                _ZNKSs16find_last_not_ofEPKcjj
 .text._ZNKSs16find_last_not_ofERKSsj
                0x0000000000043360       0x60 /home/jfb/nacl_sdk/pepper_42/toolchain/linux_x86_newlib/bin/../lib/gcc/x86_64-nacl/4.4.3/../../../../x86_64-nacl/lib/../lib32/libstdc++.a(string-inst.o)
                0x0000000000043360                _ZNKSs16find_last_not_ofERKSsj
 .text._ZNKSs17find_first_not_ofEPKcjj
                0x00000000000433c0       0xc0 /home/jfb/nacl_sdk/pepper_42/toolchain/linux_x86_newlib/bin/../lib/gcc/x86_64-nacl/4.4.3/../../../../x86_64-nacl/lib/../lib32/libstdc++.a(string-inst.o)
                0x00000000000433c0                _ZNKSs17find_first_not_ofEPKcjj
 .text._ZNKSs17find_first_not_ofERKSsj
                0x0000000000043480       0x60 /home/jfb/nacl_sdk/pepper_42/toolchain/linux_x86_newlib/bin/../lib/gcc/x86_64-nacl/4.4.3/../../../../x86_64-nacl/lib/../lib32/libstdc++.a(string-inst.o)
                0x0000000000043480                _ZNKSs17find_first_not_ofERKSsj
 .text._ZNKSs12find_last_ofEPKcjj
                0x00000000000434e0       0xe0 /home/jfb/nacl_sdk/pepper_42/toolchain/linux_x86_newlib/bin/../lib/gcc/x86_64-nacl/4.4.3/../../../../x86_64-nacl/lib/../lib32/libstdc++.a(string-inst.o)
                0x00000000000434e0                _ZNKSs12find_last_ofEPKcjj
 .text._ZNKSs12find_last_ofERKSsj
                0x00000000000435c0       0x60 /home/jfb/nacl_sdk/pepper_42/toolchain/linux_x86_newlib/bin/../lib/gcc/x86_64-nacl/4.4.3/../../../../x86_64-nacl/lib/../lib32/libstdc++.a(string-inst.o)
                0x00000000000435c0                _ZNKSs12find_last_ofERKSsj
 .text._ZNKSs13find_first_ofEPKcjj
                0x0000000000043620       0xc0 /home/jfb/nacl_sdk/pepper_42/toolchain/linux_x86_newlib/bin/../lib/gcc/x86_64-nacl/4.4.3/../../../../x86_64-nacl/lib/../lib32/libstdc++.a(string-inst.o)
                0x0000000000043620                _ZNKSs13find_first_ofEPKcjj
 .text._ZNKSs13find_first_ofERKSsj
                0x00000000000436e0       0x60 /home/jfb/nacl_sdk/pepper_42/toolchain/linux_x86_newlib/bin/../lib/gcc/x86_64-nacl/4.4.3/../../../../x86_64-nacl/lib/../lib32/libstdc++.a(string-inst.o)
                0x00000000000436e0                _ZNKSs13find_first_ofERKSsj
 .text._ZNKSs5rfindEPKcjj
                0x0000000000043740       0xc0 /home/jfb/nacl_sdk/pepper_42/toolchain/linux_x86_newlib/bin/../lib/gcc/x86_64-nacl/4.4.3/../../../../x86_64-nacl/lib/../lib32/libstdc++.a(string-inst.o)
                0x0000000000043740                _ZNKSs5rfindEPKcjj
 .text._ZNKSs5rfindERKSsj
                0x0000000000043800       0x60 /home/jfb/nacl_sdk/pepper_42/toolchain/linux_x86_newlib/bin/../lib/gcc/x86_64-nacl/4.4.3/../../../../x86_64-nacl/lib/../lib32/libstdc++.a(string-inst.o)
                0x0000000000043800                _ZNKSs5rfindERKSsj
 .text._ZNKSs7compareERKSs
                0x0000000000043860       0x60 /home/jfb/nacl_sdk/pepper_42/toolchain/linux_x86_newlib/bin/../lib/gcc/x86_64-nacl/4.4.3/../../../../x86_64-nacl/lib/../lib32/libstdc++.a(string-inst.o)
                0x0000000000043860                _ZNKSs7compareERKSs
 .text._ZNKSs7compareEjjPKcj
                0x00000000000438c0       0xa0 /home/jfb/nacl_sdk/pepper_42/toolchain/linux_x86_newlib/bin/../lib/gcc/x86_64-nacl/4.4.3/../../../../x86_64-nacl/lib/../lib32/libstdc++.a(string-inst.o)
                0x00000000000438c0                _ZNKSs7compareEjjPKcj
 .text._ZNKSs7compareEjjRKSsjj
                0x0000000000043960       0xa0 /home/jfb/nacl_sdk/pepper_42/toolchain/linux_x86_newlib/bin/../lib/gcc/x86_64-nacl/4.4.3/../../../../x86_64-nacl/lib/../lib32/libstdc++.a(string-inst.o)
                0x0000000000043960                _ZNKSs7compareEjjRKSsjj
 .text._ZNKSs7compareEjjRKSs
                0x0000000000043a00       0xa0 /home/jfb/nacl_sdk/pepper_42/toolchain/linux_x86_newlib/bin/../lib/gcc/x86_64-nacl/4.4.3/../../../../x86_64-nacl/lib/../lib32/libstdc++.a(string-inst.o)
                0x0000000000043a00                _ZNKSs7compareEjjRKSs
 .text._ZNKSs7compareEPKc
                0x0000000000043aa0       0x80 /home/jfb/nacl_sdk/pepper_42/toolchain/linux_x86_newlib/bin/../lib/gcc/x86_64-nacl/4.4.3/../../../../x86_64-nacl/lib/../lib32/libstdc++.a(string-inst.o)
                0x0000000000043aa0                _ZNKSs7compareEPKc
 .text._ZNKSs5rfindEPKcj
                0x0000000000043b20       0x60 /home/jfb/nacl_sdk/pepper_42/toolchain/linux_x86_newlib/bin/../lib/gcc/x86_64-nacl/4.4.3/../../../../x86_64-nacl/lib/../lib32/libstdc++.a(string-inst.o)
                0x0000000000043b20                _ZNKSs5rfindEPKcj
 .text._ZNKSs4findEPKcj
                0x0000000000043b80       0x60 /home/jfb/nacl_sdk/pepper_42/toolchain/linux_x86_newlib/bin/../lib/gcc/x86_64-nacl/4.4.3/../../../../x86_64-nacl/lib/../lib32/libstdc++.a(string-inst.o)
                0x0000000000043b80                _ZNKSs4findEPKcj
 .text._ZNKSs16find_last_not_ofEPKcj
                0x0000000000043be0       0x60 /home/jfb/nacl_sdk/pepper_42/toolchain/linux_x86_newlib/bin/../lib/gcc/x86_64-nacl/4.4.3/../../../../x86_64-nacl/lib/../lib32/libstdc++.a(string-inst.o)
                0x0000000000043be0                _ZNKSs16find_last_not_ofEPKcj
 .text._ZNKSs17find_first_not_ofEPKcj
                0x0000000000043c40       0x60 /home/jfb/nacl_sdk/pepper_42/toolchain/linux_x86_newlib/bin/../lib/gcc/x86_64-nacl/4.4.3/../../../../x86_64-nacl/lib/../lib32/libstdc++.a(string-inst.o)
                0x0000000000043c40                _ZNKSs17find_first_not_ofEPKcj
 .text._ZNKSs12find_last_ofEPKcj
                0x0000000000043ca0       0x60 /home/jfb/nacl_sdk/pepper_42/toolchain/linux_x86_newlib/bin/../lib/gcc/x86_64-nacl/4.4.3/../../../../x86_64-nacl/lib/../lib32/libstdc++.a(string-inst.o)
                0x0000000000043ca0                _ZNKSs12find_last_ofEPKcj
 .text._ZNKSs13find_first_ofEPKcj
                0x0000000000043d00       0x60 /home/jfb/nacl_sdk/pepper_42/toolchain/linux_x86_newlib/bin/../lib/gcc/x86_64-nacl/4.4.3/../../../../x86_64-nacl/lib/../lib32/libstdc++.a(string-inst.o)
                0x0000000000043d00                _ZNKSs13find_first_ofEPKcj
 .text._ZNKSs7compareEjjPKc
                0x0000000000043d60       0xa0 /home/jfb/nacl_sdk/pepper_42/toolchain/linux_x86_newlib/bin/../lib/gcc/x86_64-nacl/4.4.3/../../../../x86_64-nacl/lib/../lib32/libstdc++.a(string-inst.o)
                0x0000000000043d60                _ZNKSs7compareEjjPKc
 .text._ZNSs13_S_copy_charsEPcS_S_
                0x0000000000043e00       0x60 /home/jfb/nacl_sdk/pepper_42/toolchain/linux_x86_newlib/bin/../lib/gcc/x86_64-nacl/4.4.3/../../../../x86_64-nacl/lib/../lib32/libstdc++.a(string-inst.o)
                0x0000000000043e00                _ZNSs13_S_copy_charsEPcS_S_
 .text._ZNSs13_S_copy_charsEPcPKcS1_
                0x0000000000043e60       0x60 /home/jfb/nacl_sdk/pepper_42/toolchain/linux_x86_newlib/bin/../lib/gcc/x86_64-nacl/4.4.3/../../../../x86_64-nacl/lib/../lib32/libstdc++.a(string-inst.o)
                0x0000000000043e60                _ZNSs13_S_copy_charsEPcPKcS1_
 .text._ZNSs13_S_copy_charsEPcN9__gnu_cxx17__normal_iteratorIPKcSsEES4_
                0x0000000000043ec0       0x60 /home/jfb/nacl_sdk/pepper_42/toolchain/linux_x86_newlib/bin/../lib/gcc/x86_64-nacl/4.4.3/../../../../x86_64-nacl/lib/../lib32/libstdc++.a(string-inst.o)
                0x0000000000043ec0                _ZNSs13_S_copy_charsEPcN9__gnu_cxx17__normal_iteratorIPKcSsEES4_
 .text._ZNSs13_S_copy_charsEPcN9__gnu_cxx17__normal_iteratorIS_SsEES2_
                0x0000000000043f20       0x60 /home/jfb/nacl_sdk/pepper_42/toolchain/linux_x86_newlib/bin/../lib/gcc/x86_64-nacl/4.4.3/../../../../x86_64-nacl/lib/../lib32/libstdc++.a(string-inst.o)
                0x0000000000043f20                _ZNSs13_S_copy_charsEPcN9__gnu_cxx17__normal_iteratorIS_SsEES2_
 .text._ZNSs4_Rep8_M_cloneERKSaIcEj
                0x0000000000043f80      0x100 /home/jfb/nacl_sdk/pepper_42/toolchain/linux_x86_newlib/bin/../lib/gcc/x86_64-nacl/4.4.3/../../../../x86_64-nacl/lib/../lib32/libstdc++.a(string-inst.o)
                0x0000000000043f80                _ZNSs4_Rep8_M_cloneERKSaIcEj
 .text._ZNSs4_Rep7_M_grabERKSaIcES2_
                0x0000000000044080       0xa0 /home/jfb/nacl_sdk/pepper_42/toolchain/linux_x86_newlib/bin/../lib/gcc/x86_64-nacl/4.4.3/../../../../x86_64-nacl/lib/../lib32/libstdc++.a(string-inst.o)
                0x0000000000044080                _ZNSs4_Rep7_M_grabERKSaIcES2_
 .text._ZNSsC1ERKSs
                0x0000000000044120       0xe0 /home/jfb/nacl_sdk/pepper_42/toolchain/linux_x86_newlib/bin/../lib/gcc/x86_64-nacl/4.4.3/../../../../x86_64-nacl/lib/../lib32/libstdc++.a(string-inst.o)
                0x0000000000044120                _ZNSsC1ERKSs
 .text._ZNSsC2ERKSs
                0x0000000000044200       0xe0 /home/jfb/nacl_sdk/pepper_42/toolchain/linux_x86_newlib/bin/../lib/gcc/x86_64-nacl/4.4.3/../../../../x86_64-nacl/lib/../lib32/libstdc++.a(string-inst.o)
                0x0000000000044200                _ZNSsC2ERKSs
 .text._ZNKSs4copyEPcjj
                0x00000000000442e0       0xe0 /home/jfb/nacl_sdk/pepper_42/toolchain/linux_x86_newlib/bin/../lib/gcc/x86_64-nacl/4.4.3/../../../../x86_64-nacl/lib/../lib32/libstdc++.a(string-inst.o)
                0x00000000000442e0                _ZNKSs4copyEPcjj
 .text._ZNSs12_S_constructIPKcEEPcT_S3_RKSaIcESt20forward_iterator_tag
                0x00000000000443c0      0x180 /home/jfb/nacl_sdk/pepper_42/toolchain/linux_x86_newlib/bin/../lib/gcc/x86_64-nacl/4.4.3/../../../../x86_64-nacl/lib/../lib32/libstdc++.a(string-inst.o)
                0x00000000000443c0                _ZNSs12_S_constructIPKcEEPcT_S3_RKSaIcESt20forward_iterator_tag
 .text._ZNSsC1IPKcEET_S2_RKSaIcE
                0x0000000000044540       0x60 /home/jfb/nacl_sdk/pepper_42/toolchain/linux_x86_newlib/bin/../lib/gcc/x86_64-nacl/4.4.3/../../../../x86_64-nacl/lib/../lib32/libstdc++.a(string-inst.o)
                0x0000000000044540                _ZNSsC1IPKcEET_S2_RKSaIcE
 .text._ZNSsC2IPKcEET_S2_RKSaIcE
                0x00000000000445a0       0x60 /home/jfb/nacl_sdk/pepper_42/toolchain/linux_x86_newlib/bin/../lib/gcc/x86_64-nacl/4.4.3/../../../../x86_64-nacl/lib/../lib32/libstdc++.a(string-inst.o)
                0x00000000000445a0                _ZNSsC2IPKcEET_S2_RKSaIcE
 .text._ZNSsC1ESt16initializer_listIcERKSaIcE
                0x0000000000044600       0x60 /home/jfb/nacl_sdk/pepper_42/toolchain/linux_x86_newlib/bin/../lib/gcc/x86_64-nacl/4.4.3/../../../../x86_64-nacl/lib/../lib32/libstdc++.a(string-inst.o)
                0x0000000000044600                _ZNSsC1ESt16initializer_listIcERKSaIcE
 .text._ZNSsC2ESt16initializer_listIcERKSaIcE
                0x0000000000044660       0x60 /home/jfb/nacl_sdk/pepper_42/toolchain/linux_x86_newlib/bin/../lib/gcc/x86_64-nacl/4.4.3/../../../../x86_64-nacl/lib/../lib32/libstdc++.a(string-inst.o)
                0x0000000000044660                _ZNSsC2ESt16initializer_listIcERKSaIcE
 .text._ZNSsC1EPKcRKSaIcE
                0x00000000000446c0       0x80 /home/jfb/nacl_sdk/pepper_42/toolchain/linux_x86_newlib/bin/../lib/gcc/x86_64-nacl/4.4.3/../../../../x86_64-nacl/lib/../lib32/libstdc++.a(string-inst.o)
                0x00000000000446c0                _ZNSsC1EPKcRKSaIcE
 .text._ZNSsC2EPKcRKSaIcE
                0x0000000000044740       0x80 /home/jfb/nacl_sdk/pepper_42/toolchain/linux_x86_newlib/bin/../lib/gcc/x86_64-nacl/4.4.3/../../../../x86_64-nacl/lib/../lib32/libstdc++.a(string-inst.o)
                0x0000000000044740                _ZNSsC2EPKcRKSaIcE
 .text._ZNSsC1EPKcjRKSaIcE
                0x00000000000447c0       0x60 /home/jfb/nacl_sdk/pepper_42/toolchain/linux_x86_newlib/bin/../lib/gcc/x86_64-nacl/4.4.3/../../../../x86_64-nacl/lib/../lib32/libstdc++.a(string-inst.o)
                0x00000000000447c0                _ZNSsC1EPKcjRKSaIcE
 .text._ZNSsC2EPKcjRKSaIcE
                0x0000000000044820       0x60 /home/jfb/nacl_sdk/pepper_42/toolchain/linux_x86_newlib/bin/../lib/gcc/x86_64-nacl/4.4.3/../../../../x86_64-nacl/lib/../lib32/libstdc++.a(string-inst.o)
                0x0000000000044820                _ZNSsC2EPKcjRKSaIcE
 .text._ZNSs12_S_constructIPcEES0_T_S1_RKSaIcESt20forward_iterator_tag
                0x0000000000044880      0x180 /home/jfb/nacl_sdk/pepper_42/toolchain/linux_x86_newlib/bin/../lib/gcc/x86_64-nacl/4.4.3/../../../../x86_64-nacl/lib/../lib32/libstdc++.a(string-inst.o)
                0x0000000000044880                _ZNSs12_S_constructIPcEES0_T_S1_RKSaIcESt20forward_iterator_tag
 .text._ZNSsC1IPcEET_S1_RKSaIcE
                0x0000000000044a00       0x60 /home/jfb/nacl_sdk/pepper_42/toolchain/linux_x86_newlib/bin/../lib/gcc/x86_64-nacl/4.4.3/../../../../x86_64-nacl/lib/../lib32/libstdc++.a(string-inst.o)
                0x0000000000044a00                _ZNSsC1IPcEET_S1_RKSaIcE
 .text._ZNSsC2IPcEET_S1_RKSaIcE
                0x0000000000044a60       0x60 /home/jfb/nacl_sdk/pepper_42/toolchain/linux_x86_newlib/bin/../lib/gcc/x86_64-nacl/4.4.3/../../../../x86_64-nacl/lib/../lib32/libstdc++.a(string-inst.o)
                0x0000000000044a60                _ZNSsC2IPcEET_S1_RKSaIcE
 .text._ZNSsC1ERKSsjjRKSaIcE
                0x0000000000044ac0       0xa0 /home/jfb/nacl_sdk/pepper_42/toolchain/linux_x86_newlib/bin/../lib/gcc/x86_64-nacl/4.4.3/../../../../x86_64-nacl/lib/../lib32/libstdc++.a(string-inst.o)
                0x0000000000044ac0                _ZNSsC1ERKSsjjRKSaIcE
 .text._ZNSsC2ERKSsjjRKSaIcE
                0x0000000000044b60       0xa0 /home/jfb/nacl_sdk/pepper_42/toolchain/linux_x86_newlib/bin/../lib/gcc/x86_64-nacl/4.4.3/../../../../x86_64-nacl/lib/../lib32/libstdc++.a(string-inst.o)
                0x0000000000044b60                _ZNSsC2ERKSsjjRKSaIcE
 .text._ZNSsC1ERKSsjj
                0x0000000000044c00       0xc0 /home/jfb/nacl_sdk/pepper_42/toolchain/linux_x86_newlib/bin/../lib/gcc/x86_64-nacl/4.4.3/../../../../x86_64-nacl/lib/../lib32/libstdc++.a(string-inst.o)
                0x0000000000044c00                _ZNSsC1ERKSsjj
 .text._ZNKSs6substrEjj
                0x0000000000044cc0       0x80 /home/jfb/nacl_sdk/pepper_42/toolchain/linux_x86_newlib/bin/../lib/gcc/x86_64-nacl/4.4.3/../../../../x86_64-nacl/lib/../lib32/libstdc++.a(string-inst.o)
                0x0000000000044cc0                _ZNKSs6substrEjj
 .text._ZNSsC2ERKSsjj
                0x0000000000044d40       0xc0 /home/jfb/nacl_sdk/pepper_42/toolchain/linux_x86_newlib/bin/../lib/gcc/x86_64-nacl/4.4.3/../../../../x86_64-nacl/lib/../lib32/libstdc++.a(string-inst.o)
                0x0000000000044d40                _ZNSsC2ERKSsjj
 .text._ZNSs12_S_constructEjcRKSaIcE
                0x0000000000044e00       0xe0 /home/jfb/nacl_sdk/pepper_42/toolchain/linux_x86_newlib/bin/../lib/gcc/x86_64-nacl/4.4.3/../../../../x86_64-nacl/lib/../lib32/libstdc++.a(string-inst.o)
                0x0000000000044e00                _ZNSs12_S_constructEjcRKSaIcE
 .text._ZNSsC1EjcRKSaIcE
                0x0000000000044ee0       0x40 /home/jfb/nacl_sdk/pepper_42/toolchain/linux_x86_newlib/bin/../lib/gcc/x86_64-nacl/4.4.3/../../../../x86_64-nacl/lib/../lib32/libstdc++.a(string-inst.o)
                0x0000000000044ee0                _ZNSsC1EjcRKSaIcE
 .text._ZNSsC2EjcRKSaIcE
                0x0000000000044f20       0x40 /home/jfb/nacl_sdk/pepper_42/toolchain/linux_x86_newlib/bin/../lib/gcc/x86_64-nacl/4.4.3/../../../../x86_64-nacl/lib/../lib32/libstdc++.a(string-inst.o)
                0x0000000000044f20                _ZNSsC2EjcRKSaIcE
 .text._ZNSsC1ERKSaIcE
                0x0000000000044f60       0x60 /home/jfb/nacl_sdk/pepper_42/toolchain/linux_x86_newlib/bin/../lib/gcc/x86_64-nacl/4.4.3/../../../../x86_64-nacl/lib/../lib32/libstdc++.a(string-inst.o)
                0x0000000000044f60                _ZNSsC1ERKSaIcE
 .text._ZNSsC2ERKSaIcE
                0x0000000000044fc0       0x60 /home/jfb/nacl_sdk/pepper_42/toolchain/linux_x86_newlib/bin/../lib/gcc/x86_64-nacl/4.4.3/../../../../x86_64-nacl/lib/../lib32/libstdc++.a(string-inst.o)
                0x0000000000044fc0                _ZNSsC2ERKSaIcE
 .text._ZNSs12_S_constructIN9__gnu_cxx17__normal_iteratorIPcSsEEEES2_T_S4_RKSaIcESt20forward_iterator_tag
                0x0000000000045020       0xc0 /home/jfb/nacl_sdk/pepper_42/toolchain/linux_x86_newlib/bin/../lib/gcc/x86_64-nacl/4.4.3/../../../../x86_64-nacl/lib/../lib32/libstdc++.a(string-inst.o)
                0x0000000000045020                _ZNSs12_S_constructIN9__gnu_cxx17__normal_iteratorIPcSsEEEES2_T_S4_RKSaIcESt20forward_iterator_tag
 .text._ZNSsC1IN9__gnu_cxx17__normal_iteratorIPcSsEEEET_S4_RKSaIcE
                0x00000000000450e0       0x60 /home/jfb/nacl_sdk/pepper_42/toolchain/linux_x86_newlib/bin/../lib/gcc/x86_64-nacl/4.4.3/../../../../x86_64-nacl/lib/../lib32/libstdc++.a(string-inst.o)
                0x00000000000450e0                _ZNSsC1IN9__gnu_cxx17__normal_iteratorIPcSsEEEET_S4_RKSaIcE
 .text._ZNSsC2IN9__gnu_cxx17__normal_iteratorIPcSsEEEET_S4_RKSaIcE
                0x0000000000045140       0x60 /home/jfb/nacl_sdk/pepper_42/toolchain/linux_x86_newlib/bin/../lib/gcc/x86_64-nacl/4.4.3/../../../../x86_64-nacl/lib/../lib32/libstdc++.a(string-inst.o)
                0x0000000000045140                _ZNSsC2IN9__gnu_cxx17__normal_iteratorIPcSsEEEET_S4_RKSaIcE
 .text._ZNSsD1Ev
                0x00000000000451a0       0xc0 /home/jfb/nacl_sdk/pepper_42/toolchain/linux_x86_newlib/bin/../lib/gcc/x86_64-nacl/4.4.3/../../../../x86_64-nacl/lib/../lib32/libstdc++.a(string-inst.o)
                0x00000000000451a0                _ZNSsD1Ev
 .text._ZNSsD2Ev
                0x0000000000045260       0xc0 /home/jfb/nacl_sdk/pepper_42/toolchain/linux_x86_newlib/bin/../lib/gcc/x86_64-nacl/4.4.3/../../../../x86_64-nacl/lib/../lib32/libstdc++.a(string-inst.o)
                0x0000000000045260                _ZNSsD2Ev
 .text._ZNSs6assignERKSs
                0x0000000000045320      0x1e0 /home/jfb/nacl_sdk/pepper_42/toolchain/linux_x86_newlib/bin/../lib/gcc/x86_64-nacl/4.4.3/../../../../x86_64-nacl/lib/../lib32/libstdc++.a(string-inst.o)
                0x0000000000045320                _ZNSs6assignERKSs
 .text._ZNSsaSERKSs
                0x0000000000045500       0x20 /home/jfb/nacl_sdk/pepper_42/toolchain/linux_x86_newlib/bin/../lib/gcc/x86_64-nacl/4.4.3/../../../../x86_64-nacl/lib/../lib32/libstdc++.a(string-inst.o)
                0x0000000000045500                _ZNSsaSERKSs
 .text._ZNSs7reserveEj
                0x0000000000045520      0x180 /home/jfb/nacl_sdk/pepper_42/toolchain/linux_x86_newlib/bin/../lib/gcc/x86_64-nacl/4.4.3/../../../../x86_64-nacl/lib/../lib32/libstdc++.a(string-inst.o)
                0x0000000000045520                _ZNSs7reserveEj
 .text._ZNSs9push_backEc
                0x00000000000456a0       0xe0 /home/jfb/nacl_sdk/pepper_42/toolchain/linux_x86_newlib/bin/../lib/gcc/x86_64-nacl/4.4.3/../../../../x86_64-nacl/lib/../lib32/libstdc++.a(string-inst.o)
                0x00000000000456a0                _ZNSs9push_backEc
 .text._ZNSs6appendEjc
                0x0000000000045780      0x160 /home/jfb/nacl_sdk/pepper_42/toolchain/linux_x86_newlib/bin/../lib/gcc/x86_64-nacl/4.4.3/../../../../x86_64-nacl/lib/../lib32/libstdc++.a(string-inst.o)
                0x0000000000045780                _ZNSs6appendEjc
 .text._ZNSs6appendEPKcj
                0x00000000000458e0      0x1a0 /home/jfb/nacl_sdk/pepper_42/toolchain/linux_x86_newlib/bin/../lib/gcc/x86_64-nacl/4.4.3/../../../../x86_64-nacl/lib/../lib32/libstdc++.a(string-inst.o)
                0x00000000000458e0                _ZNSs6appendEPKcj
 .text._ZNSs6appendEPKc
                0x0000000000045a80       0x60 /home/jfb/nacl_sdk/pepper_42/toolchain/linux_x86_newlib/bin/../lib/gcc/x86_64-nacl/4.4.3/../../../../x86_64-nacl/lib/../lib32/libstdc++.a(string-inst.o)
                0x0000000000045a80                _ZNSs6appendEPKc
 .text._ZNSspLEPKc
                0x0000000000045ae0       0x60 /home/jfb/nacl_sdk/pepper_42/toolchain/linux_x86_newlib/bin/../lib/gcc/x86_64-nacl/4.4.3/../../../../x86_64-nacl/lib/../lib32/libstdc++.a(string-inst.o)
                0x0000000000045ae0                _ZNSspLEPKc
 .text._ZNSs6appendERKSsjj
                0x0000000000045b40      0x140 /home/jfb/nacl_sdk/pepper_42/toolchain/linux_x86_newlib/bin/../lib/gcc/x86_64-nacl/4.4.3/../../../../x86_64-nacl/lib/../lib32/libstdc++.a(string-inst.o)
                0x0000000000045b40                _ZNSs6appendERKSsjj
 .text._ZNSs6appendERKSs
                0x0000000000045c80      0x120 /home/jfb/nacl_sdk/pepper_42/toolchain/linux_x86_newlib/bin/../lib/gcc/x86_64-nacl/4.4.3/../../../../x86_64-nacl/lib/../lib32/libstdc++.a(string-inst.o)
                0x0000000000045c80                _ZNSs6appendERKSs
 .text._ZStplIcSt11char_traitsIcESaIcEESbIT_T0_T1_ERKS6_S8_
                0x0000000000045da0       0xa0 /home/jfb/nacl_sdk/pepper_42/toolchain/linux_x86_newlib/bin/../lib/gcc/x86_64-nacl/4.4.3/../../../../x86_64-nacl/lib/../lib32/libstdc++.a(string-inst.o)
                0x0000000000045da0                _ZStplIcSt11char_traitsIcESaIcEESbIT_T0_T1_ERKS6_S8_
 .text._ZNSspLERKSs
                0x0000000000045e40       0x20 /home/jfb/nacl_sdk/pepper_42/toolchain/linux_x86_newlib/bin/../lib/gcc/x86_64-nacl/4.4.3/../../../../x86_64-nacl/lib/../lib32/libstdc++.a(string-inst.o)
                0x0000000000045e40                _ZNSspLERKSs
 .text._ZStplIcSt11char_traitsIcESaIcEESbIT_T0_T1_ES3_RKS6_
                0x0000000000045e60       0xe0 /home/jfb/nacl_sdk/pepper_42/toolchain/linux_x86_newlib/bin/../lib/gcc/x86_64-nacl/4.4.3/../../../../x86_64-nacl/lib/../lib32/libstdc++.a(string-inst.o)
                0x0000000000045e60                _ZStplIcSt11char_traitsIcESaIcEESbIT_T0_T1_ES3_RKS6_
 .text._ZStplIcSt11char_traitsIcESaIcEESbIT_T0_T1_EPKS3_RKS6_
                0x0000000000045f40       0xe0 /home/jfb/nacl_sdk/pepper_42/toolchain/linux_x86_newlib/bin/../lib/gcc/x86_64-nacl/4.4.3/../../../../x86_64-nacl/lib/../lib32/libstdc++.a(string-inst.o)
                0x0000000000045f40                _ZStplIcSt11char_traitsIcESaIcEESbIT_T0_T1_EPKS3_RKS6_
 .text._ZNSspLEc
                0x0000000000046020       0xc0 /home/jfb/nacl_sdk/pepper_42/toolchain/linux_x86_newlib/bin/../lib/gcc/x86_64-nacl/4.4.3/../../../../x86_64-nacl/lib/../lib32/libstdc++.a(string-inst.o)
                0x0000000000046020                _ZNSspLEc
 .text._ZNSs9_M_mutateEjjj
                0x00000000000460e0      0x300 /home/jfb/nacl_sdk/pepper_42/toolchain/linux_x86_newlib/bin/../lib/gcc/x86_64-nacl/4.4.3/../../../../x86_64-nacl/lib/../lib32/libstdc++.a(string-inst.o)
                0x00000000000460e0                _ZNSs9_M_mutateEjjj
 .text._ZNSs15_M_replace_safeEjjPKcj
                0x00000000000463e0       0xe0 /home/jfb/nacl_sdk/pepper_42/toolchain/linux_x86_newlib/bin/../lib/gcc/x86_64-nacl/4.4.3/../../../../x86_64-nacl/lib/../lib32/libstdc++.a(string-inst.o)
                0x00000000000463e0                _ZNSs15_M_replace_safeEjjPKcj
 .text._ZNSs6assignEPKcj
                0x00000000000464c0      0x1a0 /home/jfb/nacl_sdk/pepper_42/toolchain/linux_x86_newlib/bin/../lib/gcc/x86_64-nacl/4.4.3/../../../../x86_64-nacl/lib/../lib32/libstdc++.a(string-inst.o)
                0x00000000000464c0                _ZNSs6assignEPKcj
 .text._ZNSs6assignEPKc
                0x0000000000046660       0x60 /home/jfb/nacl_sdk/pepper_42/toolchain/linux_x86_newlib/bin/../lib/gcc/x86_64-nacl/4.4.3/../../../../x86_64-nacl/lib/../lib32/libstdc++.a(string-inst.o)
                0x0000000000046660                _ZNSs6assignEPKc
 .text._ZNSs6assignERKSsjj
                0x00000000000466c0       0x80 /home/jfb/nacl_sdk/pepper_42/toolchain/linux_x86_newlib/bin/../lib/gcc/x86_64-nacl/4.4.3/../../../../x86_64-nacl/lib/../lib32/libstdc++.a(string-inst.o)
                0x00000000000466c0                _ZNSs6assignERKSsjj
 .text._ZNSsaSEPKc
                0x0000000000046740       0x60 /home/jfb/nacl_sdk/pepper_42/toolchain/linux_x86_newlib/bin/../lib/gcc/x86_64-nacl/4.4.3/../../../../x86_64-nacl/lib/../lib32/libstdc++.a(string-inst.o)
                0x0000000000046740                _ZNSsaSEPKc
 .text._ZNSs14_M_replace_auxEjjjc
                0x00000000000467a0      0x120 /home/jfb/nacl_sdk/pepper_42/toolchain/linux_x86_newlib/bin/../lib/gcc/x86_64-nacl/4.4.3/../../../../x86_64-nacl/lib/../lib32/libstdc++.a(string-inst.o)
                0x00000000000467a0                _ZNSs14_M_replace_auxEjjjc
 .text._ZNSs7replaceEN9__gnu_cxx17__normal_iteratorIPcSsEES2_jc
                0x00000000000468c0       0x40 /home/jfb/nacl_sdk/pepper_42/toolchain/linux_x86_newlib/bin/../lib/gcc/x86_64-nacl/4.4.3/../../../../x86_64-nacl/lib/../lib32/libstdc++.a(string-inst.o)
                0x00000000000468c0                _ZNSs7replaceEN9__gnu_cxx17__normal_iteratorIPcSsEES2_jc
 .text._ZNSs7replaceEjjjc
                0x0000000000046900       0x80 /home/jfb/nacl_sdk/pepper_42/toolchain/linux_x86_newlib/bin/../lib/gcc/x86_64-nacl/4.4.3/../../../../x86_64-nacl/lib/../lib32/libstdc++.a(string-inst.o)
                0x0000000000046900                _ZNSs7replaceEjjjc
 .text._ZNSs6insertEN9__gnu_cxx17__normal_iteratorIPcSsEEc
                0x0000000000046980       0x80 /home/jfb/nacl_sdk/pepper_42/toolchain/linux_x86_newlib/bin/../lib/gcc/x86_64-nacl/4.4.3/../../../../x86_64-nacl/lib/../lib32/libstdc++.a(string-inst.o)
                0x0000000000046980                _ZNSs6insertEN9__gnu_cxx17__normal_iteratorIPcSsEEc
 .text._ZNSs6insertEjjc
                0x0000000000046a00       0x80 /home/jfb/nacl_sdk/pepper_42/toolchain/linux_x86_newlib/bin/../lib/gcc/x86_64-nacl/4.4.3/../../../../x86_64-nacl/lib/../lib32/libstdc++.a(string-inst.o)
                0x0000000000046a00                _ZNSs6insertEjjc
 .text._ZNSs6assignEjc
                0x0000000000046a80       0x60 /home/jfb/nacl_sdk/pepper_42/toolchain/linux_x86_newlib/bin/../lib/gcc/x86_64-nacl/4.4.3/../../../../x86_64-nacl/lib/../lib32/libstdc++.a(string-inst.o)
                0x0000000000046a80                _ZNSs6assignEjc
 .text._ZNSs6insertEN9__gnu_cxx17__normal_iteratorIPcSsEEjc
                0x0000000000046ae0       0x60 /home/jfb/nacl_sdk/pepper_42/toolchain/linux_x86_newlib/bin/../lib/gcc/x86_64-nacl/4.4.3/../../../../x86_64-nacl/lib/../lib32/libstdc++.a(string-inst.o)
                0x0000000000046ae0                _ZNSs6insertEN9__gnu_cxx17__normal_iteratorIPcSsEEjc
 .text._ZNSsaSEc
                0x0000000000046b40       0x60 /home/jfb/nacl_sdk/pepper_42/toolchain/linux_x86_newlib/bin/../lib/gcc/x86_64-nacl/4.4.3/../../../../x86_64-nacl/lib/../lib32/libstdc++.a(string-inst.o)
                0x0000000000046b40                _ZNSsaSEc
 .text._ZNSs5eraseEN9__gnu_cxx17__normal_iteratorIPcSsEES2_
                0x0000000000046ba0       0x80 /home/jfb/nacl_sdk/pepper_42/toolchain/linux_x86_newlib/bin/../lib/gcc/x86_64-nacl/4.4.3/../../../../x86_64-nacl/lib/../lib32/libstdc++.a(string-inst.o)
                0x0000000000046ba0                _ZNSs5eraseEN9__gnu_cxx17__normal_iteratorIPcSsEES2_
 .text._ZNSs5eraseEN9__gnu_cxx17__normal_iteratorIPcSsEE
                0x0000000000046c20       0x80 /home/jfb/nacl_sdk/pepper_42/toolchain/linux_x86_newlib/bin/../lib/gcc/x86_64-nacl/4.4.3/../../../../x86_64-nacl/lib/../lib32/libstdc++.a(string-inst.o)
                0x0000000000046c20                _ZNSs5eraseEN9__gnu_cxx17__normal_iteratorIPcSsEE
 .text._ZNSs5eraseEjj
                0x0000000000046ca0       0x80 /home/jfb/nacl_sdk/pepper_42/toolchain/linux_x86_newlib/bin/../lib/gcc/x86_64-nacl/4.4.3/../../../../x86_64-nacl/lib/../lib32/libstdc++.a(string-inst.o)
                0x0000000000046ca0                _ZNSs5eraseEjj
 .text._ZNSs6insertEjPKcj
                0x0000000000046d20      0x300 /home/jfb/nacl_sdk/pepper_42/toolchain/linux_x86_newlib/bin/../lib/gcc/x86_64-nacl/4.4.3/../../../../x86_64-nacl/lib/../lib32/libstdc++.a(string-inst.o)
                0x0000000000046d20                _ZNSs6insertEjPKcj
 .text._ZNSs6insertEjPKc
                0x0000000000047020       0x60 /home/jfb/nacl_sdk/pepper_42/toolchain/linux_x86_newlib/bin/../lib/gcc/x86_64-nacl/4.4.3/../../../../x86_64-nacl/lib/../lib32/libstdc++.a(string-inst.o)
                0x0000000000047020                _ZNSs6insertEjPKc
 .text._ZNSs6insertEjRKSsjj
                0x0000000000047080       0x80 /home/jfb/nacl_sdk/pepper_42/toolchain/linux_x86_newlib/bin/../lib/gcc/x86_64-nacl/4.4.3/../../../../x86_64-nacl/lib/../lib32/libstdc++.a(string-inst.o)
                0x0000000000047080                _ZNSs6insertEjRKSsjj
 .text._ZNSs6insertEjRKSs
                0x0000000000047100       0x60 /home/jfb/nacl_sdk/pepper_42/toolchain/linux_x86_newlib/bin/../lib/gcc/x86_64-nacl/4.4.3/../../../../x86_64-nacl/lib/../lib32/libstdc++.a(string-inst.o)
                0x0000000000047100                _ZNSs6insertEjRKSs
 .text._ZNSs5clearEv
                0x0000000000047160       0x60 /home/jfb/nacl_sdk/pepper_42/toolchain/linux_x86_newlib/bin/../lib/gcc/x86_64-nacl/4.4.3/../../../../x86_64-nacl/lib/../lib32/libstdc++.a(string-inst.o)
                0x0000000000047160                _ZNSs5clearEv
 .text._ZNSs12_M_leak_hardEv
                0x00000000000471c0       0xc0 /home/jfb/nacl_sdk/pepper_42/toolchain/linux_x86_newlib/bin/../lib/gcc/x86_64-nacl/4.4.3/../../../../x86_64-nacl/lib/../lib32/libstdc++.a(string-inst.o)
                0x00000000000471c0                _ZNSs12_M_leak_hardEv
 .text._ZNSs7_M_leakEv
                0x0000000000047280       0x40 /home/jfb/nacl_sdk/pepper_42/toolchain/linux_x86_newlib/bin/../lib/gcc/x86_64-nacl/4.4.3/../../../../x86_64-nacl/lib/../lib32/libstdc++.a(string-inst.o)
                0x0000000000047280                _ZNSs7_M_leakEv
 .text._ZNSs2atEj
                0x00000000000472c0       0xa0 /home/jfb/nacl_sdk/pepper_42/toolchain/linux_x86_newlib/bin/../lib/gcc/x86_64-nacl/4.4.3/../../../../x86_64-nacl/lib/../lib32/libstdc++.a(string-inst.o)
                0x00000000000472c0                _ZNSs2atEj
 .text._ZNSsixEj
                0x0000000000047360       0x60 /home/jfb/nacl_sdk/pepper_42/toolchain/linux_x86_newlib/bin/../lib/gcc/x86_64-nacl/4.4.3/../../../../x86_64-nacl/lib/../lib32/libstdc++.a(string-inst.o)
                0x0000000000047360                _ZNSsixEj
 .text._ZNSs3endEv
                0x00000000000473c0       0x80 /home/jfb/nacl_sdk/pepper_42/toolchain/linux_x86_newlib/bin/../lib/gcc/x86_64-nacl/4.4.3/../../../../x86_64-nacl/lib/../lib32/libstdc++.a(string-inst.o)
                0x00000000000473c0                _ZNSs3endEv
 .text._ZNSs5beginEv
                0x0000000000047440       0x80 /home/jfb/nacl_sdk/pepper_42/toolchain/linux_x86_newlib/bin/../lib/gcc/x86_64-nacl/4.4.3/../../../../x86_64-nacl/lib/../lib32/libstdc++.a(string-inst.o)
                0x0000000000047440                _ZNSs5beginEv
 .text._ZNSs4rendEv