Archive member included because of file (symbol)

/home/jfb/nacl_sdk/pepper_42//lib/newlib_x86_64/Release/libppapi_cpp.a(instance_x86_64.o)
                              newlib/Release/multi_platform_x86_64.o (_ZN2pp8InstanceC2Ei)
/home/jfb/nacl_sdk/pepper_42//lib/newlib_x86_64/Release/libppapi_cpp.a(module_x86_64.o)
                              newlib/Release/multi_platform_x86_64.o (_ZN2pp6ModuleC2Ev)
/home/jfb/nacl_sdk/pepper_42//lib/newlib_x86_64/Release/libppapi_cpp.a(ppp_entrypoints_x86_64.o)
                              /home/jfb/nacl_sdk/pepper_42//lib/newlib_x86_64/Release/libppapi_cpp.a(instance_x86_64.o) (_ZN2pp6Module3GetEv)
/home/jfb/nacl_sdk/pepper_42//lib/newlib_x86_64/Release/libppapi_cpp.a(resource_x86_64.o)
                              /home/jfb/nacl_sdk/pepper_42//lib/newlib_x86_64/Release/libppapi_cpp.a(module_x86_64.o) (_ZN2pp8ResourceD2Ev)
/home/jfb/nacl_sdk/pepper_42//lib/newlib_x86_64/Release/libppapi_cpp.a(url_loader_x86_64.o)
                              /home/jfb/nacl_sdk/pepper_42//lib/newlib_x86_64/Release/libppapi_cpp.a(module_x86_64.o) (_ZN2pp9URLLoaderC1Ei)
/home/jfb/nacl_sdk/pepper_42//lib/newlib_x86_64/Release/libppapi_cpp.a(url_response_info_x86_64.o)
                              /home/jfb/nacl_sdk/pepper_42//lib/newlib_x86_64/Release/libppapi_cpp.a(url_loader_x86_64.o) (_ZN2pp15URLResponseInfoC1ENS_7PassRefEi)
/home/jfb/nacl_sdk/pepper_42//lib/newlib_x86_64/Release/libppapi_cpp.a(var_x86_64.o)
                              /home/jfb/nacl_sdk/pepper_42//lib/newlib_x86_64/Release/libppapi_cpp.a(module_x86_64.o) (_ZTVN2pp3VarE)
/home/jfb/nacl_sdk/pepper_42//lib/newlib_x86_64/Release/libppapi_cpp.a(view_x86_64.o)
                              /home/jfb/nacl_sdk/pepper_42//lib/newlib_x86_64/Release/libppapi_cpp.a(module_x86_64.o) (_ZN2pp4ViewC1Ei)
/home/jfb/nacl_sdk/pepper_42//lib/newlib_x86_64/Release/libppapi_cpp.a(core_x86_64.o)
                              /home/jfb/nacl_sdk/pepper_42//lib/newlib_x86_64/Release/libppapi_cpp.a(url_loader_x86_64.o) (_ZN2pp4Core16CallOnMainThreadEiRKNS_18CompletionCallbackEi)
/home/jfb/nacl_sdk/pepper_42//lib/newlib_x86_64/Release/libppapi_cpp.a(file_ref_x86_64.o)
                              /home/jfb/nacl_sdk/pepper_42//lib/newlib_x86_64/Release/libppapi_cpp.a(url_response_info_x86_64.o) (_ZN2pp7FileRefC1ENS_7PassRefEi)
/home/jfb/nacl_sdk/pepper_42//lib/newlib_x86_64/Release/libppapi_cpp.a(input_event_x86_64.o)
                              /home/jfb/nacl_sdk/pepper_42//lib/newlib_x86_64/Release/libppapi_cpp.a(module_x86_64.o) (_ZN2pp10InputEventD1Ev)
/home/jfb/nacl_sdk/pepper_42/toolchain/linux_x86_newlib/bin/../lib/gcc/x86_64-nacl/4.4.3/../../../../x86_64-nacl/lib/../lib64/libppapi_stub.a(plugin_main_irt_21ce9d26.o)
                              (main)
/home/jfb/nacl_sdk/pepper_42/toolchain/linux_x86_newlib/bin/../lib/gcc/x86_64-nacl/4.4.3/../../../../x86_64-nacl/lib/../lib64/libppapi_stub.a(ppapi_plugin_main_399d0cf7.o)
                              /home/jfb/nacl_sdk/pepper_42/toolchain/linux_x86_newlib/bin/../lib/gcc/x86_64-nacl/4.4.3/../../../../x86_64-nacl/lib/../lib64/libppapi_stub.a(plugin_main_irt_21ce9d26.o) (PpapiPluginMain)
/home/jfb/nacl_sdk/pepper_42/toolchain/linux_x86_newlib/bin/../lib/gcc/x86_64-nacl/4.4.3/../../../../x86_64-nacl/lib/../lib64/libppapi_stub.a(ppapi_plugin_start_8da67623.o)
                              /home/jfb/nacl_sdk/pepper_42/toolchain/linux_x86_newlib/bin/../lib/gcc/x86_64-nacl/4.4.3/../../../../x86_64-nacl/lib/../lib64/libppapi_stub.a(ppapi_plugin_main_399d0cf7.o) (PpapiPluginStart)
/home/jfb/nacl_sdk/pepper_42/toolchain/linux_x86_newlib/bin/../lib/gcc/x86_64-nacl/4.4.3/../../../../x86_64-nacl/lib/../lib64/libppapi_stub.a(thread_creator_ccf263e1.o)
                              /home/jfb/nacl_sdk/pepper_42/toolchain/linux_x86_newlib/bin/../lib/gcc/x86_64-nacl/4.4.3/../../../../x86_64-nacl/lib/../lib64/libppapi_stub.a(ppapi_plugin_start_8da67623.o) (__nacl_register_thread_creator)
/home/jfb/nacl_sdk/pepper_42/toolchain/linux_x86_newlib/bin/../lib/gcc/x86_64-nacl/4.4.3/../../../../x86_64-nacl/lib/../lib64/libpthread.a(nc_thread_7e478b15.o)
                              /home/jfb/nacl_sdk/pepper_42/toolchain/linux_x86_newlib/bin/../lib/gcc/x86_64-nacl/4.4.3/../../../../x86_64-nacl/lib/../lib64/libppapi_stub.a(thread_creator_ccf263e1.o) (pthread_join)
/home/jfb/nacl_sdk/pepper_42/toolchain/linux_x86_newlib/bin/../lib/gcc/x86_64-nacl/4.4.3/../../../../x86_64-nacl/lib/../lib64/libpthread.a(nc_condvar_305aa45a.o)
                              /home/jfb/nacl_sdk/pepper_42/toolchain/linux_x86_newlib/bin/../lib/gcc/x86_64-nacl/4.4.3/../../../../x86_64-nacl/lib/../lib64/libpthread.a(nc_thread_7e478b15.o) (pthread_cond_init)
/home/jfb/nacl_sdk/pepper_42/toolchain/linux_x86_newlib/bin/../lib/gcc/x86_64-nacl/4.4.3/../../../../x86_64-nacl/lib/../lib64/libpthread.a(dynamic_annotations_33ba59cc.o)
[...]
Memory Configuration

Name             Origin             Length             Attributes
*default*        0x0000000000000000 0xffffffffffffffff

Linker script and memory map

LOAD /home/jfb/nacl_sdk/pepper_42/toolchain/linux_x86_newlib/bin/../lib/gcc/x86_64-nacl/4.4.3/../../../../x86_64-nacl/lib/../lib64/crt1.o
LOAD /home/jfb/nacl_sdk/pepper_42/toolchain/linux_x86_newlib/bin/../lib/gcc/x86_64-nacl/4.4.3/../../../../x86_64-nacl/lib/../lib64/crti.o
LOAD /home/jfb/nacl_sdk/pepper_42/toolchain/linux_x86_newlib/bin/../lib/gcc/x86_64-nacl/4.4.3/crtbegin.o
LOAD newlib/Release/multi_platform_x86_64.o
LOAD /home/jfb/nacl_sdk/pepper_42//lib/newlib_x86_64/Release/libppapi_cpp.a
LOAD /home/jfb/nacl_sdk/pepper_42/toolchain/linux_x86_newlib/bin/../lib/gcc/x86_64-nacl/4.4.3/../../../../x86_64-nacl/lib/../lib64/libppapi.a
LOAD /home/jfb/nacl_sdk/pepper_42/toolchain/linux_x86_newlib/bin/../lib/gcc/x86_64-nacl/4.4.3/../../../../x86_64-nacl/lib/../lib64/libppapi_stub.a
LOAD /home/jfb/nacl_sdk/pepper_42/toolchain/linux_x86_newlib/bin/../lib/gcc/x86_64-nacl/4.4.3/../../../../x86_64-nacl/lib/../lib64/libpthread.a
LOAD /home/jfb/nacl_sdk/pepper_42/toolchain/linux_x86_newlib/bin/../lib/gcc/x86_64-nacl/4.4.3/../../../../x86_64-nacl/lib/../lib64/libstdc++.a
LOAD /home/jfb/nacl_sdk/pepper_42/toolchain/linux_x86_newlib/bin/../lib/gcc/x86_64-nacl/4.4.3/../../../../x86_64-nacl/lib/../lib64/libm.a
LOAD /home/jfb/nacl_sdk/pepper_42/toolchain/linux_x86_newlib/bin/../lib/gcc/x86_64-nacl/4.4.3/libgcc.a
LOAD /home/jfb/nacl_sdk/pepper_42/toolchain/linux_x86_newlib/bin/../lib/gcc/x86_64-nacl/4.4.3/../../../../x86_64-nacl/lib/../lib64/libpthread.a
LOAD /home/jfb/nacl_sdk/pepper_42/toolchain/linux_x86_newlib/bin/../lib/gcc/x86_64-nacl/4.4.3/../../../../x86_64-nacl/lib/../lib64/libc.a
START GROUP
LOAD /home/jfb/nacl_sdk/pepper_42/toolchain/linux_x86_newlib/bin/../lib/gcc/x86_64-nacl/4.4.3/../../../../x86_64-nacl/lib/../lib64/libnacl.a
LOAD /home/jfb/nacl_sdk/pepper_42/toolchain/linux_x86_newlib/bin/../lib/gcc/x86_64-nacl/4.4.3/../../../../x86_64-nacl/lib/../lib64/libcrt_common.a
END GROUP
LOAD /home/jfb/nacl_sdk/pepper_42/toolchain/linux_x86_newlib/bin/../lib/gcc/x86_64-nacl/4.4.3/libgcc.a
LOAD /home/jfb/nacl_sdk/pepper_42/toolchain/linux_x86_newlib/bin/../lib/gcc/x86_64-nacl/4.4.3/crtend.o
LOAD /home/jfb/nacl_sdk/pepper_42/toolchain/linux_x86_newlib/bin/../lib/gcc/x86_64-nacl/4.4.3/../../../../x86_64-nacl/lib/../lib64/crtn.o
                0x0000000000020000                PROVIDE (__executable_start, 0x20000)
                0x0000000000020000                . = 0x20000

.init           0x0000000000020000       0x80
 *(SORT(.init))
 .init          0x0000000000020000       0x20 /home/jfb/nacl_sdk/pepper_42/toolchain/linux_x86_newlib/bin/../lib/gcc/x86_64-nacl/4.4.3/../../../../x86_64-nacl/lib/../lib64/crti.o
                0x0000000000020000                _init
 .init          0x0000000000020020       0x20 /home/jfb/nacl_sdk/pepper_42/toolchain/linux_x86_newlib/bin/../lib/gcc/x86_64-nacl/4.4.3/crtbegin.o
 .init          0x0000000000020040       0x20 /home/jfb/nacl_sdk/pepper_42/toolchain/linux_x86_newlib/bin/../lib/gcc/x86_64-nacl/4.4.3/crtend.o
 .init          0x0000000000020060       0x20 /home/jfb/nacl_sdk/pepper_42/toolchain/linux_x86_newlib/bin/../lib/gcc/x86_64-nacl/4.4.3/../../../../x86_64-nacl/lib/../lib64/crtn.o

.plt            0x0000000000020080        0x0
 *(.plt)
 *(.iplt)
 .iplt          0x0000000000000000        0x0 /home/jfb/nacl_sdk/pepper_42/toolchain/linux_x86_newlib/bin/../lib/gcc/x86_64-nacl/4.4.3/crtbegin.o

.text           0x0000000000020080    0x68420
 *(.text.unlikely .text.*_unlikely .text.unlikely.*)
 *(.text.exit .text.exit.*)
 *(.text.startup .text.startup.*)
 *(.text.hot .text.hot.*)
 *(.text .stub .text.* .gnu.linkonce.t.*)
 .text          0x0000000000020080        0x0 /home/jfb/nacl_sdk/pepper_42/toolchain/linux_x86_newlib/bin/../lib/gcc/x86_64-nacl/4.4.3/../../../../x86_64-nacl/lib/../lib64/crti.o
 .text          0x0000000000020080      0x160 /home/jfb/nacl_sdk/pepper_42/toolchain/linux_x86_newlib/bin/../lib/gcc/x86_64-nacl/4.4.3/crtbegin.o
 .text          0x00000000000201e0       0xa0 newlib/Release/multi_platform_x86_64.o
                0x00000000000201e0                _ZN2pp12CreateModuleEv
 .text._ZN6Module14CreateInstanceEi
                0x0000000000020280       0xc0 newlib/Release/multi_platform_x86_64.o
                0x0000000000020280                _ZN6Module14CreateInstanceEi
 .text._ZN8Instance4InitEjPPKcS2_
                0x0000000000020340       0xe0 newlib/Release/multi_platform_x86_64.o
                0x0000000000020340                _ZN8Instance4InitEjPPKcS2_
 .text._ZN8InstanceD0Ev
                0x0000000000020420       0x40 newlib/Release/multi_platform_x86_64.o
                0x0000000000020420                _ZN8InstanceD0Ev
 .text._ZN8InstanceD1Ev
                0x0000000000020460       0x20 newlib/Release/multi_platform_x86_64.o
                0x0000000000020460                _ZN8InstanceD1Ev
 .text._ZN6ModuleD0Ev
                0x0000000000020480       0x40 newlib/Release/multi_platform_x86_64.o
                0x0000000000020480                _ZN6ModuleD0Ev
 .text._ZN6ModuleD1Ev
                0x00000000000204c0       0x20 newlib/Release/multi_platform_x86_64.o
                0x00000000000204c0                _ZN6ModuleD1Ev
 .text          0x00000000000204e0     0x3140 /home/jfb/nacl_sdk/pepper_42//lib/newlib_x86_64/Release/libppapi_cpp.a(instance_x86_64.o)
                0x0000000000020500                _ZN2pp8InstanceC2Ei
                0x0000000000020580                _ZN2pp8InstanceC1Ei
                0x0000000000020600                _ZN2pp8Instance4InitEjPPKcS3_
                0x0000000000020620                _ZN2pp8Instance13DidChangeViewERKNS_4RectES3_
                0x0000000000020640                _ZN2pp8Instance14DidChangeFocusEb
                0x0000000000020660                _ZN2pp8Instance18HandleDocumentLoadERKNS_9URLLoaderE
                0x0000000000020680                _ZN2pp8Instance16HandleInputEventERKNS_10InputEventE
                0x00000000000206a0                _ZN2pp8Instance13HandleMessageERKNS_3VarE
                0x00000000000209e0                _ZN2pp8Instance13DidChangeViewERKNS_4ViewE
                0x0000000000020b00                _ZN2pp8InstanceD0Ev
                0x0000000000020b60                _ZN2pp8InstanceD1Ev
                0x0000000000020be0                _ZN2pp8InstanceD2Ev
                0x0000000000020c60                _ZN2pp8Instance20GetPerInstanceObjectEiRKSs
                0x0000000000020e80                _ZN2pp8Instance23RemovePerInstanceObjectERKSsPv
                0x00000000000210c0                _ZN2pp8Instance23RemovePerInstanceObjectERKNS_14InstanceHandleERKSsPv
                0x0000000000021180                _ZN2pp8Instance12LogToConsoleE11PP_LogLevelRKNS_3VarE
                0x0000000000021460                _ZN2pp8Instance22LogToConsoleWithSourceE11PP_LogLevelRKNS_3VarES4_
                0x0000000000021760                _ZN2pp8Instance20AddPerInstanceObjectERKSsPv
                0x0000000000021a20                _ZN2pp8Instance18RequestInputEventsEj
                0x0000000000021ca0                _ZN2pp8Instance22RegisterMessageHandlerEPNS_14MessageHandlerERKNS_11MessageLoopE
                0x0000000000021f60                _ZN2pp8Instance22ClearInputEventRequestEj
                0x00000000000221e0                _ZN2pp8Instance27RequestFilteringInputEventsEj
                0x0000000000022460                _ZN2pp8Instance24UnregisterMessageHandlerEv
                0x00000000000226c0                _ZN2pp8Instance12BindGraphicsERKNS_10Graphics2DE
                0x0000000000022960                _ZN2pp8Instance11IsFullFrameEv
                0x0000000000022c00                _ZN2pp8Instance12BindGraphicsERKNS_10CompositorE
                0x0000000000022ea0                _ZN2pp8Instance12BindGraphicsERKNS_10Graphics3DE
                0x0000000000023140                _ZN2pp8Instance11PostMessageERKNS_3VarE
 .text._ZNSt8_Rb_treeISsSt4pairIKSsPvESt10_Select1stIS3_ESt4lessISsESaIS3_EE8_M_eraseEPSt13_Rb_tree_nodeIS3_E
                0x0000000000023620      0x120 /home/jfb/nacl_sdk/pepper_42//lib/newlib_x86_64/Release/libppapi_cpp.a(instance_x86_64.o)
                0x0000000000023620                _ZNSt8_Rb_treeISsSt4pairIKSsPvESt10_Select1stIS3_ESt4lessISsESaIS3_EE8_M_eraseEPSt13_Rb_tree_nodeIS3_E
 .text._ZNSt8_Rb_treeISsSt4pairIKSsPvESt10_Select1stIS3_ESt4lessISsESaIS3_EE10_M_insert_EPKSt18_Rb_tree_node_baseSC_RKS3_
                0x0000000000023740      0x240 /home/jfb/nacl_sdk/pepper_42//lib/newlib_x86_64/Release/libppapi_cpp.a(instance_x86_64.o)
                0x0000000000023740                _ZNSt8_Rb_treeISsSt4pairIKSsPvESt10_Select1stIS3_ESt4lessISsESaIS3_EE10_M_insert_EPKSt18_Rb_tree_node_baseSC_RKS3_
 .text._ZNSt8_Rb_treeISsSt4pairIKSsPvESt10_Select1stIS3_ESt4lessISsESaIS3_EE16_M_insert_uniqueERKS3_
                0x0000000000023980      0x240 /home/jfb/nacl_sdk/pepper_42//lib/newlib_x86_64/Release/libppapi_cpp.a(instance_x86_64.o)
                0x0000000000023980                _ZNSt8_Rb_treeISsSt4pairIKSsPvESt10_Select1stIS3_ESt4lessISsESaIS3_EE16_M_insert_uniqueERKS3_
 .text._ZNSt8_Rb_treeISsSt4pairIKSsPvESt10_Select1stIS3_ESt4lessISsESaIS3_EE17_M_insert_unique_ESt23_Rb_tree_const_iteratorIS3_ERKS3_
                0x0000000000023bc0      0x400 /home/jfb/nacl_sdk/pepper_42//lib/newlib_x86_64/Release/libppapi_cpp.a(instance_x86_64.o)
                0x0000000000023bc0                _ZNSt8_Rb_treeISsSt4pairIKSsPvESt10_Select1stIS3_ESt4lessISsESaIS3_EE17_M_insert_unique_ESt23_Rb_tree_const_iteratorIS3_ERKS3_
 .text          0x0000000000023fc0     0x18a0 /home/jfb/nacl_sdk/pepper_42//lib/newlib_x86_64/Release/libppapi_cpp.a(module_x86_64.o)
                0x0000000000023fc0                _ZN2pp6ModuleC2Ev
                0x00000000000240a0                _ZN2pp6ModuleC1Ev
                0x0000000000024180                _ZN2pp6Module4InitEv
                0x00000000000241a0                _ZN2pp6Module19GetBrowserInterfaceEPKc
                0x00000000000241c0                _ZN2pp6Module21InstanceForPPInstanceEi
                0x00000000000242a0                _ZN2pp6Module12InternalInitEiPFPKvPKcE
                0x0000000000024360                _ZN2pp23Instance_DidChangeFocusEi7PP_Bool
                0x00000000000244a0                _ZN2pp18Instance_DidCreateEijPPKcS2_
                0x00000000000246a0                _ZN2pp23Messaging_HandleMessageEi6PP_Var
                0x0000000000024840                _ZN2pp19Instance_DidDestroyEi
                0x00000000000249a0                _ZN2pp22InputEvent_HandleEventEii
                0x0000000000024b60                _ZN2pp27Instance_HandleDocumentLoadEii
                0x0000000000024d20                _ZN2pp22Instance_DidChangeViewEii
                0x0000000000024ec0                _ZN2pp6ModuleD2Ev
                0x0000000000024fe0                _ZN2pp6Module18GetPluginInterfaceEPKc
                0x0000000000025340                _ZN2pp6Module18AddPluginInterfaceERKSsPKv
                0x0000000000025620                _ZN2pp6ModuleD1Ev
                0x0000000000025740                _ZN2pp6ModuleD0Ev
 .text._ZNSt8_Rb_treeIiSt4pairIKiPN2pp8InstanceEESt10_Select1stIS5_ESt4lessIiESaIS5_EE8_M_eraseEPSt13_Rb_tree_nodeIS5_E
                0x0000000000025860       0xa0 /home/jfb/nacl_sdk/pepper_42//lib/newlib_x86_64/Release/libppapi_cpp.a(module_x86_64.o)
                0x0000000000025860                _ZNSt8_Rb_treeIiSt4pairIKiPN2pp8InstanceEESt10_Select1stIS5_ESt4lessIiESaIS5_EE8_M_eraseEPSt13_Rb_tree_nodeIS5_E
 .text._ZNSt8_Rb_treeIiSt4pairIKiPN2pp8InstanceEESt10_Select1stIS5_ESt4lessIiESaIS5_EE10_M_insert_EPKSt18_Rb_tree_node_baseSE_RKS5_
                0x0000000000025900      0x140 /home/jfb/nacl_sdk/pepper_42//lib/newlib_x86_64/Release/libppapi_cpp.a(module_x86_64.o)
                0x0000000000025900                _ZNSt8_Rb_treeIiSt4pairIKiPN2pp8InstanceEESt10_Select1stIS5_ESt4lessIiESaIS5_EE10_M_insert_EPKSt18_Rb_tree_node_baseSE_RKS5_
 .text._ZNSt8_Rb_treeIiSt4pairIKiPN2pp8InstanceEESt10_Select1stIS5_ESt4lessIiESaIS5_EE16_M_insert_uniqueERKS5_
                0x0000000000025a40      0x180 /home/jfb/nacl_sdk/pepper_42//lib/newlib_x86_64/Release/libppapi_cpp.a(module_x86_64.o)
                0x0000000000025a40                _ZNSt8_Rb_treeIiSt4pairIKiPN2pp8InstanceEESt10_Select1stIS5_ESt4lessIiESaIS5_EE16_M_insert_uniqueERKS5_
 .text._ZNSt8_Rb_treeIiSt4pairIKiPN2pp8InstanceEESt10_Select1stIS5_ESt4lessIiESaIS5_EE17_M_insert_unique_ESt23_Rb_tree_const_iteratorIS5_ERKS5_
                0x0000000000025bc0      0x2a0 /home/jfb/nacl_sdk/pepper_42//lib/newlib_x86_64/Release/libppapi_cpp.a(module_x86_64.o)
                0x0000000000025bc0                _ZNSt8_Rb_treeIiSt4pairIKiPN2pp8InstanceEESt10_Select1stIS5_ESt4lessIiESaIS5_EE17_M_insert_unique_ESt23_Rb_tree_const_iteratorIS5_ERKS5_
 .text._ZN2pp9URLLoaderD1Ev
                0x0000000000025e60       0x20 /home/jfb/nacl_sdk/pepper_42//lib/newlib_x86_64/Release/libppapi_cpp.a(module_x86_64.o)
                0x0000000000025e60                _ZN2pp9URLLoaderD1Ev
 .text._ZN2pp9URLLoaderD0Ev
                0x0000000000025e80       0x40 /home/jfb/nacl_sdk/pepper_42//lib/newlib_x86_64/Release/libppapi_cpp.a(module_x86_64.o)
                0x0000000000025e80                _ZN2pp9URLLoaderD0Ev
 .text._ZN2pp4ViewD1Ev
                0x0000000000025ec0       0x20 /home/jfb/nacl_sdk/pepper_42//lib/newlib_x86_64/Release/libppapi_cpp.a(module_x86_64.o)
                0x0000000000025ec0                _ZN2pp4ViewD1Ev
 .text._ZN2pp4ViewD0Ev
                0x0000000000025ee0       0x40 /home/jfb/nacl_sdk/pepper_42//lib/newlib_x86_64/Release/libppapi_cpp.a(module_x86_64.o)
                0x0000000000025ee0                _ZN2pp4ViewD0Ev
 .text._ZNSt8_Rb_treeISsSt4pairIKSsPKvESt10_Select1stIS4_ESt4lessISsESaIS4_EE8_M_eraseEPSt13_Rb_tree_nodeIS4_E
                0x0000000000025f20      0x120 /home/jfb/nacl_sdk/pepper_42//lib/newlib_x86_64/Release/libppapi_cpp.a(module_x86_64.o)
                0x0000000000025f20                _ZNSt8_Rb_treeISsSt4pairIKSsPKvESt10_Select1stIS4_ESt4lessISsESaIS4_EE8_M_eraseEPSt13_Rb_tree_nodeIS4_E
 .text._ZNSt8_Rb_treeISsSt4pairIKSsPKvESt10_Select1stIS4_ESt4lessISsESaIS4_EE10_M_insert_EPKSt18_Rb_tree_node_baseSD_RKS4_
                0x0000000000026040      0x240 /home/jfb/nacl_sdk/pepper_42//lib/newlib_x86_64/Release/libppapi_cpp.a(module_x86_64.o)
                0x0000000000026040                _ZNSt8_Rb_treeISsSt4pairIKSsPKvESt10_Select1stIS4_ESt4lessISsESaIS4_EE10_M_insert_EPKSt18_Rb_tree_node_baseSD_RKS4_
 .text._ZNSt8_Rb_treeISsSt4pairIKSsPKvESt10_Select1stIS4_ESt4lessISsESaIS4_EE16_M_insert_uniqueERKS4_
                0x0000000000026280      0x240 /home/jfb/nacl_sdk/pepper_42//lib/newlib_x86_64/Release/libppapi_cpp.a(module_x86_64.o)
                0x0000000000026280                _ZNSt8_Rb_treeISsSt4pairIKSsPKvESt10_Select1stIS4_ESt4lessISsESaIS4_EE16_M_insert_uniqueERKS4_
 .text._ZNSt8_Rb_treeISsSt4pairIKSsPKvESt10_Select1stIS4_ESt4lessISsESaIS4_EE17_M_insert_unique_ESt23_Rb_tree_const_iteratorIS4_ERKS4_
                0x00000000000264c0      0x400 /home/jfb/nacl_sdk/pepper_42//lib/newlib_x86_64/Release/libppapi_cpp.a(module_x86_64.o)
                0x00000000000264c0                _ZNSt8_Rb_treeISsSt4pairIKSsPKvESt10_Select1stIS4_ESt4lessISsESaIS4_EE17_M_insert_unique_ESt23_Rb_tree_const_iteratorIS4_ERKS4_
 .text          0x00000000000268c0      0x1c0 /home/jfb/nacl_sdk/pepper_42//lib/newlib_x86_64/Release/libppapi_cpp.a(ppp_entrypoints_x86_64.o)
                0x00000000000268c0                _ZN2pp6Module3GetEv
                0x00000000000268e0                _ZN2pp25SetBrokerGetInterfaceFuncEPFPKvPKcE
                0x0000000000026900                PPP_ShutdownModule
                0x0000000000026960                PPP_GetInterface
                0x00000000000269c0                PPP_InitializeModule
 .text          0x0000000000026a80      0x6e0 /home/jfb/nacl_sdk/pepper_42//lib/newlib_x86_64/Release/libppapi_cpp.a(resource_x86_64.o)
                0x0000000000026a80                _ZN2pp8ResourceC2Ev
                0x0000000000026ac0                _ZN2pp8ResourceC1Ev
                0x0000000000026b00                _ZN2pp8Resource6detachEv
                0x0000000000026b20                _ZN2pp8ResourceC2ENS_7PassRefEi
                0x0000000000026b40                _ZN2pp8ResourceC1ENS_7PassRefEi
                0x0000000000026b60                _ZN2pp8Resource22PassRefFromConstructorEi
                0x0000000000026b80                _ZN2pp8Resource5ClearEv
                0x0000000000026c40                _ZN2pp8ResourceC1Ei
                0x0000000000026cc0                _ZN2pp8ResourceC2Ei
                0x0000000000026d40                _ZN2pp8ResourceaSERKS0_
                0x0000000000026e80                _ZN2pp8ResourceC1ERKS0_
                0x0000000000026f00                _ZN2pp8ResourceC2ERKS0_
                0x0000000000026f80                _ZN2pp8ResourceD1Ev
                0x0000000000027020                _ZN2pp8ResourceD2Ev
                0x00000000000270c0                _ZN2pp8ResourceD0Ev
 .text          0x0000000000027160     0x1f00 /home/jfb/nacl_sdk/pepper_42//lib/newlib_x86_64/Release/libppapi_cpp.a(url_loader_x86_64.o)
                0x0000000000027160                _ZN2pp9URLLoaderC1ERKS0_
                0x00000000000271a0                _ZN2pp9URLLoaderC2ERKS0_
                0x00000000000271e0                _ZN2pp9URLLoaderC1Ei
                0x0000000000027220                _ZN2pp9URLLoaderC2Ei
                0x0000000000027260                _ZN2pp9URLLoader16ReadResponseBodyEPviRKNS_18CompletionCallbackE
                0x00000000000275e0                _ZN2pp9URLLoader14FollowRedirectERKNS_18CompletionCallbackE
                0x00000000000278e0                _ZN2pp9URLLoaderC1ERKNS_14InstanceHandleE
                0x0000000000027c00                _ZNK2pp9URLLoader19GetDownloadProgressEPxS1_
                0x0000000000027ec0                _ZN2pp9URLLoader5CloseEv
                0x0000000000028120                _ZN2pp9URLLoaderC2ERKNS_14InstanceHandleE
                0x0000000000028440                _ZN2pp9URLLoader21FinishStreamingToFileERKNS_18CompletionCallbackE
                0x0000000000028740                _ZNK2pp9URLLoader15GetResponseInfoEv
                0x0000000000028a20                _ZNK2pp9URLLoader17GetUploadProgressEPxS1_
                0x0000000000028ce0                _ZN2pp9URLLoader4OpenERKNS_14URLRequestInfoERKNS_18CompletionCallbackE
 .text._ZN2pp15URLResponseInfoD1Ev
                0x0000000000029060       0x20 /home/jfb/nacl_sdk/pepper_42//lib/newlib_x86_64/Release/libppapi_cpp.a(url_loader_x86_64.o)
                0x0000000000029060                _ZN2pp15URLResponseInfoD1Ev
 .text._ZN2pp15URLResponseInfoD0Ev
                0x0000000000029080       0x40 /home/jfb/nacl_sdk/pepper_42//lib/newlib_x86_64/Release/libppapi_cpp.a(url_loader_x86_64.o)
                0x0000000000029080                _ZN2pp15URLResponseInfoD0Ev
 .text          0x00000000000290c0      0x720 /home/jfb/nacl_sdk/pepper_42//lib/newlib_x86_64/Release/libppapi_cpp.a(url_response_info_x86_64.o)
                0x00000000000290c0                _ZN2pp15URLResponseInfoC1ENS_7PassRefEi
                0x0000000000029100                _ZN2pp15URLResponseInfoC2ENS_7PassRefEi
                0x0000000000029140                _ZN2pp15URLResponseInfoC1ERKS0_
                0x0000000000029180                _ZN2pp15URLResponseInfoC2ERKS0_
                0x00000000000291c0                _ZNK2pp15URLResponseInfo16GetBodyAsFileRefEv
                0x00000000000294c0                _ZNK2pp15URLResponseInfo11GetPropertyE22PP_URLResponseProperty
 .text._ZN2pp7FileRefD1Ev
                0x00000000000297e0       0x20 /home/jfb/nacl_sdk/pepper_42//lib/newlib_x86_64/Release/libppapi_cpp.a(url_response_info_x86_64.o)
                0x00000000000297e0                _ZN2pp7FileRefD1Ev
 .text._ZN2pp7FileRefD0Ev
                0x0000000000029800       0x40 /home/jfb/nacl_sdk/pepper_42//lib/newlib_x86_64/Release/libppapi_cpp.a(url_response_info_x86_64.o)
                0x0000000000029800                _ZN2pp7FileRefD0Ev
 .text          0x0000000000029840     0x3d40 /home/jfb/nacl_sdk/pepper_42//lib/newlib_x86_64/Release/libppapi_cpp.a(var_x86_64.o)
                0x0000000000029840                _ZN2pp3VarC2Eb
                0x00000000000298a0                _ZN2pp3VarC1Eb
                0x0000000000029900                _ZN2pp3VarC2Ei
                0x0000000000029960                _ZN2pp3VarC1Ei
                0x00000000000299c0                _ZN2pp3VarC2Ed
                0x0000000000029a20                _ZN2pp3VarC1Ed
                0x0000000000029a80                _ZNK2pp3Var6AsBoolEv
                0x0000000000029ac0                _ZNK2pp3Var5AsIntEv
                0x0000000000029b40                _ZNK2pp3Var8AsDoubleEv
                0x0000000000029ce0                _ZN2pp3VarC1ENS0_4NullE
                0x0000000000029d40                _ZN2pp3VarC2ENS0_4NullE
                0x0000000000029da0                _ZN2pp3VarC1Ev
                0x0000000000029e00                _ZN2pp3VarC2Ev
                0x0000000000029e60                _ZNK2pp3Var8AsStringEv
                0x000000000002a5c0                _ZNK2pp3Var11DebugStringEv
                0x000000000002aae0                _ZNK2pp3VareqERKS0_
                0x000000000002af20                _ZN2pp3VarC1ERKNS_8ResourceE
                0x000000000002b1e0                _ZN2pp3VarC2ERKNS_8ResourceE
                0x000000000002bb20                _ZN2pp3VarC1ERKSs
                0x000000000002bba0                _ZN2pp3VarC2ERKSs
                0x000000000002bc20                _ZN2pp3VarC1EPKc
                0x000000000002bce0                _ZN2pp3VarC2EPKc
                0x000000000002c560                _ZN2pp3VarC1ERKS0_
                0x000000000002c620                _ZN2pp3VarC2ERKS0_
                0x000000000002c6e0                _ZN2pp3VarC1ERK6PP_Var
                0x000000000002c7a0                _ZN2pp3VarC2ERK6PP_Var
                0x000000000002d020                _ZN2pp3VaraSERKS0_
                0x000000000002d140                _ZN2pp3VarD0Ev
                0x000000000002d1a0                _ZN2pp3VarD1Ev
                0x000000000002d200                _ZN2pp3VarD2Ev
                0x000000000002d260                _ZNK2pp3Var10AsResourceEv
 .text          0x000000000002d580     0x3040 /home/jfb/nacl_sdk/pepper_42//lib/newlib_x86_64/Release/libppapi_cpp.a(view_x86_64.o)
                0x000000000002d6a0                _ZN2pp4ViewC1Ei
                0x000000000002d6e0                _ZN2pp4ViewC2Ei
                0x000000000002d720                _ZN2pp4ViewC1Ev
                0x000000000002d760                _ZN2pp4ViewC2Ev
                0x000000000002d7a0                _ZNK2pp4View15GetScrollOffsetEv
                0x000000000002da80                _ZNK2pp4View11GetClipRectEv
                0x000000000002e100                _ZNK2pp4View14GetDeviceScaleEv
                0x000000000002e560                _ZNK2pp4View11GetCSSScaleEv
                0x000000000002e9c0                _ZNK2pp4View7GetRectEv
                0x000000000002f040                _ZNK2pp4View13IsPageVisibleEv
                0x000000000002f780                _ZNK2pp4View9IsVisibleEv
                0x000000000002fea0                _ZNK2pp4View12IsFullscreenEv
 .text          0x00000000000305c0       0x80 /home/jfb/nacl_sdk/pepper_42//lib/newlib_x86_64/Release/libppapi_cpp.a(core_x86_64.o)
                0x00000000000305c0                _ZN2pp4Core16CallOnMainThreadEiRKNS_18CompletionCallbackEi
                0x0000000000030600                _ZN2pp4Core12IsMainThreadEv
 .text          0x0000000000030640     0x5500 /home/jfb/nacl_sdk/pepper_42//lib/newlib_x86_64/Release/libppapi_cpp.a(file_ref_x86_64.o)
                0x0000000000030760                _ZN2pp7FileRefC1ERKS0_
                0x00000000000307a0                _ZN2pp7FileRefC2ERKS0_
                0x00000000000307e0                _ZN2pp7FileRefC1ENS_7PassRefEi
                0x0000000000030820                _ZN2pp7FileRefC2ENS_7PassRefEi
                0x0000000000030860                _ZN2pp7FileRefC1Ei
                0x00000000000308a0                _ZN2pp7FileRefC2Ei
                0x00000000000308e0                _ZN2pp7FileRef13MakeDirectoryEiRKNS_18CompletionCallbackE
                0x00000000000310a0                _ZN2pp7FileRef20ReadDirectoryEntriesERKNS_28CompletionCallbackWithOutputISt6vectorINS_14DirectoryEntryESaIS3_EEEE
                0x0000000000031640                _ZN2pp7FileRef5QueryERKNS_28CompletionCallbackWithOutputI11PP_FileInfoEE
                0x0000000000031bc0                _ZN2pp7FileRefC1ERKNS_10FileSystemEPKc
                0x0000000000032220                _ZNK2pp7FileRef17GetFileSystemTypeEv
                0x0000000000032880                _ZN2pp7FileRef6RenameERKS0_RKNS_18CompletionCallbackE
                0x00000000000330c0                _ZN2pp7FileRef6DeleteERKNS_18CompletionCallbackE
                0x0000000000033880                _ZN2pp7FileRef5TouchEddRKNS_18CompletionCallbackE
                0x0000000000034080                _ZNK2pp7FileRef7GetPathEv
                0x0000000000034740                _ZNK2pp7FileRef7GetNameEv
                0x0000000000034e00                _ZNK2pp7FileRef9GetParentEv
                0x00000000000354e0                _ZN2pp7FileRefC2ERKNS_10FileSystemEPKc
 .text._ZNK2pp18CompletionCallback8MayForceEi
                0x0000000000035b40       0xc0 /home/jfb/nacl_sdk/pepper_42//lib/newlib_x86_64/Release/libppapi_cpp.a(file_ref_x86_64.o)
                0x0000000000035b40                _ZNK2pp18CompletionCallback8MayForceEi
 .text          0x0000000000035c00     0x9ae0 /home/jfb/nacl_sdk/pepper_42//lib/newlib_x86_64/Release/libppapi_cpp.a(input_event_x86_64.o)
                0x0000000000035f60                _ZN2pp10InputEventD0Ev
                0x0000000000035fa0                _ZN2pp10InputEventD1Ev
                0x0000000000035fc0                _ZN2pp10InputEventD2Ev
                0x0000000000035fe0                _ZN2pp10InputEventC1Ev
                0x0000000000036020                _ZN2pp10InputEventC2Ev
                0x0000000000036060                _ZN2pp13IMEInputEventC1Ev
                0x00000000000360a0                _ZN2pp13IMEInputEventC2Ev
                0x00000000000360e0                _ZN2pp15TouchInputEventC1Ev
                0x0000000000036120                _ZN2pp15TouchInputEventC2Ev
                0x0000000000036160                _ZN2pp18KeyboardInputEventC1Ev
                0x00000000000361a0                _ZN2pp18KeyboardInputEventC2Ev
                0x00000000000361e0                _ZN2pp15WheelInputEventC1Ev
                0x0000000000036220                _ZN2pp15WheelInputEventC2Ev
                0x0000000000036260                _ZN2pp15MouseInputEventC1Ev
                0x00000000000362a0                _ZN2pp15MouseInputEventC2Ev
                0x00000000000362e0                _ZN2pp10InputEventC2Ei
                0x0000000000036640                _ZNK2pp10InputEvent12GetModifiersEv
                0x00000000000368a0                _ZNK2pp10InputEvent12GetTimeStampEv
                0x0000000000036b00                _ZNK2pp10InputEvent7GetTypeEv
                0x0000000000036d60                _ZN2pp10InputEventC1Ei
                0x00000000000370c0                _ZNK2pp15WheelInputEvent15GetScrollByPageEv
                0x0000000000037360                _ZN2pp15WheelInputEventC1ERKNS_14InstanceHandleEdjRKNS_10FloatPointES6_b
                0x00000000000376e0                _ZN2pp15WheelInputEventC2ERKNS_14InstanceHandleEdjRKNS_10FloatPointES6_b
                0x0000000000037a60                _ZN2pp15WheelInputEventC2ERKNS_10InputEventE
                0x0000000000037de0                _ZNK2pp15WheelInputEvent8GetTicksEv
                0x00000000000380c0                _ZNK2pp15WheelInputEvent8GetDeltaEv
                0x00000000000383a0                _ZN2pp18KeyboardInputEventC2ERKNS_10InputEventE
                0x0000000000038740                _ZN2pp18KeyboardInputEventC1ERKNS_10InputEventE
                0x0000000000038ae0                _ZN2pp18KeyboardInputEventC1ERKNS_14InstanceHandleE18PP_InputEvent_TypedjjRKNS_3VarES7_
                0x0000000000038e40                _ZN2pp18KeyboardInputEventC1ERKNS_14InstanceHandleE18PP_InputEvent_TypedjjRKNS_3VarE
                0x0000000000039340                _ZN2pp15WheelInputEventC1ERKNS_10InputEventE
                0x00000000000396c0                _ZN2pp15TouchInputEventC2ERKNS_10InputEventE
                0x0000000000039a40                _ZNK2pp15MouseInputEvent11GetMovementEv
                0x0000000000039d20                _ZN2pp15TouchInputEvent13AddTouchPointE16PP_TouchListType13PP_TouchPoint
                0x0000000000039fe0                _ZN2pp15TouchInputEventC1ERKNS_14InstanceHandleE18PP_InputEvent_Typedj
                0x000000000003a360                _ZN2pp15TouchInputEventC1ERKNS_10InputEventE
                0x000000000003a6e0                _ZNK2pp15TouchInputEvent15GetTouchByIndexE16PP_TouchListTypej
                0x000000000003aa20                _ZN2pp15MouseInputEventC2ERKNS_10InputEventE
                0x000000000003ada0                _ZNK2pp15TouchInputEvent13GetTouchCountE16PP_TouchListType
                0x000000000003b060                _ZNK2pp15MouseInputEvent13GetClickCountEv
                0x000000000003b2c0                _ZNK2pp15MouseInputEvent11GetPositionEv
                0x000000000003b5a0                _ZN2pp15MouseInputEventC1ERKNS_14InstanceHandleE18PP_InputEvent_Typedj25PP_InputEvent_MouseButtonRKNS_5PointEiS8_
                0x000000000003b940                _ZN2pp15MouseInputEventC2ERKNS_14InstanceHandleE18PP_InputEvent_Typedj25PP_InputEvent_MouseButtonRKNS_5PointEiS8_
                0x000000000003bce0                _ZN2pp15MouseInputEventC1ERKNS_10InputEventE
                0x000000000003c060                _ZNK2pp18KeyboardInputEvent10GetKeyCodeEv
                0x000000000003c3e0                _ZNK2pp18KeyboardInputEvent7GetCodeEv
                0x000000000003c5a0                _ZNK2pp18KeyboardInputEvent16GetCharacterTextEv
                0x000000000003c980                _ZNK2pp15TouchInputEvent12GetTouchByIdE16PP_TouchListTypej
                0x000000000003ccc0                _ZNK2pp13IMEInputEvent7GetTextEv
                0x000000000003cf80                _ZNK2pp13IMEInputEvent16GetSegmentNumberEv
                0x000000000003d1e0                _ZNK2pp13IMEInputEvent16GetSegmentOffsetEj
                0x000000000003d360                _ZN2pp13IMEInputEventC1ERKNS_14InstanceHandleE18PP_InputEvent_TypedRKNS_3VarERKSt6vectorIjSaIjEEiRKSt4pairIjjE
                0x000000000003d6a0                _ZN2pp13IMEInputEventC2ERKNS_14InstanceHandleE18PP_InputEvent_TypedRKNS_3VarERKSt6vectorIjSaIjEEiRKSt4pairIjjE
                0x000000000003dac0                _ZN2pp13IMEInputEventC1ERKNS_10InputEventE
                0x000000000003de40                _ZN2pp13IMEInputEventC2ERKNS_10InputEventE
                0x000000000003e0c0                _ZNK2pp13IMEInputEvent12GetSelectionEPjS1_
                0x000000000003e380                _ZN2pp15TouchInputEventC2ERKNS_14InstanceHandleE18PP_InputEvent_Typedj
                0x000000000003e700                _ZNK2pp13IMEInputEvent16GetTargetSegmentEv
                0x000000000003e960                _ZNK2pp15MouseInputEvent9GetButtonEv
                0x000000000003ebc0                _ZN2pp18KeyboardInputEventC2ERKNS_14InstanceHandleE18PP_InputEvent_TypedjjRKNS_3VarE
                0x000000000003f1a0                _ZN2pp18KeyboardInputEventC2ERKNS_14InstanceHandleE18PP_InputEvent_TypedjjRKNS_3VarES7_
 .text._ZN2pp13IMEInputEventD0Ev
                0x000000000003f6e0       0x40 /home/jfb/nacl_sdk/pepper_42//lib/newlib_x86_64/Release/libppapi_cpp.a(input_event_x86_64.o)
                0x000000000003f6e0                _ZN2pp13IMEInputEventD0Ev
 .text._ZN2pp13IMEInputEventD1Ev
                0x000000000003f720       0x20 /home/jfb/nacl_sdk/pepper_42//lib/newlib_x86_64/Release/libppapi_cpp.a(input_event_x86_64.o)
                0x000000000003f720                _ZN2pp13IMEInputEventD1Ev
 .text._ZN2pp15TouchInputEventD0Ev
                0x000000000003f740       0x40 /home/jfb/nacl_sdk/pepper_42//lib/newlib_x86_64/Release/libppapi_cpp.a(input_event_x86_64.o)
                0x000000000003f740                _ZN2pp15TouchInputEventD0Ev
 .text._ZN2pp15TouchInputEventD1Ev
                0x000000000003f780       0x20 /home/jfb/nacl_sdk/pepper_42//lib/newlib_x86_64/Release/libppapi_cpp.a(input_event_x86_64.o)
                0x000000000003f780                _ZN2pp15TouchInputEventD1Ev
 .text._ZN2pp18KeyboardInputEventD0Ev
                0x000000000003f7a0       0x40 /home/jfb/nacl_sdk/pepper_42//lib/newlib_x86_64/Release/libppapi_cpp.a(input_event_x86_64.o)
                0x000000000003f7a0                _ZN2pp18KeyboardInputEventD0Ev
 .text._ZN2pp18KeyboardInputEventD1Ev
                0x000000000003f7e0       0x20 /home/jfb/nacl_sdk/pepper_42//lib/newlib_x86_64/Release/libppapi_cpp.a(input_event_x86_64.o)
                0x000000000003f7e0                _ZN2pp18KeyboardInputEventD1Ev
 .text._ZN2pp15WheelInputEventD0Ev
                0x000000000003f800       0x40 /home/jfb/nacl_sdk/pepper_42//lib/newlib_x86_64/Release/libppapi_cpp.a(input_event_x86_64.o)
                0x000000000003f800                _ZN2pp15WheelInputEventD0Ev
 .text._ZN2pp15WheelInputEventD1Ev
                0x000000000003f840       0x20 /home/jfb/nacl_sdk/pepper_42//lib/newlib_x86_64/Release/libppapi_cpp.a(input_event_x86_64.o)
                0x000000000003f840                _ZN2pp15WheelInputEventD1Ev
 .text._ZN2pp15MouseInputEventD0Ev
                0x000000000003f860       0x40 /home/jfb/nacl_sdk/pepper_42//lib/newlib_x86_64/Release/libppapi_cpp.a(input_event_x86_64.o)
                0x000000000003f860                _ZN2pp15MouseInputEventD0Ev
 .text._ZN2pp15MouseInputEventD1Ev
                0x000000000003f8a0       0x20 /home/jfb/nacl_sdk/pepper_42//lib/newlib_x86_64/Release/libppapi_cpp.a(input_event_x86_64.o)
                0x000000000003f8a0                _ZN2pp15MouseInputEventD1Ev
 .text          0x000000000003f8c0       0x20 /home/jfb/nacl_sdk/pepper_42/toolchain/linux_x86_newlib/bin/../lib/gcc/x86_64-nacl/4.4.3/../../../../x86_64-nacl/lib/../lib64/libppapi_stub.a(plugin_main_irt_21ce9d26.o)
                0x000000000003f8c0                main
 .text          0x000000000003f8e0       0x20 /home/jfb/nacl_sdk/pepper_42/toolchain/linux_x86_newlib/bin/../lib/gcc/x86_64-nacl/4.4.3/../../../../x86_64-nacl/lib/../lib64/libppapi_stub.a(ppapi_plugin_main_399d0cf7.o)
                0x000000000003f8e0                PpapiPluginMain
 .text          0x000000000003f900      0x1e0 /home/jfb/nacl_sdk/pepper_42/toolchain/linux_x86_newlib/bin/../lib/gcc/x86_64-nacl/4.4.3/../../../../x86_64-nacl/lib/../lib64/libppapi_stub.a(ppapi_plugin_start_8da67623.o)
                0x000000000003f960                PpapiPluginStart
 .text          0x000000000003fae0       0x60 /home/jfb/nacl_sdk/pepper_42/toolchain/linux_x86_newlib/bin/../lib/gcc/x86_64-nacl/4.4.3/../../../../x86_64-nacl/lib/../lib64/libppapi_stub.a(thread_creator_ccf263e1.o)
                0x000000000003fae0                __nacl_register_thread_creator
 .text          0x000000000003fb40     0x1fc0 /home/jfb/nacl_sdk/pepper_42/toolchain/linux_x86_newlib/bin/../lib/gcc/x86_64-nacl/4.4.3/../../../../x86_64-nacl/lib/../lib64/libpthread.a(nc_thread_7e478b15.o)
                0x000000000003fb40                pthread_kill
                0x000000000003fb60                pthread_equal
                0x000000000003fb80                pthread_attr_init
                0x000000000003fbe0                pthread_attr_destroy
                0x000000000003fc00                pthread_attr_setdetachstate
                0x000000000003fc40                pthread_attr_getdetachstate
                0x000000000003fc80                pthread_attr_setscope
                0x000000000003fcc0                pthread_attr_getscope
                0x000000000003fce0                pthread_attr_setstacksize
                0x000000000003fd60                pthread_attr_getstacksize
                0x000000000003fda0                pthread_getspecific
                0x000000000003fe80                __nc_tsd_exit
                0x0000000000040120                pthread_cleanup_pop
                0x0000000000040200                pthread_setspecific
                0x0000000000040360                pthread_key_delete
                0x0000000000040400                pthread_key_create
                0x00000000000404a0                __local_lock_release
                0x00000000000404e0                __local_lock_release_recursive
                0x0000000000040500                __local_lock_try_acquire
                0x0000000000040540                __local_lock_try_acquire_recursive
                0x0000000000040560                __local_lock_acquire
                0x00000000000405a0                __local_lock_acquire_recursive
                0x00000000000405c0                __local_lock_close
                0x0000000000040600                __local_lock_close_recursive
                0x0000000000040620                __local_lock_init_recursive
                0x00000000000406a0                __local_lock_init
                0x0000000000040720                pthread_self
                0x0000000000040760                pthread_setschedprio
                0x0000000000040840                pthread_detach
                0x0000000000040920                pthread_join
                0x0000000000040b00                pthread_exit
                0x0000000000040f80                pthread_cleanup_push
                0x0000000000041400                pthread_create
                0x0000000000041980                __nc_initialize_globals
                0x0000000000041a80                __pthread_initialize
 .text          0x0000000000041b00      0x200 /home/jfb/nacl_sdk/pepper_42/toolchain/linux_x86_newlib/bin/../lib/gcc/x86_64-nacl/4.4.3/../../../../x86_64-nacl/lib/../lib64/libpthread.a(nc_condvar_305aa45a.o)
                0x0000000000041b00                pthread_cond_init
                0x0000000000041b20                pthread_cond_destroy
                0x0000000000041b40                pthread_cond_timedwait_abs
                0x0000000000041c40                pthread_cond_wait
                0x0000000000041cc0                pthread_cond_broadcast
                0x0000000000041ce0                pthread_cond_signal
 .text          0x0000000000041d00      0x560 /home/jfb/nacl_sdk/pepper_42/toolchain/linux_x86_newlib/bin/../lib/gcc/x86_64-nacl/4.4.3/../../../../x86_64-nacl/lib/../lib64/libpthread.a(dynamic_annotations_33ba59cc.o)
                0x0000000000041d00                NACL_AnnotateRWLockCreate
                0x0000000000041d20                NACL_AnnotateRWLockDestroy
                0x0000000000041d40                NACL_AnnotateRWLockAcquired
                0x0000000000041d60                NACL_AnnotateRWLockReleased
                0x0000000000041d80                NACL_AnnotateBarrierInit
                0x0000000000041da0                NACL_AnnotateBarrierWaitBefore
                0x0000000000041dc0                NACL_AnnotateBarrierWaitAfter
                0x0000000000041de0                NACL_AnnotateBarrierDestroy
                0x0000000000041e00                NACL_AnnotateCondVarWait
                0x0000000000041e20                NACL_AnnotateCondVarSignal
                0x0000000000041e40                NACL_AnnotateCondVarSignalAll
                0x0000000000041e60                NACL_AnnotateHappensBefore
                0x0000000000041e80                NACL_AnnotateHappensAfter
                0x0000000000041ea0                NACL_AnnotatePublishMemoryRange
                0x0000000000041ec0                NACL_AnnotateUnpublishMemoryRange
                0x0000000000041ee0                NACL_AnnotatePCQCreate
                0x0000000000041f00                NACL_AnnotatePCQDestroy
                0x0000000000041f20                NACL_AnnotatePCQPut
                0x0000000000041f40                NACL_AnnotatePCQGet
                0x0000000000041f60                NACL_AnnotateNewMemory
                0x0000000000041f80                NACL_AnnotateExpectRace
                0x0000000000041fa0                NACL_AnnotateFlushExpectedRaces
                0x0000000000041fc0                NACL_AnnotateBenignRace
                0x0000000000041fe0                NACL_AnnotateBenignRaceSized
                0x0000000000042000                NACL_AnnotateMutexIsUsedAsCondVar
                0x0000000000042020                NACL_AnnotateMutexIsNotPHB
                0x0000000000042040                NACL_AnnotateTraceMemory
                0x0000000000042060                NACL_AnnotateThreadName
                0x0000000000042080                NACL_AnnotateIgnoreReadsBegin
                0x00000000000420a0                NACL_AnnotateIgnoreReadsEnd
                0x00000000000420c0                NACL_AnnotateIgnoreWritesBegin
                0x00000000000420e0                NACL_AnnotateIgnoreWritesEnd
                0x0000000000042100                NACL_AnnotateIgnoreSyncBegin
                0x0000000000042120                NACL_AnnotateIgnoreSyncEnd
                0x0000000000042140                NACL_AnnotateEnableRaceDetection
                0x0000000000042160                NACL_AnnotateNoOp
                0x0000000000042180                NACL_AnnotateFlushState
                0x00000000000421a0                RunningOnValgrind
 .text          0x0000000000042260      0x740 /home/jfb/nacl_sdk/pepper_42/toolchain/linux_x86_newlib/bin/../lib/gcc/x86_64-nacl/4.4.3/../../../../x86_64-nacl/lib/../lib64/libpthread.a(nc_mutex_86341ae1.o)
                0x0000000000042260                pthread_mutex_init
                0x00000000000422e0                pthread_mutex_destroy
                0x0000000000042360                pthread_mutexattr_init
                0x0000000000042380                pthread_mutexattr_destroy
                0x00000000000423a0                pthread_mutexattr_settype
                0x00000000000423e0                pthread_mutexattr_gettype
                0x0000000000042400                pthread_mutex_unlock
                0x0000000000042800                pthread_mutex_timedlock
                0x0000000000042820                pthread_mutex_lock
                0x0000000000042840                pthread_once
                0x0000000000042980                pthread_mutex_trylock
 .text          0x00000000000429a0       0x40 /home/jfb/nacl_sdk/pepper_42/toolchain/linux_x86_newlib/bin/../lib/gcc/x86_64-nacl/4.4.3/../../../../x86_64-nacl/lib/../lib64/libpthread.a(nc_init_irt_d3daafc0.o)
                0x00000000000429a0                __nc_initialize_interfaces
 .text          0x00000000000429e0        0x0 /home/jfb/nacl_sdk/pepper_42/toolchain/linux_x86_newlib/bin/../lib/gcc/x86_64-nacl/4.4.3/../../../../x86_64-nacl/lib/../lib64/libstdc++.a(tree.o)
 .text._ZSt18_Rb_tree_incrementPSt18_Rb_tree_node_base
                0x00000000000429e0       0xa0 /home/jfb/nacl_sdk/pepper_42/toolchain/linux_x86_newlib/bin/../lib/gcc/x86_64-nacl/4.4.3/../../../../x86_64-nacl/lib/../lib64/libstdc++.a(tree.o)
                0x00000000000429e0                _ZSt18_Rb_tree_incrementPSt18_Rb_tree_node_base
 .text._ZSt18_Rb_tree_incrementPKSt18_Rb_tree_node_base
                0x0000000000042a80       0xc0 /home/jfb/nacl_sdk/pepper_42/toolchain/linux_x86_newlib/bin/../lib/gcc/x86_64-nacl/4.4.3/../../../../x86_64-nacl/lib/../lib64/libstdc++.a(tree.o)
                0x0000000000042a80                _ZSt18_Rb_tree_incrementPKSt18_Rb_tree_node_base
 .text._ZSt18_Rb_tree_decrementPSt18_Rb_tree_node_base
                0x0000000000042b40      0x140 /home/jfb/nacl_sdk/pepper_42/toolchain/linux_x86_newlib/bin/../lib/gcc/x86_64-nacl/4.4.3/../../../../x86_64-nacl/lib/../lib64/libstdc++.a(tree.o)
                0x0000000000042b40                _ZSt18_Rb_tree_decrementPSt18_Rb_tree_node_base
 .text._ZSt18_Rb_tree_decrementPKSt18_Rb_tree_node_base
                0x0000000000042c80      0x120 /home/jfb/nacl_sdk/pepper_42/toolchain/linux_x86_newlib/bin/../lib/gcc/x86_64-nacl/4.4.3/../../../../x86_64-nacl/lib/../lib64/libstdc++.a(tree.o)
                0x0000000000042c80                _ZSt18_Rb_tree_decrementPKSt18_Rb_tree_node_base
 .text._ZSt20_Rb_tree_rotate_leftPSt18_Rb_tree_node_baseRS0_
                0x0000000000042da0       0xe0 /home/jfb/nacl_sdk/pepper_42/toolchain/linux_x86_newlib/bin/../lib/gcc/x86_64-nacl/4.4.3/../../../../x86_64-nacl/lib/../lib64/libstdc++.a(tree.o)
                0x0000000000042da0                _ZSt20_Rb_tree_rotate_leftPSt18_Rb_tree_node_baseRS0_
 .text._ZSt21_Rb_tree_rotate_rightPSt18_Rb_tree_node_baseRS0_
                0x0000000000042e80       0xe0 /home/jfb/nacl_sdk/pepper_42/toolchain/linux_x86_newlib/bin/../lib/gcc/x86_64-nacl/4.4.3/../../../../x86_64-nacl/lib/../lib64/libstdc++.a(tree.o)
                0x0000000000042e80                _ZSt21_Rb_tree_rotate_rightPSt18_Rb_tree_node_baseRS0_
 .text._ZSt29_Rb_tree_insert_and_rebalancebPSt18_Rb_tree_node_baseS0_RS_
                0x0000000000042f60      0x580 /home/jfb/nacl_sdk/pepper_42/toolchain/linux_x86_newlib/bin/../lib/gcc/x86_64-nacl/4.4.3/../../../../x86_64-nacl/lib/../lib64/libstdc++.a(tree.o)
                0x0000000000042f60                _ZSt29_Rb_tree_insert_and_rebalancebPSt18_Rb_tree_node_baseS0_RS_
 .text._ZSt28_Rb_tree_rebalance_for_erasePSt18_Rb_tree_node_baseRS_
                0x00000000000434e0      0xbc0 /home/jfb/nacl_sdk/pepper_42/toolchain/linux_x86_newlib/bin/../lib/gcc/x86_64-nacl/4.4.3/../../../../x86_64-nacl/lib/../lib64/libstdc++.a(tree.o)
                0x00000000000434e0                _ZSt28_Rb_tree_rebalance_for_erasePSt18_Rb_tree_node_baseRS_
 .text._ZSt20_Rb_tree_black_countPKSt18_Rb_tree_node_baseS1_
                0x00000000000440a0       0x80 /home/jfb/nacl_sdk/pepper_42/toolchain/linux_x86_newlib/bin/../lib/gcc/x86_64-nacl/4.4.3/../../../../x86_64-nacl/lib/../lib64/libstdc++.a(tree.o)
                0x00000000000440a0                _ZSt20_Rb_tree_black_countPKSt18_Rb_tree_node_baseS1_
 .text          0x0000000000044120        0x0 /home/jfb/nacl_sdk/pepper_42/toolchain/linux_x86_newlib/bin/../lib/gcc/x86_64-nacl/4.4.3/../../../../x86_64-nacl/lib/../lib64/libstdc++.a(string-inst.o)
 .text._ZNKSs7_M_dataEv
                0x0000000000044120       0x20 /home/jfb/nacl_sdk/pepper_42/toolchain/linux_x86_newlib/bin/../lib/gcc/x86_64-nacl/4.4.3/../../../../x86_64-nacl/lib/../lib64/libstdc++.a(string-inst.o)
                0x0000000000044120                _ZNKSs7_M_dataEv
 .text._ZNSs7_M_dataEPc
                0x0000000000044140       0x20 /home/jfb/nacl_sdk/pepper_42/toolchain/linux_x86_newlib/bin/../lib/gcc/x86_64-nacl/4.4.3/../../../../x86_64-nacl/lib/../lib64/libstdc++.a(string-inst.o)
                0x0000000000044140                _ZNSs7_M_dataEPc
 .text._ZNKSs6_M_repEv
                0x0000000000044160       0x20 /home/jfb/nacl_sdk/pepper_42/toolchain/linux_x86_newlib/bin/../lib/gcc/x86_64-nacl/4.4.3/../../../../x86_64-nacl/lib/../lib64/libstdc++.a(string-inst.o)
                0x0000000000044160                _ZNKSs6_M_repEv
 .text._ZNKSs9_M_ibeginEv
                0x0000000000044180       0x20 /home/jfb/nacl_sdk/pepper_42/toolchain/linux_x86_newlib/bin/../lib/gcc/x86_64-nacl/4.4.3/../../../../x86_64-nacl/lib/../lib64/libstdc++.a(string-inst.o)
                0x0000000000044180                _ZNKSs9_M_ibeginEv
 .text._ZNKSs7_M_iendEv
                0x00000000000441a0       0x20 /home/jfb/nacl_sdk/pepper_42/toolchain/linux_x86_newlib/bin/../lib/gcc/x86_64-nacl/4.4.3/../../../../x86_64-nacl/lib/../lib64/libstdc++.a(string-inst.o)
                0x00000000000441a0                _ZNKSs7_M_iendEv
 .text._ZNKSs8_M_limitEjj
                0x00000000000441c0       0x40 /home/jfb/nacl_sdk/pepper_42/toolchain/linux_x86_newlib/bin/../lib/gcc/x86_64-nacl/4.4.3/../../../../x86_64-nacl/lib/../lib64/libstdc++.a(string-inst.o)
                0x00000000000441c0                _ZNKSs8_M_limitEjj
 .text._ZNKSs11_M_disjunctEPKc
                0x0000000000044200       0x60 /home/jfb/nacl_sdk/pepper_42/toolchain/linux_x86_newlib/bin/../lib/gcc/x86_64-nacl/4.4.3/../../../../x86_64-nacl/lib/../lib64/libstdc++.a(string-inst.o)
                0x0000000000044200                _ZNKSs11_M_disjunctEPKc
 .text._ZNSs10_S_compareEjj
                0x0000000000044260       0x20 /home/jfb/nacl_sdk/pepper_42/toolchain/linux_x86_newlib/bin/../lib/gcc/x86_64-nacl/4.4.3/../../../../x86_64-nacl/lib/../lib64/libstdc++.a(string-inst.o)
                0x0000000000044260                _ZNSs10_S_compareEjj
 .text._ZNSs12_S_empty_repEv
                0x0000000000044280       0x20 /home/jfb/nacl_sdk/pepper_42/toolchain/linux_x86_newlib/bin/../lib/gcc/x86_64-nacl/4.4.3/../../../../x86_64-nacl/lib/../lib64/libstdc++.a(string-inst.o)
                0x0000000000044280                _ZNSs12_S_empty_repEv
 .text._ZNSsC2Ev
                0x00000000000442a0       0x20 /home/jfb/nacl_sdk/pepper_42/toolchain/linux_x86_newlib/bin/../lib/gcc/x86_64-nacl/4.4.3/../../../../x86_64-nacl/lib/../lib64/libstdc++.a(string-inst.o)
                0x00000000000442a0                _ZNSsC2Ev
 .text._ZNSsC1Ev
                0x00000000000442c0       0x20 /home/jfb/nacl_sdk/pepper_42/toolchain/linux_x86_newlib/bin/../lib/gcc/x86_64-nacl/4.4.3/../../../../x86_64-nacl/lib/../lib64/libstdc++.a(string-inst.o)
                0x00000000000442c0                _ZNSsC1Ev
 .text._ZNKSs5beginEv
                0x00000000000442e0       0x20 /home/jfb/nacl_sdk/pepper_42/toolchain/linux_x86_newlib/bin/../lib/gcc/x86_64-nacl/4.4.3/../../../../x86_64-nacl/lib/../lib64/libstdc++.a(string-inst.o)
                0x00000000000442e0                _ZNKSs5beginEv
 .text._ZNKSs3endEv
                0x0000000000044300       0x20 /home/jfb/nacl_sdk/pepper_42/toolchain/linux_x86_newlib/bin/../lib/gcc/x86_64-nacl/4.4.3/../../../../x86_64-nacl/lib/../lib64/libstdc++.a(string-inst.o)
                0x0000000000044300                _ZNKSs3endEv
 .text._ZNKSs6rbeginEv
                0x0000000000044320       0x40 /home/jfb/nacl_sdk/pepper_42/toolchain/linux_x86_newlib/bin/../lib/gcc/x86_64-nacl/4.4.3/../../../../x86_64-nacl/lib/../lib64/libstdc++.a(string-inst.o)
                0x0000000000044320                _ZNKSs6rbeginEv
 .text._ZNKSs4rendEv
                0x0000000000044360       0x20 /home/jfb/nacl_sdk/pepper_42/toolchain/linux_x86_newlib/bin/../lib/gcc/x86_64-nacl/4.4.3/../../../../x86_64-nacl/lib/../lib64/libstdc++.a(string-inst.o)
                0x0000000000044360                _ZNKSs4rendEv
 .text._ZNKSs4sizeEv
                0x0000000000044380       0x20 /home/jfb/nacl_sdk/pepper_42/toolchain/linux_x86_newlib/bin/../lib/gcc/x86_64-nacl/4.4.3/../../../../x86_64-nacl/lib/../lib64/libstdc++.a(string-inst.o)
                0x0000000000044380                _ZNKSs4sizeEv
 .text._ZNKSs6lengthEv
                0x00000000000443a0       0x20 /home/jfb/nacl_sdk/pepper_42/toolchain/linux_x86_newlib/bin/../lib/gcc/x86_64-nacl/4.4.3/../../../../x86_64-nacl/lib/../lib64/libstdc++.a(string-inst.o)
                0x00000000000443a0                _ZNKSs6lengthEv
 .text._ZNKSs8max_sizeEv
                0x00000000000443c0       0x20 /home/jfb/nacl_sdk/pepper_42/toolchain/linux_x86_newlib/bin/../lib/gcc/x86_64-nacl/4.4.3/../../../../x86_64-nacl/lib/../lib64/libstdc++.a(string-inst.o)
                0x00000000000443c0                _ZNKSs8max_sizeEv
 .text._ZNKSs8capacityEv
                0x00000000000443e0       0x20 /home/jfb/nacl_sdk/pepper_42/toolchain/linux_x86_newlib/bin/../lib/gcc/x86_64-nacl/4.4.3/../../../../x86_64-nacl/lib/../lib64/libstdc++.a(string-inst.o)
                0x00000000000443e0                _ZNKSs8capacityEv
 .text._ZNKSs5emptyEv
                0x0000000000044400       0x40 /home/jfb/nacl_sdk/pepper_42/toolchain/linux_x86_newlib/bin/../lib/gcc/x86_64-nacl/4.4.3/../../../../x86_64-nacl/lib/../lib64/libstdc++.a(string-inst.o)
                0x0000000000044400                _ZNKSs5emptyEv
 .text._ZNKSsixEj
                0x0000000000044440       0x20 /home/jfb/nacl_sdk/pepper_42/toolchain/linux_x86_newlib/bin/../lib/gcc/x86_64-nacl/4.4.3/../../../../x86_64-nacl/lib/../lib64/libstdc++.a(string-inst.o)
                0x0000000000044440                _ZNKSsixEj
 .text._ZNSs4swapERSs
                0x0000000000044460       0x80 /home/jfb/nacl_sdk/pepper_42/toolchain/linux_x86_newlib/bin/../lib/gcc/x86_64-nacl/4.4.3/../../../../x86_64-nacl/lib/../lib64/libstdc++.a(string-inst.o)
                0x0000000000044460                _ZNSs4swapERSs
 .text._ZNKSs5c_strEv
                0x00000000000444e0       0x20 /home/jfb/nacl_sdk/pepper_42/toolchain/linux_x86_newlib/bin/../lib/gcc/x86_64-nacl/4.4.3/../../../../x86_64-nacl/lib/../lib64/libstdc++.a(string-inst.o)
                0x00000000000444e0                _ZNKSs5c_strEv
 .text._ZNKSs4dataEv
                0x0000000000044500       0x20 /home/jfb/nacl_sdk/pepper_42/toolchain/linux_x86_newlib/bin/../lib/gcc/x86_64-nacl/4.4.3/../../../../x86_64-nacl/lib/../lib64/libstdc++.a(string-inst.o)
                0x0000000000044500                _ZNKSs4dataEv
 .text._ZNKSs13get_allocatorEv
                0x0000000000044520       0x20 /home/jfb/nacl_sdk/pepper_42/toolchain/linux_x86_newlib/bin/../lib/gcc/x86_64-nacl/4.4.3/../../../../x86_64-nacl/lib/../lib64/libstdc++.a(string-inst.o)
                0x0000000000044520                _ZNKSs13get_allocatorEv
 .text._ZNKSs5rfindEcj
                0x0000000000044540       0x80 /home/jfb/nacl_sdk/pepper_42/toolchain/linux_x86_newlib/bin/../lib/gcc/x86_64-nacl/4.4.3/../../../../x86_64-nacl/lib/../lib64/libstdc++.a(string-inst.o)
                0x0000000000044540                _ZNKSs5rfindEcj
 .text._ZNKSs12find_last_ofEcj
                0x00000000000445c0       0x20 /home/jfb/nacl_sdk/pepper_42/toolchain/linux_x86_newlib/bin/../lib/gcc/x86_64-nacl/4.4.3/../../../../x86_64-nacl/lib/../lib64/libstdc++.a(string-inst.o)
                0x00000000000445c0                _ZNKSs12find_last_ofEcj
 .text._ZNKSs17find_first_not_ofEcj
                0x00000000000445e0       0xe0 /home/jfb/nacl_sdk/pepper_42/toolchain/linux_x86_newlib/bin/../lib/gcc/x86_64-nacl/4.4.3/../../../../x86_64-nacl/lib/../lib64/libstdc++.a(string-inst.o)
                0x00000000000445e0                _ZNKSs17find_first_not_ofEcj
 .text._ZNKSs16find_last_not_ofEcj
                0x00000000000446c0       0xc0 /home/jfb/nacl_sdk/pepper_42/toolchain/linux_x86_newlib/bin/../lib/gcc/x86_64-nacl/4.4.3/../../../../x86_64-nacl/lib/../lib64/libstdc++.a(string-inst.o)
                0x00000000000446c0                _ZNKSs16find_last_not_ofEcj
 .text._ZNSs12_Alloc_hiderC2EPcRKSaIcE
                0x0000000000044780       0x20 /home/jfb/nacl_sdk/pepper_42/toolchain/linux_x86_newlib/bin/../lib/gcc/x86_64-nacl/4.4.3/../../../../x86_64-nacl/lib/../lib64/libstdc++.a(string-inst.o)
                0x0000000000044780                _ZNSs12_Alloc_hiderC2EPcRKSaIcE
 .text._ZNSs12_Alloc_hiderC1EPcRKSaIcE
                0x00000000000447a0       0x20 /home/jfb/nacl_sdk/pepper_42/toolchain/linux_x86_newlib/bin/../lib/gcc/x86_64-nacl/4.4.3/../../../../x86_64-nacl/lib/../lib64/libstdc++.a(string-inst.o)
                0x00000000000447a0                _ZNSs12_Alloc_hiderC1EPcRKSaIcE
 .text._ZNSs4_Rep12_S_empty_repEv
                0x00000000000447c0       0x20 /home/jfb/nacl_sdk/pepper_42/toolchain/linux_x86_newlib/bin/../lib/gcc/x86_64-nacl/4.4.3/../../../../x86_64-nacl/lib/../lib64/libstdc++.a(string-inst.o)
                0x00000000000447c0                _ZNSs4_Rep12_S_empty_repEv
 .text._ZNKSs4_Rep12_M_is_leakedEv
                0x00000000000447e0       0x20 /home/jfb/nacl_sdk/pepper_42/toolchain/linux_x86_newlib/bin/../lib/gcc/x86_64-nacl/4.4.3/../../../../x86_64-nacl/lib/../lib64/libstdc++.a(string-inst.o)
                0x00000000000447e0                _ZNKSs4_Rep12_M_is_leakedEv
 .text._ZNKSs4_Rep12_M_is_sharedEv
                0x0000000000044800       0x20 /home/jfb/nacl_sdk/pepper_42/toolchain/linux_x86_newlib/bin/../lib/gcc/x86_64-nacl/4.4.3/../../../../x86_64-nacl/lib/../lib64/libstdc++.a(string-inst.o)
                0x0000000000044800                _ZNKSs4_Rep12_M_is_sharedEv
 .text._ZNSs4_Rep13_M_set_leakedEv
                0x0000000000044820       0x20 /home/jfb/nacl_sdk/pepper_42/toolchain/linux_x86_newlib/bin/../lib/gcc/x86_64-nacl/4.4.3/../../../../x86_64-nacl/lib/../lib64/libstdc++.a(string-inst.o)
                0x0000000000044820                _ZNSs4_Rep13_M_set_leakedEv
 .text._ZNSs4_Rep15_M_set_sharableEv
                0x0000000000044840       0x20 /home/jfb/nacl_sdk/pepper_42/toolchain/linux_x86_newlib/bin/../lib/gcc/x86_64-nacl/4.4.3/../../../../x86_64-nacl/lib/../lib64/libstdc++.a(string-inst.o)
                0x0000000000044840                _ZNSs4_Rep15_M_set_sharableEv
 .text._ZNSs4_Rep26_M_set_length_and_sharableEj
                0x0000000000044860       0x40 /home/jfb/nacl_sdk/pepper_42/toolchain/linux_x86_newlib/bin/../lib/gcc/x86_64-nacl/4.4.3/../../../../x86_64-nacl/lib/../lib64/libstdc++.a(string-inst.o)
                0x0000000000044860                _ZNSs4_Rep26_M_set_length_and_sharableEj
 .text._ZNSs4_Rep10_M_refdataEv
                0x00000000000448a0       0x20 /home/jfb/nacl_sdk/pepper_42/toolchain/linux_x86_newlib/bin/../lib/gcc/x86_64-nacl/4.4.3/../../../../x86_64-nacl/lib/../lib64/libstdc++.a(string-inst.o)
                0x00000000000448a0                _ZNSs4_Rep10_M_refdataEv
 .text._ZN9__gnu_cxxeqIPcSsEEbRKNS_17__normal_iteratorIT_T0_EES7_
                0x00000000000448c0       0x20 /home/jfb/nacl_sdk/pepper_42/toolchain/linux_x86_newlib/bin/../lib/gcc/x86_64-nacl/4.4.3/../../../../x86_64-nacl/lib/../lib64/libstdc++.a(string-inst.o)
                0x00000000000448c0                _ZN9__gnu_cxxeqIPcSsEEbRKNS_17__normal_iteratorIT_T0_EES7_
 .text._ZN9__gnu_cxxeqIPKcSsEEbRKNS_17__normal_iteratorIT_T0_EES8_
                0x00000000000448e0       0x20 /home/jfb/nacl_sdk/pepper_42/toolchain/linux_x86_newlib/bin/../lib/gcc/x86_64-nacl/4.4.3/../../../../x86_64-nacl/lib/../lib64/libstdc++.a(string-inst.o)
                0x00000000000448e0                _ZN9__gnu_cxxeqIPKcSsEEbRKNS_17__normal_iteratorIT_T0_EES8_
 .text._ZNSs4_Rep10_M_refcopyEv
                0x0000000000044900       0x60 /home/jfb/nacl_sdk/pepper_42/toolchain/linux_x86_newlib/bin/../lib/gcc/x86_64-nacl/4.4.3/../../../../x86_64-nacl/lib/../lib64/libstdc++.a(string-inst.o)
                0x0000000000044900                _ZNSs4_Rep10_M_refcopyEv
 .text._ZNSs4_Rep10_M_destroyERKSaIcE
                0x0000000000044960       0x20 /home/jfb/nacl_sdk/pepper_42/toolchain/linux_x86_newlib/bin/../lib/gcc/x86_64-nacl/4.4.3/../../../../x86_64-nacl/lib/../lib64/libstdc++.a(string-inst.o)
                0x0000000000044960                _ZNSs4_Rep10_M_destroyERKSaIcE
 .text._ZNSs4_Rep10_M_disposeERKSaIcE
                0x0000000000044980       0x60 /home/jfb/nacl_sdk/pepper_42/toolchain/linux_x86_newlib/bin/../lib/gcc/x86_64-nacl/4.4.3/../../../../x86_64-nacl/lib/../lib64/libstdc++.a(string-inst.o)
                0x0000000000044980                _ZNSs4_Rep10_M_disposeERKSaIcE
 .text._ZNKSs15_M_check_lengthEjjPKc
                0x00000000000449e0       0x60 /home/jfb/nacl_sdk/pepper_42/toolchain/linux_x86_newlib/bin/../lib/gcc/x86_64-nacl/4.4.3/../../../../x86_64-nacl/lib/../lib64/libstdc++.a(string-inst.o)
                0x00000000000449e0                _ZNKSs15_M_check_lengthEjjPKc
 .text._ZNSs4_Rep9_S_createEjjRKSaIcE
                0x0000000000044a40      0x120 /home/jfb/nacl_sdk/pepper_42/toolchain/linux_x86_newlib/bin/../lib/gcc/x86_64-nacl/4.4.3/../../../../x86_64-nacl/lib/../lib64/libstdc++.a(string-inst.o)
                0x0000000000044a40                _ZNSs4_Rep9_S_createEjjRKSaIcE
 .text._ZNKSs4findEPKcjj
                0x0000000000044b60      0x140 /home/jfb/nacl_sdk/pepper_42/toolchain/linux_x86_newlib/bin/../lib/gcc/x86_64-nacl/4.4.3/../../../../x86_64-nacl/lib/../lib64/libstdc++.a(string-inst.o)
                0x0000000000044b60                _ZNKSs4findEPKcjj
 .text._ZNKSs4findERKSsj
                0x0000000000044ca0       0x20 /home/jfb/nacl_sdk/pepper_42/toolchain/linux_x86_newlib/bin/../lib/gcc/x86_64-nacl/4.4.3/../../../../x86_64-nacl/lib/../lib64/libstdc++.a(string-inst.o)
                0x0000000000044ca0                _ZNKSs4findERKSsj
 .text._ZNKSs4findEcj
                0x0000000000044cc0       0x80 /home/jfb/nacl_sdk/pepper_42/toolchain/linux_x86_newlib/bin/../lib/gcc/x86_64-nacl/4.4.3/../../../../x86_64-nacl/lib/../lib64/libstdc++.a(string-inst.o)
                0x0000000000044cc0                _ZNKSs4findEcj
 .text._ZNKSs13find_first_ofEcj
                0x0000000000044d40       0x20 /home/jfb/nacl_sdk/pepper_42/toolchain/linux_x86_newlib/bin/../lib/gcc/x86_64-nacl/4.4.3/../../../../x86_64-nacl/lib/../lib64/libstdc++.a(string-inst.o)
                0x0000000000044d40                _ZNKSs13find_first_ofEcj
 .text._ZNKSs2atEj
                0x0000000000044d60       0x60 /home/jfb/nacl_sdk/pepper_42/toolchain/linux_x86_newlib/bin/../lib/gcc/x86_64-nacl/4.4.3/../../../../x86_64-nacl/lib/../lib64/libstdc++.a(string-inst.o)
                0x0000000000044d60                _ZNKSs2atEj
 .text._ZNKSs8_M_checkEjPKc
                0x0000000000044dc0       0x60 /home/jfb/nacl_sdk/pepper_42/toolchain/linux_x86_newlib/bin/../lib/gcc/x86_64-nacl/4.4.3/../../../../x86_64-nacl/lib/../lib64/libstdc++.a(string-inst.o)
                0x0000000000044dc0                _ZNKSs8_M_checkEjPKc
 .text._ZNSs9_M_assignEPcjc
                0x0000000000044e20       0x40 /home/jfb/nacl_sdk/pepper_42/toolchain/linux_x86_newlib/bin/../lib/gcc/x86_64-nacl/4.4.3/../../../../x86_64-nacl/lib/../lib64/libstdc++.a(string-inst.o)
                0x0000000000044e20                _ZNSs9_M_assignEPcjc
 .text._ZNSs7_M_moveEPcPKcj
                0x0000000000044e60       0x40 /home/jfb/nacl_sdk/pepper_42/toolchain/linux_x86_newlib/bin/../lib/gcc/x86_64-nacl/4.4.3/../../../../x86_64-nacl/lib/../lib64/libstdc++.a(string-inst.o)
                0x0000000000044e60                _ZNSs7_M_moveEPcPKcj
 .text._ZNSs7_M_copyEPcPKcj
                0x0000000000044ea0       0x40 /home/jfb/nacl_sdk/pepper_42/toolchain/linux_x86_newlib/bin/../lib/gcc/x86_64-nacl/4.4.3/../../../../x86_64-nacl/lib/../lib64/libstdc++.a(string-inst.o)
                0x0000000000044ea0                _ZNSs7_M_copyEPcPKcj
 .text._ZNKSs16find_last_not_ofEPKcjj
                0x0000000000044ee0       0xe0 /home/jfb/nacl_sdk/pepper_42/toolchain/linux_x86_newlib/bin/../lib/gcc/x86_64-nacl/4.4.3/../../../../x86_64-nacl/lib/../lib64/libstdc++.a(string-inst.o)
                0x0000000000044ee0                _ZNKSs16find_last_not_ofEPKcjj
 .text._ZNKSs16find_last_not_ofERKSsj
                0x0000000000044fc0       0x20 /home/jfb/nacl_sdk/pepper_42/toolchain/linux_x86_newlib/bin/../lib/gcc/x86_64-nacl/4.4.3/../../../../x86_64-nacl/lib/../lib64/libstdc++.a(string-inst.o)
                0x0000000000044fc0                _ZNKSs16find_last_not_ofERKSsj
 .text._ZNKSs17find_first_not_ofEPKcjj
                0x0000000000044fe0       0xe0 /home/jfb/nacl_sdk/pepper_42/toolchain/linux_x86_newlib/bin/../lib/gcc/x86_64-nacl/4.4.3/../../../../x86_64-nacl/lib/../lib64/libstdc++.a(string-inst.o)
                0x0000000000044fe0                _ZNKSs17find_first_not_ofEPKcjj
 .text._ZNKSs17find_first_not_ofERKSsj
                0x00000000000450c0       0x20 /home/jfb/nacl_sdk/pepper_42/toolchain/linux_x86_newlib/bin/../lib/gcc/x86_64-nacl/4.4.3/../../../../x86_64-nacl/lib/../lib64/libstdc++.a(string-inst.o)
                0x00000000000450c0                _ZNKSs17find_first_not_ofERKSsj
 .text._ZNKSs12find_last_ofEPKcjj
                0x00000000000450e0      0x100 /home/jfb/nacl_sdk/pepper_42/toolchain/linux_x86_newlib/bin/../lib/gcc/x86_64-nacl/4.4.3/../../../../x86_64-nacl/lib/../lib64/libstdc++.a(string-inst.o)
                0x00000000000450e0                _ZNKSs12find_last_ofEPKcjj
 .text._ZNKSs12find_last_ofERKSsj
                0x00000000000451e0       0x20 /home/jfb/nacl_sdk/pepper_42/toolchain/linux_x86_newlib/bin/../lib/gcc/x86_64-nacl/4.4.3/../../../../x86_64-nacl/lib/../lib64/libstdc++.a(string-inst.o)
                0x00000000000451e0                _ZNKSs12find_last_ofERKSsj
 .text._ZNKSs13find_first_ofEPKcjj
                0x0000000000045200       0xc0 /home/jfb/nacl_sdk/pepper_42/toolchain/linux_x86_newlib/bin/../lib/gcc/x86_64-nacl/4.4.3/../../../../x86_64-nacl/lib/../lib64/libstdc++.a(string-inst.o)
                0x0000000000045200                _ZNKSs13find_first_ofEPKcjj
 .text._ZNKSs13find_first_ofERKSsj
                0x00000000000452c0       0x20 /home/jfb/nacl_sdk/pepper_42/toolchain/linux_x86_newlib/bin/../lib/gcc/x86_64-nacl/4.4.3/../../../../x86_64-nacl/lib/../lib64/libstdc++.a(string-inst.o)
                0x00000000000452c0                _ZNKSs13find_first_ofERKSsj
 .text._ZNKSs5rfindEPKcjj
                0x00000000000452e0       0xe0 /home/jfb/nacl_sdk/pepper_42/toolchain/linux_x86_newlib/bin/../lib/gcc/x86_64-nacl/4.4.3/../../../../x86_64-nacl/lib/../lib64/libstdc++.a(string-inst.o)
                0x00000000000452e0                _ZNKSs5rfindEPKcjj
 .text._ZNKSs5rfindERKSsj
                0x00000000000453c0       0x20 /home/jfb/nacl_sdk/pepper_42/toolchain/linux_x86_newlib/bin/../lib/gcc/x86_64-nacl/4.4.3/../../../../x86_64-nacl/lib/../lib64/libstdc++.a(string-inst.o)
                0x00000000000453c0                _ZNKSs5rfindERKSsj
 .text._ZNKSs7compareEjjPKcj
                0x00000000000453e0       0xa0 /home/jfb/nacl_sdk/pepper_42/toolchain/linux_x86_newlib/bin/../lib/gcc/x86_64-nacl/4.4.3/../../../../x86_64-nacl/lib/../lib64/libstdc++.a(string-inst.o)
                0x00000000000453e0                _ZNKSs7compareEjjPKcj
 .text._ZNKSs7compareEjjRKSsjj
                0x0000000000045480       0xc0 /home/jfb/nacl_sdk/pepper_42/toolchain/linux_x86_newlib/bin/../lib/gcc/x86_64-nacl/4.4.3/../../../../x86_64-nacl/lib/../lib64/libstdc++.a(string-inst.o)
                0x0000000000045480                _ZNKSs7compareEjjRKSsjj
 .text._ZNKSs7compareEjjRKSs
                0x0000000000045540       0xc0 /home/jfb/nacl_sdk/pepper_42/toolchain/linux_x86_newlib/bin/../lib/gcc/x86_64-nacl/4.4.3/../../../../x86_64-nacl/lib/../lib64/libstdc++.a(string-inst.o)
                0x0000000000045540                _ZNKSs7compareEjjRKSs
 .text._ZNKSs7compareERKSs
                0x0000000000045600       0x80 /home/jfb/nacl_sdk/pepper_42/toolchain/linux_x86_newlib/bin/../lib/gcc/x86_64-nacl/4.4.3/../../../../x86_64-nacl/lib/../lib64/libstdc++.a(string-inst.o)
                0x0000000000045600                _ZNKSs7compareERKSs
 .text._ZNKSs7compareEPKc
                0x0000000000045680       0xa0 /home/jfb/nacl_sdk/pepper_42/toolchain/linux_x86_newlib/bin/../lib/gcc/x86_64-nacl/4.4.3/../../../../x86_64-nacl/lib/../lib64/libstdc++.a(string-inst.o)
                0x0000000000045680                _ZNKSs7compareEPKc
 .text._ZNKSs5rfindEPKcj
                0x0000000000045720       0x80 /home/jfb/nacl_sdk/pepper_42/toolchain/linux_x86_newlib/bin/../lib/gcc/x86_64-nacl/4.4.3/../../../../x86_64-nacl/lib/../lib64/libstdc++.a(string-inst.o)
                0x0000000000045720                _ZNKSs5rfindEPKcj
 .text._ZNKSs4findEPKcj
                0x00000000000457a0       0x80 /home/jfb/nacl_sdk/pepper_42/toolchain/linux_x86_newlib/bin/../lib/gcc/x86_64-nacl/4.4.3/../../../../x86_64-nacl/lib/../lib64/libstdc++.a(string-inst.o)
                0x00000000000457a0                _ZNKSs4findEPKcj
 .text._ZNKSs16find_last_not_ofEPKcj
                0x0000000000045820       0x80 /home/jfb/nacl_sdk/pepper_42/toolchain/linux_x86_newlib/bin/../lib/gcc/x86_64-nacl/4.4.3/../../../../x86_64-nacl/lib/../lib64/libstdc++.a(string-inst.o)
                0x0000000000045820                _ZNKSs16find_last_not_ofEPKcj
 .text._ZNKSs17find_first_not_ofEPKcj
                0x00000000000458a0       0x80 /home/jfb/nacl_sdk/pepper_42/toolchain/linux_x86_newlib/bin/../lib/gcc/x86_64-nacl/4.4.3/../../../../x86_64-nacl/lib/../lib64/libstdc++.a(string-inst.o)
                0x00000000000458a0                _ZNKSs17find_first_not_ofEPKcj
 .text._ZNKSs12find_last_ofEPKcj
                0x0000000000045920       0x80 /home/jfb/nacl_sdk/pepper_42/toolchain/linux_x86_newlib/bin/../lib/gcc/x86_64-nacl/4.4.3/../../../../x86_64-nacl/lib/../lib64/libstdc++.a(string-inst.o)
                0x0000000000045920                _ZNKSs12find_last_ofEPKcj
 .text._ZNKSs13find_first_ofEPKcj
                0x00000000000459a0       0x80 /home/jfb/nacl_sdk/pepper_42/toolchain/linux_x86_newlib/bin/../lib/gcc/x86_64-nacl/4.4.3/../../../../x86_64-nacl/lib/../lib64/libstdc++.a(string-inst.o)
                0x00000000000459a0                _ZNKSs13find_first_ofEPKcj
 .text._ZNKSs7compareEjjPKc
                0x0000000000045a20      0x100 /home/jfb/nacl_sdk/pepper_42/toolchain/linux_x86_newlib/bin/../lib/gcc/x86_64-nacl/4.4.3/../../../../x86_64-nacl/lib/../lib64/libstdc++.a(string-inst.o)
                0x0000000000045a20                _ZNKSs7compareEjjPKc
 .text._ZNSsD1Ev
                0x0000000000045b20       0x80 /home/jfb/nacl_sdk/pepper_42/toolchain/linux_x86_newlib/bin/../lib/gcc/x86_64-nacl/4.4.3/../../../../x86_64-nacl/lib/../lib64/libstdc++.a(string-inst.o)
                0x0000000000045b20                _ZNSsD1Ev
 .text._ZNSsD2Ev
                0x0000000000045ba0       0x80 /home/jfb/nacl_sdk/pepper_42/toolchain/linux_x86_newlib/bin/../lib/gcc/x86_64-nacl/4.4.3/../../../../x86_64-nacl/lib/../lib64/libstdc++.a(string-inst.o)
                0x0000000000045ba0                _ZNSsD2Ev
 .text._ZNSs13_S_copy_charsEPcS_S_
                0x0000000000045c20       0x40 /home/jfb/nacl_sdk/pepper_42/toolchain/linux_x86_newlib/bin/../lib/gcc/x86_64-nacl/4.4.3/../../../../x86_64-nacl/lib/../lib64/libstdc++.a(string-inst.o)
                0x0000000000045c20                _ZNSs13_S_copy_charsEPcS_S_
 .text._ZNSs13_S_copy_charsEPcPKcS1_
                0x0000000000045c60       0x40 /home/jfb/nacl_sdk/pepper_42/toolchain/linux_x86_newlib/bin/../lib/gcc/x86_64-nacl/4.4.3/../../../../x86_64-nacl/lib/../lib64/libstdc++.a(string-inst.o)
                0x0000000000045c60                _ZNSs13_S_copy_charsEPcPKcS1_
 .text._ZNSs13_S_copy_charsEPcN9__gnu_cxx17__normal_iteratorIPKcSsEES4_
                0x0000000000045ca0       0x40 /home/jfb/nacl_sdk/pepper_42/toolchain/linux_x86_newlib/bin/../lib/gcc/x86_64-nacl/4.4.3/../../../../x86_64-nacl/lib/../lib64/libstdc++.a(string-inst.o)
                0x0000000000045ca0                _ZNSs13_S_copy_charsEPcN9__gnu_cxx17__normal_iteratorIPKcSsEES4_
 .text._ZNSs13_S_copy_charsEPcN9__gnu_cxx17__normal_iteratorIS_SsEES2_
                0x0000000000045ce0       0x40 /home/jfb/nacl_sdk/pepper_42/toolchain/linux_x86_newlib/bin/../lib/gcc/x86_64-nacl/4.4.3/../../../../x86_64-nacl/lib/../lib64/libstdc++.a(string-inst.o)
                0x0000000000045ce0                _ZNSs13_S_copy_charsEPcN9__gnu_cxx17__normal_iteratorIS_SsEES2_
 .text._ZNKSs4copyEPcjj
                0x0000000000045d20       0xc0 /home/jfb/nacl_sdk/pepper_42/toolchain/linux_x86_newlib/bin/../lib/gcc/x86_64-nacl/4.4.3/../../../../x86_64-nacl/lib/../lib64/libstdc++.a(string-inst.o)
                0x0000000000045d20                _ZNKSs4copyEPcjj
 .text._ZNSs4_Rep8_M_cloneERKSaIcEj
                0x0000000000045de0      0x100 /home/jfb/nacl_sdk/pepper_42/toolchain/linux_x86_newlib/bin/../lib/gcc/x86_64-nacl/4.4.3/../../../../x86_64-nacl/lib/../lib64/libstdc++.a(string-inst.o)
                0x0000000000045de0                _ZNSs4_Rep8_M_cloneERKSaIcEj
 .text._ZNSs4_Rep7_M_grabERKSaIcES2_
                0x0000000000045ee0       0x80 /home/jfb/nacl_sdk/pepper_42/toolchain/linux_x86_newlib/bin/../lib/gcc/x86_64-nacl/4.4.3/../../../../x86_64-nacl/lib/../lib64/libstdc++.a(string-inst.o)
                0x0000000000045ee0                _ZNSs4_Rep7_M_grabERKSaIcES2_
 .text._ZNSs7reserveEj
                0x0000000000045f60      0x160 /home/jfb/nacl_sdk/pepper_42/toolchain/linux_x86_newlib/bin/../lib/gcc/x86_64-nacl/4.4.3/../../../../x86_64-nacl/lib/../lib64/libstdc++.a(string-inst.o)
                0x0000000000045f60                _ZNSs7reserveEj
 .text._ZNSs9push_backEc
                0x00000000000460c0      0x100 /home/jfb/nacl_sdk/pepper_42/toolchain/linux_x86_newlib/bin/../lib/gcc/x86_64-nacl/4.4.3/../../../../x86_64-nacl/lib/../lib64/libstdc++.a(string-inst.o)
                0x00000000000460c0                _ZNSs9push_backEc
 .text._ZNSs6appendEjc
                0x00000000000461c0      0x1c0 /home/jfb/nacl_sdk/pepper_42/toolchain/linux_x86_newlib/bin/../lib/gcc/x86_64-nacl/4.4.3/../../../../x86_64-nacl/lib/../lib64/libstdc++.a(string-inst.o)
                0x00000000000461c0                _ZNSs6appendEjc
 .text._ZNSs6appendEPKcj
                0x0000000000046380      0x220 /home/jfb/nacl_sdk/pepper_42/toolchain/linux_x86_newlib/bin/../lib/gcc/x86_64-nacl/4.4.3/../../../../x86_64-nacl/lib/../lib64/libstdc++.a(string-inst.o)
                0x0000000000046380                _ZNSs6appendEPKcj
 .text._ZNSs6appendEPKc
                0x00000000000465a0       0x40 /home/jfb/nacl_sdk/pepper_42/toolchain/linux_x86_newlib/bin/../lib/gcc/x86_64-nacl/4.4.3/../../../../x86_64-nacl/lib/../lib64/libstdc++.a(string-inst.o)
                0x00000000000465a0                _ZNSs6appendEPKc
 .text._ZNSspLEPKc
                0x00000000000465e0       0x40 /home/jfb/nacl_sdk/pepper_42/toolchain/linux_x86_newlib/bin/../lib/gcc/x86_64-nacl/4.4.3/../../../../x86_64-nacl/lib/../lib64/libstdc++.a(string-inst.o)
                0x00000000000465e0                _ZNSspLEPKc
 .text._ZNSs6appendERKSsjj
                0x0000000000046620      0x1a0 /home/jfb/nacl_sdk/pepper_42/toolchain/linux_x86_newlib/bin/../lib/gcc/x86_64-nacl/4.4.3/../../../../x86_64-nacl/lib/../lib64/libstdc++.a(string-inst.o)
                0x0000000000046620                _ZNSs6appendERKSsjj
 .text._ZNSs6appendERKSs
                0x00000000000467c0      0x180 /home/jfb/nacl_sdk/pepper_42/toolchain/linux_x86_newlib/bin/../lib/gcc/x86_64-nacl/4.4.3/../../../../x86_64-nacl/lib/../lib64/libstdc++.a(string-inst.o)
                0x00000000000467c0                _ZNSs6appendERKSs
 .text._ZNSspLERKSs
                0x0000000000046940       0x20 /home/jfb/nacl_sdk/pepper_42/toolchain/linux_x86_newlib/bin/../lib/gcc/x86_64-nacl/4.4.3/../../../../x86_64-nacl/lib/../lib64/libstdc++.a(string-inst.o)
                0x0000000000046940                _ZNSspLERKSs
 .text._ZStplIcSt11char_traitsIcESaIcEESbIT_T0_T1_ES3_RKS6_
                0x0000000000046960      0x120 /home/jfb/nacl_sdk/pepper_42/toolchain/linux_x86_newlib/bin/../lib/gcc/x86_64-nacl/4.4.3/../../../../x86_64-nacl/lib/../lib64/libstdc++.a(string-inst.o)
                0x0000000000046960                _ZStplIcSt11char_traitsIcESaIcEESbIT_T0_T1_ES3_RKS6_
 .text._ZStplIcSt11char_traitsIcESaIcEESbIT_T0_T1_EPKS3_RKS6_
                0x0000000000046a80      0x140 /home/jfb/nacl_sdk/pepper_42/toolchain/linux_x86_newlib/bin/../lib/gcc/x86_64-nacl/4.4.3/../../../../x86_64-nacl/lib/../lib64/libstdc++.a(string-inst.o)
                0x0000000000046a80                _ZStplIcSt11char_traitsIcESaIcEESbIT_T0_T1_EPKS3_RKS6_
 .text._ZNSspLEc
                0x0000000000046bc0      0x100 /home/jfb/nacl_sdk/pepper_42/toolchain/linux_x86_newlib/bin/../lib/gcc/x86_64-nacl/4.4.3/../../../../x86_64-nacl/lib/../lib64/libstdc++.a(string-inst.o)
                0x0000000000046bc0                _ZNSspLEc
 .text._ZNSsC1ERKSs
                0x0000000000046cc0       0xe0 /home/jfb/nacl_sdk/pepper_42/toolchain/linux_x86_newlib/bin/../lib/gcc/x86_64-nacl/4.4.3/../../../../x86_64-nacl/lib/../lib64/libstdc++.a(string-inst.o)
                0x0000000000046cc0                _ZNSsC1ERKSs
 .text._ZStplIcSt11char_traitsIcESaIcEESbIT_T0_T1_ERKS6_S8_
                0x0000000000046da0       0xa0 /home/jfb/nacl_sdk/pepper_42/toolchain/linux_x86_newlib/bin/../lib/gcc/x86_64-nacl/4.4.3/../../../../x86_64-nacl/lib/../lib64/libstdc++.a(string-inst.o)
                0x0000000000046da0                _ZStplIcSt11char_traitsIcESaIcEESbIT_T0_T1_ERKS6_S8_
 .text._ZNSsC2ERKSs
                0x0000000000046e40       0xe0 /home/jfb/nacl_sdk/pepper_42/toolchain/linux_x86_newlib/bin/../lib/gcc/x86_64-nacl/4.4.3/../../../../x86_64-nacl/lib/../lib64/libstdc++.a(string-inst.o)
                0x0000000000046e40                _ZNSsC2ERKSs
 .text._ZNSs6assignERKSs
                0x0000000000046f20      0x1a0 /home/jfb/nacl_sdk/pepper_42/toolchain/linux_x86_newlib/bin/../lib/gcc/x86_64-nacl/4.4.3/../../../../x86_64-nacl/lib/../lib64/libstdc++.a(string-inst.o)
                0x0000000000046f20                _ZNSs6assignERKSs
 .text._ZNSsaSERKSs
                0x00000000000470c0       0x20 /home/jfb/nacl_sdk/pepper_42/toolchain/linux_x86_newlib/bin/../lib/gcc/x86_64-nacl/4.4.3/../../../../x86_64-nacl/lib/../lib64/libstdc++.a(string-inst.o)
                0x00000000000470c0                _ZNSsaSERKSs
 .text._ZNSs12_S_constructIPKcEEPcT_S3_RKSaIcESt20forward_iterator_tag
                0x00000000000470e0      0x180 /home/jfb/nacl_sdk/pepper_42/toolchain/linux_x86_newlib/bin/../lib/gcc/x86_64-nacl/4.4.3/../../../../x86_64-nacl/lib/../lib64/libstdc++.a(string-inst.o)
                0x00000000000470e0                _ZNSs12_S_constructIPKcEEPcT_S3_RKSaIcESt20forward_iterator_tag
 .text._ZNSsC1IPKcEET_S2_RKSaIcE
                0x0000000000047260       0x40 /home/jfb/nacl_sdk/pepper_42/toolchain/linux_x86_newlib/bin/../lib/gcc/x86_64-nacl/4.4.3/../../../../x86_64-nacl/lib/../lib64/libstdc++.a(string-inst.o)
                0x0000000000047260                _ZNSsC1IPKcEET_S2_RKSaIcE
 .text._ZNSsC2IPKcEET_S2_RKSaIcE
                0x00000000000472a0       0x40 /home/jfb/nacl_sdk/pepper_42/toolchain/linux_x86_newlib/bin/../lib/gcc/x86_64-nacl/4.4.3/../../../../x86_64-nacl/lib/../lib64/libstdc++.a(string-inst.o)
                0x00000000000472a0                _ZNSsC2IPKcEET_S2_RKSaIcE
 .text._ZNSsC1ESt16initializer_listIcERKSaIcE
                0x00000000000472e0       0x40 /home/jfb/nacl_sdk/pepper_42/toolchain/linux_x86_newlib/bin/../lib/gcc/x86_64-nacl/4.4.3/../../../../x86_64-nacl/lib/../lib64/libstdc++.a(string-inst.o)
                0x00000000000472e0                _ZNSsC1ESt16initializer_listIcERKSaIcE
 .text._ZNSsC2ESt16initializer_listIcERKSaIcE
                0x0000000000047320       0x40 /home/jfb/nacl_sdk/pepper_42/toolchain/linux_x86_newlib/bin/../lib/gcc/x86_64-nacl/4.4.3/../../../../x86_64-nacl/lib/../lib64/libstdc++.a(string-inst.o)
                0x0000000000047320                _ZNSsC2ESt16initializer_listIcERKSaIcE
 .text._ZNSsC1EPKcRKSaIcE
                0x0000000000047360       0xc0 /home/jfb/nacl_sdk/pepper_42/toolchain/linux_x86_newlib/bin/../lib/gcc/x86_64-nacl/4.4.3/../../../../x86_64-nacl/lib/../lib64/libstdc++.a(string-inst.o)
                0x0000000000047360                _ZNSsC1EPKcRKSaIcE
 .text._ZNSsC2EPKcRKSaIcE
                0x0000000000047420       0xc0 /home/jfb/nacl_sdk/pepper_42/toolchain/linux_x86_newlib/bin/../lib/gcc/x86_64-nacl/4.4.3/../../../../x86_64-nacl/lib/../lib64/libstdc++.a(string-inst.o)
                0x0000000000047420                _ZNSsC2EPKcRKSaIcE
 .text._ZNSsC1EPKcjRKSaIcE
                0x00000000000474e0       0x40 /home/jfb/nacl_sdk/pepper_42/toolchain/linux_x86_newlib/bin/../lib/gcc/x86_64-nacl/4.4.3/../../../../x86_64-nacl/lib/../lib64/libstdc++.a(string-inst.o)
                0x00000000000474e0                _ZNSsC1EPKcjRKSaIcE
 .text._ZNSsC2EPKcjRKSaIcE
                0x0000000000047520       0x40 /home/jfb/nacl_sdk/pepper_42/toolchain/linux_x86_newlib/bin/../lib/gcc/x86_64-nacl/4.4.3/../../../../x86_64-nacl/lib/../lib64/libstdc++.a(string-inst.o)
                0x0000000000047520                _ZNSsC2EPKcjRKSaIcE
 .text._ZNSs12_S_constructIPcEES0_T_S1_RKSaIcESt20forward_iterator_tag
                0x0000000000047560      0x180 /home/jfb/nacl_sdk/pepper_42/toolchain/linux_x86_newlib/bin/../lib/gcc/x86_64-nacl/4.4.3/../../../../x86_64-nacl/lib/../lib64/libstdc++.a(string-inst.o)
                0x0000000000047560                _ZNSs12_S_constructIPcEES0_T_S1_RKSaIcESt20forward_iterator_tag
 .text._ZNSsC1IPcEET_S1_RKSaIcE
                0x00000000000476e0       0x40 /home/jfb/nacl_sdk/pepper_42/toolchain/linux_x86_newlib/bin/../lib/gcc/x86_64-nacl/4.4.3/../../../../x86_64-nacl/lib/../lib64/libstdc++.a(string-inst.o)
                0x00000000000476e0                _ZNSsC1IPcEET_S1_RKSaIcE
 .text._ZNSsC2IPcEET_S1_RKSaIcE
                0x0000000000047720       0x40 /home/jfb/nacl_sdk/pepper_42/toolchain/linux_x86_newlib/bin/../lib/gcc/x86_64-nacl/4.4.3/../../../../x86_64-nacl/lib/../lib64/libstdc++.a(string-inst.o)
                0x0000000000047720                _ZNSsC2IPcEET_S1_RKSaIcE
 .text._ZNSsC1ERKSsjjRKSaIcE
                0x0000000000047760       0x80 /home/jfb/nacl_sdk/pepper_42/toolchain/linux_x86_newlib/bin/../lib/gcc/x86_64-nacl/4.4.3/../../../../x86_64-nacl/lib/../lib64/libstdc++.a(string-inst.o)
                0x0000000000047760                _ZNSsC1ERKSsjjRKSaIcE
 .text._ZNSsC2ERKSsjjRKSaIcE
                0x00000000000477e0       0x80 /home/jfb/nacl_sdk/pepper_42/toolchain/linux_x86_newlib/bin/../lib/gcc/x86_64-nacl/4.4.3/../../../../x86_64-nacl/lib/../lib64/libstdc++.a(string-inst.o)
                0x00000000000477e0                _ZNSsC2ERKSsjjRKSaIcE
 .text._ZNSsC1ERKSsjj
                0x0000000000047860       0xa0 /home/jfb/nacl_sdk/pepper_42/toolchain/linux_x86_newlib/bin/../lib/gcc/x86_64-nacl/4.4.3/../../../../x86_64-nacl/lib/../lib64/libstdc++.a(string-inst.o)
                0x0000000000047860                _ZNSsC1ERKSsjj
 .text._ZNKSs6substrEjj
                0x0000000000047900       0x60 /home/jfb/nacl_sdk/pepper_42/toolchain/linux_x86_newlib/bin/../lib/gcc/x86_64-nacl/4.4.3/../../../../x86_64-nacl/lib/../lib64/libstdc++.a(string-inst.o)
                0x0000000000047900                _ZNKSs6substrEjj
 .text._ZNSsC2ERKSsjj
                0x0000000000047960       0xa0 /home/jfb/nacl_sdk/pepper_42/toolchain/linux_x86_newlib/bin/../lib/gcc/x86_64-nacl/4.4.3/../../../../x86_64-nacl/lib/../lib64/libstdc++.a(string-inst.o)
                0x0000000000047960                _ZNSsC2ERKSsjj
 .text._ZNSs12_S_constructEjcRKSaIcE
                0x0000000000047a00       0xe0 /home/jfb/nacl_sdk/pepper_42/toolchain/linux_x86_newlib/bin/../lib/gcc/x86_64-nacl/4.4.3/../../../../x86_64-nacl/lib/../lib64/libstdc++.a(string-inst.o)
                0x0000000000047a00                _ZNSs12_S_constructEjcRKSaIcE
 .text._ZNSsC1EjcRKSaIcE
                0x0000000000047ae0       0x40 /home/jfb/nacl_sdk/pepper_42/toolchain/linux_x86_newlib/bin/../lib/gcc/x86_64-nacl/4.4.3/../../../../x86_64-nacl/lib/../lib64/libstdc++.a(string-inst.o)
                0x0000000000047ae0                _ZNSsC1EjcRKSaIcE
 .text._ZNSsC2EjcRKSaIcE
                0x0000000000047b20       0x40 /home/jfb/nacl_sdk/pepper_42/toolchain/linux_x86_newlib/bin/../lib/gcc/x86_64-nacl/4.4.3/../../../../x86_64-nacl/lib/../lib64/libstdc++.a(string-inst.o)
                0x0000000000047b20                _ZNSsC2EjcRKSaIcE
 .text._ZNSsC1ERKSaIcE
                0x0000000000047b60       0x40 /home/jfb/nacl_sdk/pepper_42/toolchain/linux_x86_newlib/bin/../lib/gcc/x86_64-nacl/4.4.3/../../../../x86_64-nacl/lib/../lib64/libstdc++.a(string-inst.o)
                0x0000000000047b60                _ZNSsC1ERKSaIcE
 .text._ZNSsC2ERKSaIcE
                0x0000000000047ba0       0x40 /home/jfb/nacl_sdk/pepper_42/toolchain/linux_x86_newlib/bin/../lib/gcc/x86_64-nacl/4.4.3/../../../../x86_64-nacl/lib/../lib64/libstdc++.a(string-inst.o)
                0x0000000000047ba0                _ZNSsC2ERKSaIcE
 .text._ZNSs12_S_constructIN9__gnu_cxx17__normal_iteratorIPcSsEEEES2_T_S4_RKSaIcESt20forward_iterator_tag
                0x0000000000047be0       0xe0 /home/jfb/nacl_sdk/pepper_42/toolchain/linux_x86_newlib/bin/../lib/gcc/x86_64-nacl/4.4.3/../../../../x86_64-nacl/lib/../lib64/libstdc++.a(string-inst.o)
                0x0000000000047be0                _ZNSs12_S_constructIN9__gnu_cxx17__normal_iteratorIPcSsEEEES2_T_S4_RKSaIcESt20forward_iterator_tag
 .text._ZNSsC1IN9__gnu_cxx17__normal_iteratorIPcSsEEEET_S4_RKSaIcE
                0x0000000000047cc0       0x40 /home/jfb/nacl_sdk/pepper_42/toolchain/linux_x86_newlib/bin/../lib/gcc/x86_64-nacl/4.4.3/../../../../x86_64-nacl/lib/../lib64/libstdc++.a(string-inst.o)
                0x0000000000047cc0                _ZNSsC1IN9__gnu_cxx17__normal_iteratorIPcSsEEEET_S4_RKSaIcE
 .text._ZNSsC2IN9__gnu_cxx17__normal_iteratorIPcSsEEEET_S4_RKSaIcE
                0x0000000000047d00       0x40 /home/jfb/nacl_sdk/pepper_42/toolchain/linux_x86_newlib/bin/../lib/gcc/x86_64-nacl/4.4.3/../../../../x86_64-nacl/lib/../lib64/libstdc++.a(string-inst.o)
                0x0000000000047d00                _ZNSsC2IN9__gnu_cxx17__normal_iteratorIPcSsEEEET_S4_RKSaIcE
 .text._ZNSs9_M_mutateEjjj
                0x0000000000047d40      0x340 /home/jfb/nacl_sdk/pepper_42/toolchain/linux_x86_newlib/bin/../lib/gcc/x86_64-nacl/4.4.3/../../../../x86_64-nacl/lib/../lib64/libstdc++.a(string-inst.o)
                0x0000000000047d40                _ZNSs9_M_mutateEjjj
 .text._ZNSs15_M_replace_safeEjjPKcj
                0x0000000000048080      0x100 /home/jfb/nacl_sdk/pepper_42/toolchain/linux_x86_newlib/bin/../lib/gcc/x86_64-nacl/4.4.3/../../../../x86_64-nacl/lib/../lib64/libstdc++.a(string-inst.o)
                0x0000000000048080                _ZNSs15_M_replace_safeEjjPKcj
 .text._ZNSs6assignEPKcj
                0x0000000000048180      0x1a0 /home/jfb/nacl_sdk/pepper_42/toolchain/linux_x86_newlib/bin/../lib/gcc/x86_64-nacl/4.4.3/../../../../x86_64-nacl/lib/../lib64/libstdc++.a(string-inst.o)
                0x0000000000048180                _ZNSs6assignEPKcj
 .text._ZNSs6assignEPKc
                0x0000000000048320       0x40 /home/jfb/nacl_sdk/pepper_42/toolchain/linux_x86_newlib/bin/../lib/gcc/x86_64-nacl/4.4.3/../../../../x86_64-nacl/lib/../lib64/libstdc++.a(string-inst.o)
                0x0000000000048320                _ZNSs6assignEPKc
 .text._ZNSs6assignERKSsjj
                0x0000000000048360       0x60 /home/jfb/nacl_sdk/pepper_42/toolchain/linux_x86_newlib/bin/../lib/gcc/x86_64-nacl/4.4.3/../../../../x86_64-nacl/lib/../lib64/libstdc++.a(string-inst.o)
                0x0000000000048360                _ZNSs6assignERKSsjj
 .text._ZNSsaSEPKc
                0x00000000000483c0       0x40 /home/jfb/nacl_sdk/pepper_42/toolchain/linux_x86_newlib/bin/../lib/gcc/x86_64-nacl/4.4.3/../../../../x86_64-nacl/lib/../lib64/libstdc++.a(string-inst.o)
                0x00000000000483c0                _ZNSsaSEPKc
 .text._ZNSs14_M_replace_auxEjjjc
                0x0000000000048400      0x140 /home/jfb/nacl_sdk/pepper_42/toolchain/linux_x86_newlib/bin/../lib/gcc/x86_64-nacl/4.4.3/../../../../x86_64-nacl/lib/../lib64/libstdc++.a(string-inst.o)
                0x0000000000048400                _ZNSs14_M_replace_auxEjjjc
 .text._ZNSs7replaceEN9__gnu_cxx17__normal_iteratorIPcSsEES2_jc
                0x0000000000048540       0x20 /home/jfb/nacl_sdk/pepper_42/toolchain/linux_x86_newlib/bin/../lib/gcc/x86_64-nacl/4.4.3/../../../../x86_64-nacl/lib/../lib64/libstdc++.a(string-inst.o)
                0x0000000000048540                _ZNSs7replaceEN9__gnu_cxx17__normal_iteratorIPcSsEES2_jc
 .text._ZNSs7replaceEjjjc
                0x0000000000048560       0x60 /home/jfb/nacl_sdk/pepper_42/toolchain/linux_x86_newlib/bin/../lib/gcc/x86_64-nacl/4.4.3/../../../../x86_64-nacl/lib/../lib64/libstdc++.a(string-inst.o)
                0x0000000000048560                _ZNSs7replaceEjjjc
 .text._ZNSs6insertEN9__gnu_cxx17__normal_iteratorIPcSsEEc
                0x00000000000485c0       0x80 /home/jfb/nacl_sdk/pepper_42/toolchain/linux_x86_newlib/bin/../lib/gcc/x86_64-nacl/4.4.3/../../../../x86_64-nacl/lib/../lib64/libstdc++.a(string-inst.o)
                0x00000000000485c0                _ZNSs6insertEN9__gnu_cxx17__normal_iteratorIPcSsEEc
 .text._ZNSs6insertEjjc
                0x0000000000048640       0x60 /home/jfb/nacl_sdk/pepper_42/toolchain/linux_x86_newlib/bin/../lib/gcc/x86_64-nacl/4.4.3/../../../../x86_64-nacl/lib/../lib64/libstdc++.a(string-inst.o)
                0x0000000000048640                _ZNSs6insertEjjc
 .text._ZNSs6assignEjc
                0x00000000000486a0       0x20 /home/jfb/nacl_sdk/pepper_42/toolchain/linux_x86_newlib/bin/../lib/gcc/x86_64-nacl/4.4.3/../../../../x86_64-nacl/lib/../lib64/libstdc++.a(string-inst.o)
                0x00000000000486a0                _ZNSs6assignEjc
 .text._ZNSs6insertEN9__gnu_cxx17__normal_iteratorIPcSsEEjc
                0x00000000000486c0       0x20 /home/jfb/nacl_sdk/pepper_42/toolchain/linux_x86_newlib/bin/../lib/gcc/x86_64-nacl/4.4.3/../../../../x86_64-nacl/lib/../lib64/libstdc++.a(string-inst.o)
                0x00000000000486c0                _ZNSs6insertEN9__gnu_cxx17__normal_iteratorIPcSsEEjc
 .text._ZNSsaSEc
                0x00000000000486e0       0x60 /home/jfb/nacl_sdk/pepper_42/toolchain/linux_x86_newlib/bin/../lib/gcc/x86_64-nacl/4.4.3/../../../../x86_64-nacl/lib/../lib64/libstdc++.a(string-inst.o)
                0x00000000000486e0                _ZNSsaSEc
 .text._ZNSs5eraseEN9__gnu_cxx17__normal_iteratorIPcSsEES2_
                0x0000000000048740       0x80 /home/jfb/nacl_sdk/pepper_42/toolchain/linux_x86_newlib/bin/../lib/gcc/x86_64-nacl/4.4.3/../../../../x86_64-nacl/lib/../lib64/libstdc++.a(string-inst.o)
                0x0000000000048740                _ZNSs5eraseEN9__gnu_cxx17__normal_iteratorIPcSsEES2_
 .text._ZNSs5eraseEN9__gnu_cxx17__normal_iteratorIPcSsEE
                0x00000000000487c0       0x80 /home/jfb/nacl_sdk/pepper_42/toolchain/linux_x86_newlib/bin/../lib/gcc/x86_64-nacl/4.4.3/../../../../x86_64-nacl/lib/../lib64/libstdc++.a(string-inst.o)
                0x00000000000487c0                _ZNSs5eraseEN9__gnu_cxx17__normal_iteratorIPcSsEE
 .text._ZNSs5eraseEjj
                0x0000000000048840       0x80 /home/jfb/nacl_sdk/pepper_42/toolchain/linux_x86_newlib/bin/../lib/gcc/x86_64-nacl/4.4.3/../../../../x86_64-nacl/lib/../lib64/libstdc++.a(string-inst.o)
                0x0000000000048840                _ZNSs5eraseEjj
 .text._ZNSs5clearEv
                0x00000000000488c0       0x20 /home/jfb/nacl_sdk/pepper_42/toolchain/linux_x86_newlib/bin/../lib/gcc/x86_64-nacl/4.4.3/../../../../x86_64-nacl/lib/../lib64/libstdc++.a(string-inst.o)
                0x00000000000488c0                _ZNSs5clearEv
 .text._ZNSs12_M_leak_hardEv
                0x00000000000488e0       0xa0 /home/jfb/nacl_sdk/pepper_42/toolchain/linux_x86_newlib/bin/../lib/gcc/x86_64-nacl/4.4.3/../../../../x86_64-nacl/lib/../lib64/libstdc++.a(string-inst.o)
                0x00000000000488e0                _ZNSs12_M_leak_hardEv
 .text._ZNSs7_M_leakEv
                0x0000000000048980       0x40 /home/jfb/nacl_sdk/pepper_42/toolchain/linux_x86_newlib/bin/../lib/gcc/x86_64-nacl/4.4.3/../../../../x86_64-nacl/lib/../lib64/libstdc++.a(string-inst.o)
                0x0000000000048980                _ZNSs7_M_leakEv
 .text._ZNSs2atEj
                0x00000000000489c0       0xa0 /home/jfb/nacl_sdk/pepper_42/toolchain/linux_x86_newlib/bin/../lib/gcc/x86_64-nacl/4.4.3/../../../../x86_64-nacl/lib/../lib64/libstdc++.a(string-inst.o)
                0x00000000000489c0                _ZNSs2atEj
 .text._ZNSsixEj
                0x0000000000048a60       0x80 /home/jfb/nacl_sdk/pepper_42/toolchain/linux_x86_newlib/bin/../lib/gcc/x86_64-nacl/4.4.3/../../../../x86_64-nacl/lib/../lib64/libstdc++.a(string-inst.o)
                0x0000000000048a60                _ZNSsixEj
 .text._ZNSs3endEv
                0x0000000000048ae0       0x60 /home/jfb/nacl_sdk/pepper_42/toolchain/linux_x86_newlib/bin/../lib/gcc/x86_64-nacl/4.4.3/../../../../x86_64-nacl/lib/../lib64/libstdc++.a(string-inst.o)
                0x0000000000048ae0                _ZNSs3endEv
 .text._ZNSs5beginEv
                0x0000000000048b40       0x60 /home/jfb/nacl_sdk/pepper_42/toolchain/linux_x86_newlib/bin/../lib/gcc/x86_64-nacl/4.4.3/../../../../x86_64-nacl/lib/../lib64/libstdc++.a(string-inst.o)
                0x0000000000048b40                _ZNSs5beginEv
 .text._ZNSs4rendEv
                0x0000000000048ba0       0xa0 /home/jfb/nacl_sdk/pepper_42/toolchain/linux_x86_newlib/bin/../lib/gcc/x86_64-nacl/4.4.3/../../../../x86_64-nacl/lib/../lib64/libstdc++.a(string-inst.o)
                0x0000000000048ba0                _ZNSs4rendEv
 .text._ZNSs6rbeginEv
                0x0000000000048c40       0xa0 /home/jfb/nacl_sdk/pepper_42/toolchain/linux_x86_newlib/bin/../lib/gcc/x86_64-nacl/4.4.3/../../../../x86_64-nacl/lib/../lib64/libstdc++.a(string-inst.o)
                0x0000000000048c40                _ZNSs6rbeginEv
 .text._ZNSs7replaceEjjPKcj
                0x0000000000048ce0      0x320 /home/jfb/nacl_sdk/pepper_42/toolchain/linux_x86_newlib/bin/../lib/gcc/x86_64-nacl/4.4.3/../../../../x86_64-nacl/lib/../lib64/libstdc++.a(string-inst.o)
                0x0000000000048ce0                _ZNSs7replaceEjjPKcj
 .text._ZNSs7replaceEN9__gnu_cxx17__normal_iteratorIPcSsEES2_NS0_IPKcSsEES5_
                0x0000000000049000       0x20 /home/jfb/nacl_sdk/pepper_42/toolchain/linux_x86_newlib/bin/../lib/gcc/x86_64-nacl/4.4.3/../../../../x86_64-nacl/lib/../lib64/libstdc++.a(string-inst.o)
                0x0000000000049000                _ZNSs7replaceEN9__gnu_cxx17__normal_iteratorIPcSsEES2_NS0_IPKcSsEES5_
 .text._ZNSs7replaceEN9__gnu_cxx17__normal_iteratorIPcSsEES2_S2_S2_