
Discarded input sections

 .note.GNU-stack
                0x0000000000000000        0x0 /home/jfb/nacl_sdk/pepper_42/toolchain/linux_x86_glibc/bin/../lib/gcc/x86_64-nacl/4.4.3/../../../../x86_64-nacl/lib/../lib32/crti.o
 .group         0x0000000000000000        0x8 /home/jfb/nacl_sdk/pepper_42/toolchain/linux_x86_glibc/bin/../lib/gcc/x86_64-nacl/4.4.3/32/crtbeginS.o
 .note.GNU-stack
                0x0000000000000000        0x0 /home/jfb/nacl_sdk/pepper_42/toolchain/linux_x86_glibc/bin/../lib/gcc/x86_64-nacl/4.4.3/32/crtbeginS.o
 .group         0x0000000000000000        0x8 glibc/Release/reverse_x86_32_pic.o
 .group         0x0000000000000000        0x8 glibc/Release/reverse_x86_32_pic.o
 .text.__i686.get_pc_thunk.bx
                0x0000000000000000       0x20 glibc/Release/reverse_x86_32_pic.o
 .note.GNU-stack
                0x0000000000000000        0x0 glibc/Release/reverse_x86_32_pic.o
 .group         0x0000000000000000        0x8 /home/jfb/nacl_sdk/pepper_42/toolchain/linux_x86_glibc/bin/../lib/gcc/x86_64-nacl/4.4.3/32/crtendS.o
 .text.__i686.get_pc_thunk.bx
                0x0000000000000000       0x20 /home/jfb/nacl_sdk/pepper_42/toolchain/linux_x86_glibc/bin/../lib/gcc/x86_64-nacl/4.4.3/32/crtendS.o
 .note.GNU-stack
                0x0000000000000000        0x0 /home/jfb/nacl_sdk/pepper_42/toolchain/linux_x86_glibc/bin/../lib/gcc/x86_64-nacl/4.4.3/32/crtendS.o
 .note.GNU-stack
                0x0000000000000000        0x0 /home/jfb/nacl_sdk/pepper_42/toolchain/linux_x86_glibc/bin/../lib/gcc/x86_64-nacl/4.4.3/../../../../x86_64-nacl/lib/../lib32/crtn.o

Memory Configuration

Name             Origin             Length             Attributes
*default*        0x0000000000000000 0xffffffffffffffff

Linker script and memory map

LOAD /home/jfb/nacl_sdk/pepper_42/toolchain/linux_x86_glibc/bin/../lib/gcc/x86_64-nacl/4.4.3/../../../../x86_64-nacl/lib/../lib32/crti.o
LOAD /home/jfb/nacl_sdk/pepper_42/toolchain/linux_x86_glibc/bin/../lib/gcc/x86_64-nacl/4.4.3/32/crtbeginS.o
LOAD glibc/Release/reverse_x86_32_pic.o
LOAD /home/jfb/nacl_sdk/pepper_42/toolchain/linux_x86_glibc/bin/../lib/gcc/x86_64-nacl/4.4.3/../../../../x86_64-nacl/lib/../lib32/libstdc++.so
LOAD /home/jfb/nacl_sdk/pepper_42/toolchain/linux_x86_glibc/bin/../lib/gcc/x86_64-nacl/4.4.3/../../../../x86_64-nacl/lib/../lib32/libm.so
LOAD /home/jfb/nacl_sdk/pepper_42/toolchain/linux_x86_glibc/bin/../lib/gcc/x86_64-nacl/4.4.3/../../../../x86_64-nacl/lib/../lib32/libgcc_s.so
LOAD /home/jfb/nacl_sdk/pepper_42/toolchain/linux_x86_glibc/bin/../lib/gcc/x86_64-nacl/4.4.3/../../../../x86_64-nacl/lib/../lib32/libpthread.so
START GROUP
LOAD /home/jfb/nacl_sdk/pepper_42/toolchain/linux_x86_glibc/bin/../lib/gcc/x86_64-nacl/4.4.3/../../../../x86_64-nacl/lib/../lib32/libpthread.so.1106743a
LOAD /home/jfb/nacl_sdk/pepper_42/toolchain/linux_x86_glibc/bin/../lib/gcc/x86_64-nacl/4.4.3/../../../../x86_64-nacl/lib/../lib32/libpthread_nonshared.a
END GROUP
LOAD /home/jfb/nacl_sdk/pepper_42/toolchain/linux_x86_glibc/bin/../lib/gcc/x86_64-nacl/4.4.3/../../../../x86_64-nacl/lib/../lib32/libc.so
START GROUP
LOAD /home/jfb/nacl_sdk/pepper_42/toolchain/linux_x86_glibc/bin/../lib/gcc/x86_64-nacl/4.4.3/../../../../x86_64-nacl/lib/../lib32/libc.so.1106743a
LOAD /home/jfb/nacl_sdk/pepper_42/toolchain/linux_x86_glibc/bin/../lib/gcc/x86_64-nacl/4.4.3/../../../../x86_64-nacl/lib/../lib32/libc_nonshared.a
LOAD /home/jfb/nacl_sdk/pepper_42/toolchain/linux_x86_glibc/bin/../lib/gcc/x86_64-nacl/4.4.3/../../../../x86_64-nacl/lib/../lib32/ld-nacl-x86-32.so.1
END GROUP
LOAD /home/jfb/nacl_sdk/pepper_42/toolchain/linux_x86_glibc/bin/../lib/gcc/x86_64-nacl/4.4.3/../../../../x86_64-nacl/lib/../lib32/libgcc_s.so
LOAD /home/jfb/nacl_sdk/pepper_42/toolchain/linux_x86_glibc/bin/../lib/gcc/x86_64-nacl/4.4.3/32/crtendS.o
LOAD /home/jfb/nacl_sdk/pepper_42/toolchain/linux_x86_glibc/bin/../lib/gcc/x86_64-nacl/4.4.3/../../../../x86_64-nacl/lib/../lib32/crtn.o
                0x0000000000000000                . = 0x0
                0x0000000000000000                _begin = .

.init           0x0000000000000000       0xa0
 *(.init)
 .init          0x0000000000000000       0x40 /home/jfb/nacl_sdk/pepper_42/toolchain/linux_x86_glibc/bin/../lib/gcc/x86_64-nacl/4.4.3/../../../../x86_64-nacl/lib/../lib32/crti.o
                0x0000000000000000                _init
 .init          0x0000000000000040       0x20 /home/jfb/nacl_sdk/pepper_42/toolchain/linux_x86_glibc/bin/../lib/gcc/x86_64-nacl/4.4.3/32/crtbeginS.o
 .init          0x0000000000000060       0x20 /home/jfb/nacl_sdk/pepper_42/toolchain/linux_x86_glibc/bin/../lib/gcc/x86_64-nacl/4.4.3/32/crtendS.o
 .init          0x0000000000000080       0x20 /home/jfb/nacl_sdk/pepper_42/toolchain/linux_x86_glibc/bin/../lib/gcc/x86_64-nacl/4.4.3/../../../../x86_64-nacl/lib/../lib32/crtn.o
                0x00000000000000a0                . = ALIGN (0x20)

.plt            0x00000000000000a0      0x1c0
 *(.plt)
 .plt           0x00000000000000a0      0x1c0 /home/jfb/nacl_sdk/pepper_42/toolchain/linux_x86_glibc/bin/../lib/gcc/x86_64-nacl/4.4.3/../../../../x86_64-nacl/lib/../lib32/crti.o

.text           0x0000000000000260     0xfda0
 *(.text .stub .text.* .gnu.linkonce.t.*)
 .text          0x0000000000000260        0x0 /home/jfb/nacl_sdk/pepper_42/toolchain/linux_x86_glibc/bin/../lib/gcc/x86_64-nacl/4.4.3/../../../../x86_64-nacl/lib/../lib32/crti.o
 .text          0x0000000000000260      0x200 /home/jfb/nacl_sdk/pepper_42/toolchain/linux_x86_glibc/bin/../lib/gcc/x86_64-nacl/4.4.3/32/crtbeginS.o
 .text.__i686.get_pc_thunk.bx
                0x0000000000000460       0x20 /home/jfb/nacl_sdk/pepper_42/toolchain/linux_x86_glibc/bin/../lib/gcc/x86_64-nacl/4.4.3/32/crtbeginS.o
                0x0000000000000460                __i686.get_pc_thunk.bx
 .text          0x0000000000000480       0xc0 glibc/Release/reverse_x86_32_pic.o
                0x0000000000000480                Reverse
 .text          0x0000000000000540       0xa0 /home/jfb/nacl_sdk/pepper_42/toolchain/linux_x86_glibc/bin/../lib/gcc/x86_64-nacl/4.4.3/32/crtendS.o
 .text          0x00000000000005e0        0x0 /home/jfb/nacl_sdk/pepper_42/toolchain/linux_x86_glibc/bin/../lib/gcc/x86_64-nacl/4.4.3/../../../../x86_64-nacl/lib/../lib32/crtn.o
 *(.text.*personality*)
 *(.gnu.warning)
 *(.fini)
 .fini          0x00000000000005e0       0x40 /home/jfb/nacl_sdk/pepper_42/toolchain/linux_x86_glibc/bin/../lib/gcc/x86_64-nacl/4.4.3/../../../../x86_64-nacl/lib/../lib32/crti.o
                0x00000000000005e0                _fini
 .fini          0x0000000000000620       0x20 /home/jfb/nacl_sdk/pepper_42/toolchain/linux_x86_glibc/bin/../lib/gcc/x86_64-nacl/4.4.3/32/crtbeginS.o
 .fini          0x0000000000000640       0x20 /home/jfb/nacl_sdk/pepper_42/toolchain/linux_x86_glibc/bin/../lib/gcc/x86_64-nacl/4.4.3/../../../../x86_64-nacl/lib/../lib32/crtn.o
 *(__libc_freeres_fn)
 *(__libc_thread_freeres_fn)
                0x0000000000010000                . = ALIGN (0x10000)
 *fill*         0x0000000000000660     0xf9a0 90909090
                0x0000000000010000                PROVIDE (__etext, .)
                0x0000000000010000                PROVIDE (_etext, .)
                0x0000000000010000                PROVIDE (etext, .)
                0x0000000010000000                . = 0x10000000

.note.gnu.build-id
                0x0000000010000000       0x24
                0x0000000010000000                PROVIDE (__note_gnu_build_id_start, .)
 *(.note.gnu.build-id)
 .note.gnu.build-id
                0x0000000010000000       0x24 /home/jfb/nacl_sdk/pepper_42/toolchain/linux_x86_glibc/bin/../lib/gcc/x86_64-nacl/4.4.3/../../../../x86_64-nacl/lib/../lib32/crti.o
                0x0000000010000024                PROVIDE (__note_gnu_build_id_end, .)

.dummy

.hash           0x0000000010000024       0x54
 *(.hash)
 .hash          0x0000000010000024       0x54 /home/jfb/nacl_sdk/pepper_42/toolchain/linux_x86_glibc/bin/../lib/gcc/x86_64-nacl/4.4.3/../../../../x86_64-nacl/lib/../lib32/crti.o

.gnu.hash
 *(.gnu.hash)

.dynsym         0x0000000010000078      0x100
 *(.dynsym)
 .dynsym        0x0000000010000078      0x100 /home/jfb/nacl_sdk/pepper_42/toolchain/linux_x86_glibc/bin/../lib/gcc/x86_64-nacl/4.4.3/../../../../x86_64-nacl/lib/../lib32/crti.o

.dynstr         0x0000000010000178       0xf8
 *(.dynstr)
 .dynstr        0x0000000010000178       0xf8 /home/jfb/nacl_sdk/pepper_42/toolchain/linux_x86_glibc/bin/../lib/gcc/x86_64-nacl/4.4.3/../../../../x86_64-nacl/lib/../lib32/crti.o

.gnu.version    0x0000000010000270       0x20
 *(.gnu.version)
 .gnu.version   0x0000000010000270       0x20 /home/jfb/nacl_sdk/pepper_42/toolchain/linux_x86_glibc/bin/../lib/gcc/x86_64-nacl/4.4.3/../../../../x86_64-nacl/lib/../lib32/crti.o

.gnu.version_d  0x0000000010000290        0x0
 *(.gnu.version_d)
 .gnu.version_d
                0x0000000000000000        0x0 /home/jfb/nacl_sdk/pepper_42/toolchain/linux_x86_glibc/bin/../lib/gcc/x86_64-nacl/4.4.3/../../../../x86_64-nacl/lib/../lib32/crti.o

.gnu.version_r  0x0000000010000290       0x50
 *(.gnu.version_r)
 .gnu.version_r
                0x0000000010000290       0x50 /home/jfb/nacl_sdk/pepper_42/toolchain/linux_x86_glibc/bin/../lib/gcc/x86_64-nacl/4.4.3/../../../../x86_64-nacl/lib/../lib32/crti.o

.rel.dyn        0x00000000100002e0        0x0
 .rel.ifunc     0x0000000000000000        0x0 /home/jfb/nacl_sdk/pepper_42/toolchain/linux_x86_glibc/bin/../lib/gcc/x86_64-nacl/4.4.3/../../../../x86_64-nacl/lib/../lib32/crti.o
 .rel.eh_frame  0x0000000000000000        0x0 /home/jfb/nacl_sdk/pepper_42/toolchain/linux_x86_glibc/bin/../lib/gcc/x86_64-nacl/4.4.3/../../../../x86_64-nacl/lib/../lib32/crti.o

.rel.init
 *(.rel.init)

.rela.init
 *(.rela.init)

.rel.text       0x00000000100002e0        0x0
 *(.rel.text .rel.text.* .rel.gnu.linkonce.t.*)
 .rel.text      0x0000000000000000        0x0 /home/jfb/nacl_sdk/pepper_42/toolchain/linux_x86_glibc/bin/../lib/gcc/x86_64-nacl/4.4.3/../../../../x86_64-nacl/lib/../lib32/crti.o

.rela.text
 *(.rela.text .rela.text.* .rela.gnu.linkonce.t.*)

.rel.fini
 *(.rel.fini)

.rela.fini
 *(.rela.fini)

.rel.rodata
 *(.rel.rodata .rel.rodata.* .rel.gnu.linkonce.r.*)

.rela.rodata
 *(.rela.rodata .rela.rodata.* .rela.gnu.linkonce.r.*)

.rel.data.rel.ro
 *(.rel.data.rel.ro* .rel.gnu.linkonce.d.rel.ro.*)

.rela.data.rel.ro
 *(.rela.data.rel.ro* .rela.gnu.linkonce.d.rel.ro.*)

.rel.data       0x00000000100002e0       0x10
 *(.rel.data .rel.data.* .rel.gnu.linkonce.d.*)
 .rel.data.rel  0x00000000100002e0        0x8 /home/jfb/nacl_sdk/pepper_42/toolchain/linux_x86_glibc/bin/../lib/gcc/x86_64-nacl/4.4.3/../../../../x86_64-nacl/lib/../lib32/crti.o
 .rel.data.DW.ref.__gxx_personality_v0
                0x00000000100002e8        0x8 /home/jfb/nacl_sdk/pepper_42/toolchain/linux_x86_glibc/bin/../lib/gcc/x86_64-nacl/4.4.3/../../../../x86_64-nacl/lib/../lib32/crti.o

.rela.data
 *(.rela.data .rela.data.* .rela.gnu.linkonce.d.*)

.rel.tdata
 *(.rel.tdata .rel.tdata.* .rel.gnu.linkonce.td.*)

.rela.tdata
 *(.rela.tdata .rela.tdata.* .rela.gnu.linkonce.td.*)

.rel.tbss
 *(.rel.tbss .rel.tbss.* .rel.gnu.linkonce.tb.*)

.rela.tbss
 *(.rela.tbss .rela.tbss.* .rela.gnu.linkonce.tb.*)

.rel.ctors
 *(.rel.ctors)

.rela.ctors
 *(.rela.ctors)

.rel.dtors
 *(.rel.dtors)

.rela.dtors
 *(.rela.dtors)

.rel.got        0x00000000100002f0       0x28
 *(.rel.got)
 .rel.got       0x00000000100002f0       0x28 /home/jfb/nacl_sdk/pepper_42/toolchain/linux_x86_glibc/bin/../lib/gcc/x86_64-nacl/4.4.3/../../../../x86_64-nacl/lib/../lib32/crti.o

.rela.got
 *(.rela.got)

.rel.bss
 *(.rel.bss .rel.bss.* .rel.gnu.linkonce.b.*)

.rela.bss
 *(.rela.bss .rela.bss.* .rela.gnu.linkonce.b.*)

.rel.plt        0x0000000010000318       0x30
 *(.rel.plt)
 .rel.plt       0x0000000010000318       0x30 /home/jfb/nacl_sdk/pepper_42/toolchain/linux_x86_glibc/bin/../lib/gcc/x86_64-nacl/4.4.3/../../../../x86_64-nacl/lib/../lib32/crti.o

.rela.plt
 *(.rela.plt)

.rodata
 *(.rodata .rodata.* .gnu.linkonce.r.*)

.rodata1
 *(.rodata1)

.eh_frame_hdr   0x0000000010000348       0x1c
 *(.eh_frame_hdr)
 .eh_frame_hdr  0x0000000010000348       0x1c glibc/Release/reverse_x86_32_pic.o

.eh_frame       0x0000000010000364       0x7c
 *(.eh_frame)
 .eh_frame      0x0000000010000364       0x3c /home/jfb/nacl_sdk/pepper_42/toolchain/linux_x86_glibc/bin/../lib/gcc/x86_64-nacl/4.4.3/../../../../x86_64-nacl/lib/../lib32/crti.o
                                         0x40 (size before relaxing)
 .eh_frame      0x00000000100003a0        0x0 /home/jfb/nacl_sdk/pepper_42/toolchain/linux_x86_glibc/bin/../lib/gcc/x86_64-nacl/4.4.3/32/crtbeginS.o
 .eh_frame      0x00000000100003a0       0x3c glibc/Release/reverse_x86_32_pic.o
 .eh_frame      0x00000000100003dc        0x4 /home/jfb/nacl_sdk/pepper_42/toolchain/linux_x86_glibc/bin/../lib/gcc/x86_64-nacl/4.4.3/32/crtendS.o

.gcc_except_table
 *(.gcc_except_table .gcc_except_table.*)
                0x00000000100003e0                . = (ALIGN (0x10000) - ((0x10000 - .) & 0xffff))
                0x00000000100103e0                . = DATA_SEGMENT_ALIGN (0x10000, 0x10000)

.eh_frame
 *(.eh_frame)

.gcc_except_table
 *(.gcc_except_table .gcc_except_table.*)

.tdata
 *(.tdata .tdata.* .gnu.linkonce.td.*)

.tbss
 *(.tbss .tbss.* .gnu.linkonce.tb.*)
 *(.tcommon)

.preinit_array
 *(.preinit_array)

.init_array
 *(SORT(.init_array.*))
 *(.init_array)

.fini_array
 *(.fini_array)
 *(SORT(.fini_array.*))

.ctors          0x00000000100103e0        0x8
 *crtbegin.o(.ctors)
 *crtbegin?.o(.ctors)
 .ctors         0x00000000100103e0        0x4 /home/jfb/nacl_sdk/pepper_42/toolchain/linux_x86_glibc/bin/../lib/gcc/x86_64-nacl/4.4.3/32/crtbeginS.o
 *(EXCLUDE_FILE(*crtend?.o *crtend.o) .ctors)
 *(SORT(.ctors.*))
 *(.ctors)
 .ctors         0x00000000100103e4        0x4 /home/jfb/nacl_sdk/pepper_42/toolchain/linux_x86_glibc/bin/../lib/gcc/x86_64-nacl/4.4.3/32/crtendS.o

.dtors          0x00000000100103e8        0x8
 *crtbegin.o(.dtors)
 *crtbegin?.o(.dtors)
 .dtors         0x00000000100103e8        0x4 /home/jfb/nacl_sdk/pepper_42/toolchain/linux_x86_glibc/bin/../lib/gcc/x86_64-nacl/4.4.3/32/crtbeginS.o
 *(EXCLUDE_FILE(*crtend?.o *crtend.o) .dtors)
 *(SORT(.dtors.*))
 *(.dtors)
 .dtors         0x00000000100103ec        0x4 /home/jfb/nacl_sdk/pepper_42/toolchain/linux_x86_glibc/bin/../lib/gcc/x86_64-nacl/4.4.3/32/crtendS.o
                0x00000000100103ec                __DTOR_END__

.jcr            0x00000000100103f0        0x4
 *(.jcr)
 .jcr           0x00000000100103f0        0x0 /home/jfb/nacl_sdk/pepper_42/toolchain/linux_x86_glibc/bin/../lib/gcc/x86_64-nacl/4.4.3/32/crtbeginS.o
 .jcr           0x00000000100103f0        0x4 /home/jfb/nacl_sdk/pepper_42/toolchain/linux_x86_glibc/bin/../lib/gcc/x86_64-nacl/4.4.3/32/crtendS.o

.data.rel.ro
 *(.data.rel.ro.local* .gnu.linkonce.d.rel.ro.local.*)
 *(.data.rel.ro* .gnu.linkonce.d.rel.ro.*)

.dynamic        0x00000000100103f4       0xc8
 *(.dynamic)
 .dynamic       0x00000000100103f4       0xc8 /home/jfb/nacl_sdk/pepper_42/toolchain/linux_x86_glibc/bin/../lib/gcc/x86_64-nacl/4.4.3/../../../../x86_64-nacl/lib/../lib32/crti.o
                0x00000000100103f4                _DYNAMIC

.got            0x00000000100104bc       0x14
 *(.got)
 .got           0x00000000100104bc       0x14 /home/jfb/nacl_sdk/pepper_42/toolchain/linux_x86_glibc/bin/../lib/gcc/x86_64-nacl/4.4.3/../../../../x86_64-nacl/lib/../lib32/crti.o
                0x00000000100104d0                . = DATA_SEGMENT_RELRO_END (., 0xc)

.got.plt        0x00000000100104d0       0x24
 *(.got.plt)
 .got.plt       0x00000000100104d0       0x24 /home/jfb/nacl_sdk/pepper_42/toolchain/linux_x86_glibc/bin/../lib/gcc/x86_64-nacl/4.4.3/../../../../x86_64-nacl/lib/../lib32/crti.o
                0x00000000100104d0                _GLOBAL_OFFSET_TABLE_

.data           0x00000000100104f4        0x8
 *(.data .data.* .gnu.linkonce.d.*)
 .data          0x00000000100104f4        0x0 /home/jfb/nacl_sdk/pepper_42/toolchain/linux_x86_glibc/bin/../lib/gcc/x86_64-nacl/4.4.3/../../../../x86_64-nacl/lib/../lib32/crti.o
 .data          0x00000000100104f4        0x0 /home/jfb/nacl_sdk/pepper_42/toolchain/linux_x86_glibc/bin/../lib/gcc/x86_64-nacl/4.4.3/32/crtbeginS.o
 .data.rel      0x00000000100104f4        0x4 /home/jfb/nacl_sdk/pepper_42/toolchain/linux_x86_glibc/bin/../lib/gcc/x86_64-nacl/4.4.3/32/crtbeginS.o
                0x00000000100104f4                __dso_handle
 .data          0x00000000100104f8        0x0 glibc/Release/reverse_x86_32_pic.o
 .data.DW.ref.__gxx_personality_v0
                0x00000000100104f8        0x4 glibc/Release/reverse_x86_32_pic.o
                0x00000000100104f8                DW.ref.__gxx_personality_v0
 .data          0x00000000100104fc        0x0 /home/jfb/nacl_sdk/pepper_42/toolchain/linux_x86_glibc/bin/../lib/gcc/x86_64-nacl/4.4.3/32/crtendS.o
 .data          0x00000000100104fc        0x0 /home/jfb/nacl_sdk/pepper_42/toolchain/linux_x86_glibc/bin/../lib/gcc/x86_64-nacl/4.4.3/../../../../x86_64-nacl/lib/../lib32/crtn.o
 *(.gnu.linkonce.d.*personality*)

.data1
 *(.data1)
                0x00000000100104fc                _edata = .
                0x00000000100104fc                PROVIDE (edata, .)
                0x00000000100104fc                . = DATA_SEGMENT_END (.)
                0x0000000010020000                . = ALIGN (0x10000)
                0x0000000010020000                __bss_start = .

.bss            0x0000000010020000       0x20
 *(.dynbss)
 .dynbss        0x0000000000000000        0x0 /home/jfb/nacl_sdk/pepper_42/toolchain/linux_x86_glibc/bin/../lib/gcc/x86_64-nacl/4.4.3/../../../../x86_64-nacl/lib/../lib32/crti.o
 *(.bss .bss.* .gnu.linkonce.b.*)
 .bss           0x0000000010020000        0x0 /home/jfb/nacl_sdk/pepper_42/toolchain/linux_x86_glibc/bin/../lib/gcc/x86_64-nacl/4.4.3/../../../../x86_64-nacl/lib/../lib32/crti.o
 .bss           0x0000000010020000       0x20 /home/jfb/nacl_sdk/pepper_42/toolchain/linux_x86_glibc/bin/../lib/gcc/x86_64-nacl/4.4.3/32/crtbeginS.o
 .bss           0x0000000010020020        0x0 glibc/Release/reverse_x86_32_pic.o
 .bss           0x0000000010020020        0x0 /home/jfb/nacl_sdk/pepper_42/toolchain/linux_x86_glibc/bin/../lib/gcc/x86_64-nacl/4.4.3/32/crtendS.o
 .bss           0x0000000010020020        0x0 /home/jfb/nacl_sdk/pepper_42/toolchain/linux_x86_glibc/bin/../lib/gcc/x86_64-nacl/4.4.3/../../../../x86_64-nacl/lib/../lib32/crtn.o
 *(COMMON)
                0x0000000010020020                . = ALIGN ((. != 0x0)?0x4:0x1)
                0x0000000010020020                . = ALIGN (0x4)
                0x0000000010020020                . = ALIGN (0x4)
                0x0000000010020020                _end = .
                0x0000000010020020                PROVIDE (end, .)

.stab
 *(.stab)

.stabstr
 *(.stabstr)

.stab.excl
 *(.stab.excl)

.stab.exclstr
 *(.stab.exclstr)

.stab.index
 *(.stab.index)

.stab.indexstr
 *(.stab.indexstr)

.comment        0x0000000000000000       0x66
 *(.comment)
 .comment       0x0000000000000000       0x66 /home/jfb/nacl_sdk/pepper_42/toolchain/linux_x86_glibc/bin/../lib/gcc/x86_64-nacl/4.4.3/../../../../x86_64-nacl/lib/../lib32/crti.o
                                         0x67 (size before relaxing)
 .comment       0x0000000000000000       0x67 /home/jfb/nacl_sdk/pepper_42/toolchain/linux_x86_glibc/bin/../lib/gcc/x86_64-nacl/4.4.3/32/crtbeginS.o
 .comment       0x0000000000000000       0x67 glibc/Release/reverse_x86_32_pic.o
 .comment       0x0000000000000000       0x67 /home/jfb/nacl_sdk/pepper_42/toolchain/linux_x86_glibc/bin/../lib/gcc/x86_64-nacl/4.4.3/32/crtendS.o
 .comment       0x0000000000000000       0x67 /home/jfb/nacl_sdk/pepper_42/toolchain/linux_x86_glibc/bin/../lib/gcc/x86_64-nacl/4.4.3/../../../../x86_64-nacl/lib/../lib32/crtn.o

.debug
 *(.debug)

.line
 *(.line)

.debug_srcinfo
 *(.debug_srcinfo)

.debug_sfnames
 *(.debug_sfnames)

.debug_aranges  0x0000000000000000       0x20
 *(.debug_aranges)
 .debug_aranges
                0x0000000000000000       0x20 glibc/Release/reverse_x86_32_pic.o

.debug_pubnames
                0x0000000000000000       0x1e
 *(.debug_pubnames)
 .debug_pubnames
                0x0000000000000000       0x1e glibc/Release/reverse_x86_32_pic.o

.debug_info     0x0000000000000000       0xe9
 *(.debug_info .gnu.linkonce.wi.*)
 .debug_info    0x0000000000000000       0xe9 glibc/Release/reverse_x86_32_pic.o

.debug_abbrev   0x0000000000000000       0xad
 *(.debug_abbrev)
 .debug_abbrev  0x0000000000000000       0xad glibc/Release/reverse_x86_32_pic.o

.debug_line     0x0000000000000000       0xb6
 *(.debug_line)
 .debug_line    0x0000000000000000       0xb6 glibc/Release/reverse_x86_32_pic.o

.debug_frame
 *(.debug_frame)

.debug_str      0x0000000000000000      0x10c
 *(.debug_str)
 .debug_str     0x0000000000000000      0x10c glibc/Release/reverse_x86_32_pic.o
                                        0x145 (size before relaxing)

.debug_loc      0x0000000000000000       0x57
 *(.debug_loc)
 .debug_loc     0x0000000000000000       0x57 glibc/Release/reverse_x86_32_pic.o

.debug_macinfo
 *(.debug_macinfo)

.debug_weaknames
 *(.debug_weaknames)

.debug_funcnames
 *(.debug_funcnames)

.debug_typenames
 *(.debug_typenames)

.debug_varnames
 *(.debug_varnames)

.debug_pubtypes
 *(.debug_pubtypes)

.debug_ranges   0x0000000000000000       0x18
 *(.debug_ranges)
 .debug_ranges  0x0000000000000000       0x18 glibc/Release/reverse_x86_32_pic.o

.gnu.attributes
 *(.gnu.attributes)

/DISCARD/
 *(.note.GNU-stack)
 *(.gnu_debuglink)
 *(.note.ABI-tag)
OUTPUT(glibc/Release/libreverse_x86_32.so elf32-i386-nacl)
