Archive member included because of file (symbol)

/home/jfb/nacl_sdk/pepper_42//lib/newlib_x86_64/Release/liberror_handling.a(error_handling_x86_64.o)
                              newlib/Release/debugging_x86_64.o (EHHanderInstalled)
/home/jfb/nacl_sdk/pepper_42//lib/newlib_x86_64/Release/liberror_handling.a(string_stream_x86_64.o)
                              /home/jfb/nacl_sdk/pepper_42//lib/newlib_x86_64/Release/liberror_handling.a(error_handling_x86_64.o) (ssinit)
/home/jfb/nacl_sdk/pepper_42/toolchain/linux_x86_newlib/bin/../lib/gcc/x86_64-nacl/4.4.3/../../../../x86_64-nacl/lib/../lib64/libppapi_stub.a(plugin_main_irt_21ce9d26.o)
                              (main)
/home/jfb/nacl_sdk/pepper_42/toolchain/linux_x86_newlib/bin/../lib/gcc/x86_64-nacl/4.4.3/../../../../x86_64-nacl/lib/../lib64/libppapi_stub.a(ppapi_plugin_main_399d0cf7.o)
                              /home/jfb/nacl_sdk/pepper_42/toolchain/linux_x86_newlib/bin/../lib/gcc/x86_64-nacl/4.4.3/../../../../x86_64-nacl/lib/../lib64/libppapi_stub.a(plugin_main_irt_21ce9d26.o) (PpapiPluginMain)
/home/jfb/nacl_sdk/pepper_42/toolchain/linux_x86_newlib/bin/../lib/gcc/x86_64-nacl/4.4.3/../../../../x86_64-nacl/lib/../lib64/libppapi_stub.a(ppapi_plugin_start_8da67623.o)
                              /home/jfb/nacl_sdk/pepper_42/toolchain/linux_x86_newlib/bin/../lib/gcc/x86_64-nacl/4.4.3/../../../../x86_64-nacl/lib/../lib64/libppapi_stub.a(ppapi_plugin_main_399d0cf7.o) (PpapiPluginStart)
/home/jfb/nacl_sdk/pepper_42/toolchain/linux_x86_newlib/bin/../lib/gcc/x86_64-nacl/4.4.3/../../../../x86_64-nacl/lib/../lib64/libppapi_stub.a(thread_creator_ccf263e1.o)
                              /home/jfb/nacl_sdk/pepper_42/toolchain/linux_x86_newlib/bin/../lib/gcc/x86_64-nacl/4.4.3/../../../../x86_64-nacl/lib/../lib64/libppapi_stub.a(ppapi_plugin_start_8da67623.o) (__nacl_register_thread_creator)
/home/jfb/nacl_sdk/pepper_42/toolchain/linux_x86_newlib/bin/../lib/gcc/x86_64-nacl/4.4.3/../../../../x86_64-nacl/lib/../lib64/libpthread.a(nc_thread_7e478b15.o)
                              /home/jfb/nacl_sdk/pepper_42//lib/newlib_x86_64/Release/liberror_handling.a(error_handling_x86_64.o) (pthread_setspecific)
/home/jfb/nacl_sdk/pepper_42/toolchain/linux_x86_newlib/bin/../lib/gcc/x86_64-nacl/4.4.3/../../../../x86_64-nacl/lib/../lib64/libpthread.a(nc_condvar_305aa45a.o)
                              /home/jfb/nacl_sdk/pepper_42/toolchain/linux_x86_newlib/bin/../lib/gcc/x86_64-nacl/4.4.3/../../../../x86_64-nacl/lib/../lib64/libpthread.a(nc_thread_7e478b15.o) (pthread_cond_init)
/home/jfb/nacl_sdk/pepper_42/toolchain/linux_x86_newlib/bin/../lib/gcc/x86_64-nacl/4.4.3/../../../../x86_64-nacl/lib/../lib64/libpthread.a(dynamic_annotations_33ba59cc.o)
                              /home/jfb/nacl_sdk/pepper_42/toolchain/linux_x86_newlib/bin/../lib/gcc/x86_64-nacl/4.4.3/../../../../x86_64-nacl/lib/../lib64/libpthread.a(nc_thread_7e478b15.o) (NACL_AnnotateCondVarWait)
/home/jfb/nacl_sdk/pepper_42/toolchain/linux_x86_newlib/bin/../lib/gcc/x86_64-nacl/4.4.3/../../../../x86_64-nacl/lib/../lib64/libpthread.a(nc_mutex_86341ae1.o)
                              /home/jfb/nacl_sdk/pepper_42/toolchain/linux_x86_newlib/bin/../lib/gcc/x86_64-nacl/4.4.3/../../../../x86_64-nacl/lib/../lib64/libpthread.a(nc_thread_7e478b15.o) (pthread_mutex_init)
/home/jfb/nacl_sdk/pepper_42/toolchain/linux_x86_newlib/bin/../lib/gcc/x86_64-nacl/4.4.3/../../../../x86_64-nacl/lib/../lib64/libpthread.a(nc_init_irt_d3daafc0.o)
                              /home/jfb/nacl_sdk/pepper_42/toolchain/linux_x86_newlib/bin/../lib/gcc/x86_64-nacl/4.4.3/../../../../x86_64-nacl/lib/../lib64/libpthread.a(nc_thread_7e478b15.o) (__nc_initialize_interfaces)
/home/jfb/nacl_sdk/pepper_42/toolchain/linux_x86_newlib/bin/../lib/gcc/x86_64-nacl/4.4.3/../../../../x86_64-nacl/lib/../lib64/libnacl.a(_exit_710c7d0d.o)
                              (_exit)
/home/jfb/nacl_sdk/pepper_42/toolchain/linux_x86_newlib/bin/../lib/gcc/x86_64-nacl/4.4.3/../../../../x86_64-nacl/lib/../lib64/libnacl.a(environ_25cd24d8.o)
                              /home/jfb/nacl_sdk/pepper_42/toolchain/linux_x86_newlib/bin/../lib/gcc/x86_64-nacl/4.4.3/../../../../x86_64-nacl/lib/../lib64/libppapi_stub.a(ppapi_plugin_start_8da67623.o) (environ)
/home/jfb/nacl_sdk/pepper_42/toolchain/linux_x86_newlib/bin/../lib/gcc/x86_64-nacl/4.4.3/../../../../x86_64-nacl/lib/../lib64/libnacl.a(start_fa9ef7de.o)
                              (_start)
/home/jfb/nacl_sdk/pepper_42/toolchain/linux_x86_newlib/bin/../lib/gcc/x86_64-nacl/4.4.3/../../../../x86_64-nacl/lib/../lib64/libnacl.a(malloc_222c4a1e.o)
                              newlib/Release/debugging_x86_64.o (free)
/home/jfb/nacl_sdk/pepper_42/toolchain/linux_x86_newlib/bin/../lib/gcc/x86_64-nacl/4.4.3/../../../../x86_64-nacl/lib/../lib64/libnacl.a(nacl_irt_6de1d53f.o)
[...]
Memory Configuration

Name             Origin             Length             Attributes
*default*        0x0000000000000000 0xffffffffffffffff

Linker script and memory map

LOAD /home/jfb/nacl_sdk/pepper_42/toolchain/linux_x86_newlib/bin/../lib/gcc/x86_64-nacl/4.4.3/../../../../x86_64-nacl/lib/../lib64/crt1.o
LOAD /home/jfb/nacl_sdk/pepper_42/toolchain/linux_x86_newlib/bin/../lib/gcc/x86_64-nacl/4.4.3/../../../../x86_64-nacl/lib/../lib64/crti.o
LOAD /home/jfb/nacl_sdk/pepper_42/toolchain/linux_x86_newlib/bin/../lib/gcc/x86_64-nacl/4.4.3/crtbegin.o
LOAD newlib/Release/debugging_x86_64.o
LOAD /home/jfb/nacl_sdk/pepper_42//lib/newlib_x86_64/Release/liberror_handling.a
LOAD /home/jfb/nacl_sdk/pepper_42/toolchain/linux_x86_newlib/bin/../lib/gcc/x86_64-nacl/4.4.3/../../../../x86_64-nacl/lib/../lib64/libppapi.a
LOAD /home/jfb/nacl_sdk/pepper_42/toolchain/linux_x86_newlib/bin/../lib/gcc/x86_64-nacl/4.4.3/../../../../x86_64-nacl/lib/../lib64/libppapi_stub.a
LOAD /home/jfb/nacl_sdk/pepper_42/toolchain/linux_x86_newlib/bin/../lib/gcc/x86_64-nacl/4.4.3/../../../../x86_64-nacl/lib/../lib64/libpthread.a
LOAD /home/jfb/nacl_sdk/pepper_42/toolchain/linux_x86_newlib/bin/../lib/gcc/x86_64-nacl/4.4.3/../../../../x86_64-nacl/lib/../lib64/libstdc++.a
LOAD /home/jfb/nacl_sdk/pepper_42/toolchain/linux_x86_newlib/bin/../lib/gcc/x86_64-nacl/4.4.3/../../../../x86_64-nacl/lib/../lib64/libm.a
LOAD /home/jfb/nacl_sdk/pepper_42/toolchain/linux_x86_newlib/bin/../lib/gcc/x86_64-nacl/4.4.3/libgcc.a
LOAD /home/jfb/nacl_sdk/pepper_42/toolchain/linux_x86_newlib/bin/../lib/gcc/x86_64-nacl/4.4.3/../../../../x86_64-nacl/lib/../lib64/libpthread.a
LOAD /home/jfb/nacl_sdk/pepper_42/toolchain/linux_x86_newlib/bin/../lib/gcc/x86_64-nacl/4.4.3/../../../../x86_64-nacl/lib/../lib64/libc.a
START GROUP
LOAD /home/jfb/nacl_sdk/pepper_42/toolchain/linux_x86_newlib/bin/../lib/gcc/x86_64-nacl/4.4.3/../../../../x86_64-nacl/lib/../lib64/libnacl.a
LOAD /home/jfb/nacl_sdk/pepper_42/toolchain/linux_x86_newlib/bin/../lib/gcc/x86_64-nacl/4.4.3/../../../../x86_64-nacl/lib/../lib64/libcrt_common.a
END GROUP
LOAD /home/jfb/nacl_sdk/pepper_42/toolchain/linux_x86_newlib/bin/../lib/gcc/x86_64-nacl/4.4.3/libgcc.a
LOAD /home/jfb/nacl_sdk/pepper_42/toolchain/linux_x86_newlib/bin/../lib/gcc/x86_64-nacl/4.4.3/crtend.o
LOAD /home/jfb/nacl_sdk/pepper_42/toolchain/linux_x86_newlib/bin/../lib/gcc/x86_64-nacl/4.4.3/../../../../x86_64-nacl/lib/../lib64/crtn.o
                0x0000000000020000                PROVIDE (__executable_start, 0x20000)
                0x0000000000020000                . = 0x20000

.init           0x0000000000020000       0x80
 *(SORT(.init))
 .init          0x0000000000020000       0x20 /home/jfb/nacl_sdk/pepper_42/toolchain/linux_x86_newlib/bin/../lib/gcc/x86_64-nacl/4.4.3/../../../../x86_64-nacl/lib/../lib64/crti.o
                0x0000000000020000                _init
 .init          0x0000000000020020       0x20 /home/jfb/nacl_sdk/pepper_42/toolchain/linux_x86_newlib/bin/../lib/gcc/x86_64-nacl/4.4.3/crtbegin.o
 .init          0x0000000000020040       0x20 /home/jfb/nacl_sdk/pepper_42/toolchain/linux_x86_newlib/bin/../lib/gcc/x86_64-nacl/4.4.3/crtend.o
 .init          0x0000000000020060       0x20 /home/jfb/nacl_sdk/pepper_42/toolchain/linux_x86_newlib/bin/../lib/gcc/x86_64-nacl/4.4.3/../../../../x86_64-nacl/lib/../lib64/crtn.o

.plt            0x0000000000020080        0x0
 *(.plt)
 *(.iplt)
 .iplt          0x0000000000000000        0x0 /home/jfb/nacl_sdk/pepper_42/toolchain/linux_x86_newlib/bin/../lib/gcc/x86_64-nacl/4.4.3/crtbegin.o

.text           0x0000000000020080    0x2b2c0
 *(.text.unlikely .text.*_unlikely .text.unlikely.*)
 *(.text.exit .text.exit.*)
 *(.text.startup .text.startup.*)
 *(.text.hot .text.hot.*)
 *(.text .stub .text.* .gnu.linkonce.t.*)
 .text          0x0000000000020080        0x0 /home/jfb/nacl_sdk/pepper_42/toolchain/linux_x86_newlib/bin/../lib/gcc/x86_64-nacl/4.4.3/../../../../x86_64-nacl/lib/../lib64/crti.o
 .text          0x0000000000020080      0x160 /home/jfb/nacl_sdk/pepper_42/toolchain/linux_x86_newlib/bin/../lib/gcc/x86_64-nacl/4.4.3/crtbegin.o
 .text          0x00000000000201e0      0x7e0 newlib/Release/debugging_x86_64.o
                0x00000000000201e0                layer5
                0x0000000000020220                layer4
                0x0000000000020260                layer3
                0x00000000000202a0                layer2
                0x0000000000020360                PPP_InitializeModule
                0x0000000000020400                PPP_ShutdownModule
                0x0000000000020420                PPP_GetInterface
                0x00000000000204c0                PostMessage
                0x0000000000020800                DumpJson
                0x0000000000020900                layer1
                0x0000000000020960                NexeMain
 .text          0x00000000000209c0      0x9a0 /home/jfb/nacl_sdk/pepper_42//lib/newlib_x86_64/Release/liberror_handling.a(error_handling_x86_64.o)
                0x00000000000209c0                EHGetTopFrame
                0x0000000000020a20                EHUnwindFrame
                0x0000000000020ac0                EHHanderInstalled
                0x0000000000020ae0                EHRequestExceptionStackOnThread
                0x0000000000020cc0                EHRequestExceptionsRaw
                0x0000000000020ec0                EHRequestExceptionsJson
                0x0000000000020f60                EHDefaultJsonHandler
 .text          0x0000000000021360      0x280 /home/jfb/nacl_sdk/pepper_42//lib/newlib_x86_64/Release/liberror_handling.a(string_stream_x86_64.o)
                0x0000000000021360                ssinit
                0x00000000000213a0                ssfree
                0x0000000000021400                ssvprintf
                0x0000000000021520                ssprintf
 .text          0x00000000000215e0       0x20 /home/jfb/nacl_sdk/pepper_42/toolchain/linux_x86_newlib/bin/../lib/gcc/x86_64-nacl/4.4.3/../../../../x86_64-nacl/lib/../lib64/libppapi_stub.a(plugin_main_irt_21ce9d26.o)
                0x00000000000215e0                main
 .text          0x0000000000021600       0x20 /home/jfb/nacl_sdk/pepper_42/toolchain/linux_x86_newlib/bin/../lib/gcc/x86_64-nacl/4.4.3/../../../../x86_64-nacl/lib/../lib64/libppapi_stub.a(ppapi_plugin_main_399d0cf7.o)
                0x0000000000021600                PpapiPluginMain
 .text          0x0000000000021620      0x1e0 /home/jfb/nacl_sdk/pepper_42/toolchain/linux_x86_newlib/bin/../lib/gcc/x86_64-nacl/4.4.3/../../../../x86_64-nacl/lib/../lib64/libppapi_stub.a(ppapi_plugin_start_8da67623.o)
                0x0000000000021680                PpapiPluginStart
 .text          0x0000000000021800       0x60 /home/jfb/nacl_sdk/pepper_42/toolchain/linux_x86_newlib/bin/../lib/gcc/x86_64-nacl/4.4.3/../../../../x86_64-nacl/lib/../lib64/libppapi_stub.a(thread_creator_ccf263e1.o)
                0x0000000000021800                __nacl_register_thread_creator
 .text          0x0000000000021860     0x1fc0 /home/jfb/nacl_sdk/pepper_42/toolchain/linux_x86_newlib/bin/../lib/gcc/x86_64-nacl/4.4.3/../../../../x86_64-nacl/lib/../lib64/libpthread.a(nc_thread_7e478b15.o)
                0x0000000000021860                pthread_kill
                0x0000000000021880                pthread_equal
                0x00000000000218a0                pthread_attr_init
                0x0000000000021900                pthread_attr_destroy
                0x0000000000021920                pthread_attr_setdetachstate
                0x0000000000021960                pthread_attr_getdetachstate
                0x00000000000219a0                pthread_attr_setscope
                0x00000000000219e0                pthread_attr_getscope
                0x0000000000021a00                pthread_attr_setstacksize
                0x0000000000021a80                pthread_attr_getstacksize
                0x0000000000021ac0                pthread_getspecific
                0x0000000000021ba0                __nc_tsd_exit
                0x0000000000021e40                pthread_cleanup_pop
                0x0000000000021f20                pthread_setspecific
                0x0000000000022080                pthread_key_delete
                0x0000000000022120                pthread_key_create
                0x00000000000221c0                __local_lock_release
                0x0000000000022200                __local_lock_release_recursive
                0x0000000000022220                __local_lock_try_acquire
                0x0000000000022260                __local_lock_try_acquire_recursive
                0x0000000000022280                __local_lock_acquire
                0x00000000000222c0                __local_lock_acquire_recursive
                0x00000000000222e0                __local_lock_close
                0x0000000000022320                __local_lock_close_recursive
                0x0000000000022340                __local_lock_init_recursive
                0x00000000000223c0                __local_lock_init
                0x0000000000022440                pthread_self
                0x0000000000022480                pthread_setschedprio
                0x0000000000022560                pthread_detach
                0x0000000000022640                pthread_join
                0x0000000000022820                pthread_exit
                0x0000000000022ca0                pthread_cleanup_push
                0x0000000000023120                pthread_create
                0x00000000000236a0                __nc_initialize_globals
                0x00000000000237a0                __pthread_initialize
 .text          0x0000000000023820      0x200 /home/jfb/nacl_sdk/pepper_42/toolchain/linux_x86_newlib/bin/../lib/gcc/x86_64-nacl/4.4.3/../../../../x86_64-nacl/lib/../lib64/libpthread.a(nc_condvar_305aa45a.o)
                0x0000000000023820                pthread_cond_init
                0x0000000000023840                pthread_cond_destroy
                0x0000000000023860                pthread_cond_timedwait_abs
                0x0000000000023960                pthread_cond_wait
                0x00000000000239e0                pthread_cond_broadcast
                0x0000000000023a00                pthread_cond_signal
 .text          0x0000000000023a20      0x560 /home/jfb/nacl_sdk/pepper_42/toolchain/linux_x86_newlib/bin/../lib/gcc/x86_64-nacl/4.4.3/../../../../x86_64-nacl/lib/../lib64/libpthread.a(dynamic_annotations_33ba59cc.o)
                0x0000000000023a20                NACL_AnnotateRWLockCreate
                0x0000000000023a40                NACL_AnnotateRWLockDestroy
                0x0000000000023a60                NACL_AnnotateRWLockAcquired
                0x0000000000023a80                NACL_AnnotateRWLockReleased
                0x0000000000023aa0                NACL_AnnotateBarrierInit
                0x0000000000023ac0                NACL_AnnotateBarrierWaitBefore
                0x0000000000023ae0                NACL_AnnotateBarrierWaitAfter
                0x0000000000023b00                NACL_AnnotateBarrierDestroy
                0x0000000000023b20                NACL_AnnotateCondVarWait
                0x0000000000023b40                NACL_AnnotateCondVarSignal
                0x0000000000023b60                NACL_AnnotateCondVarSignalAll
                0x0000000000023b80                NACL_AnnotateHappensBefore
                0x0000000000023ba0                NACL_AnnotateHappensAfter
                0x0000000000023bc0                NACL_AnnotatePublishMemoryRange
                0x0000000000023be0                NACL_AnnotateUnpublishMemoryRange
                0x0000000000023c00                NACL_AnnotatePCQCreate
                0x0000000000023c20                NACL_AnnotatePCQDestroy
                0x0000000000023c40                NACL_AnnotatePCQPut
                0x0000000000023c60                NACL_AnnotatePCQGet
                0x0000000000023c80                NACL_AnnotateNewMemory
                0x0000000000023ca0                NACL_AnnotateExpectRace
                0x0000000000023cc0                NACL_AnnotateFlushExpectedRaces
                0x0000000000023ce0                NACL_AnnotateBenignRace
                0x0000000000023d00                NACL_AnnotateBenignRaceSized
                0x0000000000023d20                NACL_AnnotateMutexIsUsedAsCondVar
                0x0000000000023d40                NACL_AnnotateMutexIsNotPHB
                0x0000000000023d60                NACL_AnnotateTraceMemory
                0x0000000000023d80                NACL_AnnotateThreadName
                0x0000000000023da0                NACL_AnnotateIgnoreReadsBegin
                0x0000000000023dc0                NACL_AnnotateIgnoreReadsEnd
                0x0000000000023de0                NACL_AnnotateIgnoreWritesBegin
                0x0000000000023e00                NACL_AnnotateIgnoreWritesEnd
                0x0000000000023e20                NACL_AnnotateIgnoreSyncBegin
                0x0000000000023e40                NACL_AnnotateIgnoreSyncEnd
                0x0000000000023e60                NACL_AnnotateEnableRaceDetection
                0x0000000000023e80                NACL_AnnotateNoOp
                0x0000000000023ea0                NACL_AnnotateFlushState
                0x0000000000023ec0                RunningOnValgrind
 .text          0x0000000000023f80      0x740 /home/jfb/nacl_sdk/pepper_42/toolchain/linux_x86_newlib/bin/../lib/gcc/x86_64-nacl/4.4.3/../../../../x86_64-nacl/lib/../lib64/libpthread.a(nc_mutex_86341ae1.o)
                0x0000000000023f80                pthread_mutex_init
                0x0000000000024000                pthread_mutex_destroy
                0x0000000000024080                pthread_mutexattr_init
                0x00000000000240a0                pthread_mutexattr_destroy
                0x00000000000240c0                pthread_mutexattr_settype
                0x0000000000024100                pthread_mutexattr_gettype
                0x0000000000024120                pthread_mutex_unlock
                0x0000000000024520                pthread_mutex_timedlock
                0x0000000000024540                pthread_mutex_lock
                0x0000000000024560                pthread_once
                0x00000000000246a0                pthread_mutex_trylock
 .text          0x00000000000246c0       0x40 /home/jfb/nacl_sdk/pepper_42/toolchain/linux_x86_newlib/bin/../lib/gcc/x86_64-nacl/4.4.3/../../../../x86_64-nacl/lib/../lib64/libpthread.a(nc_init_irt_d3daafc0.o)
                0x00000000000246c0                __nc_initialize_interfaces
 .text          0x0000000000024700       0x40 /home/jfb/nacl_sdk/pepper_42/toolchain/linux_x86_newlib/bin/../lib/gcc/x86_64-nacl/4.4.3/../../../../x86_64-nacl/lib/../lib64/libnacl.a(_exit_710c7d0d.o)
                0x0000000000024700                _exit
 .text          0x0000000000024740        0x0 /home/jfb/nacl_sdk/pepper_42/toolchain/linux_x86_newlib/bin/../lib/gcc/x86_64-nacl/4.4.3/../../../../x86_64-nacl/lib/../lib64/libnacl.a(environ_25cd24d8.o)
 .text          0x0000000000024740      0x140 /home/jfb/nacl_sdk/pepper_42/toolchain/linux_x86_newlib/bin/../lib/gcc/x86_64-nacl/4.4.3/../../../../x86_64-nacl/lib/../lib64/libnacl.a(start_fa9ef7de.o)
                0x0000000000024740                _start
 .text          0x0000000000024880     0x6e20 /home/jfb/nacl_sdk/pepper_42/toolchain/linux_x86_newlib/bin/../lib/gcc/x86_64-nacl/4.4.3/../../../../x86_64-nacl/lib/../lib64/libnacl.a(malloc_222c4a1e.o)
                0x0000000000024880                malloc_footprint
                0x00000000000248a0                malloc_max_footprint
                0x00000000000248c0                malloc_footprint_limit
                0x00000000000248e0                malloc_set_footprint_limit
                0x0000000000024920                malloc_usable_size
                0x0000000000024b80                mallopt
                0x0000000000026280                bulk_free
                0x0000000000026500                malloc_trim
                0x0000000000026620                free
                0x0000000000027340                _free_r
                0x0000000000027360                mallinfo
                0x00000000000276e0                malloc_stats
                0x0000000000027a80                malloc
                0x0000000000029fe0                _malloc_r
                0x000000000002a000                calloc
                0x000000000002a0c0                _calloc_r
                0x000000000002a780                realloc
                0x000000000002aa40                _realloc_r
                0x000000000002aa60                realloc_in_place
                0x000000000002af80                memalign
                0x000000000002afc0                pvalloc
                0x000000000002b000                valloc
                0x000000000002b040                posix_memalign
                0x000000000002b640                independent_calloc
                0x000000000002b680                independent_comalloc
 .text          0x000000000002b6a0      0x3a0 /home/jfb/nacl_sdk/pepper_42/toolchain/linux_x86_newlib/bin/../lib/gcc/x86_64-nacl/4.4.3/../../../../x86_64-nacl/lib/../lib64/libnacl.a(nacl_irt_6de1d53f.o)
                0x000000000002b7a0                __libnacl_irt_init_fn
                0x000000000002b900                __libnacl_irt_query
                0x000000000002b9e0                __libnacl_mandatory_irt_query
 .text          0x000000000002ba40      0x100 /home/jfb/nacl_sdk/pepper_42/toolchain/linux_x86_newlib/bin/../lib/gcc/x86_64-nacl/4.4.3/../../../../x86_64-nacl/lib/../lib64/libnacl.a(pthread_initialize_minimal_4b6e776b.o)
                0x000000000002ba40                __pthread_initialize_minimal
 .text          0x000000000002bb40       0x20 /home/jfb/nacl_sdk/pepper_42/toolchain/linux_x86_newlib/bin/../lib/gcc/x86_64-nacl/4.4.3/../../../../x86_64-nacl/lib/../lib64/libnacl.a(nacl_read_tp_5748ac47.o)
                0x000000000002bb40                __nacl_read_tp
 .text          0x000000000002bb60       0x40 /home/jfb/nacl_sdk/pepper_42/toolchain/linux_x86_newlib/bin/../lib/gcc/x86_64-nacl/4.4.3/../../../../x86_64-nacl/lib/../lib64/libnacl.a(nacl_add_tp_7312c7c4.o)
                0x000000000002bb60                __nacl_add_tp
 .text          0x000000000002bba0       0x40 /home/jfb/nacl_sdk/pepper_42/toolchain/linux_x86_newlib/bin/../lib/gcc/x86_64-nacl/4.4.3/../../../../x86_64-nacl/lib/../lib64/libnacl.a(nacl_interface_query_ef8a99f1.o)
                0x000000000002bba0                nacl_interface_query
 .text          0x000000000002bbe0       0x80 /home/jfb/nacl_sdk/pepper_42/toolchain/linux_x86_newlib/bin/../lib/gcc/x86_64-nacl/4.4.3/../../../../x86_64-nacl/lib/../lib64/libnacl.a(mmap_767fb080.o)
                0x000000000002bbe0                mmap
 .text          0x000000000002bc60       0xa0 /home/jfb/nacl_sdk/pepper_42/toolchain/linux_x86_newlib/bin/../lib/gcc/x86_64-nacl/4.4.3/../../../../x86_64-nacl/lib/../lib64/libnacl.a(sched_yield_56c375be.o)
                0x000000000002bc60                sched_yield
 .text          0x000000000002bd00       0xa0 /home/jfb/nacl_sdk/pepper_42/toolchain/linux_x86_newlib/bin/../lib/gcc/x86_64-nacl/4.4.3/../../../../x86_64-nacl/lib/../lib64/libnacl.a(munmap_d4f09867.o)
                0x000000000002bd00                munmap
 .text          0x000000000002bda0      0x480 /home/jfb/nacl_sdk/pepper_42/toolchain/linux_x86_newlib/bin/../lib/gcc/x86_64-nacl/4.4.3/../../../../x86_64-nacl/lib/../lib64/libnacl.a(tls_bba1975b.o)
                0x000000000002c040                __nacl_tls_combined_size
                0x000000000002c0c0                __nacl_tls_initialize_memory
 .text          0x000000000002c220       0xa0 /home/jfb/nacl_sdk/pepper_42/toolchain/linux_x86_newlib/bin/../lib/gcc/x86_64-nacl/4.4.3/../../../../x86_64-nacl/lib/../lib64/libnacl.a(write_fb49787f.o)
                0x000000000002c220                write
 .text          0x000000000002c2c0       0x40 /home/jfb/nacl_sdk/pepper_42/toolchain/linux_x86_newlib/bin/../lib/gcc/x86_64-nacl/4.4.3/../../../../x86_64-nacl/lib/../lib64/libnacl.a(abort_9f6b5845.o)
                0x000000000002c2c0                abort
 .text          0x000000000002c300       0x20 /home/jfb/nacl_sdk/pepper_42/toolchain/linux_x86_newlib/bin/../lib/gcc/x86_64-nacl/4.4.3/../../../../x86_64-nacl/lib/../lib64/libnacl.a(nacl_tls_get_d2f842b5.o)
                0x000000000002c300                nacl_tls_get
 .text          0x000000000002c320      0x260 /home/jfb/nacl_sdk/pepper_42/toolchain/linux_x86_newlib/bin/../lib/gcc/x86_64-nacl/4.4.3/../../../../x86_64-nacl/lib/../lib64/libnacl.a(nacl_irt_init_7b4f826e.o)
                0x000000000002c340                __libnacl_irt_init
 .text          0x000000000002c580       0xa0 /home/jfb/nacl_sdk/pepper_42/toolchain/linux_x86_newlib/bin/../lib/gcc/x86_64-nacl/4.4.3/../../../../x86_64-nacl/lib/../lib64/libnacl.a(sysconf_ad295ea2.o)
                0x000000000002c580                sysconf
 .text          0x000000000002c620       0x20 /home/jfb/nacl_sdk/pepper_42/toolchain/linux_x86_newlib/bin/../lib/gcc/x86_64-nacl/4.4.3/../../../../x86_64-nacl/lib/../lib64/libnacl.a(nacl_tls_init_eb0cd232.o)
                0x000000000002c620                nacl_tls_init
 .text          0x000000000002c640       0x20 /home/jfb/nacl_sdk/pepper_42/toolchain/linux_x86_newlib/bin/../lib/gcc/x86_64-nacl/4.4.3/../../../../x86_64-nacl/lib/../lib64/libcrt_common.a(lib_a-atexit.o)
                0x000000000002c640                atexit
 .text          0x000000000002c660       0x40 /home/jfb/nacl_sdk/pepper_42/toolchain/linux_x86_newlib/bin/../lib/gcc/x86_64-nacl/4.4.3/../../../../x86_64-nacl/lib/../lib64/libcrt_common.a(lib_a-errno.o)
                0x000000000002c660                __errno
 .text          0x000000000002c6a0       0x60 /home/jfb/nacl_sdk/pepper_42/toolchain/linux_x86_newlib/bin/../lib/gcc/x86_64-nacl/4.4.3/../../../../x86_64-nacl/lib/../lib64/libcrt_common.a(lib_a-exit.o)
                0x000000000002c6a0                exit
 .text          0x000000000002c700      0x600 /home/jfb/nacl_sdk/pepper_42/toolchain/linux_x86_newlib/bin/../lib/gcc/x86_64-nacl/4.4.3/../../../../x86_64-nacl/lib/../lib64/libcrt_common.a(lib_a-fflush.o)
                0x000000000002c700                __sflush_r
                0x000000000002cb20                _fflush_r
                0x000000000002cca0                fflush
 .text          0x000000000002cd00      0x7e0 /home/jfb/nacl_sdk/pepper_42/toolchain/linux_x86_newlib/bin/../lib/gcc/x86_64-nacl/4.4.3/../../../../x86_64-nacl/lib/../lib64/libcrt_common.a(lib_a-findfp.o)
                0x000000000002cd40                __sinit_lock_release
                0x000000000002cd60                __sfp_lock_release
                0x000000000002cd80                __fp_unlock_all
                0x000000000002ce20                __sinit_lock_acquire
                0x000000000002ce40                __sfp_lock_acquire
                0x000000000002ce60                __fp_lock_all
                0x000000000002cf80                __sinit
                0x000000000002d160                _cleanup_r
                0x000000000002d180                _cleanup
                0x000000000002d1a0                __sfmoreglue
                0x000000000002d240                __sfp
 .text          0x000000000002d4e0       0xa0 /home/jfb/nacl_sdk/pepper_42/toolchain/linux_x86_newlib/bin/../lib/gcc/x86_64-nacl/4.4.3/../../../../x86_64-nacl/lib/../lib64/libcrt_common.a(lib_a-fini.o)
                0x000000000002d4e0                __libc_fini_array
 .text          0x000000000002d580      0x1e0 /home/jfb/nacl_sdk/pepper_42/toolchain/linux_x86_newlib/bin/../lib/gcc/x86_64-nacl/4.4.3/../../../../x86_64-nacl/lib/../lib64/libcrt_common.a(lib_a-fprintf.o)
                0x000000000002d580                fprintf
                0x000000000002d6a0                _fprintf_r
 .text          0x000000000002d760      0x440 /home/jfb/nacl_sdk/pepper_42/toolchain/linux_x86_newlib/bin/../lib/gcc/x86_64-nacl/4.4.3/../../../../x86_64-nacl/lib/../lib64/libcrt_common.a(lib_a-fwalk.o)
                0x000000000002d760                _fwalk_reent
                0x000000000002d920                _fwalk
 .text          0x000000000002dba0      0x2e0 /home/jfb/nacl_sdk/pepper_42/toolchain/linux_x86_newlib/bin/../lib/gcc/x86_64-nacl/4.4.3/../../../../x86_64-nacl/lib/../lib64/libcrt_common.a(lib_a-fwrite.o)
                0x000000000002dba0                _fwrite_r
                0x000000000002de00                fwrite
 .text          0x000000000002de80       0xc0 /home/jfb/nacl_sdk/pepper_42/toolchain/linux_x86_newlib/bin/../lib/gcc/x86_64-nacl/4.4.3/../../../../x86_64-nacl/lib/../lib64/libcrt_common.a(lib_a-getenv.o)
                0x000000000002de80                getenv
                0x000000000002dee0                _findenv
 .text          0x000000000002df40      0x200 /home/jfb/nacl_sdk/pepper_42/toolchain/linux_x86_newlib/bin/../lib/gcc/x86_64-nacl/4.4.3/../../../../x86_64-nacl/lib/../lib64/libcrt_common.a(lib_a-getenv_r.o)
                0x000000000002df40                _findenv_r
                0x000000000002e100                _getenv_r
 .text          0x000000000002e140       0x80 /home/jfb/nacl_sdk/pepper_42/toolchain/linux_x86_newlib/bin/../lib/gcc/x86_64-nacl/4.4.3/../../../../x86_64-nacl/lib/../lib64/libcrt_common.a(lib_a-impure.o)
                0x000000000002e140                __newlib_thread_init
                0x000000000002e1a0                __newlib_thread_exit
 .text          0x000000000002e1c0      0x120 /home/jfb/nacl_sdk/pepper_42/toolchain/linux_x86_newlib/bin/../lib/gcc/x86_64-nacl/4.4.3/../../../../x86_64-nacl/lib/../lib64/libcrt_common.a(lib_a-init.o)
                0x000000000002e1c0                __libc_init_array
 .text          0x000000000002e2e0      0x200 /home/jfb/nacl_sdk/pepper_42/toolchain/linux_x86_newlib/bin/../lib/gcc/x86_64-nacl/4.4.3/../../../../x86_64-nacl/lib/../lib64/libcrt_common.a(lib_a-memcpy.o)
                0x000000000002e2e0                memcpy
 .text          0x000000000002e4e0      0x160 /home/jfb/nacl_sdk/pepper_42/toolchain/linux_x86_newlib/bin/../lib/gcc/x86_64-nacl/4.4.3/../../../../x86_64-nacl/lib/../lib64/libcrt_common.a(lib_a-memset.o)
                0x000000000002e4e0                memset
 .text          0x000000000002e640       0x80 /home/jfb/nacl_sdk/pepper_42/toolchain/linux_x86_newlib/bin/../lib/gcc/x86_64-nacl/4.4.3/../../../../x86_64-nacl/lib/../lib64/libcrt_common.a(lib_a-sleep.o)
                0x000000000002e640                sleep
 .text          0x000000000002e6c0      0x1c0 /home/jfb/nacl_sdk/pepper_42/toolchain/linux_x86_newlib/bin/../lib/gcc/x86_64-nacl/4.4.3/../../../../x86_64-nacl/lib/../lib64/libcrt_common.a(lib_a-stdio.o)
                0x000000000002e6c0                __seofread
                0x000000000002e6e0                __sclose
                0x000000000002e700                __sseek
                0x000000000002e780                __swrite
                0x000000000002e820                __sread
 .text          0x000000000002e880       0xe0 /home/jfb/nacl_sdk/pepper_42/toolchain/linux_x86_newlib/bin/../lib/gcc/x86_64-nacl/4.4.3/../../../../x86_64-nacl/lib/../lib64/libcrt_common.a(lib_a-strcat.o)
                0x000000000002e880                strcat
 .text          0x000000000002e960       0xc0 /home/jfb/nacl_sdk/pepper_42/toolchain/linux_x86_newlib/bin/../lib/gcc/x86_64-nacl/4.4.3/../../../../x86_64-nacl/lib/../lib64/libcrt_common.a(lib_a-strcpy.o)
                0x000000000002e960                strcpy
 .text          0x000000000002ea20      0x140 /home/jfb/nacl_sdk/pepper_42/toolchain/linux_x86_newlib/bin/../lib/gcc/x86_64-nacl/4.4.3/../../../../x86_64-nacl/lib/../lib64/libcrt_common.a(lib_a-strlen.o)
                0x000000000002ea20                strlen
 .text          0x000000000002eb60      0x120 /home/jfb/nacl_sdk/pepper_42/toolchain/linux_x86_newlib/bin/../lib/gcc/x86_64-nacl/4.4.3/../../../../x86_64-nacl/lib/../lib64/libcrt_common.a(lib_a-strncmp.o)
                0x000000000002eb60                strncmp
 .text          0x000000000002ec80     0x5ca0 /home/jfb/nacl_sdk/pepper_42/toolchain/linux_x86_newlib/bin/../lib/gcc/x86_64-nacl/4.4.3/../../../../x86_64-nacl/lib/../lib64/libcrt_common.a(lib_a-vfprintf.o)
                0x000000000002ec80                _vfprintf_r
                0x00000000000348a0                vfprintf
 .text          0x0000000000034920      0x180 /home/jfb/nacl_sdk/pepper_42/toolchain/linux_x86_newlib/bin/../lib/gcc/x86_64-nacl/4.4.3/../../../../x86_64-nacl/lib/../lib64/libcrt_common.a(lib_a-vsnprintf.o)
                0x0000000000034920                _vsnprintf_r
                0x0000000000034a20                vsnprintf
 .text          0x0000000000034aa0      0x100 /home/jfb/nacl_sdk/pepper_42/toolchain/linux_x86_newlib/bin/../lib/gcc/x86_64-nacl/4.4.3/../../../../x86_64-nacl/lib/../lib64/libcrt_common.a(lib_a-vsprintf.o)
                0x0000000000034aa0                _vsprintf_r
                0x0000000000034b20                vsprintf
 .text          0x0000000000034ba0      0x2a0 /home/jfb/nacl_sdk/pepper_42/toolchain/linux_x86_newlib/bin/../lib/gcc/x86_64-nacl/4.4.3/../../../../x86_64-nacl/lib/../lib64/libcrt_common.a(lib_a-wcrtomb.o)
                0x0000000000034ba0                wcrtomb
                0x0000000000034d00                _wcrtomb_r
 .text          0x0000000000034e40       0xa0 /home/jfb/nacl_sdk/pepper_42/toolchain/linux_x86_newlib/bin/../lib/gcc/x86_64-nacl/4.4.3/../../../../x86_64-nacl/lib/../lib64/libcrt_common.a(lib_a-wcsrtombs.o)
                0x0000000000034e40                wcsrtombs
                0x0000000000034ec0                _wcsrtombs_r
 .text          0x0000000000034ee0      0x5e0 /home/jfb/nacl_sdk/pepper_42/toolchain/linux_x86_newlib/bin/../lib/gcc/x86_64-nacl/4.4.3/../../../../x86_64-nacl/lib/../lib64/libcrt_common.a(lib_a-wctomb_r.o)
                0x0000000000034ee0                __ascii_wctomb
                0x0000000000034f40                __utf8_wctomb
                0x00000000000350e0                __sjis_wctomb
                0x00000000000351c0                __eucjp_wctomb
                0x0000000000035300                __jis_wctomb
                0x0000000000035440                _wctomb_r
 .text          0x00000000000354c0      0x340 /home/jfb/nacl_sdk/pepper_42/toolchain/linux_x86_newlib/bin/../lib/gcc/x86_64-nacl/4.4.3/../../../../x86_64-nacl/lib/../lib64/libcrt_common.a(lib_a-wsetup.o)
                0x00000000000354c0                __swsetup_r
 .text          0x0000000000035800      0x2e0 /home/jfb/nacl_sdk/pepper_42/toolchain/linux_x86_newlib/bin/../lib/gcc/x86_64-nacl/4.4.3/../../../../x86_64-nacl/lib/../lib64/libcrt_common.a(lib_a-__atexit.o)
                0x0000000000035800                __register_exitproc
 .text          0x0000000000035ae0      0x380 /home/jfb/nacl_sdk/pepper_42/toolchain/linux_x86_newlib/bin/../lib/gcc/x86_64-nacl/4.4.3/../../../../x86_64-nacl/lib/../lib64/libcrt_common.a(lib_a-__call_atexit.o)
                0x0000000000035ae0                __call_exitprocs
 .text          0x0000000000035e60     0x23a0 /home/jfb/nacl_sdk/pepper_42/toolchain/linux_x86_newlib/bin/../lib/gcc/x86_64-nacl/4.4.3/../../../../x86_64-nacl/lib/../lib64/libcrt_common.a(lib_a-dtoa.o)
                0x00000000000361c0                _dtoa_r
 .text          0x0000000000038200       0x40 /home/jfb/nacl_sdk/pepper_42/toolchain/linux_x86_newlib/bin/../lib/gcc/x86_64-nacl/4.4.3/../../../../x86_64-nacl/lib/../lib64/libcrt_common.a(lib_a-envlock.o)
                0x0000000000038200                __env_unlock
                0x0000000000038220                __env_lock
 .text          0x0000000000038240      0x360 /home/jfb/nacl_sdk/pepper_42/toolchain/linux_x86_newlib/bin/../lib/gcc/x86_64-nacl/4.4.3/../../../../x86_64-nacl/lib/../lib64/libcrt_common.a(lib_a-fclose.o)
                0x0000000000038240                _fclose_r
                0x0000000000038560                fclose
 .text          0x00000000000385a0      0x940 /home/jfb/nacl_sdk/pepper_42/toolchain/linux_x86_newlib/bin/../lib/gcc/x86_64-nacl/4.4.3/../../../../x86_64-nacl/lib/../lib64/libcrt_common.a(lib_a-fvwrite.o)
                0x00000000000385a0                __sfvwrite_r
 .text          0x0000000000038ee0     0x1840 /home/jfb/nacl_sdk/pepper_42/toolchain/linux_x86_newlib/bin/../lib/gcc/x86_64-nacl/4.4.3/../../../../x86_64-nacl/lib/../lib64/libcrt_common.a(lib_a-locale.o)
                0x0000000000038ee0                __locale_charset
                0x0000000000038f00                __locale_mb_cur_max
                0x0000000000038f20                __locale_msgcharset
                0x0000000000038f40                __locale_cjk_lang
                0x0000000000038f60                _localeconv_r
                0x0000000000038f80                localeconv
                0x000000000003a000                _setlocale_r
                0x000000000003a6c0                setlocale
 .text          0x000000000003a720      0x280 /home/jfb/nacl_sdk/pepper_42/toolchain/linux_x86_newlib/bin/../lib/gcc/x86_64-nacl/4.4.3/../../../../x86_64-nacl/lib/../lib64/libcrt_common.a(lib_a-makebuf.o)
                0x000000000003a720                __smakebuf_r
 .text          0x000000000003a9a0      0xea0 /home/jfb/nacl_sdk/pepper_42/toolchain/linux_x86_newlib/bin/../lib/gcc/x86_64-nacl/4.4.3/../../../../x86_64-nacl/lib/../lib64/libcrt_common.a(lib_a-mbtowc_r.o)
                0x000000000003a9a0                __ascii_mbtowc
                0x000000000003aa20                __utf8_mbtowc
                0x000000000003b0c0                __sjis_mbtowc
                0x000000000003b280                __eucjp_mbtowc
                0x000000000003b500                __jis_mbtowc
                0x000000000003b7c0                _mbtowc_r
 .text          0x000000000003b840      0x180 /home/jfb/nacl_sdk/pepper_42/toolchain/linux_x86_newlib/bin/../lib/gcc/x86_64-nacl/4.4.3/../../../../x86_64-nacl/lib/../lib64/libcrt_common.a(lib_a-memchr.o)
                0x000000000003b840                memchr
 .text          0x000000000003b9c0      0x1c0 /home/jfb/nacl_sdk/pepper_42/toolchain/linux_x86_newlib/bin/../lib/gcc/x86_64-nacl/4.4.3/../../../../x86_64-nacl/lib/../lib64/libcrt_common.a(lib_a-memmove.o)
                0x000000000003b9c0                memmove
 .text          0x000000000003bb80     0x1a20 /home/jfb/nacl_sdk/pepper_42/toolchain/linux_x86_newlib/bin/../lib/gcc/x86_64-nacl/4.4.3/../../../../x86_64-nacl/lib/../lib64/libcrt_common.a(lib_a-mprec.o)
                0x000000000003bb80                _Bfree
                0x000000000003bbe0                __hi0bits
                0x000000000003bca0                __lo0bits
                0x000000000003be00                __mcmp
                0x000000000003bea0                __ulp
                0x000000000003bf80                __b2d
                0x000000000003c140                __ratio
                0x000000000003c280                _mprec_log10
                0x000000000003c2e0                __copybits
                0x000000000003c3c0                __any_on
                0x000000000003c4e0                _Balloc
                0x000000000003c600                __d2b
                0x000000000003c860                __mdiff
                0x000000000003cae0                __lshift
                0x000000000003ccc0                __multiply
                0x000000000003d000                __i2b
                0x000000000003d060                __multadd
                0x000000000003d200                __pow5mult
                0x000000000003d400                __s2b
 .text          0x000000000003d5a0      0x140 /home/jfb/nacl_sdk/pepper_42/toolchain/linux_x86_newlib/bin/../lib/gcc/x86_64-nacl/4.4.3/../../../../x86_64-nacl/lib/../lib64/libcrt_common.a(lib_a-s_fpclassify.o)
                0x000000000003d5a0                __fpclassifyd
 .text          0x000000000003d6e0      0x120 /home/jfb/nacl_sdk/pepper_42/toolchain/linux_x86_newlib/bin/../lib/gcc/x86_64-nacl/4.4.3/../../../../x86_64-nacl/lib/../lib64/libcrt_common.a(lib_a-s_frexp.o)
                0x000000000003d6e0                frexp
 .text          0x000000000003d800       0xc0 /home/jfb/nacl_sdk/pepper_42/toolchain/linux_x86_newlib/bin/../lib/gcc/x86_64-nacl/4.4.3/../../../../x86_64-nacl/lib/../lib64/libcrt_common.a(lib_a-strcasecmp.o)
                0x000000000003d800                strcasecmp
 .text          0x000000000003d8c0      0x220 /home/jfb/nacl_sdk/pepper_42/toolchain/linux_x86_newlib/bin/../lib/gcc/x86_64-nacl/4.4.3/../../../../x86_64-nacl/lib/../lib64/libcrt_common.a(lib_a-strchr.o)
                0x000000000003d8c0                strchr
 .text          0x000000000003dae0      0x100 /home/jfb/nacl_sdk/pepper_42/toolchain/linux_x86_newlib/bin/../lib/gcc/x86_64-nacl/4.4.3/../../../../x86_64-nacl/lib/../lib64/libcrt_common.a(lib_a-strcmp.o)
                0x000000000003dae0                strcmp
 .text          0x000000000003dbe0       0xe0 /home/jfb/nacl_sdk/pepper_42/toolchain/linux_x86_newlib/bin/../lib/gcc/x86_64-nacl/4.4.3/../../../../x86_64-nacl/lib/../lib64/libcrt_common.a(lib_a-strlcpy.o)
                0x000000000003dbe0                strlcpy
 .text          0x000000000003dcc0       0xc0 /home/jfb/nacl_sdk/pepper_42/toolchain/linux_x86_newlib/bin/../lib/gcc/x86_64-nacl/4.4.3/../../../../x86_64-nacl/lib/../lib64/libcrt_common.a(lib_a-strncasecmp.o)
                0x000000000003dcc0                strncasecmp
 .text          0x000000000003dd80      0x1a0 /home/jfb/nacl_sdk/pepper_42/toolchain/linux_x86_newlib/bin/../lib/gcc/x86_64-nacl/4.4.3/../../../../x86_64-nacl/lib/../lib64/libcrt_common.a(lib_a-strncpy.o)
                0x000000000003dd80                strncpy
 .text          0x000000000003df20      0x380 /home/jfb/nacl_sdk/pepper_42/toolchain/linux_x86_newlib/bin/../lib/gcc/x86_64-nacl/4.4.3/../../../../x86_64-nacl/lib/../lib64/libcrt_common.a(lib_a-strtol.o)
                0x000000000003df20                _strtol_r
                0x000000000003e220                strtol
 .text          0x000000000003e2a0     0x57e0 /home/jfb/nacl_sdk/pepper_42/toolchain/linux_x86_newlib/bin/../lib/gcc/x86_64-nacl/4.4.3/../../../../x86_64-nacl/lib/../lib64/libcrt_common.a(lib_a-svfprintf.o)
                0x000000000003e2a0                _svfprintf_r
 .text          0x0000000000043a80     0x3640 /home/jfb/nacl_sdk/pepper_42/toolchain/linux_x86_newlib/bin/../lib/gcc/x86_64-nacl/4.4.3/../../../../x86_64-nacl/lib/../lib64/libcrt_common.a(lib_a-vfiprintf.o)
                0x0000000000043a80                __sprint_r
                0x0000000000043c80                _vfiprintf_r
                0x0000000000047040                vfiprintf
 .text          0x00000000000470c0      0x360 /home/jfb/nacl_sdk/pepper_42/toolchain/linux_x86_newlib/bin/../lib/gcc/x86_64-nacl/4.4.3/../../../../x86_64-nacl/lib/../lib64/libcrt_common.a(lib_a-wcsnrtombs.o)
                0x00000000000470c0                _wcsnrtombs_r
                0x00000000000473a0                wcsnrtombs
 .text          0x0000000000047420       0x20 /home/jfb/nacl_sdk/pepper_42/toolchain/linux_x86_newlib/bin/../lib/gcc/x86_64-nacl/4.4.3/../../../../x86_64-nacl/lib/../lib64/libcrt_common.a(lib_a-ctype_.o)
                0x0000000000047420                __set_ctype
 .text          0x0000000000047440      0x400 /home/jfb/nacl_sdk/pepper_42/toolchain/linux_x86_newlib/bin/../lib/gcc/x86_64-nacl/4.4.3/../../../../x86_64-nacl/lib/../lib64/libcrt_common.a(lib_a-fputwc.o)
                0x0000000000047440                _fputwc_r
                0x00000000000477a0                fputwc
 .text          0x0000000000047840     0x32e0 /home/jfb/nacl_sdk/pepper_42/toolchain/linux_x86_newlib/bin/../lib/gcc/x86_64-nacl/4.4.3/../../../../x86_64-nacl/lib/../lib64/libcrt_common.a(lib_a-svfiprintf.o)
                0x0000000000047840                __ssprint_r
                0x0000000000047c40                _svfiprintf_r
 .text          0x000000000004ab20      0x300 /home/jfb/nacl_sdk/pepper_42/toolchain/linux_x86_newlib/bin/../lib/gcc/x86_64-nacl/4.4.3/../../../../x86_64-nacl/lib/../lib64/libcrt_common.a(lib_a-wbuf.o)
                0x000000000004ab20                __swbuf_r
                0x000000000004adc0                __swbuf
 .text          0x000000000004ae20       0xa0 /home/jfb/nacl_sdk/pepper_42/toolchain/linux_x86_newlib/bin/../lib/gcc/x86_64-nacl/4.4.3/../../../../x86_64-nacl/lib/../lib64/libnacl.a(close_e9b92fbd.o)
                0x000000000004ae20                close
 .text          0x000000000004aec0       0xe0 /home/jfb/nacl_sdk/pepper_42/toolchain/linux_x86_newlib/bin/../lib/gcc/x86_64-nacl/4.4.3/../../../../x86_64-nacl/lib/../lib64/libnacl.a(isatty_02f56e94.o)
                0x000000000004aec0                isatty
 .text          0x000000000004afa0       0xa0 /home/jfb/nacl_sdk/pepper_42/toolchain/linux_x86_newlib/bin/../lib/gcc/x86_64-nacl/4.4.3/../../../../x86_64-nacl/lib/../lib64/libnacl.a(nacl_irt_fdio_b571b5e7.o)
                0x000000000004afa0                __libnacl_irt_dev_fdio_init
 .text          0x000000000004b040       0xa0 /home/jfb/nacl_sdk/pepper_42/toolchain/linux_x86_newlib/bin/../lib/gcc/x86_64-nacl/4.4.3/../../../../x86_64-nacl/lib/../lib64/libnacl.a(fstat_0540ff63.o)
                0x000000000004b040                fstat
 .text          0x000000000004b0e0       0xa0 /home/jfb/nacl_sdk/pepper_42/toolchain/linux_x86_newlib/bin/../lib/gcc/x86_64-nacl/4.4.3/../../../../x86_64-nacl/lib/../lib64/libnacl.a(lseek_64d2d05c.o)
                0x000000000004b0e0                lseek
 .text          0x000000000004b180       0xa0 /home/jfb/nacl_sdk/pepper_42/toolchain/linux_x86_newlib/bin/../lib/gcc/x86_64-nacl/4.4.3/../../../../x86_64-nacl/lib/../lib64/libnacl.a(read_df872e10.o)
                0x000000000004b180                read
 .text          0x000000000004b220       0xa0 /home/jfb/nacl_sdk/pepper_42/toolchain/linux_x86_newlib/bin/../lib/gcc/x86_64-nacl/4.4.3/../../../../x86_64-nacl/lib/../lib64/libnacl.a(nanosleep_e59fdef1.o)
                0x000000000004b220                nanosleep
 .text          0x000000000004b2c0       0x80 /home/jfb/nacl_sdk/pepper_42/toolchain/linux_x86_newlib/bin/../lib/gcc/x86_64-nacl/4.4.3/crtend.o
 .text          0x000000000004b340        0x0 /home/jfb/nacl_sdk/pepper_42/toolchain/linux_x86_newlib/bin/../lib/gcc/x86_64-nacl/4.4.3/../../../../x86_64-nacl/lib/../lib64/crtn.o
 *(.gnu.warning)

.fini           0x000000000004b340       0x60
 *(SORT(.fini))
 .fini          0x000000000004b340       0x20 /home/jfb/nacl_sdk/pepper_42/toolchain/linux_x86_newlib/bin/../lib/gcc/x86_64-nacl/4.4.3/../../../../x86_64-nacl/lib/../lib64/crti.o
                0x000000000004b340                _fini
 .fini          0x000000000004b360       0x20 /home/jfb/nacl_sdk/pepper_42/toolchain/linux_x86_newlib/bin/../lib/gcc/x86_64-nacl/4.4.3/crtbegin.o
 .fini          0x000000000004b380       0x20 /home/jfb/nacl_sdk/pepper_42/toolchain/linux_x86_newlib/bin/../lib/gcc/x86_64-nacl/4.4.3/../../../../x86_64-nacl/lib/../lib64/crtn.o
                0x000000000004b3a0                PROVIDE (__etext, .)
                0x000000000004b3a0                PROVIDE (_etext, .)
                0x000000000004b3a0                PROVIDE (etext, .)
                0x00000000100201c8                . = (0x10020000 + SIZEOF_HEADERS)

.interp
 *(.interp)

.note.gnu.build-id
                0x00000000100201c8       0x24
 *(.note.gnu.build-id)
 .note.gnu.build-id
                0x00000000100201c8       0x24 /home/jfb/nacl_sdk/pepper_42/toolchain/linux_x86_newlib/bin/../lib/gcc/x86_64-nacl/4.4.3/../../../../x86_64-nacl/lib/../lib64/crti.o

.hash
 *(.hash)

.gnu.hash
 *(.gnu.hash)

.dynsym
 *(.dynsym)

.dynstr
 *(.dynstr)

.gnu.version
 *(.gnu.version)

.gnu.version_d
 *(.gnu.version_d)

.gnu.version_r
 *(.gnu.version_r)

.rela.dyn       0x00000000100201f0        0x0
 *(.rela.init)
 *(.rela.text .rela.text.* .rela.gnu.linkonce.t.*)
 .rela.text     0x0000000000000000        0x0 /home/jfb/nacl_sdk/pepper_42/toolchain/linux_x86_newlib/bin/../lib/gcc/x86_64-nacl/4.4.3/crtbegin.o
 *(.rela.fini)
 *(.rela.rodata .rela.rodata.* .rela.gnu.linkonce.r.*)
 *(.rela.data .rela.data.* .rela.gnu.linkonce.d.*)
 *(.rela.tdata .rela.tdata.* .rela.gnu.linkonce.td.*)
 *(.rela.tbss .rela.tbss.* .rela.gnu.linkonce.tb.*)
 *(.rela.ctors)
 *(.rela.dtors)
 *(.rela.got)
 .rela.got      0x0000000000000000        0x0 /home/jfb/nacl_sdk/pepper_42/toolchain/linux_x86_newlib/bin/../lib/gcc/x86_64-nacl/4.4.3/crtbegin.o
 *(.rela.bss .rela.bss.* .rela.gnu.linkonce.b.*)
 *(.rela.ldata .rela.ldata.* .rela.gnu.linkonce.l.*)
 *(.rela.lbss .rela.lbss.* .rela.gnu.linkonce.lb.*)
 *(.rela.lrodata .rela.lrodata.* .rela.gnu.linkonce.lr.*)
 *(.rela.ifunc)

.rela.plt       0x00000000100201f0        0x0
 *(.rela.plt)
                0x00000000100201f0                PROVIDE (__rela_iplt_start, .)
 *(.rela.iplt)
 .rela.iplt     0x0000000000000000        0x0 /home/jfb/nacl_sdk/pepper_42/toolchain/linux_x86_newlib/bin/../lib/gcc/x86_64-nacl/4.4.3/crtbegin.o
                0x00000000100201f0                PROVIDE (__rela_iplt_end, .)

.rodata         0x0000000010020200     0x1b36
 *(.rodata .rodata.* .gnu.linkonce.r.*)
 .rodata.str1.1
                0x0000000010020200       0x9e newlib/Release/debugging_x86_64.o
 *fill*         0x000000001002029e        0x2 
 .rodata.str1.8
                0x00000000100202a0       0x38 newlib/Release/debugging_x86_64.o
 .rodata.str1.8
                0x00000000100202d8      0x133 /home/jfb/nacl_sdk/pepper_42//lib/newlib_x86_64/Release/liberror_handling.a(error_handling_x86_64.o)
 .rodata.str1.1
                0x000000001002040b       0x9c /home/jfb/nacl_sdk/pepper_42//lib/newlib_x86_64/Release/liberror_handling.a(error_handling_x86_64.o)
                                         0xa3 (size before relaxing)
 *fill*         0x00000000100204a7        0x1 
 .rodata        0x00000000100204a8        0xc /home/jfb/nacl_sdk/pepper_42/toolchain/linux_x86_newlib/bin/../lib/gcc/x86_64-nacl/4.4.3/../../../../x86_64-nacl/lib/../lib64/libppapi_stub.a(ppapi_plugin_main_399d0cf7.o)
 *fill*         0x00000000100204b4        0x4 
 .rodata.str1.8
                0x00000000100204b8       0x99 /home/jfb/nacl_sdk/pepper_42/toolchain/linux_x86_newlib/bin/../lib/gcc/x86_64-nacl/4.4.3/../../../../x86_64-nacl/lib/../lib64/libppapi_stub.a(ppapi_plugin_start_8da67623.o)
 .rodata.str1.1
                0x0000000010020551       0x17 /home/jfb/nacl_sdk/pepper_42/toolchain/linux_x86_newlib/bin/../lib/gcc/x86_64-nacl/4.4.3/../../../../x86_64-nacl/lib/../lib64/libppapi_stub.a(ppapi_plugin_start_8da67623.o)
 .rodata        0x0000000010020568        0x8 /home/jfb/nacl_sdk/pepper_42/toolchain/linux_x86_newlib/bin/../lib/gcc/x86_64-nacl/4.4.3/../../../../x86_64-nacl/lib/../lib64/libppapi_stub.a(thread_creator_ccf263e1.o)
 .rodata.str1.1
                0x0000000010020570        0xc /home/jfb/nacl_sdk/pepper_42/toolchain/linux_x86_newlib/bin/../lib/gcc/x86_64-nacl/4.4.3/../../../../x86_64-nacl/lib/../lib64/libpthread.a(nc_thread_7e478b15.o)
 .rodata        0x000000001002057c        0x4 /home/jfb/nacl_sdk/pepper_42/toolchain/linux_x86_newlib/bin/../lib/gcc/x86_64-nacl/4.4.3/../../../../x86_64-nacl/lib/../lib64/libpthread.a(nc_thread_7e478b15.o)
                0x000000001002057c                __nc_kMaxCachedMemoryBlocks
 .rodata.str1.1
                0x0000000010020580       0x14 /home/jfb/nacl_sdk/pepper_42/toolchain/linux_x86_newlib/bin/../lib/gcc/x86_64-nacl/4.4.3/../../../../x86_64-nacl/lib/../lib64/libpthread.a(dynamic_annotations_33ba59cc.o)
                                         0x16 (size before relaxing)
 .rodata.str1.1
                0x0000000010020594       0x27 /home/jfb/nacl_sdk/pepper_42/toolchain/linux_x86_newlib/bin/../lib/gcc/x86_64-nacl/4.4.3/../../../../x86_64-nacl/lib/../lib64/libpthread.a(nc_init_irt_d3daafc0.o)
 .rodata.str1.1
                0x00000000100205bb       0x4e /home/jfb/nacl_sdk/pepper_42/toolchain/linux_x86_newlib/bin/../lib/gcc/x86_64-nacl/4.4.3/../../../../x86_64-nacl/lib/../lib64/libnacl.a(malloc_222c4a1e.o)
 *fill*         0x0000000010020609        0x7 
 .rodata.str1.8
                0x0000000010020610       0x60 /home/jfb/nacl_sdk/pepper_42/toolchain/linux_x86_newlib/bin/../lib/gcc/x86_64-nacl/4.4.3/../../../../x86_64-nacl/lib/../lib64/libnacl.a(nacl_irt_6de1d53f.o)
                                         0x5c (size before relaxing)
 .rodata        0x0000000010020670       0x13 /home/jfb/nacl_sdk/pepper_42/toolchain/linux_x86_newlib/bin/../lib/gcc/x86_64-nacl/4.4.3/../../../../x86_64-nacl/lib/../lib64/libnacl.a(abort_9f6b5845.o)
 .rodata.str1.1
                0x0000000010020683       0x88 /home/jfb/nacl_sdk/pepper_42/toolchain/linux_x86_newlib/bin/../lib/gcc/x86_64-nacl/4.4.3/../../../../x86_64-nacl/lib/../lib64/libnacl.a(nacl_irt_init_7b4f826e.o)
 *fill*         0x000000001002070b        0x1 
 .rodata        0x000000001002070c        0x4 /home/jfb/nacl_sdk/pepper_42/toolchain/linux_x86_newlib/bin/../lib/gcc/x86_64-nacl/4.4.3/../../../../x86_64-nacl/lib/../lib64/libcrt_common.a(lib_a-impure.o)
                0x000000001002070c                _global_impure_ptr
 .rodata.str1.1
                0x0000000000000000       0x88 /home/jfb/nacl_sdk/pepper_42/toolchain/linux_x86_newlib/bin/../lib/gcc/x86_64-nacl/4.4.3/../../../../x86_64-nacl/lib/../lib64/libcrt_common.a(lib_a-impure.o)
                                          0x2 (size before relaxing)
 .rodata.str1.1
                0x0000000010020710       0x39 /home/jfb/nacl_sdk/pepper_42/toolchain/linux_x86_newlib/bin/../lib/gcc/x86_64-nacl/4.4.3/../../../../x86_64-nacl/lib/../lib64/libcrt_common.a(lib_a-vfprintf.o)
                                         0x3b (size before relaxing)
 *fill*         0x0000000010020749        0x7 
 .rodata        0x0000000010020750      0x300 /home/jfb/nacl_sdk/pepper_42/toolchain/linux_x86_newlib/bin/../lib/gcc/x86_64-nacl/4.4.3/../../../../x86_64-nacl/lib/../lib64/libcrt_common.a(lib_a-vfprintf.o)
 .rodata.cst8   0x0000000010020a50       0x20 /home/jfb/nacl_sdk/pepper_42/toolchain/linux_x86_newlib/bin/../lib/gcc/x86_64-nacl/4.4.3/../../../../x86_64-nacl/lib/../lib64/libcrt_common.a(lib_a-vfprintf.o)
 .rodata.cst16  0x0000000010020a70       0x10 /home/jfb/nacl_sdk/pepper_42/toolchain/linux_x86_newlib/bin/../lib/gcc/x86_64-nacl/4.4.3/../../../../x86_64-nacl/lib/../lib64/libcrt_common.a(lib_a-vfprintf.o)
 .rodata.str1.1
                0x0000000010020a80        0xd /home/jfb/nacl_sdk/pepper_42/toolchain/linux_x86_newlib/bin/../lib/gcc/x86_64-nacl/4.4.3/../../../../x86_64-nacl/lib/../lib64/libcrt_common.a(lib_a-dtoa.o)
                                          0xf (size before relaxing)
 *fill*         0x0000000010020a8d        0x3 
 .rodata.cst8   0x0000000010020a90       0x40 /home/jfb/nacl_sdk/pepper_42/toolchain/linux_x86_newlib/bin/../lib/gcc/x86_64-nacl/4.4.3/../../../../x86_64-nacl/lib/../lib64/libcrt_common.a(lib_a-dtoa.o)
                                         0x48 (size before relaxing)
 .rodata.cst16  0x0000000000000000       0x10 /home/jfb/nacl_sdk/pepper_42/toolchain/linux_x86_newlib/bin/../lib/gcc/x86_64-nacl/4.4.3/../../../../x86_64-nacl/lib/../lib64/libcrt_common.a(lib_a-dtoa.o)
 .rodata.str1.1
                0x0000000010020ad0       0xe8 /home/jfb/nacl_sdk/pepper_42/toolchain/linux_x86_newlib/bin/../lib/gcc/x86_64-nacl/4.4.3/../../../../x86_64-nacl/lib/../lib64/libcrt_common.a(lib_a-locale.o)
                                         0xf4 (size before relaxing)
 *fill*         0x0000000010020bb8        0x8 
 .rodata        0x0000000010020bc0      0x1cc /home/jfb/nacl_sdk/pepper_42/toolchain/linux_x86_newlib/bin/../lib/gcc/x86_64-nacl/4.4.3/../../../../x86_64-nacl/lib/../lib64/libcrt_common.a(lib_a-locale.o)
 *fill*         0x0000000010020d8c       0x14 
 .rodata        0x0000000010020da0      0x280 /home/jfb/nacl_sdk/pepper_42/toolchain/linux_x86_newlib/bin/../lib/gcc/x86_64-nacl/4.4.3/../../../../x86_64-nacl/lib/../lib64/libcrt_common.a(lib_a-mbtowc_r.o)
 .rodata        0x0000000010021020      0x154 /home/jfb/nacl_sdk/pepper_42/toolchain/linux_x86_newlib/bin/../lib/gcc/x86_64-nacl/4.4.3/../../../../x86_64-nacl/lib/../lib64/libcrt_common.a(lib_a-mprec.o)
                0x0000000010021020                __mprec_tens
                0x0000000010021100                __mprec_bigtens
                0x0000000010021140                __mprec_tinytens
 .rodata.cst8   0x0000000000000000       0x10 /home/jfb/nacl_sdk/pepper_42/toolchain/linux_x86_newlib/bin/../lib/gcc/x86_64-nacl/4.4.3/../../../../x86_64-nacl/lib/../lib64/libcrt_common.a(lib_a-mprec.o)
 *fill*         0x0000000010021174        0x4 
 .rodata.cst8   0x0000000010021178        0x8 /home/jfb/nacl_sdk/pepper_42/toolchain/linux_x86_newlib/bin/../lib/gcc/x86_64-nacl/4.4.3/../../../../x86_64-nacl/lib/../lib64/libcrt_common.a(lib_a-s_frexp.o)
 .rodata.str1.1
                0x0000000000000000       0x3b /home/jfb/nacl_sdk/pepper_42/toolchain/linux_x86_newlib/bin/../lib/gcc/x86_64-nacl/4.4.3/../../../../x86_64-nacl/lib/../lib64/libcrt_common.a(lib_a-svfprintf.o)
 .rodata        0x0000000010021180      0x300 /home/jfb/nacl_sdk/pepper_42/toolchain/linux_x86_newlib/bin/../lib/gcc/x86_64-nacl/4.4.3/../../../../x86_64-nacl/lib/../lib64/libcrt_common.a(lib_a-svfprintf.o)
 .rodata.cst8   0x0000000000000000       0x20 /home/jfb/nacl_sdk/pepper_42/toolchain/linux_x86_newlib/bin/../lib/gcc/x86_64-nacl/4.4.3/../../../../x86_64-nacl/lib/../lib64/libcrt_common.a(lib_a-svfprintf.o)
 .rodata.cst16  0x0000000000000000       0x10 /home/jfb/nacl_sdk/pepper_42/toolchain/linux_x86_newlib/bin/../lib/gcc/x86_64-nacl/4.4.3/../../../../x86_64-nacl/lib/../lib64/libcrt_common.a(lib_a-svfprintf.o)
 .rodata.str1.1
                0x0000000000000000       0x29 /home/jfb/nacl_sdk/pepper_42/toolchain/linux_x86_newlib/bin/../lib/gcc/x86_64-nacl/4.4.3/../../../../x86_64-nacl/lib/../lib64/libcrt_common.a(lib_a-vfiprintf.o)
 .rodata        0x0000000010021480      0x300 /home/jfb/nacl_sdk/pepper_42/toolchain/linux_x86_newlib/bin/../lib/gcc/x86_64-nacl/4.4.3/../../../../x86_64-nacl/lib/../lib64/libcrt_common.a(lib_a-vfiprintf.o)
 .rodata        0x0000000010021780      0x2a0 /home/jfb/nacl_sdk/pepper_42/toolchain/linux_x86_newlib/bin/../lib/gcc/x86_64-nacl/4.4.3/../../../../x86_64-nacl/lib/../lib64/libcrt_common.a(lib_a-ctype_.o)
                0x0000000010021780                _ctype_
 .rodata.str1.1
                0x0000000000000000       0x29 /home/jfb/nacl_sdk/pepper_42/toolchain/linux_x86_newlib/bin/../lib/gcc/x86_64-nacl/4.4.3/../../../../x86_64-nacl/lib/../lib64/libcrt_common.a(lib_a-svfiprintf.o)
 .rodata        0x0000000010021a20      0x300 /home/jfb/nacl_sdk/pepper_42/toolchain/linux_x86_newlib/bin/../lib/gcc/x86_64-nacl/4.4.3/../../../../x86_64-nacl/lib/../lib64/libcrt_common.a(lib_a-svfiprintf.o)
 .rodata.str1.1
                0x0000000010021d20       0x16 /home/jfb/nacl_sdk/pepper_42/toolchain/linux_x86_newlib/bin/../lib/gcc/x86_64-nacl/4.4.3/../../../../x86_64-nacl/lib/../lib64/libnacl.a(nacl_irt_fdio_b571b5e7.o)
                                         0x3e (size before relaxing)

.rodata1
 *(.rodata1)

.eh_frame_hdr   0x0000000010021d38      0xaa4
 *(.eh_frame_hdr)
 .eh_frame_hdr  0x0000000010021d38      0xaa4 newlib/Release/debugging_x86_64.o

.eh_frame       0x00000000100227e0     0x25cc
 *(.eh_frame)
 .eh_frame      0x00000000100227e0        0x0 /home/jfb/nacl_sdk/pepper_42/toolchain/linux_x86_newlib/bin/../lib/gcc/x86_64-nacl/4.4.3/crtbegin.o
 .eh_frame      0x00000000100227e0      0x238 newlib/Release/debugging_x86_64.o
                                        0x200 (size before relaxing)
 .eh_frame      0x0000000010022a18       0xd8 /home/jfb/nacl_sdk/pepper_42//lib/newlib_x86_64/Release/liberror_handling.a(error_handling_x86_64.o)
                                         0xe0 (size before relaxing)
 .eh_frame      0x0000000010022af0       0x68 /home/jfb/nacl_sdk/pepper_42//lib/newlib_x86_64/Release/liberror_handling.a(string_stream_x86_64.o)
                                         0x80 (size before relaxing)
 .eh_frame      0x0000000010022b58       0x18 /home/jfb/nacl_sdk/pepper_42/toolchain/linux_x86_newlib/bin/../lib/gcc/x86_64-nacl/4.4.3/../../../../x86_64-nacl/lib/../lib64/libppapi_stub.a(plugin_main_irt_21ce9d26.o)
                                         0x30 (size before relaxing)
 .eh_frame      0x0000000010022b70       0x18 /home/jfb/nacl_sdk/pepper_42/toolchain/linux_x86_newlib/bin/../lib/gcc/x86_64-nacl/4.4.3/../../../../x86_64-nacl/lib/../lib64/libppapi_stub.a(ppapi_plugin_main_399d0cf7.o)
                                         0x30 (size before relaxing)
 .eh_frame      0x0000000010022b88       0x38 /home/jfb/nacl_sdk/pepper_42/toolchain/linux_x86_newlib/bin/../lib/gcc/x86_64-nacl/4.4.3/../../../../x86_64-nacl/lib/../lib64/libppapi_stub.a(ppapi_plugin_start_8da67623.o)
                                         0x50 (size before relaxing)
 .eh_frame      0x0000000010022bc0       0x48 /home/jfb/nacl_sdk/pepper_42/toolchain/linux_x86_newlib/bin/../lib/gcc/x86_64-nacl/4.4.3/../../../../x86_64-nacl/lib/../lib64/libppapi_stub.a(thread_creator_ccf263e1.o)
                                         0x58 (size before relaxing)
 .eh_frame      0x0000000010022c08      0x430 /home/jfb/nacl_sdk/pepper_42/toolchain/linux_x86_newlib/bin/../lib/gcc/x86_64-nacl/4.4.3/../../../../x86_64-nacl/lib/../lib64/libpthread.a(nc_thread_7e478b15.o)
                                        0x3c8 (size before relaxing)
 .eh_frame      0x0000000010023038       0xb0 /home/jfb/nacl_sdk/pepper_42/toolchain/linux_x86_newlib/bin/../lib/gcc/x86_64-nacl/4.4.3/../../../../x86_64-nacl/lib/../lib64/libpthread.a(nc_condvar_305aa45a.o)
 .eh_frame      0x00000000100230e8      0x390 /home/jfb/nacl_sdk/pepper_42/toolchain/linux_x86_newlib/bin/../lib/gcc/x86_64-nacl/4.4.3/../../../../x86_64-nacl/lib/../lib64/libpthread.a(dynamic_annotations_33ba59cc.o)
                                        0x310 (size before relaxing)
 .eh_frame      0x0000000010023478      0x150 /home/jfb/nacl_sdk/pepper_42/toolchain/linux_x86_newlib/bin/../lib/gcc/x86_64-nacl/4.4.3/../../../../x86_64-nacl/lib/../lib64/libpthread.a(nc_mutex_86341ae1.o)
                                        0x138 (size before relaxing)
 .eh_frame      0x00000000100235c8       0x18 /home/jfb/nacl_sdk/pepper_42/toolchain/linux_x86_newlib/bin/../lib/gcc/x86_64-nacl/4.4.3/../../../../x86_64-nacl/lib/../lib64/libpthread.a(nc_init_irt_d3daafc0.o)
                                         0x30 (size before relaxing)
 .eh_frame      0x00000000100235e0       0x18 /home/jfb/nacl_sdk/pepper_42/toolchain/linux_x86_newlib/bin/../lib/gcc/x86_64-nacl/4.4.3/../../../../x86_64-nacl/lib/../lib64/libnacl.a(_exit_710c7d0d.o)
                                         0x30 (size before relaxing)
 .eh_frame      0x00000000100235f8       0x20 /home/jfb/nacl_sdk/pepper_42/toolchain/linux_x86_newlib/bin/../lib/gcc/x86_64-nacl/4.4.3/../../../../x86_64-nacl/lib/../lib64/libnacl.a(start_fa9ef7de.o)
                                         0x38 (size before relaxing)
 .eh_frame      0x0000000010023618      0x3c8 /home/jfb/nacl_sdk/pepper_42/toolchain/linux_x86_newlib/bin/../lib/gcc/x86_64-nacl/4.4.3/../../../../x86_64-nacl/lib/../lib64/libnacl.a(malloc_222c4a1e.o)
                                        0x388 (size before relaxing)
 .eh_frame      0x00000000100239e0      0x128 /home/jfb/nacl_sdk/pepper_42/toolchain/linux_x86_newlib/bin/../lib/gcc/x86_64-nacl/4.4.3/../../../../x86_64-nacl/lib/../lib64/libnacl.a(nacl_irt_6de1d53f.o)
                                        0x118 (size before relaxing)
 .eh_frame      0x0000000010023b08       0x18 /home/jfb/nacl_sdk/pepper_42/toolchain/linux_x86_newlib/bin/../lib/gcc/x86_64-nacl/4.4.3/../../../../x86_64-nacl/lib/../lib64/libnacl.a(pthread_initialize_minimal_4b6e776b.o)
                                         0x30 (size before relaxing)
 .eh_frame      0x0000000010023b20       0x18 /home/jfb/nacl_sdk/pepper_42/toolchain/linux_x86_newlib/bin/../lib/gcc/x86_64-nacl/4.4.3/../../../../x86_64-nacl/lib/../lib64/libnacl.a(nacl_read_tp_5748ac47.o)
                                         0x30 (size before relaxing)
 .eh_frame      0x0000000010023b38       0x18 /home/jfb/nacl_sdk/pepper_42/toolchain/linux_x86_newlib/bin/../lib/gcc/x86_64-nacl/4.4.3/../../../../x86_64-nacl/lib/../lib64/libnacl.a(nacl_add_tp_7312c7c4.o)
                                         0x30 (size before relaxing)
 .eh_frame      0x0000000010023b50       0x18 /home/jfb/nacl_sdk/pepper_42/toolchain/linux_x86_newlib/bin/../lib/gcc/x86_64-nacl/4.4.3/../../../../x86_64-nacl/lib/../lib64/libnacl.a(nacl_interface_query_ef8a99f1.o)
                                         0x30 (size before relaxing)
 .eh_frame      0x0000000010023b68       0x20 /home/jfb/nacl_sdk/pepper_42/toolchain/linux_x86_newlib/bin/../lib/gcc/x86_64-nacl/4.4.3/../../../../x86_64-nacl/lib/../lib64/libnacl.a(mmap_767fb080.o)
                                         0x38 (size before relaxing)
 .eh_frame      0x0000000010023b88       0x18 /home/jfb/nacl_sdk/pepper_42/toolchain/linux_x86_newlib/bin/../lib/gcc/x86_64-nacl/4.4.3/../../../../x86_64-nacl/lib/../lib64/libnacl.a(sched_yield_56c375be.o)
                                         0x30 (size before relaxing)
 .eh_frame      0x0000000010023ba0       0x18 /home/jfb/nacl_sdk/pepper_42/toolchain/linux_x86_newlib/bin/../lib/gcc/x86_64-nacl/4.4.3/../../../../x86_64-nacl/lib/../lib64/libnacl.a(munmap_d4f09867.o)
                                         0x30 (size before relaxing)
 .eh_frame      0x0000000010023bb8       0x50 /home/jfb/nacl_sdk/pepper_42/toolchain/linux_x86_newlib/bin/../lib/gcc/x86_64-nacl/4.4.3/../../../../x86_64-nacl/lib/../lib64/libnacl.a(tls_bba1975b.o)
                                         0x68 (size before relaxing)
 .eh_frame      0x0000000010023c08       0x20 /home/jfb/nacl_sdk/pepper_42/toolchain/linux_x86_newlib/bin/../lib/gcc/x86_64-nacl/4.4.3/../../../../x86_64-nacl/lib/../lib64/libnacl.a(write_fb49787f.o)
                                         0x38 (size before relaxing)
 .eh_frame      0x0000000010023c28       0x18 /home/jfb/nacl_sdk/pepper_42/toolchain/linux_x86_newlib/bin/../lib/gcc/x86_64-nacl/4.4.3/../../../../x86_64-nacl/lib/../lib64/libnacl.a(abort_9f6b5845.o)
                                         0x30 (size before relaxing)
 .eh_frame      0x0000000010023c40       0x18 /home/jfb/nacl_sdk/pepper_42/toolchain/linux_x86_newlib/bin/../lib/gcc/x86_64-nacl/4.4.3/../../../../x86_64-nacl/lib/../lib64/libnacl.a(nacl_tls_get_d2f842b5.o)
                                         0x30 (size before relaxing)
 .eh_frame      0x0000000010023c58       0x38 /home/jfb/nacl_sdk/pepper_42/toolchain/linux_x86_newlib/bin/../lib/gcc/x86_64-nacl/4.4.3/../../../../x86_64-nacl/lib/../lib64/libnacl.a(nacl_irt_init_7b4f826e.o)
                                         0x48 (size before relaxing)
 .eh_frame      0x0000000010023c90       0x20 /home/jfb/nacl_sdk/pepper_42/toolchain/linux_x86_newlib/bin/../lib/gcc/x86_64-nacl/4.4.3/../../../../x86_64-nacl/lib/../lib64/libnacl.a(sysconf_ad295ea2.o)
                                         0x38 (size before relaxing)
 .eh_frame      0x0000000010023cb0       0x18 /home/jfb/nacl_sdk/pepper_42/toolchain/linux_x86_newlib/bin/../lib/gcc/x86_64-nacl/4.4.3/../../../../x86_64-nacl/lib/../lib64/libnacl.a(nacl_tls_init_eb0cd232.o)
                                         0x30 (size before relaxing)
 .eh_frame      0x0000000010023cc8       0x18 /home/jfb/nacl_sdk/pepper_42/toolchain/linux_x86_newlib/bin/../lib/gcc/x86_64-nacl/4.4.3/../../../../x86_64-nacl/lib/../lib64/libcrt_common.a(lib_a-atexit.o)
                                         0x30 (size before relaxing)
 .eh_frame      0x0000000010023ce0       0x18 /home/jfb/nacl_sdk/pepper_42/toolchain/linux_x86_newlib/bin/../lib/gcc/x86_64-nacl/4.4.3/../../../../x86_64-nacl/lib/../lib64/libcrt_common.a(lib_a-errno.o)
                                         0x30 (size before relaxing)
 .eh_frame      0x0000000010023cf8       0x18 /home/jfb/nacl_sdk/pepper_42/toolchain/linux_x86_newlib/bin/../lib/gcc/x86_64-nacl/4.4.3/../../../../x86_64-nacl/lib/../lib64/libcrt_common.a(lib_a-exit.o)
                                         0x30 (size before relaxing)
 .eh_frame      0x0000000010023d10       0x68 /home/jfb/nacl_sdk/pepper_42/toolchain/linux_x86_newlib/bin/../lib/gcc/x86_64-nacl/4.4.3/../../../../x86_64-nacl/lib/../lib64/libcrt_common.a(lib_a-fflush.o)
                                         0x80 (size before relaxing)
 .eh_frame      0x0000000010023d78      0x170 /home/jfb/nacl_sdk/pepper_42/toolchain/linux_x86_newlib/bin/../lib/gcc/x86_64-nacl/4.4.3/../../../../x86_64-nacl/lib/../lib64/libcrt_common.a(lib_a-findfp.o)
                                        0x158 (size before relaxing)
 .eh_frame      0x0000000010023ee8       0x20 /home/jfb/nacl_sdk/pepper_42/toolchain/linux_x86_newlib/bin/../lib/gcc/x86_64-nacl/4.4.3/../../../../x86_64-nacl/lib/../lib64/libcrt_common.a(lib_a-fini.o)
                                         0x38 (size before relaxing)
 .eh_frame      0x0000000010023f08       0x38 /home/jfb/nacl_sdk/pepper_42/toolchain/linux_x86_newlib/bin/../lib/gcc/x86_64-nacl/4.4.3/../../../../x86_64-nacl/lib/../lib64/libcrt_common.a(lib_a-fprintf.o)
                                         0x50 (size before relaxing)
 .eh_frame      0x0000000010023f40       0x60 /home/jfb/nacl_sdk/pepper_42/toolchain/linux_x86_newlib/bin/../lib/gcc/x86_64-nacl/4.4.3/../../../../x86_64-nacl/lib/../lib64/libcrt_common.a(lib_a-fwalk.o)
                                         0x70 (size before relaxing)
 .eh_frame      0x0000000010023fa0       0x40 /home/jfb/nacl_sdk/pepper_42/toolchain/linux_x86_newlib/bin/../lib/gcc/x86_64-nacl/4.4.3/../../../../x86_64-nacl/lib/../lib64/libcrt_common.a(lib_a-fwrite.o)
                                         0x58 (size before relaxing)
 .eh_frame      0x0000000010023fe0       0x40 /home/jfb/nacl_sdk/pepper_42/toolchain/linux_x86_newlib/bin/../lib/gcc/x86_64-nacl/4.4.3/../../../../x86_64-nacl/lib/../lib64/libcrt_common.a(lib_a-getenv.o)
                                         0x50 (size before relaxing)
 .eh_frame      0x0000000010024020       0x48 /home/jfb/nacl_sdk/pepper_42/toolchain/linux_x86_newlib/bin/../lib/gcc/x86_64-nacl/4.4.3/../../../../x86_64-nacl/lib/../lib64/libcrt_common.a(lib_a-getenv_r.o)
                                         0x58 (size before relaxing)
 .eh_frame      0x0000000010024068       0x30 /home/jfb/nacl_sdk/pepper_42/toolchain/linux_x86_newlib/bin/../lib/gcc/x86_64-nacl/4.4.3/../../../../x86_64-nacl/lib/../lib64/libcrt_common.a(lib_a-impure.o)
                                         0x48 (size before relaxing)
 .eh_frame      0x0000000010024098       0x20 /home/jfb/nacl_sdk/pepper_42/toolchain/linux_x86_newlib/bin/../lib/gcc/x86_64-nacl/4.4.3/../../../../x86_64-nacl/lib/../lib64/libcrt_common.a(lib_a-init.o)
                                         0x38 (size before relaxing)
 .eh_frame      0x00000000100240b8       0x18 /home/jfb/nacl_sdk/pepper_42/toolchain/linux_x86_newlib/bin/../lib/gcc/x86_64-nacl/4.4.3/../../../../x86_64-nacl/lib/../lib64/libcrt_common.a(lib_a-sleep.o)
                                         0x30 (size before relaxing)
 .eh_frame      0x00000000100240d0       0x80 /home/jfb/nacl_sdk/pepper_42/toolchain/linux_x86_newlib/bin/../lib/gcc/x86_64-nacl/4.4.3/../../../../x86_64-nacl/lib/../lib64/libcrt_common.a(lib_a-stdio.o)
                                         0x90 (size before relaxing)
 .eh_frame      0x0000000010024150       0x18 /home/jfb/nacl_sdk/pepper_42/toolchain/linux_x86_newlib/bin/../lib/gcc/x86_64-nacl/4.4.3/../../../../x86_64-nacl/lib/../lib64/libcrt_common.a(lib_a-strcat.o)
                                         0x30 (size before relaxing)
 .eh_frame      0x0000000010024168       0x18 /home/jfb/nacl_sdk/pepper_42/toolchain/linux_x86_newlib/bin/../lib/gcc/x86_64-nacl/4.4.3/../../../../x86_64-nacl/lib/../lib64/libcrt_common.a(lib_a-strcpy.o)
                                         0x30 (size before relaxing)
 .eh_frame      0x0000000010024180       0x18 /home/jfb/nacl_sdk/pepper_42/toolchain/linux_x86_newlib/bin/../lib/gcc/x86_64-nacl/4.4.3/../../../../x86_64-nacl/lib/../lib64/libcrt_common.a(lib_a-strlen.o)
                                         0x30 (size before relaxing)
 .eh_frame      0x0000000010024198       0x18 /home/jfb/nacl_sdk/pepper_42/toolchain/linux_x86_newlib/bin/../lib/gcc/x86_64-nacl/4.4.3/../../../../x86_64-nacl/lib/../lib64/libcrt_common.a(lib_a-strncmp.o)
                                         0x30 (size before relaxing)
 .eh_frame      0x00000000100241b0       0x70 /home/jfb/nacl_sdk/pepper_42/toolchain/linux_x86_newlib/bin/../lib/gcc/x86_64-nacl/4.4.3/../../../../x86_64-nacl/lib/../lib64/libcrt_common.a(lib_a-vfprintf.o)
                                         0x80 (size before relaxing)
 .eh_frame      0x0000000010024220       0x48 /home/jfb/nacl_sdk/pepper_42/toolchain/linux_x86_newlib/bin/../lib/gcc/x86_64-nacl/4.4.3/../../../../x86_64-nacl/lib/../lib64/libcrt_common.a(lib_a-vsnprintf.o)
                                         0x60 (size before relaxing)
 .eh_frame      0x0000000010024268       0x38 /home/jfb/nacl_sdk/pepper_42/toolchain/linux_x86_newlib/bin/../lib/gcc/x86_64-nacl/4.4.3/../../../../x86_64-nacl/lib/../lib64/libcrt_common.a(lib_a-vsprintf.o)
                                         0x50 (size before relaxing)
 .eh_frame      0x00000000100242a0       0x40 /home/jfb/nacl_sdk/pepper_42/toolchain/linux_x86_newlib/bin/../lib/gcc/x86_64-nacl/4.4.3/../../../../x86_64-nacl/lib/../lib64/libcrt_common.a(lib_a-wcrtomb.o)
                                         0x58 (size before relaxing)
 .eh_frame      0x00000000100242e0       0x38 /home/jfb/nacl_sdk/pepper_42/toolchain/linux_x86_newlib/bin/../lib/gcc/x86_64-nacl/4.4.3/../../../../x86_64-nacl/lib/../lib64/libcrt_common.a(lib_a-wcsrtombs.o)
                                         0x50 (size before relaxing)
 .eh_frame      0x0000000010024318       0x98 /home/jfb/nacl_sdk/pepper_42/toolchain/linux_x86_newlib/bin/../lib/gcc/x86_64-nacl/4.4.3/../../../../x86_64-nacl/lib/../lib64/libcrt_common.a(lib_a-wctomb_r.o)
                                         0xa0 (size before relaxing)
 .eh_frame      0x00000000100243b0       0x20 /home/jfb/nacl_sdk/pepper_42/toolchain/linux_x86_newlib/bin/../lib/gcc/x86_64-nacl/4.4.3/../../../../x86_64-nacl/lib/../lib64/libcrt_common.a(lib_a-wsetup.o)
                                         0x38 (size before relaxing)
 .eh_frame      0x00000000100243d0       0x20 /home/jfb/nacl_sdk/pepper_42/toolchain/linux_x86_newlib/bin/../lib/gcc/x86_64-nacl/4.4.3/../../../../x86_64-nacl/lib/../lib64/libcrt_common.a(lib_a-__atexit.o)
                                         0x38 (size before relaxing)
 .eh_frame      0x00000000100243f0       0x30 /home/jfb/nacl_sdk/pepper_42/toolchain/linux_x86_newlib/bin/../lib/gcc/x86_64-nacl/4.4.3/../../../../x86_64-nacl/lib/../lib64/libcrt_common.a(lib_a-__call_atexit.o)
                                         0x48 (size before relaxing)
 .eh_frame      0x0000000010024420       0x60 /home/jfb/nacl_sdk/pepper_42/toolchain/linux_x86_newlib/bin/../lib/gcc/x86_64-nacl/4.4.3/../../../../x86_64-nacl/lib/../lib64/libcrt_common.a(lib_a-dtoa.o)
                                         0x70 (size before relaxing)
 .eh_frame      0x0000000010024480       0x30 /home/jfb/nacl_sdk/pepper_42/toolchain/linux_x86_newlib/bin/../lib/gcc/x86_64-nacl/4.4.3/../../../../x86_64-nacl/lib/../lib64/libcrt_common.a(lib_a-envlock.o)
                                         0x40 (size before relaxing)
 .eh_frame      0x00000000100244b0       0x38 /home/jfb/nacl_sdk/pepper_42/toolchain/linux_x86_newlib/bin/../lib/gcc/x86_64-nacl/4.4.3/../../../../x86_64-nacl/lib/../lib64/libcrt_common.a(lib_a-fclose.o)
                                         0x50 (size before relaxing)
 .eh_frame      0x00000000100244e8       0x30 /home/jfb/nacl_sdk/pepper_42/toolchain/linux_x86_newlib/bin/../lib/gcc/x86_64-nacl/4.4.3/../../../../x86_64-nacl/lib/../lib64/libcrt_common.a(lib_a-fvwrite.o)
                                         0x48 (size before relaxing)
 .eh_frame      0x0000000010024518      0x140 /home/jfb/nacl_sdk/pepper_42/toolchain/linux_x86_newlib/bin/../lib/gcc/x86_64-nacl/4.4.3/../../../../x86_64-nacl/lib/../lib64/libcrt_common.a(lib_a-locale.o)
                                        0x138 (size before relaxing)
 .eh_frame      0x0000000010024658       0x20 /home/jfb/nacl_sdk/pepper_42/toolchain/linux_x86_newlib/bin/../lib/gcc/x86_64-nacl/4.4.3/../../../../x86_64-nacl/lib/../lib64/libcrt_common.a(lib_a-makebuf.o)
                                         0x38 (size before relaxing)
 .eh_frame      0x0000000010024678       0xa0 /home/jfb/nacl_sdk/pepper_42/toolchain/linux_x86_newlib/bin/../lib/gcc/x86_64-nacl/4.4.3/../../../../x86_64-nacl/lib/../lib64/libcrt_common.a(lib_a-mbtowc_r.o)
                                         0xa8 (size before relaxing)
 .eh_frame      0x0000000010024718       0x18 /home/jfb/nacl_sdk/pepper_42/toolchain/linux_x86_newlib/bin/../lib/gcc/x86_64-nacl/4.4.3/../../../../x86_64-nacl/lib/../lib64/libcrt_common.a(lib_a-memchr.o)
                                         0x30 (size before relaxing)
 .eh_frame      0x0000000010024730       0x18 /home/jfb/nacl_sdk/pepper_42/toolchain/linux_x86_newlib/bin/../lib/gcc/x86_64-nacl/4.4.3/../../../../x86_64-nacl/lib/../lib64/libcrt_common.a(lib_a-memmove.o)
                                         0x30 (size before relaxing)
 .eh_frame      0x0000000010024748      0x270 /home/jfb/nacl_sdk/pepper_42/toolchain/linux_x86_newlib/bin/../lib/gcc/x86_64-nacl/4.4.3/../../../../x86_64-nacl/lib/../lib64/libcrt_common.a(lib_a-mprec.o)
                                        0x248 (size before relaxing)
 .eh_frame      0x00000000100249b8       0x18 /home/jfb/nacl_sdk/pepper_42/toolchain/linux_x86_newlib/bin/../lib/gcc/x86_64-nacl/4.4.3/../../../../x86_64-nacl/lib/../lib64/libcrt_common.a(lib_a-s_fpclassify.o)
                                         0x30 (size before relaxing)
 .eh_frame      0x00000000100249d0       0x18 /home/jfb/nacl_sdk/pepper_42/toolchain/linux_x86_newlib/bin/../lib/gcc/x86_64-nacl/4.4.3/../../../../x86_64-nacl/lib/../lib64/libcrt_common.a(lib_a-s_frexp.o)
                                         0x30 (size before relaxing)
 .eh_frame      0x00000000100249e8       0x18 /home/jfb/nacl_sdk/pepper_42/toolchain/linux_x86_newlib/bin/../lib/gcc/x86_64-nacl/4.4.3/../../../../x86_64-nacl/lib/../lib64/libcrt_common.a(lib_a-strcasecmp.o)
                                         0x30 (size before relaxing)
 .eh_frame      0x0000000010024a00       0x18 /home/jfb/nacl_sdk/pepper_42/toolchain/linux_x86_newlib/bin/../lib/gcc/x86_64-nacl/4.4.3/../../../../x86_64-nacl/lib/../lib64/libcrt_common.a(lib_a-strchr.o)
                                         0x30 (size before relaxing)
 .eh_frame      0x0000000010024a18       0x18 /home/jfb/nacl_sdk/pepper_42/toolchain/linux_x86_newlib/bin/../lib/gcc/x86_64-nacl/4.4.3/../../../../x86_64-nacl/lib/../lib64/libcrt_common.a(lib_a-strcmp.o)
                                         0x30 (size before relaxing)
 .eh_frame      0x0000000010024a30       0x18 /home/jfb/nacl_sdk/pepper_42/toolchain/linux_x86_newlib/bin/../lib/gcc/x86_64-nacl/4.4.3/../../../../x86_64-nacl/lib/../lib64/libcrt_common.a(lib_a-strlcpy.o)
                                         0x30 (size before relaxing)
 .eh_frame      0x0000000010024a48       0x18 /home/jfb/nacl_sdk/pepper_42/toolchain/linux_x86_newlib/bin/../lib/gcc/x86_64-nacl/4.4.3/../../../../x86_64-nacl/lib/../lib64/libcrt_common.a(lib_a-strncasecmp.o)
                                         0x30 (size before relaxing)
 .eh_frame      0x0000000010024a60       0x18 /home/jfb/nacl_sdk/pepper_42/toolchain/linux_x86_newlib/bin/../lib/gcc/x86_64-nacl/4.4.3/../../../../x86_64-nacl/lib/../lib64/libcrt_common.a(lib_a-strncpy.o)
                                         0x30 (size before relaxing)
 .eh_frame      0x0000000010024a78       0x48 /home/jfb/nacl_sdk/pepper_42/toolchain/linux_x86_newlib/bin/../lib/gcc/x86_64-nacl/4.4.3/../../../../x86_64-nacl/lib/../lib64/libcrt_common.a(lib_a-strtol.o)
                                         0x60 (size before relaxing)
 .eh_frame      0x0000000010024ac0       0x30 /home/jfb/nacl_sdk/pepper_42/toolchain/linux_x86_newlib/bin/../lib/gcc/x86_64-nacl/4.4.3/../../../../x86_64-nacl/lib/../lib64/libcrt_common.a(lib_a-svfprintf.o)
                                         0x48 (size before relaxing)
 .eh_frame      0x0000000010024af0       0xa0 /home/jfb/nacl_sdk/pepper_42/toolchain/linux_x86_newlib/bin/../lib/gcc/x86_64-nacl/4.4.3/../../../../x86_64-nacl/lib/../lib64/libcrt_common.a(lib_a-vfiprintf.o)
                                         0xb0 (size before relaxing)
 .eh_frame      0x0000000010024b90       0x50 /home/jfb/nacl_sdk/pepper_42/toolchain/linux_x86_newlib/bin/../lib/gcc/x86_64-nacl/4.4.3/../../../../x86_64-nacl/lib/../lib64/libcrt_common.a(lib_a-wcsnrtombs.o)
                                         0x68 (size before relaxing)
 .eh_frame      0x0000000010024be0       0x18 /home/jfb/nacl_sdk/pepper_42/toolchain/linux_x86_newlib/bin/../lib/gcc/x86_64-nacl/4.4.3/../../../../x86_64-nacl/lib/../lib64/libcrt_common.a(lib_a-ctype_.o)
                                         0x30 (size before relaxing)
 .eh_frame      0x0000000010024bf8       0x50 /home/jfb/nacl_sdk/pepper_42/toolchain/linux_x86_newlib/bin/../lib/gcc/x86_64-nacl/4.4.3/../../../../x86_64-nacl/lib/../lib64/libcrt_common.a(lib_a-fputwc.o)
                                         0x60 (size before relaxing)
 .eh_frame      0x0000000010024c48       0x60 /home/jfb/nacl_sdk/pepper_42/toolchain/linux_x86_newlib/bin/../lib/gcc/x86_64-nacl/4.4.3/../../../../x86_64-nacl/lib/../lib64/libcrt_common.a(lib_a-svfiprintf.o)
                                         0x70 (size before relaxing)
 .eh_frame      0x0000000010024ca8       0x40 /home/jfb/nacl_sdk/pepper_42/toolchain/linux_x86_newlib/bin/../lib/gcc/x86_64-nacl/4.4.3/../../../../x86_64-nacl/lib/../lib64/libcrt_common.a(lib_a-wbuf.o)
                                         0x58 (size before relaxing)
 .eh_frame      0x0000000010024ce8       0x18 /home/jfb/nacl_sdk/pepper_42/toolchain/linux_x86_newlib/bin/../lib/gcc/x86_64-nacl/4.4.3/../../../../x86_64-nacl/lib/../lib64/libnacl.a(close_e9b92fbd.o)
                                         0x30 (size before relaxing)
 .eh_frame      0x0000000010024d00       0x20 /home/jfb/nacl_sdk/pepper_42/toolchain/linux_x86_newlib/bin/../lib/gcc/x86_64-nacl/4.4.3/../../../../x86_64-nacl/lib/../lib64/libnacl.a(isatty_02f56e94.o)
                                         0x38 (size before relaxing)
 .eh_frame      0x0000000010024d20       0x18 /home/jfb/nacl_sdk/pepper_42/toolchain/linux_x86_newlib/bin/../lib/gcc/x86_64-nacl/4.4.3/../../../../x86_64-nacl/lib/../lib64/libnacl.a(nacl_irt_fdio_b571b5e7.o)
                                         0x30 (size before relaxing)
 .eh_frame      0x0000000010024d38       0x18 /home/jfb/nacl_sdk/pepper_42/toolchain/linux_x86_newlib/bin/../lib/gcc/x86_64-nacl/4.4.3/../../../../x86_64-nacl/lib/../lib64/libnacl.a(fstat_0540ff63.o)
                                         0x30 (size before relaxing)
 .eh_frame      0x0000000010024d50       0x20 /home/jfb/nacl_sdk/pepper_42/toolchain/linux_x86_newlib/bin/../lib/gcc/x86_64-nacl/4.4.3/../../../../x86_64-nacl/lib/../lib64/libnacl.a(lseek_64d2d05c.o)
                                         0x38 (size before relaxing)
 .eh_frame      0x0000000010024d70       0x20 /home/jfb/nacl_sdk/pepper_42/toolchain/linux_x86_newlib/bin/../lib/gcc/x86_64-nacl/4.4.3/../../../../x86_64-nacl/lib/../lib64/libnacl.a(read_df872e10.o)
                                         0x38 (size before relaxing)
 .eh_frame      0x0000000010024d90       0x18 /home/jfb/nacl_sdk/pepper_42/toolchain/linux_x86_newlib/bin/../lib/gcc/x86_64-nacl/4.4.3/../../../../x86_64-nacl/lib/../lib64/libnacl.a(nanosleep_e59fdef1.o)
                                         0x30 (size before relaxing)
 .eh_frame      0x0000000010024da8        0x4 /home/jfb/nacl_sdk/pepper_42/toolchain/linux_x86_newlib/bin/../lib/gcc/x86_64-nacl/4.4.3/crtend.o

.gcc_except_table
 *(.gcc_except_table .gcc_except_table.*)

.exception_ranges
 *(.exception_ranges .exception_ranges*)
                0x0000000010024dac                . = (ALIGN (0x10000) - ((0x10000 - .) & 0xffff))
                0x0000000010034dac                . = DATA_SEGMENT_ALIGN (0x10000, 0x10000)

.eh_frame
 *(.eh_frame)

.gcc_except_table
 *(.gcc_except_table .gcc_except_table.*)

.exception_ranges
 *(.exception_ranges .exception_ranges*)

.tdata          0x0000000010034db0      0x478
 *(.tdata .tdata.* .gnu.linkonce.td.*)
 .tdata         0x0000000010034db0      0x478 /home/jfb/nacl_sdk/pepper_42/toolchain/linux_x86_newlib/bin/../lib/gcc/x86_64-nacl/4.4.3/../../../../x86_64-nacl/lib/../lib64/libcrt_common.a(lib_a-impure.o)
                0x0000000010034db0                _impure_ptr

.tbss           0x0000000010035228        0x8
 *(.tbss .tbss.* .gnu.linkonce.tb.*)
 .tbss          0x0000000010035228        0x8 /home/jfb/nacl_sdk/pepper_42/toolchain/linux_x86_newlib/bin/../lib/gcc/x86_64-nacl/4.4.3/../../../../x86_64-nacl/lib/../lib64/libpthread.a(nc_thread_7e478b15.o)
 *(.tcommon)

.preinit_array  0x0000000010035228        0x0
                0x0000000010035228                PROVIDE (__preinit_array_start, .)
 *(.preinit_array)
                0x0000000010035228                PROVIDE (__preinit_array_end, .)

.init_array     0x0000000010035228        0x0
                0x0000000010035228                PROVIDE (__init_array_start, .)
 *(SORT(.init_array.*) SORT(.ctors.*))
 *(.init_array EXCLUDE_FILE(*crtend?.o *crtend.o *crtbegin?.o *crtbegin.o) .ctors)
                0x0000000010035228                PROVIDE (__init_array_end, .)

.fini_array     0x0000000010035228        0x0
                0x0000000010035228                PROVIDE (__fini_array_start, .)
 *(SORT(.fini_array.*) SORT(.dtors.*))
 *(.fini_array EXCLUDE_FILE(*crtend?.o *crtend.o *crtbegin?.o *crtbegin.o) .dtors)
                0x0000000010035228                PROVIDE (__fini_array_end, .)

.ctors          0x0000000010035228        0x8
 *crtbegin.o(.ctors)
 .ctors         0x0000000010035228        0x4 /home/jfb/nacl_sdk/pepper_42/toolchain/linux_x86_newlib/bin/../lib/gcc/x86_64-nacl/4.4.3/crtbegin.o
 *crtbegin?.o(.ctors)
 *(EXCLUDE_FILE(*crtend?.o *crtend.o) .ctors)
 *(SORT(.ctors.*))
 *(.ctors)
 .ctors         0x000000001003522c        0x4 /home/jfb/nacl_sdk/pepper_42/toolchain/linux_x86_newlib/bin/../lib/gcc/x86_64-nacl/4.4.3/crtend.o

.dtors          0x0000000010035230        0x8
 *crtbegin.o(.dtors)
 .dtors         0x0000000010035230        0x4 /home/jfb/nacl_sdk/pepper_42/toolchain/linux_x86_newlib/bin/../lib/gcc/x86_64-nacl/4.4.3/crtbegin.o
 *crtbegin?.o(.dtors)
 *(EXCLUDE_FILE(*crtend?.o *crtend.o) .dtors)
 *(SORT(.dtors.*))
 *(.dtors)
 .dtors         0x0000000010035234        0x4 /home/jfb/nacl_sdk/pepper_42/toolchain/linux_x86_newlib/bin/../lib/gcc/x86_64-nacl/4.4.3/crtend.o
                0x0000000010035234                __DTOR_END__

.jcr            0x0000000010035238        0x4
 *(.jcr)
 .jcr           0x0000000010035238        0x0 /home/jfb/nacl_sdk/pepper_42/toolchain/linux_x86_newlib/bin/../lib/gcc/x86_64-nacl/4.4.3/crtbegin.o
 .jcr           0x0000000010035238        0x4 /home/jfb/nacl_sdk/pepper_42/toolchain/linux_x86_newlib/bin/../lib/gcc/x86_64-nacl/4.4.3/crtend.o

.data.rel.ro
 *(.data.rel.ro.local* .gnu.linkonce.d.rel.ro.local.*)
 *(.data.rel.ro .data.rel.ro.* .gnu.linkonce.d.rel.ro.*)

.dynamic
 *(.dynamic)

.got            0x0000000010035240        0x0
 *(.got)
 .got           0x0000000000000000        0x0 /home/jfb/nacl_sdk/pepper_42/toolchain/linux_x86_newlib/bin/../lib/gcc/x86_64-nacl/4.4.3/crtbegin.o
 *(.igot)
                0x0000000010035240                . = DATA_SEGMENT_RELRO_END (., (SIZEOF (.got.plt) >= 0x18)?0x18:0x0)

.got.plt        0x0000000010035240       0x18
 *(.got.plt)
 .got.plt       0x0000000010035240       0x18 /home/jfb/nacl_sdk/pepper_42/toolchain/linux_x86_newlib/bin/../lib/gcc/x86_64-nacl/4.4.3/crtbegin.o
                0x0000000010035240                _GLOBAL_OFFSET_TABLE_
 *(.igot.plt)
 .igot.plt      0x0000000000000000        0x0 /home/jfb/nacl_sdk/pepper_42/toolchain/linux_x86_newlib/bin/../lib/gcc/x86_64-nacl/4.4.3/crtbegin.o

.data           0x0000000010035260      0x708
 *(.data .data.* .gnu.linkonce.d.*)
 .data          0x0000000010035260        0x0 /home/jfb/nacl_sdk/pepper_42/toolchain/linux_x86_newlib/bin/../lib/gcc/x86_64-nacl/4.4.3/../../../../x86_64-nacl/lib/../lib64/crti.o
 .data          0x0000000010035260        0x4 /home/jfb/nacl_sdk/pepper_42/toolchain/linux_x86_newlib/bin/../lib/gcc/x86_64-nacl/4.4.3/crtbegin.o
                0x0000000010035260                __dso_handle
 *fill*         0x0000000010035264        0xc 
 .data          0x0000000010035270       0x24 newlib/Release/debugging_x86_64.o
 .data          0x0000000010035294        0x0 /home/jfb/nacl_sdk/pepper_42//lib/newlib_x86_64/Release/liberror_handling.a(error_handling_x86_64.o)
 .data          0x0000000010035294        0x0 /home/jfb/nacl_sdk/pepper_42//lib/newlib_x86_64/Release/liberror_handling.a(string_stream_x86_64.o)
 .data          0x0000000010035294        0x0 /home/jfb/nacl_sdk/pepper_42/toolchain/linux_x86_newlib/bin/../lib/gcc/x86_64-nacl/4.4.3/../../../../x86_64-nacl/lib/../lib64/libppapi_stub.a(plugin_main_irt_21ce9d26.o)
 .data          0x0000000010035294        0x0 /home/jfb/nacl_sdk/pepper_42/toolchain/linux_x86_newlib/bin/../lib/gcc/x86_64-nacl/4.4.3/../../../../x86_64-nacl/lib/../lib64/libppapi_stub.a(ppapi_plugin_main_399d0cf7.o)
 .data          0x0000000010035294        0x0 /home/jfb/nacl_sdk/pepper_42/toolchain/linux_x86_newlib/bin/../lib/gcc/x86_64-nacl/4.4.3/../../../../x86_64-nacl/lib/../lib64/libppapi_stub.a(ppapi_plugin_start_8da67623.o)
 .data          0x0000000010035294        0x0 /home/jfb/nacl_sdk/pepper_42/toolchain/linux_x86_newlib/bin/../lib/gcc/x86_64-nacl/4.4.3/../../../../x86_64-nacl/lib/../lib64/libppapi_stub.a(thread_creator_ccf263e1.o)
 .data          0x0000000010035294        0x4 /home/jfb/nacl_sdk/pepper_42/toolchain/linux_x86_newlib/bin/../lib/gcc/x86_64-nacl/4.4.3/../../../../x86_64-nacl/lib/../lib64/libpthread.a(nc_thread_7e478b15.o)
                0x0000000010035294                __nc_running_threads_counter
 .data          0x0000000010035298        0x0 /home/jfb/nacl_sdk/pepper_42/toolchain/linux_x86_newlib/bin/../lib/gcc/x86_64-nacl/4.4.3/../../../../x86_64-nacl/lib/../lib64/libpthread.a(nc_condvar_305aa45a.o)
 .data          0x0000000010035298        0x4 /home/jfb/nacl_sdk/pepper_42/toolchain/linux_x86_newlib/bin/../lib/gcc/x86_64-nacl/4.4.3/../../../../x86_64-nacl/lib/../lib64/libpthread.a(dynamic_annotations_33ba59cc.o)
 .data          0x000000001003529c        0x0 /home/jfb/nacl_sdk/pepper_42/toolchain/linux_x86_newlib/bin/../lib/gcc/x86_64-nacl/4.4.3/../../../../x86_64-nacl/lib/../lib64/libpthread.a(nc_mutex_86341ae1.o)
 .data          0x000000001003529c        0x0 /home/jfb/nacl_sdk/pepper_42/toolchain/linux_x86_newlib/bin/../lib/gcc/x86_64-nacl/4.4.3/../../../../x86_64-nacl/lib/../lib64/libpthread.a(nc_init_irt_d3daafc0.o)
 .data          0x000000001003529c        0x0 /home/jfb/nacl_sdk/pepper_42/toolchain/linux_x86_newlib/bin/../lib/gcc/x86_64-nacl/4.4.3/../../../../x86_64-nacl/lib/../lib64/libnacl.a(_exit_710c7d0d.o)
 .data          0x000000001003529c        0x4 /home/jfb/nacl_sdk/pepper_42/toolchain/linux_x86_newlib/bin/../lib/gcc/x86_64-nacl/4.4.3/../../../../x86_64-nacl/lib/../lib64/libnacl.a(environ_25cd24d8.o)
                0x000000001003529c                environ
 .data          0x00000000100352a0        0x0 /home/jfb/nacl_sdk/pepper_42/toolchain/linux_x86_newlib/bin/../lib/gcc/x86_64-nacl/4.4.3/../../../../x86_64-nacl/lib/../lib64/libnacl.a(start_fa9ef7de.o)
 .data          0x00000000100352a0        0x0 /home/jfb/nacl_sdk/pepper_42/toolchain/linux_x86_newlib/bin/../lib/gcc/x86_64-nacl/4.4.3/../../../../x86_64-nacl/lib/../lib64/libnacl.a(malloc_222c4a1e.o)
 .data          0x00000000100352a0       0x20 /home/jfb/nacl_sdk/pepper_42/toolchain/linux_x86_newlib/bin/../lib/gcc/x86_64-nacl/4.4.3/../../../../x86_64-nacl/lib/../lib64/libnacl.a(nacl_irt_6de1d53f.o)
                0x00000000100352a0                __libnacl_irt_fdio
 .data          0x00000000100352c0        0x0 /home/jfb/nacl_sdk/pepper_42/toolchain/linux_x86_newlib/bin/../lib/gcc/x86_64-nacl/4.4.3/../../../../x86_64-nacl/lib/../lib64/libnacl.a(pthread_initialize_minimal_4b6e776b.o)
 .data          0x00000000100352c0        0x0 /home/jfb/nacl_sdk/pepper_42/toolchain/linux_x86_newlib/bin/../lib/gcc/x86_64-nacl/4.4.3/../../../../x86_64-nacl/lib/../lib64/libnacl.a(nacl_read_tp_5748ac47.o)
 .data          0x00000000100352c0        0x0 /home/jfb/nacl_sdk/pepper_42/toolchain/linux_x86_newlib/bin/../lib/gcc/x86_64-nacl/4.4.3/../../../../x86_64-nacl/lib/../lib64/libnacl.a(nacl_add_tp_7312c7c4.o)
 .data          0x00000000100352c0        0x0 /home/jfb/nacl_sdk/pepper_42/toolchain/linux_x86_newlib/bin/../lib/gcc/x86_64-nacl/4.4.3/../../../../x86_64-nacl/lib/../lib64/libnacl.a(nacl_interface_query_ef8a99f1.o)
 .data          0x00000000100352c0        0x0 /home/jfb/nacl_sdk/pepper_42/toolchain/linux_x86_newlib/bin/../lib/gcc/x86_64-nacl/4.4.3/../../../../x86_64-nacl/lib/../lib64/libnacl.a(mmap_767fb080.o)
 .data          0x00000000100352c0        0x0 /home/jfb/nacl_sdk/pepper_42/toolchain/linux_x86_newlib/bin/../lib/gcc/x86_64-nacl/4.4.3/../../../../x86_64-nacl/lib/../lib64/libnacl.a(sched_yield_56c375be.o)
 .data          0x00000000100352c0        0x0 /home/jfb/nacl_sdk/pepper_42/toolchain/linux_x86_newlib/bin/../lib/gcc/x86_64-nacl/4.4.3/../../../../x86_64-nacl/lib/../lib64/libnacl.a(munmap_d4f09867.o)
 .data          0x00000000100352c0        0x0 /home/jfb/nacl_sdk/pepper_42/toolchain/linux_x86_newlib/bin/../lib/gcc/x86_64-nacl/4.4.3/../../../../x86_64-nacl/lib/../lib64/libnacl.a(tls_bba1975b.o)
 .data          0x00000000100352c0        0x0 /home/jfb/nacl_sdk/pepper_42/toolchain/linux_x86_newlib/bin/../lib/gcc/x86_64-nacl/4.4.3/../../../../x86_64-nacl/lib/../lib64/libnacl.a(write_fb49787f.o)
 .data          0x00000000100352c0        0x0 /home/jfb/nacl_sdk/pepper_42/toolchain/linux_x86_newlib/bin/../lib/gcc/x86_64-nacl/4.4.3/../../../../x86_64-nacl/lib/../lib64/libnacl.a(abort_9f6b5845.o)
 .data          0x00000000100352c0        0x0 /home/jfb/nacl_sdk/pepper_42/toolchain/linux_x86_newlib/bin/../lib/gcc/x86_64-nacl/4.4.3/../../../../x86_64-nacl/lib/../lib64/libnacl.a(nacl_tls_get_d2f842b5.o)
 .data          0x00000000100352c0        0x0 /home/jfb/nacl_sdk/pepper_42/toolchain/linux_x86_newlib/bin/../lib/gcc/x86_64-nacl/4.4.3/../../../../x86_64-nacl/lib/../lib64/libnacl.a(nacl_irt_init_7b4f826e.o)
 .data          0x00000000100352c0        0x0 /home/jfb/nacl_sdk/pepper_42/toolchain/linux_x86_newlib/bin/../lib/gcc/x86_64-nacl/4.4.3/../../../../x86_64-nacl/lib/../lib64/libnacl.a(sysconf_ad295ea2.o)
 .data          0x00000000100352c0        0x0 /home/jfb/nacl_sdk/pepper_42/toolchain/linux_x86_newlib/bin/../lib/gcc/x86_64-nacl/4.4.3/../../../../x86_64-nacl/lib/../lib64/libnacl.a(nacl_tls_init_eb0cd232.o)
 .data          0x00000000100352c0        0x0 /home/jfb/nacl_sdk/pepper_42/toolchain/linux_x86_newlib/bin/../lib/gcc/x86_64-nacl/4.4.3/../../../../x86_64-nacl/lib/../lib64/libcrt_common.a(lib_a-atexit.o)
 .data          0x00000000100352c0        0x0 /home/jfb/nacl_sdk/pepper_42/toolchain/linux_x86_newlib/bin/../lib/gcc/x86_64-nacl/4.4.3/../../../../x86_64-nacl/lib/../lib64/libcrt_common.a(lib_a-errno.o)
 .data          0x00000000100352c0        0x0 /home/jfb/nacl_sdk/pepper_42/toolchain/linux_x86_newlib/bin/../lib/gcc/x86_64-nacl/4.4.3/../../../../x86_64-nacl/lib/../lib64/libcrt_common.a(lib_a-exit.o)
 .data          0x00000000100352c0        0x0 /home/jfb/nacl_sdk/pepper_42/toolchain/linux_x86_newlib/bin/../lib/gcc/x86_64-nacl/4.4.3/../../../../x86_64-nacl/lib/../lib64/libcrt_common.a(lib_a-fflush.o)
 .data          0x00000000100352c0       0x34 /home/jfb/nacl_sdk/pepper_42/toolchain/linux_x86_newlib/bin/../lib/gcc/x86_64-nacl/4.4.3/../../../../x86_64-nacl/lib/../lib64/libcrt_common.a(lib_a-findfp.o)
 .data          0x00000000100352f4        0x0 /home/jfb/nacl_sdk/pepper_42/toolchain/linux_x86_newlib/bin/../lib/gcc/x86_64-nacl/4.4.3/../../../../x86_64-nacl/lib/../lib64/libcrt_common.a(lib_a-fini.o)
 .data          0x00000000100352f4        0x0 /home/jfb/nacl_sdk/pepper_42/toolchain/linux_x86_newlib/bin/../lib/gcc/x86_64-nacl/4.4.3/../../../../x86_64-nacl/lib/../lib64/libcrt_common.a(lib_a-fprintf.o)
 .data          0x00000000100352f4        0x0 /home/jfb/nacl_sdk/pepper_42/toolchain/linux_x86_newlib/bin/../lib/gcc/x86_64-nacl/4.4.3/../../../../x86_64-nacl/lib/../lib64/libcrt_common.a(lib_a-fwalk.o)
 .data          0x00000000100352f4        0x0 /home/jfb/nacl_sdk/pepper_42/toolchain/linux_x86_newlib/bin/../lib/gcc/x86_64-nacl/4.4.3/../../../../x86_64-nacl/lib/../lib64/libcrt_common.a(lib_a-fwrite.o)
 .data          0x00000000100352f4        0x0 /home/jfb/nacl_sdk/pepper_42/toolchain/linux_x86_newlib/bin/../lib/gcc/x86_64-nacl/4.4.3/../../../../x86_64-nacl/lib/../lib64/libcrt_common.a(lib_a-getenv.o)
 .data          0x00000000100352f4        0x0 /home/jfb/nacl_sdk/pepper_42/toolchain/linux_x86_newlib/bin/../lib/gcc/x86_64-nacl/4.4.3/../../../../x86_64-nacl/lib/../lib64/libcrt_common.a(lib_a-getenv_r.o)
 *fill*         0x00000000100352f4        0xc 
 .data          0x0000000010035300      0x470 /home/jfb/nacl_sdk/pepper_42/toolchain/linux_x86_newlib/bin/../lib/gcc/x86_64-nacl/4.4.3/../../../../x86_64-nacl/lib/../lib64/libcrt_common.a(lib_a-impure.o)
 .data          0x0000000010035770        0x0 /home/jfb/nacl_sdk/pepper_42/toolchain/linux_x86_newlib/bin/../lib/gcc/x86_64-nacl/4.4.3/../../../../x86_64-nacl/lib/../lib64/libcrt_common.a(lib_a-init.o)
 .data          0x0000000010035770        0x0 /home/jfb/nacl_sdk/pepper_42/toolchain/linux_x86_newlib/bin/../lib/gcc/x86_64-nacl/4.4.3/../../../../x86_64-nacl/lib/../lib64/libcrt_common.a(lib_a-memcpy.o)