Archive member included to satisfy reference by file (symbol)

/home/jfb/nacl_sdk/pepper_42//lib/newlib_arm/Release/liberror_handling.a(error_handling_arm.o)
                              newlib/Release/debugging_arm.o (EHRequestExceptionsJson)
/home/jfb/nacl_sdk/pepper_42//lib/newlib_arm/Release/liberror_handling.a(string_stream_arm.o)
                              /home/jfb/nacl_sdk/pepper_42//lib/newlib_arm/Release/liberror_handling.a(error_handling_arm.o) (ssinit)
/home/jfb/nacl_sdk/pepper_42/toolchain/linux_arm_newlib/bin/../lib/gcc/arm-nacl/4.9.2/../../../../arm-nacl/lib/libppapi_stub.a(plugin_main_irt_21ce9d26.o)
                              (main)
/home/jfb/nacl_sdk/pepper_42/toolchain/linux_arm_newlib/bin/../lib/gcc/arm-nacl/4.9.2/../../../../arm-nacl/lib/libppapi_stub.a(ppapi_plugin_main_399d0cf7.o)
                              /home/jfb/nacl_sdk/pepper_42/toolchain/linux_arm_newlib/bin/../lib/gcc/arm-nacl/4.9.2/../../../../arm-nacl/lib/libppapi_stub.a(plugin_main_irt_21ce9d26.o) (PpapiPluginMain)
/home/jfb/nacl_sdk/pepper_42/toolchain/linux_arm_newlib/bin/../lib/gcc/arm-nacl/4.9.2/../../../../arm-nacl/lib/libppapi_stub.a(ppapi_plugin_start_8da67623.o)
                              /home/jfb/nacl_sdk/pepper_42/toolchain/linux_arm_newlib/bin/../lib/gcc/arm-nacl/4.9.2/../../../../arm-nacl/lib/libppapi_stub.a(ppapi_plugin_main_399d0cf7.o) (PpapiPluginStart)
/home/jfb/nacl_sdk/pepper_42/toolchain/linux_arm_newlib/bin/../lib/gcc/arm-nacl/4.9.2/../../../../arm-nacl/lib/libppapi_stub.a(thread_creator_ccf263e1.o)
                              /home/jfb/nacl_sdk/pepper_42/toolchain/linux_arm_newlib/bin/../lib/gcc/arm-nacl/4.9.2/../../../../arm-nacl/lib/libppapi_stub.a(ppapi_plugin_start_8da67623.o) (__nacl_register_thread_creator)
/home/jfb/nacl_sdk/pepper_42/toolchain/linux_arm_newlib/bin/../lib/gcc/arm-nacl/4.9.2/../../../../arm-nacl/lib/libpthread.a(nc_thread_7e478b15.o)
                              newlib/Release/debugging_arm.o (pthread_create)
/home/jfb/nacl_sdk/pepper_42/toolchain/linux_arm_newlib/bin/../lib/gcc/arm-nacl/4.9.2/../../../../arm-nacl/lib/libpthread.a(nc_condvar_305aa45a.o)
                              /home/jfb/nacl_sdk/pepper_42/toolchain/linux_arm_newlib/bin/../lib/gcc/arm-nacl/4.9.2/../../../../arm-nacl/lib/libpthread.a(nc_thread_7e478b15.o) (pthread_cond_init)
/home/jfb/nacl_sdk/pepper_42/toolchain/linux_arm_newlib/bin/../lib/gcc/arm-nacl/4.9.2/../../../../arm-nacl/lib/libpthread.a(dynamic_annotations_33ba59cc.o)
                              /home/jfb/nacl_sdk/pepper_42/toolchain/linux_arm_newlib/bin/../lib/gcc/arm-nacl/4.9.2/../../../../arm-nacl/lib/libpthread.a(nc_thread_7e478b15.o) (NACL_AnnotateCondVarWait)
/home/jfb/nacl_sdk/pepper_42/toolchain/linux_arm_newlib/bin/../lib/gcc/arm-nacl/4.9.2/../../../../arm-nacl/lib/libpthread.a(nc_mutex_86341ae1.o)
                              /home/jfb/nacl_sdk/pepper_42/toolchain/linux_arm_newlib/bin/../lib/gcc/arm-nacl/4.9.2/../../../../arm-nacl/lib/libpthread.a(nc_thread_7e478b15.o) (pthread_mutex_init)
/home/jfb/nacl_sdk/pepper_42/toolchain/linux_arm_newlib/bin/../lib/gcc/arm-nacl/4.9.2/../../../../arm-nacl/lib/libpthread.a(nc_init_irt_d3daafc0.o)
                              /home/jfb/nacl_sdk/pepper_42/toolchain/linux_arm_newlib/bin/../lib/gcc/arm-nacl/4.9.2/../../../../arm-nacl/lib/libpthread.a(nc_thread_7e478b15.o) (__nc_initialize_interfaces)
/home/jfb/nacl_sdk/pepper_42/toolchain/linux_arm_newlib/bin/../lib/gcc/arm-nacl/4.9.2/libgcc.a(unwind-arm.o)
                              /home/jfb/nacl_sdk/pepper_42/toolchain/linux_arm_newlib/bin/../lib/gcc/arm-nacl/4.9.2/../../../../arm-nacl/lib/libppapi_stub.a(plugin_main_irt_21ce9d26.o) (__aeabi_unwind_cpp_pr0)
/home/jfb/nacl_sdk/pepper_42/toolchain/linux_arm_newlib/bin/../lib/gcc/arm-nacl/4.9.2/libgcc.a(libunwind.o)
                              /home/jfb/nacl_sdk/pepper_42/toolchain/linux_arm_newlib/bin/../lib/gcc/arm-nacl/4.9.2/libgcc.a(unwind-arm.o) (restore_core_regs)
/home/jfb/nacl_sdk/pepper_42/toolchain/linux_arm_newlib/bin/../lib/gcc/arm-nacl/4.9.2/libgcc.a(pr-support.o)
                              /home/jfb/nacl_sdk/pepper_42/toolchain/linux_arm_newlib/bin/../lib/gcc/arm-nacl/4.9.2/libgcc.a(unwind-arm.o) (__gnu_unwind_execute)
/home/jfb/nacl_sdk/pepper_42/toolchain/linux_arm_newlib/bin/../lib/gcc/arm-nacl/4.9.2/../../../../arm-nacl/lib/libnacl.a(_exit_710c7d0d.o)
                              /home/jfb/nacl_sdk/pepper_42/toolchain/linux_arm_newlib/bin/../lib/gcc/arm-nacl/4.9.2/../../../../arm-nacl/lib/libppapi_stub.a(ppapi_plugin_start_8da67623.o) (_exit)
/home/jfb/nacl_sdk/pepper_42/toolchain/linux_arm_newlib/bin/../lib/gcc/arm-nacl/4.9.2/../../../../arm-nacl/lib/libnacl.a(abort_9f6b5845.o)
                              /home/jfb/nacl_sdk/pepper_42/toolchain/linux_arm_newlib/bin/../lib/gcc/arm-nacl/4.9.2/libgcc.a(unwind-arm.o) (abort)
[...]
Memory Configuration

Name             Origin             Length             Attributes
*default*        0x00000000         0xffffffff

Linker script and memory map

LOAD /home/jfb/nacl_sdk/pepper_42/toolchain/linux_arm_newlib/bin/../lib/gcc/arm-nacl/4.9.2/../../../../arm-nacl/lib/crt1.o
LOAD /home/jfb/nacl_sdk/pepper_42/toolchain/linux_arm_newlib/bin/../lib/gcc/arm-nacl/4.9.2/../../../../arm-nacl/lib/crti.o
LOAD /home/jfb/nacl_sdk/pepper_42/toolchain/linux_arm_newlib/bin/../lib/gcc/arm-nacl/4.9.2/crtbegin.o
LOAD newlib/Release/debugging_arm.o
LOAD /home/jfb/nacl_sdk/pepper_42//lib/newlib_arm/Release/liberror_handling.a
LOAD /home/jfb/nacl_sdk/pepper_42/toolchain/linux_arm_newlib/bin/../lib/gcc/arm-nacl/4.9.2/../../../../arm-nacl/lib/libppapi.a
LOAD /home/jfb/nacl_sdk/pepper_42/toolchain/linux_arm_newlib/bin/../lib/gcc/arm-nacl/4.9.2/../../../../arm-nacl/lib/libppapi_stub.a
LOAD /home/jfb/nacl_sdk/pepper_42/toolchain/linux_arm_newlib/bin/../lib/gcc/arm-nacl/4.9.2/../../../../arm-nacl/lib/libpthread.a
LOAD /home/jfb/nacl_sdk/pepper_42/toolchain/linux_arm_newlib/bin/../lib/gcc/arm-nacl/4.9.2/../../../../arm-nacl/lib/libstdc++.a
LOAD /home/jfb/nacl_sdk/pepper_42/toolchain/linux_arm_newlib/bin/../lib/gcc/arm-nacl/4.9.2/../../../../arm-nacl/lib/libm.a
START GROUP
LOAD /home/jfb/nacl_sdk/pepper_42/toolchain/linux_arm_newlib/bin/../lib/gcc/arm-nacl/4.9.2/libgcc.a
LOAD /home/jfb/nacl_sdk/pepper_42/toolchain/linux_arm_newlib/bin/../lib/gcc/arm-nacl/4.9.2/../../../../arm-nacl/lib/libpthread.a
LOAD /home/jfb/nacl_sdk/pepper_42/toolchain/linux_arm_newlib/bin/../lib/gcc/arm-nacl/4.9.2/../../../../arm-nacl/lib/libc.a
START GROUP
LOAD /home/jfb/nacl_sdk/pepper_42/toolchain/linux_arm_newlib/bin/../lib/gcc/arm-nacl/4.9.2/../../../../arm-nacl/lib/libnacl.a
LOAD /home/jfb/nacl_sdk/pepper_42/toolchain/linux_arm_newlib/bin/../lib/gcc/arm-nacl/4.9.2/../../../../arm-nacl/lib/libcrt_common.a
END GROUP
END GROUP
LOAD /home/jfb/nacl_sdk/pepper_42/toolchain/linux_arm_newlib/bin/../lib/gcc/arm-nacl/4.9.2/crtend.o
LOAD /home/jfb/nacl_sdk/pepper_42/toolchain/linux_arm_newlib/bin/../lib/gcc/arm-nacl/4.9.2/../../../../arm-nacl/lib/crtn.o
                0x00020000                PROVIDE (__executable_start, 0x20000)
                0x00020000                . = 0x20000

.init           0x00020000       0x10
 *(SORT(.init))
 .init          0x00020000        0x0 /home/jfb/nacl_sdk/pepper_42/toolchain/linux_arm_newlib/bin/../lib/gcc/arm-nacl/4.9.2/../../../../arm-nacl/lib/crti.o
                0x00020000                _init
 .init          0x00020000       0x10 /home/jfb/nacl_sdk/pepper_42/toolchain/linux_arm_newlib/bin/../lib/gcc/arm-nacl/4.9.2/../../../../arm-nacl/lib/crtn.o

.plt
 *(.plt)

.iplt           0x00020010        0x0
 *(.iplt)
 .iplt          0x00020010        0x0 /home/jfb/nacl_sdk/pepper_42/toolchain/linux_arm_newlib/bin/../lib/gcc/arm-nacl/4.9.2/crtbegin.o

.text           0x00020040    0x253b0
 *(.text.unlikely .text.*_unlikely .text.unlikely.*)
 .text.unlikely
                0x00020040       0x40 /home/jfb/nacl_sdk/pepper_42/toolchain/linux_arm_newlib/bin/../lib/gcc/arm-nacl/4.9.2/../../../../arm-nacl/lib/libppapi_stub.a(ppapi_plugin_start_8da67623.o)
 *(.text.exit .text.exit.*)
 *(.text.startup .text.startup.*)
 .text.startup  0x00020080       0x10 /home/jfb/nacl_sdk/pepper_42/toolchain/linux_arm_newlib/bin/../lib/gcc/arm-nacl/4.9.2/../../../../arm-nacl/lib/libppapi_stub.a(plugin_main_irt_21ce9d26.o)
                0x00020080                main
 *(.text.hot .text.hot.*)
 *(.text .stub .text.* .gnu.linkonce.t.*)
 .text          0x00020090        0x0 /home/jfb/nacl_sdk/pepper_42/toolchain/linux_arm_newlib/bin/../lib/gcc/arm-nacl/4.9.2/../../../../arm-nacl/lib/crti.o
 .text          0x00020090      0x1d0 /home/jfb/nacl_sdk/pepper_42/toolchain/linux_arm_newlib/bin/../lib/gcc/arm-nacl/4.9.2/crtbegin.o
 .text          0x00020260      0x830 newlib/Release/debugging_arm.o
                0x000202f0                layer5
                0x00020330                layer4
                0x00020370                layer3
                0x000203d0                layer2
                0x00020420                layer1
                0x000204b0                PostMessage
                0x000206a0                NexeMain
                0x000206e0                DumpJson
                0x00020910                PPP_InitializeModule
                0x000209c0                PPP_GetInterface
                0x00020a70                PPP_ShutdownModule
 .text          0x00020a90      0x920 /home/jfb/nacl_sdk/pepper_42//lib/newlib_arm/Release/liberror_handling.a(error_handling_arm.o)
                0x00020ae0                EHGetTopFrame
                0x00020b30                EHUnwindFrame
                0x00020bb0                EHDefaultJsonHandler
                0x00020f60                EHRequestExceptionsRaw
                0x00021120                EHRequestExceptionStackOnThread
                0x00021320                EHRequestExceptionsJson
                0x00021390                EHHanderInstalled
 .text          0x000213b0      0x200 /home/jfb/nacl_sdk/pepper_42//lib/newlib_arm/Release/liberror_handling.a(string_stream_arm.o)
                0x000213b0                ssinit
                0x000213d0                ssfree
                0x00021430                ssvprintf
                0x00021560                ssprintf
 .text          0x000215b0        0x0 /home/jfb/nacl_sdk/pepper_42/toolchain/linux_arm_newlib/bin/../lib/gcc/arm-nacl/4.9.2/../../../../arm-nacl/lib/libppapi_stub.a(plugin_main_irt_21ce9d26.o)
 .text          0x000215b0       0x10 /home/jfb/nacl_sdk/pepper_42/toolchain/linux_arm_newlib/bin/../lib/gcc/arm-nacl/4.9.2/../../../../arm-nacl/lib/libppapi_stub.a(ppapi_plugin_main_399d0cf7.o)
                0x000215b0                PpapiPluginMain
 .text          0x000215c0      0x140 /home/jfb/nacl_sdk/pepper_42/toolchain/linux_arm_newlib/bin/../lib/gcc/arm-nacl/4.9.2/../../../../arm-nacl/lib/libppapi_stub.a(ppapi_plugin_start_8da67623.o)
                0x000215c0                PpapiPluginStart
 .text          0x00021700       0x40 /home/jfb/nacl_sdk/pepper_42/toolchain/linux_arm_newlib/bin/../lib/gcc/arm-nacl/4.9.2/../../../../arm-nacl/lib/libppapi_stub.a(thread_creator_ccf263e1.o)
                0x00021720                __nacl_register_thread_creator
 .text          0x00021740     0x1b80 /home/jfb/nacl_sdk/pepper_42/toolchain/linux_arm_newlib/bin/../lib/gcc/arm-nacl/4.9.2/../../../../arm-nacl/lib/libpthread.a(nc_thread_7e478b15.o)
                0x00021980                __nc_initialize_globals
                0x00021a80                __pthread_initialize
                0x00021b80                pthread_create
                0x00021fb0                pthread_cleanup_push
                0x00022040                pthread_cleanup_pop
                0x00022100                pthread_join
                0x000222b0                pthread_detach
                0x00022370                pthread_kill
                0x00022380                pthread_self
                0x000223d0                pthread_equal
                0x000223f0                pthread_setschedprio
                0x00022470                pthread_attr_init
                0x000224a0                pthread_attr_destroy
                0x000224c0                pthread_attr_setdetachstate
                0x000224e0                pthread_attr_getdetachstate
                0x00022500                pthread_attr_setscope
                0x00022540                pthread_attr_getscope
                0x00022560                pthread_attr_setstacksize
                0x000225a0                pthread_attr_getstacksize
                0x000225d0                __local_lock_init
                0x00022640                __local_lock_init_recursive
                0x000226b0                __local_lock_close
                0x000226d0                __local_lock_close_recursive
                0x000226f0                __local_lock_acquire
                0x00022720                __local_lock_acquire_recursive
                0x00022750                __local_lock_try_acquire
                0x000227a0                __local_lock_try_acquire_recursive
                0x000227f0                __local_lock_release
                0x00022820                __local_lock_release_recursive
                0x00022850                pthread_key_create
                0x00022940                pthread_key_delete
                0x000229f0                pthread_setspecific
                0x00022b10                pthread_getspecific
                0x00022bb0                __nc_tsd_exit
                0x00022d30                pthread_exit
 .text          0x000232c0      0x240 /home/jfb/nacl_sdk/pepper_42/toolchain/linux_arm_newlib/bin/../lib/gcc/arm-nacl/4.9.2/../../../../arm-nacl/lib/libpthread.a(nc_condvar_305aa45a.o)
                0x000232c0                pthread_cond_init
                0x000232e0                pthread_cond_destroy
                0x000232f0                pthread_cond_signal
                0x00023380                pthread_cond_broadcast
                0x00023410                pthread_cond_timedwait_abs
                0x000234f0                pthread_cond_wait
 .text          0x00023500      0x300 /home/jfb/nacl_sdk/pepper_42/toolchain/linux_arm_newlib/bin/../lib/gcc/arm-nacl/4.9.2/../../../../arm-nacl/lib/libpthread.a(dynamic_annotations_33ba59cc.o)
                0x00023500                NACL_AnnotateRWLockCreate
                0x00023510                NACL_AnnotateRWLockDestroy
                0x00023520                NACL_AnnotateRWLockAcquired
                0x00023530                NACL_AnnotateRWLockReleased
                0x00023540                NACL_AnnotateBarrierInit
                0x00023550                NACL_AnnotateBarrierWaitBefore
                0x00023560                NACL_AnnotateBarrierWaitAfter
                0x00023570                NACL_AnnotateBarrierDestroy
                0x00023580                NACL_AnnotateCondVarWait
                0x00023590                NACL_AnnotateCondVarSignal
                0x000235a0                NACL_AnnotateCondVarSignalAll
                0x000235b0                NACL_AnnotateHappensBefore
                0x000235c0                NACL_AnnotateHappensAfter
                0x000235d0                NACL_AnnotatePublishMemoryRange
                0x000235e0                NACL_AnnotateUnpublishMemoryRange
                0x000235f0                NACL_AnnotatePCQCreate
                0x00023600                NACL_AnnotatePCQDestroy
                0x00023610                NACL_AnnotatePCQPut
                0x00023620                NACL_AnnotatePCQGet
                0x00023630                NACL_AnnotateNewMemory
                0x00023640                NACL_AnnotateExpectRace
                0x00023650                NACL_AnnotateFlushExpectedRaces
                0x00023660                NACL_AnnotateBenignRace
                0x00023670                NACL_AnnotateBenignRaceSized
                0x00023680                NACL_AnnotateMutexIsUsedAsCondVar
                0x00023690                NACL_AnnotateMutexIsNotPHB
                0x000236a0                NACL_AnnotateTraceMemory
                0x000236b0                NACL_AnnotateThreadName
                0x000236c0                NACL_AnnotateIgnoreReadsBegin
                0x000236d0                NACL_AnnotateIgnoreReadsEnd
                0x000236e0                NACL_AnnotateIgnoreWritesBegin
                0x000236f0                NACL_AnnotateIgnoreWritesEnd
                0x00023700                NACL_AnnotateIgnoreSyncBegin
                0x00023710                NACL_AnnotateIgnoreSyncEnd
                0x00023720                NACL_AnnotateEnableRaceDetection
                0x00023730                NACL_AnnotateNoOp
                0x00023740                NACL_AnnotateFlushState
                0x00023750                RunningOnValgrind
 .text          0x00023800      0x670 /home/jfb/nacl_sdk/pepper_42/toolchain/linux_arm_newlib/bin/../lib/gcc/arm-nacl/4.9.2/../../../../arm-nacl/lib/libpthread.a(nc_mutex_86341ae1.o)
                0x00023ab0                pthread_mutex_init
                0x00023b00                pthread_mutex_destroy
                0x00023b60                pthread_mutex_trylock
                0x00023b70                pthread_mutex_lock
                0x00023b80                pthread_mutex_timedlock
                0x00023b90                pthread_mutex_unlock
                0x00023d20                pthread_once
                0x00023e00                pthread_mutexattr_init
                0x00023e20                pthread_mutexattr_destroy
                0x00023e30                pthread_mutexattr_settype
                0x00023e50                pthread_mutexattr_gettype
 .text          0x00023e70       0x60 /home/jfb/nacl_sdk/pepper_42/toolchain/linux_arm_newlib/bin/../lib/gcc/arm-nacl/4.9.2/../../../../arm-nacl/lib/libpthread.a(nc_init_irt_d3daafc0.o)
                0x00023e70                __nc_initialize_interfaces
 .text          0x00023ed0     0x1dc0 /home/jfb/nacl_sdk/pepper_42/toolchain/linux_arm_newlib/bin/../lib/gcc/arm-nacl/4.9.2/libgcc.a(unwind-arm.o)
                0x00024770                _Unwind_GetCFA
                0x00024780                __gnu_Unwind_RaiseException
                0x000248e0                __gnu_Unwind_ForcedUnwind
                0x00024920                __gnu_Unwind_Resume
                0x000249f0                __gnu_Unwind_Resume_or_Rethrow
                0x00024a30                _Unwind_Complete
                0x00024a40                _Unwind_DeleteException
                0x00024a70                _Unwind_VRS_Get
                0x00024b40                _Unwind_VRS_Set
                0x00024c20                __gnu_Unwind_Backtrace
                0x00025520                __aeabi_unwind_cpp_pr0
                0x00025530                __aeabi_unwind_cpp_pr1
                0x00025540                __aeabi_unwind_cpp_pr2
                0x00025550                _Unwind_VRS_Pop
 .text          0x00025c90      0x220 /home/jfb/nacl_sdk/pepper_42/toolchain/linux_arm_newlib/bin/../lib/gcc/arm-nacl/4.9.2/libgcc.a(libunwind.o)
                0x00025c90                __restore_core_regs
                0x00025c90                restore_core_regs
                0x00025cd0                __gnu_Unwind_Restore_VFP
                0x00025ce0                __gnu_Unwind_Save_VFP
                0x00025cf0                __gnu_Unwind_Restore_VFP_D
                0x00025d00                __gnu_Unwind_Save_VFP_D
                0x00025d10                __gnu_Unwind_Restore_VFP_D_16_to_31
                0x00025d20                __gnu_Unwind_Save_VFP_D_16_to_31
                0x00025d30                __gnu_Unwind_Restore_WMMXD
                0x00025d40                __gnu_Unwind_Save_WMMXD
                0x00025d50                __gnu_Unwind_Restore_WMMXC
                0x00025d60                __gnu_Unwind_Save_WMMXC
                0x00025d70                ___Unwind_RaiseException
                0x00025d70                _Unwind_RaiseException
                0x00025db0                ___Unwind_Resume
                0x00025db0                _Unwind_Resume
                0x00025df0                _Unwind_Resume_or_Rethrow
                0x00025df0                ___Unwind_Resume_or_Rethrow
                0x00025e30                ___Unwind_ForcedUnwind
                0x00025e30                _Unwind_ForcedUnwind
                0x00025e70                _Unwind_Backtrace
                0x00025e70                ___Unwind_Backtrace
 .text          0x00025eb0      0x860 /home/jfb/nacl_sdk/pepper_42/toolchain/linux_arm_newlib/bin/../lib/gcc/arm-nacl/4.9.2/libgcc.a(pr-support.o)
                0x00025fc0                __gnu_unwind_execute
                0x000265b0                __gnu_unwind_frame
                0x00026620                _Unwind_GetRegionStart
                0x00026670                _Unwind_GetLanguageSpecificData
                0x000266d0                _Unwind_GetDataRelBase
                0x000266f0                _Unwind_GetTextRelBase
 .text          0x00026710       0x40 /home/jfb/nacl_sdk/pepper_42/toolchain/linux_arm_newlib/bin/../lib/gcc/arm-nacl/4.9.2/../../../../arm-nacl/lib/libnacl.a(_exit_710c7d0d.o)
                0x00026710                _exit
 .text          0x00026750       0x40 /home/jfb/nacl_sdk/pepper_42/toolchain/linux_arm_newlib/bin/../lib/gcc/arm-nacl/4.9.2/../../../../arm-nacl/lib/libnacl.a(abort_9f6b5845.o)
                0x00026750                abort
 .text          0x00026790        0x0 /home/jfb/nacl_sdk/pepper_42/toolchain/linux_arm_newlib/bin/../lib/gcc/arm-nacl/4.9.2/../../../../arm-nacl/lib/libnacl.a(environ_25cd24d8.o)
 .text          0x00026790      0x120 /home/jfb/nacl_sdk/pepper_42/toolchain/linux_arm_newlib/bin/../lib/gcc/arm-nacl/4.9.2/../../../../arm-nacl/lib/libnacl.a(start_fa9ef7de.o)
                0x00026790                _start
 .text          0x000268b0     0x65e0 /home/jfb/nacl_sdk/pepper_42/toolchain/linux_arm_newlib/bin/../lib/gcc/arm-nacl/4.9.2/../../../../arm-nacl/lib/libnacl.a(malloc_222c4a1e.o)
                0x000285c0                malloc
                0x0002afb0                free
                0x0002bc10                calloc
                0x0002bcd0                realloc
                0x0002bed0                realloc_in_place
                0x0002c040                memalign
                0x0002c060                posix_memalign
                0x0002c160                valloc
                0x0002c1c0                pvalloc
                0x0002c220                independent_calloc
                0x0002c270                independent_comalloc
                0x0002c280                bulk_free
                0x0002c4c0                malloc_trim
                0x0002c5f0                malloc_footprint
                0x0002c610                malloc_max_footprint
                0x0002c630                malloc_footprint_limit
                0x0002c650                malloc_set_footprint_limit
                0x0002c6a0                mallinfo
                0x0002c990                malloc_stats
                0x0002ccd0                mallopt
                0x0002ce00                malloc_usable_size
                0x0002ce50                _malloc_r
                0x0002ce60                _calloc_r
                0x0002ce70                _realloc_r
                0x0002ce80                _free_r
 .text          0x0002ce90      0x2a0 /home/jfb/nacl_sdk/pepper_42/toolchain/linux_arm_newlib/bin/../lib/gcc/arm-nacl/4.9.2/../../../../arm-nacl/lib/libnacl.a(nacl_irt_6de1d53f.o)
                0x0002cfa0                __libnacl_irt_query
                0x0002d020                __libnacl_mandatory_irt_query
                0x0002d080                __libnacl_irt_init_fn
 .text          0x0002d130       0xc0 /home/jfb/nacl_sdk/pepper_42/toolchain/linux_arm_newlib/bin/../lib/gcc/arm-nacl/4.9.2/../../../../arm-nacl/lib/libnacl.a(pthread_initialize_minimal_4b6e776b.o)
                0x0002d130                __pthread_initialize_minimal
 .text          0x0002d1f0       0x10 /home/jfb/nacl_sdk/pepper_42/toolchain/linux_arm_newlib/bin/../lib/gcc/arm-nacl/4.9.2/../../../../arm-nacl/lib/libnacl.a(nacl_read_tp_5748ac47.o)
                0x0002d1f0                __nacl_read_tp
 .text          0x0002d200       0x30 /home/jfb/nacl_sdk/pepper_42/toolchain/linux_arm_newlib/bin/../lib/gcc/arm-nacl/4.9.2/../../../../arm-nacl/lib/libnacl.a(nacl_interface_query_ef8a99f1.o)
                0x0002d200                nacl_interface_query
 .text          0x0002d230       0xc0 /home/jfb/nacl_sdk/pepper_42/toolchain/linux_arm_newlib/bin/../lib/gcc/arm-nacl/4.9.2/../../../../arm-nacl/lib/libnacl.a(mmap_767fb080.o)
                0x0002d230                mmap
 .text          0x0002d2f0       0x80 /home/jfb/nacl_sdk/pepper_42/toolchain/linux_arm_newlib/bin/../lib/gcc/arm-nacl/4.9.2/../../../../arm-nacl/lib/libnacl.a(sched_yield_56c375be.o)
                0x0002d2f0                sched_yield
 .text          0x0002d370       0x80 /home/jfb/nacl_sdk/pepper_42/toolchain/linux_arm_newlib/bin/../lib/gcc/arm-nacl/4.9.2/../../../../arm-nacl/lib/libnacl.a(munmap_d4f09867.o)
                0x0002d370                munmap
 .text          0x0002d3f0      0x3f0 /home/jfb/nacl_sdk/pepper_42/toolchain/linux_arm_newlib/bin/../lib/gcc/arm-nacl/4.9.2/../../../../arm-nacl/lib/libnacl.a(tls_bba1975b.o)
                0x0002d590                __tls_get_addr
                0x0002d5c0                __nacl_tls_combined_size
                0x0002d650                __nacl_tls_initialize_memory
 .text          0x0002d7e0       0x90 /home/jfb/nacl_sdk/pepper_42/toolchain/linux_arm_newlib/bin/../lib/gcc/arm-nacl/4.9.2/../../../../arm-nacl/lib/libnacl.a(write_fb49787f.o)
                0x0002d7e0                write
 .text          0x0002d870       0x20 /home/jfb/nacl_sdk/pepper_42/toolchain/linux_arm_newlib/bin/../lib/gcc/arm-nacl/4.9.2/../../../../arm-nacl/lib/libnacl.a(nacl_tls_get_d2f842b5.o)
                0x0002d870                nacl_tls_get
 .text          0x0002d890      0x1e0 /home/jfb/nacl_sdk/pepper_42/toolchain/linux_arm_newlib/bin/../lib/gcc/arm-nacl/4.9.2/../../../../arm-nacl/lib/libnacl.a(nacl_irt_init_7b4f826e.o)
                0x0002d8a0                __libnacl_irt_init
 .text          0x0002da70       0x90 /home/jfb/nacl_sdk/pepper_42/toolchain/linux_arm_newlib/bin/../lib/gcc/arm-nacl/4.9.2/../../../../arm-nacl/lib/libnacl.a(sysconf_ad295ea2.o)
                0x0002da70                sysconf
 .text          0x0002db00       0x20 /home/jfb/nacl_sdk/pepper_42/toolchain/linux_arm_newlib/bin/../lib/gcc/arm-nacl/4.9.2/../../../../arm-nacl/lib/libnacl.a(nacl_tls_init_eb0cd232.o)
                0x0002db00                nacl_tls_init
 .text          0x0002db20       0x20 /home/jfb/nacl_sdk/pepper_42/toolchain/linux_arm_newlib/bin/../lib/gcc/arm-nacl/4.9.2/../../../../arm-nacl/lib/libcrt_common.a(lib_a-atexit.o)
                0x0002db20                atexit
 .text          0x0002db40       0x40 /home/jfb/nacl_sdk/pepper_42/toolchain/linux_arm_newlib/bin/../lib/gcc/arm-nacl/4.9.2/../../../../arm-nacl/lib/libcrt_common.a(lib_a-errno.o)
                0x0002db40                __errno
 .text          0x0002db80       0x60 /home/jfb/nacl_sdk/pepper_42/toolchain/linux_arm_newlib/bin/../lib/gcc/arm-nacl/4.9.2/../../../../arm-nacl/lib/libcrt_common.a(lib_a-exit.o)
                0x0002db80                exit
 .text          0x0002dbe0      0x520 /home/jfb/nacl_sdk/pepper_42/toolchain/linux_arm_newlib/bin/../lib/gcc/arm-nacl/4.9.2/../../../../arm-nacl/lib/libcrt_common.a(lib_a-fflush.o)
                0x0002dbe0                __sflush_r
                0x0002dfa0                _fflush_r
                0x0002e0a0                fflush
 .text          0x0002e100      0x790 /home/jfb/nacl_sdk/pepper_42/toolchain/linux_arm_newlib/bin/../lib/gcc/arm-nacl/4.9.2/../../../../arm-nacl/lib/libcrt_common.a(lib_a-findfp.o)
                0x0002e100                _cleanup_r
                0x0002e2a0                __sfmoreglue
                0x0002e330                _cleanup
                0x0002e350                __sinit
                0x0002e520                __sfp
                0x0002e740                __sfp_lock_acquire
                0x0002e760                __sfp_lock_release
                0x0002e780                __sinit_lock_acquire
                0x0002e790                __sinit_lock_release
                0x0002e7a0                __fp_lock_all
                0x0002e820                __fp_unlock_all
 .text          0x0002e890       0x80 /home/jfb/nacl_sdk/pepper_42/toolchain/linux_arm_newlib/bin/../lib/gcc/arm-nacl/4.9.2/../../../../arm-nacl/lib/libcrt_common.a(lib_a-fini.o)
                0x0002e890                __libc_fini_array
 .text          0x0002e910       0xd0 /home/jfb/nacl_sdk/pepper_42/toolchain/linux_arm_newlib/bin/../lib/gcc/arm-nacl/4.9.2/../../../../arm-nacl/lib/libcrt_common.a(lib_a-fprintf.o)
                0x0002e910                _fprintf_r
                0x0002e960                fprintf
 .text          0x0002e9e0      0x310 /home/jfb/nacl_sdk/pepper_42/toolchain/linux_arm_newlib/bin/../lib/gcc/arm-nacl/4.9.2/../../../../arm-nacl/lib/libcrt_common.a(lib_a-fwalk.o)
                0x0002e9e0                _fwalk
                0x0002eb80                _fwalk_reent
 .text          0x0002ecf0      0x270 /home/jfb/nacl_sdk/pepper_42/toolchain/linux_arm_newlib/bin/../lib/gcc/arm-nacl/4.9.2/../../../../arm-nacl/lib/libcrt_common.a(lib_a-fwrite.o)
                0x0002ecf0                _fwrite_r
                0x0002eed0                fwrite
 .text          0x0002ef60       0xb0 /home/jfb/nacl_sdk/pepper_42/toolchain/linux_arm_newlib/bin/../lib/gcc/arm-nacl/4.9.2/../../../../arm-nacl/lib/libcrt_common.a(lib_a-getenv.o)
                0x0002ef60                _findenv
                0x0002efa0                getenv
 .text          0x0002f010      0x1c0 /home/jfb/nacl_sdk/pepper_42/toolchain/linux_arm_newlib/bin/../lib/gcc/arm-nacl/4.9.2/../../../../arm-nacl/lib/libcrt_common.a(lib_a-getenv_r.o)
                0x0002f010                _findenv_r
                0x0002f190                _getenv_r
 .text          0x0002f1d0       0x40 /home/jfb/nacl_sdk/pepper_42/toolchain/linux_arm_newlib/bin/../lib/gcc/arm-nacl/4.9.2/../../../../arm-nacl/lib/libcrt_common.a(lib_a-impure.o)
                0x0002f1d0                __newlib_thread_init
                0x0002f200                __newlib_thread_exit
 .text          0x0002f210       0xe0 /home/jfb/nacl_sdk/pepper_42/toolchain/linux_arm_newlib/bin/../lib/gcc/arm-nacl/4.9.2/../../../../arm-nacl/lib/libcrt_common.a(lib_a-init.o)
                0x0002f210                __libc_init_array
 *fill*         0x0002f2f0       0x10 
 .text          0x0002f300      0x940 /home/jfb/nacl_sdk/pepper_42/toolchain/linux_arm_newlib/bin/../lib/gcc/arm-nacl/4.9.2/../../../../arm-nacl/lib/libcrt_common.a(lib_a-memcpy.o)
                0x0002f300                memcpy
 .text          0x0002fc40      0x170 /home/jfb/nacl_sdk/pepper_42/toolchain/linux_arm_newlib/bin/../lib/gcc/arm-nacl/4.9.2/../../../../arm-nacl/lib/libcrt_common.a(lib_a-memset.o)
                0x0002fc40                memset
 .text          0x0002fdb0       0x80 /home/jfb/nacl_sdk/pepper_42/toolchain/linux_arm_newlib/bin/../lib/gcc/arm-nacl/4.9.2/../../../../arm-nacl/lib/libcrt_common.a(lib_a-sleep.o)
                0x0002fdb0                sleep
 .text          0x0002fe30      0x1e0 /home/jfb/nacl_sdk/pepper_42/toolchain/linux_arm_newlib/bin/../lib/gcc/arm-nacl/4.9.2/../../../../arm-nacl/lib/libcrt_common.a(lib_a-stdio.o)
                0x0002fe30                __sread
                0x0002fec0                __seofread
                0x0002fed0                __swrite
                0x0002ff70                __sseek
                0x00030000                __sclose
 *fill*         0x00030010       0x10 
 .text          0x00030020      0x460 /home/jfb/nacl_sdk/pepper_42/toolchain/linux_arm_newlib/bin/../lib/gcc/arm-nacl/4.9.2/../../../../arm-nacl/lib/libcrt_common.a(lib_a-strcmp.o)
                0x00030030                strcmp
 .text          0x00030480      0x140 /home/jfb/nacl_sdk/pepper_42/toolchain/linux_arm_newlib/bin/../lib/gcc/arm-nacl/4.9.2/../../../../arm-nacl/lib/libcrt_common.a(lib_a-strlen-armv7.o)
                0x00030480                strlen
 .text          0x000305c0      0x1b0 /home/jfb/nacl_sdk/pepper_42/toolchain/linux_arm_newlib/bin/../lib/gcc/arm-nacl/4.9.2/../../../../arm-nacl/lib/libcrt_common.a(lib_a-strncmp.o)
                0x000305c0                strncmp
 .text          0x00030770     0x3a80 /home/jfb/nacl_sdk/pepper_42/toolchain/linux_arm_newlib/bin/../lib/gcc/arm-nacl/4.9.2/../../../../arm-nacl/lib/libcrt_common.a(lib_a-vfprintf.o)
                0x00030770                _vfprintf_r
                0x00034030                vfprintf
 .text          0x000341f0      0x190 /home/jfb/nacl_sdk/pepper_42/toolchain/linux_arm_newlib/bin/../lib/gcc/arm-nacl/4.9.2/../../../../arm-nacl/lib/libcrt_common.a(lib_a-vsnprintf.o)
                0x000341f0                _vsnprintf_r
                0x000342f0                vsnprintf
 .text          0x00034380       0xe0 /home/jfb/nacl_sdk/pepper_42/toolchain/linux_arm_newlib/bin/../lib/gcc/arm-nacl/4.9.2/../../../../arm-nacl/lib/libcrt_common.a(lib_a-vsprintf.o)
                0x00034380                _vsprintf_r
                0x00034400                vsprintf
 .text          0x00034460      0x240 /home/jfb/nacl_sdk/pepper_42/toolchain/linux_arm_newlib/bin/../lib/gcc/arm-nacl/4.9.2/../../../../arm-nacl/lib/libcrt_common.a(lib_a-wcrtomb.o)
                0x00034460                _wcrtomb_r
                0x00034570                wcrtomb
 .text          0x000346a0       0xd0 /home/jfb/nacl_sdk/pepper_42/toolchain/linux_arm_newlib/bin/../lib/gcc/arm-nacl/4.9.2/../../../../arm-nacl/lib/libcrt_common.a(lib_a-wcsrtombs.o)
                0x000346a0                _wcsrtombs_r
                0x000346f0                wcsrtombs
 .text          0x00034770      0x5b0 /home/jfb/nacl_sdk/pepper_42/toolchain/linux_arm_newlib/bin/../lib/gcc/arm-nacl/4.9.2/../../../../arm-nacl/lib/libcrt_common.a(lib_a-wctomb_r.o)
                0x00034770                __ascii_wctomb
                0x000347b0                _wctomb_r
                0x00034850                __utf8_wctomb
                0x000349c0                __sjis_wctomb
                0x00034a90                __eucjp_wctomb
                0x00034bc0                __jis_wctomb
 .text          0x00034d20      0x280 /home/jfb/nacl_sdk/pepper_42/toolchain/linux_arm_newlib/bin/../lib/gcc/arm-nacl/4.9.2/../../../../arm-nacl/lib/libcrt_common.a(lib_a-wsetup.o)
                0x00034d20                __swsetup_r
 .text          0x00034fa0      0x1f0 /home/jfb/nacl_sdk/pepper_42/toolchain/linux_arm_newlib/bin/../lib/gcc/arm-nacl/4.9.2/../../../../arm-nacl/lib/libcrt_common.a(lib_a-__atexit.o)
                0x00034fa0                __register_exitproc
 .text          0x00035190      0x290 /home/jfb/nacl_sdk/pepper_42/toolchain/linux_arm_newlib/bin/../lib/gcc/arm-nacl/4.9.2/../../../../arm-nacl/lib/libcrt_common.a(lib_a-__call_atexit.o)
                0x00035190                __call_exitprocs
 .text          0x00035420     0x1c60 /home/jfb/nacl_sdk/pepper_42/toolchain/linux_arm_newlib/bin/../lib/gcc/arm-nacl/4.9.2/../../../../arm-nacl/lib/libcrt_common.a(lib_a-dtoa.o)
                0x000356d0                _dtoa_r
 .text          0x00037080       0x20 /home/jfb/nacl_sdk/pepper_42/toolchain/linux_arm_newlib/bin/../lib/gcc/arm-nacl/4.9.2/../../../../arm-nacl/lib/libcrt_common.a(lib_a-envlock.o)
                0x00037080                __env_lock
                0x00037090                __env_unlock
 .text          0x000370a0      0x2a0 /home/jfb/nacl_sdk/pepper_42/toolchain/linux_arm_newlib/bin/../lib/gcc/arm-nacl/4.9.2/../../../../arm-nacl/lib/libcrt_common.a(lib_a-fclose.o)
                0x000370a0                _fclose_r
                0x00037300                fclose
 .text          0x00037340      0x810 /home/jfb/nacl_sdk/pepper_42/toolchain/linux_arm_newlib/bin/../lib/gcc/arm-nacl/4.9.2/../../../../arm-nacl/lib/libcrt_common.a(lib_a-fvwrite.o)
                0x00037340                __sfvwrite_r
 .text          0x00037b50     0x14d0 /home/jfb/nacl_sdk/pepper_42/toolchain/linux_arm_newlib/bin/../lib/gcc/arm-nacl/4.9.2/../../../../arm-nacl/lib/libcrt_common.a(lib_a-locale.o)
                0x00038a20                _setlocale_r
                0x00038f20                __locale_charset
                0x00038f40                __locale_mb_cur_max
                0x00038f60                __locale_msgcharset
                0x00038f80                __locale_cjk_lang
                0x00038fa0                _localeconv_r
                0x00038fc0                setlocale
                0x00039000                localeconv
 .text          0x00039020      0x250 /home/jfb/nacl_sdk/pepper_42/toolchain/linux_arm_newlib/bin/../lib/gcc/arm-nacl/4.9.2/../../../../arm-nacl/lib/libcrt_common.a(lib_a-makebuf.o)
                0x00039020                __smakebuf_r
 .text          0x00039270      0xb60 /home/jfb/nacl_sdk/pepper_42/toolchain/linux_arm_newlib/bin/../lib/gcc/arm-nacl/4.9.2/../../../../arm-nacl/lib/libcrt_common.a(lib_a-mbtowc_r.o)
                0x00039270                __ascii_mbtowc
                0x000392e0                _mbtowc_r
                0x00039390                __utf8_mbtowc
                0x00039800                __sjis_mbtowc
                0x00039970                __eucjp_mbtowc
                0x00039b60                __jis_mbtowc
 .text          0x00039dd0      0x110 /home/jfb/nacl_sdk/pepper_42/toolchain/linux_arm_newlib/bin/../lib/gcc/arm-nacl/4.9.2/../../../../arm-nacl/lib/libcrt_common.a(lib_a-memchr.o)
                0x00039dd0                memchr
 .text          0x00039ee0      0x1c0 /home/jfb/nacl_sdk/pepper_42/toolchain/linux_arm_newlib/bin/../lib/gcc/arm-nacl/4.9.2/../../../../arm-nacl/lib/libcrt_common.a(lib_a-memmove.o)
                0x00039ee0                memmove
 .text          0x0003a0a0     0x1540 /home/jfb/nacl_sdk/pepper_42/toolchain/linux_arm_newlib/bin/../lib/gcc/arm-nacl/4.9.2/../../../../arm-nacl/lib/libcrt_common.a(lib_a-mprec.o)
                0x0003a0a0                _Balloc
                0x0003a1c0                _Bfree
                0x0003a210                __multadd
                0x0003a380                __s2b
                0x0003a4d0                __hi0bits
                0x0003a540                __lo0bits
                0x0003a600                __i2b
                0x0003a650                __multiply
                0x0003a940                __pow5mult
                0x0003ab30                __lshift
                0x0003ace0                __mcmp
                0x0003ad80                __mdiff
                0x0003af90                __ulp
                0x0003b020                __b2d
                0x0003b170                __d2b
                0x0003b350                __ratio
                0x0003b420                _mprec_log10
                0x0003b470                __copybits
                0x0003b520                __any_on
 .text          0x0003b5e0       0x90 /home/jfb/nacl_sdk/pepper_42/toolchain/linux_arm_newlib/bin/../lib/gcc/arm-nacl/4.9.2/../../../../arm-nacl/lib/libcrt_common.a(lib_a-s_fpclassify.o)
                0x0003b5e0                __fpclassifyd
 .text          0x0003b670       0xd0 /home/jfb/nacl_sdk/pepper_42/toolchain/linux_arm_newlib/bin/../lib/gcc/arm-nacl/4.9.2/../../../../arm-nacl/lib/libcrt_common.a(lib_a-s_frexp.o)
                0x0003b670                frexp
 .text          0x0003b740       0x90 /home/jfb/nacl_sdk/pepper_42/toolchain/linux_arm_newlib/bin/../lib/gcc/arm-nacl/4.9.2/../../../../arm-nacl/lib/libcrt_common.a(lib_a-strcasecmp.o)
                0x0003b740                strcasecmp
 .text          0x0003b7d0       0xd0 /home/jfb/nacl_sdk/pepper_42/toolchain/linux_arm_newlib/bin/../lib/gcc/arm-nacl/4.9.2/../../../../arm-nacl/lib/libcrt_common.a(lib_a-strcat.o)
                0x0003b7d0                strcat
 .text          0x0003b8a0      0x230 /home/jfb/nacl_sdk/pepper_42/toolchain/linux_arm_newlib/bin/../lib/gcc/arm-nacl/4.9.2/../../../../arm-nacl/lib/libcrt_common.a(lib_a-strchr.o)
                0x0003b8a0                strchr
 .text          0x0003bad0      0x160 /home/jfb/nacl_sdk/pepper_42/toolchain/linux_arm_newlib/bin/../lib/gcc/arm-nacl/4.9.2/../../../../arm-nacl/lib/libcrt_common.a(lib_a-strcpy.o)
                0x0003bad0                strcpy
 .text          0x0003bc30       0x70 /home/jfb/nacl_sdk/pepper_42/toolchain/linux_arm_newlib/bin/../lib/gcc/arm-nacl/4.9.2/../../../../arm-nacl/lib/libcrt_common.a(lib_a-strlcpy.o)
                0x0003bc30                strlcpy
 .text          0x0003bca0       0xe0 /home/jfb/nacl_sdk/pepper_42/toolchain/linux_arm_newlib/bin/../lib/gcc/arm-nacl/4.9.2/../../../../arm-nacl/lib/libcrt_common.a(lib_a-strncasecmp.o)
                0x0003bca0                strncasecmp
 .text          0x0003bd80      0x140 /home/jfb/nacl_sdk/pepper_42/toolchain/linux_arm_newlib/bin/../lib/gcc/arm-nacl/4.9.2/../../../../arm-nacl/lib/libcrt_common.a(lib_a-strncpy.o)
                0x0003bd80                strncpy
 .text          0x0003bec0      0x350 /home/jfb/nacl_sdk/pepper_42/toolchain/linux_arm_newlib/bin/../lib/gcc/arm-nacl/4.9.2/../../../../arm-nacl/lib/libcrt_common.a(lib_a-strtol.o)
                0x0003bec0                _strtol_r
                0x0003c1b0                strtol
 .text          0x0003c210     0x3730 /home/jfb/nacl_sdk/pepper_42/toolchain/linux_arm_newlib/bin/../lib/gcc/arm-nacl/4.9.2/../../../../arm-nacl/lib/libcrt_common.a(lib_a-svfprintf.o)
                0x0003c210                _svfprintf_r
 .text          0x0003f940     0x23b0 /home/jfb/nacl_sdk/pepper_42/toolchain/linux_arm_newlib/bin/../lib/gcc/arm-nacl/4.9.2/../../../../arm-nacl/lib/libcrt_common.a(lib_a-vfiprintf.o)
                0x0003fa90                __sprint_r
                0x0003fad0                _vfiprintf_r
                0x00041b30                vfiprintf
 .text          0x00041cf0      0x330 /home/jfb/nacl_sdk/pepper_42/toolchain/linux_arm_newlib/bin/../lib/gcc/arm-nacl/4.9.2/../../../../arm-nacl/lib/libcrt_common.a(lib_a-wcsnrtombs.o)
                0x00041cf0                _wcsnrtombs_r
                0x00041f80                wcsnrtombs
 .text          0x00042020       0x20 /home/jfb/nacl_sdk/pepper_42/toolchain/linux_arm_newlib/bin/../lib/gcc/arm-nacl/4.9.2/../../../../arm-nacl/lib/libcrt_common.a(lib_a-ctype_.o)
                0x00042020                __set_ctype
 .text          0x00042040      0x340 /home/jfb/nacl_sdk/pepper_42/toolchain/linux_arm_newlib/bin/../lib/gcc/arm-nacl/4.9.2/../../../../arm-nacl/lib/libcrt_common.a(lib_a-fputwc.o)
                0x00042040                _fputwc_r
                0x000422e0                fputwc
 .text          0x00042380     0x1f40 /home/jfb/nacl_sdk/pepper_42/toolchain/linux_arm_newlib/bin/../lib/gcc/arm-nacl/4.9.2/../../../../arm-nacl/lib/libcrt_common.a(lib_a-svfiprintf.o)
                0x00042380                __ssprint_r
                0x00042680                _svfiprintf_r
 .text          0x000442c0      0x250 /home/jfb/nacl_sdk/pepper_42/toolchain/linux_arm_newlib/bin/../lib/gcc/arm-nacl/4.9.2/../../../../arm-nacl/lib/libcrt_common.a(lib_a-wbuf.o)
                0x000442c0                __swbuf_r
                0x000444d0                __swbuf
 .text          0x00044510       0x80 /home/jfb/nacl_sdk/pepper_42/toolchain/linux_arm_newlib/bin/../lib/gcc/arm-nacl/4.9.2/../../../../arm-nacl/lib/libnacl.a(close_e9b92fbd.o)
                0x00044510                close
 .text          0x00044590       0xd0 /home/jfb/nacl_sdk/pepper_42/toolchain/linux_arm_newlib/bin/../lib/gcc/arm-nacl/4.9.2/../../../../arm-nacl/lib/libnacl.a(isatty_02f56e94.o)
                0x00044590                isatty
 .text          0x00044660       0xc0 /home/jfb/nacl_sdk/pepper_42/toolchain/linux_arm_newlib/bin/../lib/gcc/arm-nacl/4.9.2/../../../../arm-nacl/lib/libnacl.a(nacl_irt_fdio_b571b5e7.o)
                0x00044660                __libnacl_irt_dev_fdio_init
 .text          0x00044720       0x80 /home/jfb/nacl_sdk/pepper_42/toolchain/linux_arm_newlib/bin/../lib/gcc/arm-nacl/4.9.2/../../../../arm-nacl/lib/libnacl.a(fstat_0540ff63.o)
                0x00044720                fstat
 .text          0x000447a0       0xa0 /home/jfb/nacl_sdk/pepper_42/toolchain/linux_arm_newlib/bin/../lib/gcc/arm-nacl/4.9.2/../../../../arm-nacl/lib/libnacl.a(lseek_64d2d05c.o)
                0x000447a0                lseek
 .text          0x00044840       0x90 /home/jfb/nacl_sdk/pepper_42/toolchain/linux_arm_newlib/bin/../lib/gcc/arm-nacl/4.9.2/../../../../arm-nacl/lib/libnacl.a(read_df872e10.o)
                0x00044840                read
 .text          0x000448d0       0x80 /home/jfb/nacl_sdk/pepper_42/toolchain/linux_arm_newlib/bin/../lib/gcc/arm-nacl/4.9.2/../../../../arm-nacl/lib/libnacl.a(nanosleep_e59fdef1.o)
                0x000448d0                nanosleep
 .text          0x00044950      0x2d0 /home/jfb/nacl_sdk/pepper_42/toolchain/linux_arm_newlib/bin/../lib/gcc/arm-nacl/4.9.2/libgcc.a(_udivsi3.o)
                0x00044950                __udivsi3
                0x00044950                __aeabi_uidiv
                0x00044be0                __aeabi_uidivmod
 .text          0x00044c20      0x300 /home/jfb/nacl_sdk/pepper_42/toolchain/linux_arm_newlib/bin/../lib/gcc/arm-nacl/4.9.2/libgcc.a(_divsi3.o)
                0x00044c20                __aeabi_idiv
                0x00044c20                __divsi3
                0x00044ee0                __aeabi_idivmod
 .text          0x00044f20       0x60 /home/jfb/nacl_sdk/pepper_42/toolchain/linux_arm_newlib/bin/../lib/gcc/arm-nacl/4.9.2/libgcc.a(_aeabi_uldivmod.o)
                0x00044f20                __aeabi_uldivmod
 .text          0x00044f80       0x10 /home/jfb/nacl_sdk/pepper_42/toolchain/linux_arm_newlib/bin/../lib/gcc/arm-nacl/4.9.2/libgcc.a(_dvmd_nacl.o)
                0x00044f80                __aeabi_ldiv0
                0x00044f80                __aeabi_idiv0
 .text          0x00044f90      0x100 /home/jfb/nacl_sdk/pepper_42/toolchain/linux_arm_newlib/bin/../lib/gcc/arm-nacl/4.9.2/libgcc.a(bpabi.o)
                0x00044f90                __gnu_ldivmod_helper
                0x00045010                __gnu_uldivmod_helper
 .text          0x00045090      0x210 /home/jfb/nacl_sdk/pepper_42/toolchain/linux_arm_newlib/bin/../lib/gcc/arm-nacl/4.9.2/libgcc.a(_divdi3.o)
                0x00045090                __divdi3
 .text          0x000452a0      0x150 /home/jfb/nacl_sdk/pepper_42/toolchain/linux_arm_newlib/bin/../lib/gcc/arm-nacl/4.9.2/libgcc.a(_udivdi3.o)
                0x000452a0                __udivdi3
 .text          0x000453f0        0x0 /home/jfb/nacl_sdk/pepper_42/toolchain/linux_arm_newlib/bin/../lib/gcc/arm-nacl/4.9.2/crtend.o
 .text          0x000453f0        0x0 /home/jfb/nacl_sdk/pepper_42/toolchain/linux_arm_newlib/bin/../lib/gcc/arm-nacl/4.9.2/../../../../arm-nacl/lib/crtn.o
 *(.gnu.warning)
 *(.glue_7t)
 .glue_7t       0x000453f0        0x0 linker stubs
 *(.glue_7)
 .glue_7        0x000453f0        0x0 linker stubs
 *(.vfp11_veneer)
 .vfp11_veneer  0x000453f0        0x0 linker stubs
 *(.v4_bx)
 .v4_bx         0x000453f0        0x0 linker stubs

.fini           0x000453f0       0x10
 *(SORT(.fini))
 .fini          0x000453f0        0x0 /home/jfb/nacl_sdk/pepper_42/toolchain/linux_arm_newlib/bin/../lib/gcc/arm-nacl/4.9.2/../../../../arm-nacl/lib/crti.o
                0x000453f0                _fini
 .fini          0x000453f0       0x10 /home/jfb/nacl_sdk/pepper_42/toolchain/linux_arm_newlib/bin/../lib/gcc/arm-nacl/4.9.2/../../../../arm-nacl/lib/crtn.o
                0x00045400                PROVIDE (__etext, .)
                0x00045400                PROVIDE (_etext, .)
                0x00045400                PROVIDE (etext, .)
                0x10020134                . = (0x10020000 + SIZEOF_HEADERS)

.interp
 *(.interp)

.note.NaCl.ABI.arm
                0x10020134       0x18
 .note.NaCl.ABI.arm
                0x10020134       0x18 /home/jfb/nacl_sdk/pepper_42/toolchain/linux_arm_newlib/bin/../lib/gcc/arm-nacl/4.9.2/../../../../arm-nacl/lib/crti.o

.note.gnu.build-id
                0x1002014c       0x24
 *(.note.gnu.build-id)
 .note.gnu.build-id
                0x1002014c       0x24 linker stubs

.hash
 *(.hash)

.gnu.hash
 *(.gnu.hash)

.dynsym
 *(.dynsym)

.dynstr
 *(.dynstr)

.gnu.version
 *(.gnu.version)

.gnu.version_d
 *(.gnu.version_d)

.gnu.version_r
 *(.gnu.version_r)

.rel.dyn        0x10020170        0x0
 *(.rel.init)
 *(.rel.text .rel.text.* .rel.gnu.linkonce.t.*)
 *(.rel.fini)
 *(.rel.rodata .rel.rodata.* .rel.gnu.linkonce.r.*)
 *(.rel.data.rel.ro .rel.data.rel.ro.* .rel.gnu.linkonce.d.rel.ro.*)
 *(.rel.data .rel.data.* .rel.gnu.linkonce.d.*)
 *(.rel.tdata .rel.tdata.* .rel.gnu.linkonce.td.*)
 *(.rel.tbss .rel.tbss.* .rel.gnu.linkonce.tb.*)
 *(.rel.ctors)
 *(.rel.dtors)
 *(.rel.got)
 .rel.got       0x10020170        0x0 /home/jfb/nacl_sdk/pepper_42/toolchain/linux_arm_newlib/bin/../lib/gcc/arm-nacl/4.9.2/crtbegin.o
 *(.rel.bss .rel.bss.* .rel.gnu.linkonce.b.*)
                0x10020170                PROVIDE (__rel_iplt_start, .)
 *(.rel.iplt)
 .rel.iplt      0x10020170        0x0 /home/jfb/nacl_sdk/pepper_42/toolchain/linux_arm_newlib/bin/../lib/gcc/arm-nacl/4.9.2/crtbegin.o
                0x10020170                PROVIDE (__rel_iplt_end, .)

.rela.dyn       0x10020170        0x0
 *(.rela.init)
 *(.rela.text .rela.text.* .rela.gnu.linkonce.t.*)
 *(.rela.fini)
 *(.rela.rodata .rela.rodata.* .rela.gnu.linkonce.r.*)
 *(.rela.data .rela.data.* .rela.gnu.linkonce.d.*)
 *(.rela.tdata .rela.tdata.* .rela.gnu.linkonce.td.*)
 *(.rela.tbss .rela.tbss.* .rela.gnu.linkonce.tb.*)
 *(.rela.ctors)
 *(.rela.dtors)
 *(.rela.got)
 *(.rela.bss .rela.bss.* .rela.gnu.linkonce.b.*)
                0x10020170                PROVIDE (__rela_iplt_start, .)
 *(.rela.iplt)
                0x10020170                PROVIDE (__rela_iplt_end, .)

.rel.plt
 *(.rel.plt)

.rela.plt
 *(.rela.plt)

.rodata         0x10020170      0xbcc
 *(.rodata .rodata.* .gnu.linkonce.r.*)
 .rodata.str1.4
                0x10020170       0xee newlib/Release/debugging_arm.o
                                 0xf0 (size before relaxing)
 *fill*         0x1002025e        0x2 
 .rodata.str1.4
                0x10020260      0x1dc /home/jfb/nacl_sdk/pepper_42//lib/newlib_arm/Release/liberror_handling.a(error_handling_arm.o)
 .rodata        0x1002043c        0xc /home/jfb/nacl_sdk/pepper_42/toolchain/linux_arm_newlib/bin/../lib/gcc/arm-nacl/4.9.2/../../../../arm-nacl/lib/libppapi_stub.a(ppapi_plugin_main_399d0cf7.o)
 .rodata.str1.4
                0x10020448       0xb1 /home/jfb/nacl_sdk/pepper_42/toolchain/linux_arm_newlib/bin/../lib/gcc/arm-nacl/4.9.2/../../../../arm-nacl/lib/libppapi_stub.a(ppapi_plugin_start_8da67623.o)
                                 0xb4 (size before relaxing)
 *fill*         0x100204f9        0x3 
 .rodata        0x100204fc        0x8 /home/jfb/nacl_sdk/pepper_42/toolchain/linux_arm_newlib/bin/../lib/gcc/arm-nacl/4.9.2/../../../../arm-nacl/lib/libppapi_stub.a(thread_creator_ccf263e1.o)
 .rodata        0x10020504        0x4 /home/jfb/nacl_sdk/pepper_42/toolchain/linux_arm_newlib/bin/../lib/gcc/arm-nacl/4.9.2/../../../../arm-nacl/lib/libpthread.a(nc_thread_7e478b15.o)
                0x10020504                __nc_kMaxCachedMemoryBlocks
 .rodata.str1.4
                0x10020508        0xc /home/jfb/nacl_sdk/pepper_42/toolchain/linux_arm_newlib/bin/../lib/gcc/arm-nacl/4.9.2/../../../../arm-nacl/lib/libpthread.a(nc_thread_7e478b15.o)
 .rodata.str1.4
                0x10020514       0x14 /home/jfb/nacl_sdk/pepper_42/toolchain/linux_arm_newlib/bin/../lib/gcc/arm-nacl/4.9.2/../../../../arm-nacl/lib/libpthread.a(dynamic_annotations_33ba59cc.o)
                                 0x18 (size before relaxing)
 .rodata.str1.4
                0x10020528       0x27 /home/jfb/nacl_sdk/pepper_42/toolchain/linux_arm_newlib/bin/../lib/gcc/arm-nacl/4.9.2/../../../../arm-nacl/lib/libpthread.a(nc_init_irt_d3daafc0.o)
                                 0x28 (size before relaxing)
 *fill*         0x1002054f        0x1 
 .rodata        0x10020550       0x14 /home/jfb/nacl_sdk/pepper_42/toolchain/linux_arm_newlib/bin/../lib/gcc/arm-nacl/4.9.2/../../../../arm-nacl/lib/libnacl.a(abort_9f6b5845.o)
 .rodata.str1.4
                0x10020564       0x52 /home/jfb/nacl_sdk/pepper_42/toolchain/linux_arm_newlib/bin/../lib/gcc/arm-nacl/4.9.2/../../../../arm-nacl/lib/libnacl.a(malloc_222c4a1e.o)
                                 0x54 (size before relaxing)
 *fill*         0x100205b6        0x2 
 .rodata.str1.4
                0x100205b8       0x58 /home/jfb/nacl_sdk/pepper_42/toolchain/linux_arm_newlib/bin/../lib/gcc/arm-nacl/4.9.2/../../../../arm-nacl/lib/libnacl.a(nacl_irt_6de1d53f.o)
 .rodata.str1.4
                0x10020610       0x8d /home/jfb/nacl_sdk/pepper_42/toolchain/linux_arm_newlib/bin/../lib/gcc/arm-nacl/4.9.2/../../../../arm-nacl/lib/libnacl.a(nacl_irt_init_7b4f826e.o)
                                 0x90 (size before relaxing)
 *fill*         0x1002069d        0x3 
 .rodata        0x100206a0        0x4 /home/jfb/nacl_sdk/pepper_42/toolchain/linux_arm_newlib/bin/../lib/gcc/arm-nacl/4.9.2/../../../../arm-nacl/lib/libcrt_common.a(lib_a-impure.o)
                0x100206a0                _global_impure_ptr
 .rodata.str1.4
                0x100206a4        0x2 /home/jfb/nacl_sdk/pepper_42/toolchain/linux_arm_newlib/bin/../lib/gcc/arm-nacl/4.9.2/../../../../arm-nacl/lib/libcrt_common.a(lib_a-impure.o)
                                  0x4 (size before relaxing)
 *fill*         0x100206a6        0x2 
 .rodata        0x100206a8       0x20 /home/jfb/nacl_sdk/pepper_42/toolchain/linux_arm_newlib/bin/../lib/gcc/arm-nacl/4.9.2/../../../../arm-nacl/lib/libcrt_common.a(lib_a-vfprintf.o)
 .rodata.str1.4
                0x100206c8       0x3f /home/jfb/nacl_sdk/pepper_42/toolchain/linux_arm_newlib/bin/../lib/gcc/arm-nacl/4.9.2/../../../../arm-nacl/lib/libcrt_common.a(lib_a-vfprintf.o)
                                 0x44 (size before relaxing)
 *fill*         0x10020707        0x1 
 .rodata.str1.4
                0x10020708       0x10 /home/jfb/nacl_sdk/pepper_42/toolchain/linux_arm_newlib/bin/../lib/gcc/arm-nacl/4.9.2/../../../../arm-nacl/lib/libcrt_common.a(lib_a-dtoa.o)
                                 0x14 (size before relaxing)
 .rodata        0x10020718       0x1c /home/jfb/nacl_sdk/pepper_42/toolchain/linux_arm_newlib/bin/../lib/gcc/arm-nacl/4.9.2/../../../../arm-nacl/lib/libcrt_common.a(lib_a-locale.o)
 .rodata.str1.4
                0x10020734      0x124 /home/jfb/nacl_sdk/pepper_42/toolchain/linux_arm_newlib/bin/../lib/gcc/arm-nacl/4.9.2/../../../../arm-nacl/lib/libcrt_common.a(lib_a-locale.o)
                                0x130 (size before relaxing)
 .rodata        0x10020858      0x240 /home/jfb/nacl_sdk/pepper_42/toolchain/linux_arm_newlib/bin/../lib/gcc/arm-nacl/4.9.2/../../../../arm-nacl/lib/libcrt_common.a(lib_a-mbtowc_r.o)
 .rodata        0x10020a98      0x128 /home/jfb/nacl_sdk/pepper_42/toolchain/linux_arm_newlib/bin/../lib/gcc/arm-nacl/4.9.2/../../../../arm-nacl/lib/libcrt_common.a(lib_a-mprec.o)
                0x10020aa8                __mprec_tens
                0x10020b70                __mprec_tinytens
                0x10020b98                __mprec_bigtens
 .rodata        0x10020bc0       0x20 /home/jfb/nacl_sdk/pepper_42/toolchain/linux_arm_newlib/bin/../lib/gcc/arm-nacl/4.9.2/../../../../arm-nacl/lib/libcrt_common.a(lib_a-svfprintf.o)
 .rodata.str1.4
                0x10020be0       0x44 /home/jfb/nacl_sdk/pepper_42/toolchain/linux_arm_newlib/bin/../lib/gcc/arm-nacl/4.9.2/../../../../arm-nacl/lib/libcrt_common.a(lib_a-svfprintf.o)
 .rodata        0x10020be0       0x20 /home/jfb/nacl_sdk/pepper_42/toolchain/linux_arm_newlib/bin/../lib/gcc/arm-nacl/4.9.2/../../../../arm-nacl/lib/libcrt_common.a(lib_a-vfiprintf.o)
 .rodata.str1.4
                0x10020c00       0x30 /home/jfb/nacl_sdk/pepper_42/toolchain/linux_arm_newlib/bin/../lib/gcc/arm-nacl/4.9.2/../../../../arm-nacl/lib/libcrt_common.a(lib_a-vfiprintf.o)
 .rodata        0x10020c00      0x104 /home/jfb/nacl_sdk/pepper_42/toolchain/linux_arm_newlib/bin/../lib/gcc/arm-nacl/4.9.2/../../../../arm-nacl/lib/libcrt_common.a(lib_a-ctype_.o)
                0x10020c00                _ctype_
 .rodata        0x10020d04       0x20 /home/jfb/nacl_sdk/pepper_42/toolchain/linux_arm_newlib/bin/../lib/gcc/arm-nacl/4.9.2/../../../../arm-nacl/lib/libcrt_common.a(lib_a-svfiprintf.o)
 .rodata.str1.4
                0x10020d24       0x30 /home/jfb/nacl_sdk/pepper_42/toolchain/linux_arm_newlib/bin/../lib/gcc/arm-nacl/4.9.2/../../../../arm-nacl/lib/libcrt_common.a(lib_a-svfiprintf.o)
 .rodata.str1.4
                0x10020d24       0x18 /home/jfb/nacl_sdk/pepper_42/toolchain/linux_arm_newlib/bin/../lib/gcc/arm-nacl/4.9.2/../../../../arm-nacl/lib/libnacl.a(nacl_irt_fdio_b571b5e7.o)
                                 0x44 (size before relaxing)

.rodata1
 *(.rodata1)

.ARM.extab      0x10020d3c       0x30
 *(.ARM.extab* .gnu.linkonce.armextab.*)
 .ARM.extab.text.startup
                0x10020d3c        0x0 /home/jfb/nacl_sdk/pepper_42/toolchain/linux_arm_newlib/bin/../lib/gcc/arm-nacl/4.9.2/../../../../arm-nacl/lib/libppapi_stub.a(plugin_main_irt_21ce9d26.o)
 .ARM.extab     0x10020d3c        0x0 /home/jfb/nacl_sdk/pepper_42/toolchain/linux_arm_newlib/bin/../lib/gcc/arm-nacl/4.9.2/../../../../arm-nacl/lib/libppapi_stub.a(ppapi_plugin_main_399d0cf7.o)
 .ARM.extab.text.unlikely
                0x10020d3c        0x0 /home/jfb/nacl_sdk/pepper_42/toolchain/linux_arm_newlib/bin/../lib/gcc/arm-nacl/4.9.2/../../../../arm-nacl/lib/libppapi_stub.a(ppapi_plugin_start_8da67623.o)
 .ARM.extab     0x10020d3c        0x0 /home/jfb/nacl_sdk/pepper_42/toolchain/linux_arm_newlib/bin/../lib/gcc/arm-nacl/4.9.2/../../../../arm-nacl/lib/libppapi_stub.a(ppapi_plugin_start_8da67623.o)
 .ARM.extab     0x10020d3c        0x0 /home/jfb/nacl_sdk/pepper_42/toolchain/linux_arm_newlib/bin/../lib/gcc/arm-nacl/4.9.2/../../../../arm-nacl/lib/libppapi_stub.a(thread_creator_ccf263e1.o)
 .ARM.extab     0x10020d3c        0x0 /home/jfb/nacl_sdk/pepper_42/toolchain/linux_arm_newlib/bin/../lib/gcc/arm-nacl/4.9.2/../../../../arm-nacl/lib/libpthread.a(nc_thread_7e478b15.o)
 .ARM.extab     0x10020d3c        0x0 /home/jfb/nacl_sdk/pepper_42/toolchain/linux_arm_newlib/bin/../lib/gcc/arm-nacl/4.9.2/../../../../arm-nacl/lib/libpthread.a(nc_condvar_305aa45a.o)
 .ARM.extab     0x10020d3c        0x0 /home/jfb/nacl_sdk/pepper_42/toolchain/linux_arm_newlib/bin/../lib/gcc/arm-nacl/4.9.2/../../../../arm-nacl/lib/libpthread.a(dynamic_annotations_33ba59cc.o)
 .ARM.extab     0x10020d3c        0x0 /home/jfb/nacl_sdk/pepper_42/toolchain/linux_arm_newlib/bin/../lib/gcc/arm-nacl/4.9.2/../../../../arm-nacl/lib/libpthread.a(nc_mutex_86341ae1.o)
 .ARM.extab     0x10020d3c        0x0 /home/jfb/nacl_sdk/pepper_42/toolchain/linux_arm_newlib/bin/../lib/gcc/arm-nacl/4.9.2/../../../../arm-nacl/lib/libpthread.a(nc_init_irt_d3daafc0.o)
 .ARM.extab     0x10020d3c       0x30 /home/jfb/nacl_sdk/pepper_42/toolchain/linux_arm_newlib/bin/../lib/gcc/arm-nacl/4.9.2/libgcc.a(unwind-arm.o)
 .ARM.extab     0x10020d6c        0x0 /home/jfb/nacl_sdk/pepper_42/toolchain/linux_arm_newlib/bin/../lib/gcc/arm-nacl/4.9.2/libgcc.a(pr-support.o)
 .ARM.extab     0x10020d6c        0x0 /home/jfb/nacl_sdk/pepper_42/toolchain/linux_arm_newlib/bin/../lib/gcc/arm-nacl/4.9.2/../../../../arm-nacl/lib/libnacl.a(_exit_710c7d0d.o)
 .ARM.extab     0x10020d6c        0x0 /home/jfb/nacl_sdk/pepper_42/toolchain/linux_arm_newlib/bin/../lib/gcc/arm-nacl/4.9.2/../../../../arm-nacl/lib/libnacl.a(abort_9f6b5845.o)
 .ARM.extab     0x10020d6c        0x0 /home/jfb/nacl_sdk/pepper_42/toolchain/linux_arm_newlib/bin/../lib/gcc/arm-nacl/4.9.2/../../../../arm-nacl/lib/libnacl.a(start_fa9ef7de.o)
 .ARM.extab     0x10020d6c        0x0 /home/jfb/nacl_sdk/pepper_42/toolchain/linux_arm_newlib/bin/../lib/gcc/arm-nacl/4.9.2/../../../../arm-nacl/lib/libnacl.a(malloc_222c4a1e.o)
 .ARM.extab     0x10020d6c        0x0 /home/jfb/nacl_sdk/pepper_42/toolchain/linux_arm_newlib/bin/../lib/gcc/arm-nacl/4.9.2/../../../../arm-nacl/lib/libnacl.a(nacl_irt_6de1d53f.o)
 .ARM.extab     0x10020d6c        0x0 /home/jfb/nacl_sdk/pepper_42/toolchain/linux_arm_newlib/bin/../lib/gcc/arm-nacl/4.9.2/../../../../arm-nacl/lib/libnacl.a(pthread_initialize_minimal_4b6e776b.o)
 .ARM.extab     0x10020d6c        0x0 /home/jfb/nacl_sdk/pepper_42/toolchain/linux_arm_newlib/bin/../lib/gcc/arm-nacl/4.9.2/../../../../arm-nacl/lib/libnacl.a(nacl_read_tp_5748ac47.o)
 .ARM.extab     0x10020d6c        0x0 /home/jfb/nacl_sdk/pepper_42/toolchain/linux_arm_newlib/bin/../lib/gcc/arm-nacl/4.9.2/../../../../arm-nacl/lib/libnacl.a(nacl_interface_query_ef8a99f1.o)
 .ARM.extab     0x10020d6c        0x0 /home/jfb/nacl_sdk/pepper_42/toolchain/linux_arm_newlib/bin/../lib/gcc/arm-nacl/4.9.2/../../../../arm-nacl/lib/libnacl.a(mmap_767fb080.o)
 .ARM.extab     0x10020d6c        0x0 /home/jfb/nacl_sdk/pepper_42/toolchain/linux_arm_newlib/bin/../lib/gcc/arm-nacl/4.9.2/../../../../arm-nacl/lib/libnacl.a(sched_yield_56c375be.o)
 .ARM.extab     0x10020d6c        0x0 /home/jfb/nacl_sdk/pepper_42/toolchain/linux_arm_newlib/bin/../lib/gcc/arm-nacl/4.9.2/../../../../arm-nacl/lib/libnacl.a(munmap_d4f09867.o)
 .ARM.extab     0x10020d6c        0x0 /home/jfb/nacl_sdk/pepper_42/toolchain/linux_arm_newlib/bin/../lib/gcc/arm-nacl/4.9.2/../../../../arm-nacl/lib/libnacl.a(tls_bba1975b.o)
 .ARM.extab     0x10020d6c        0x0 /home/jfb/nacl_sdk/pepper_42/toolchain/linux_arm_newlib/bin/../lib/gcc/arm-nacl/4.9.2/../../../../arm-nacl/lib/libnacl.a(write_fb49787f.o)
 .ARM.extab     0x10020d6c        0x0 /home/jfb/nacl_sdk/pepper_42/toolchain/linux_arm_newlib/bin/../lib/gcc/arm-nacl/4.9.2/../../../../arm-nacl/lib/libnacl.a(nacl_tls_get_d2f842b5.o)
 .ARM.extab     0x10020d6c        0x0 /home/jfb/nacl_sdk/pepper_42/toolchain/linux_arm_newlib/bin/../lib/gcc/arm-nacl/4.9.2/../../../../arm-nacl/lib/libnacl.a(nacl_irt_init_7b4f826e.o)
 .ARM.extab     0x10020d6c        0x0 /home/jfb/nacl_sdk/pepper_42/toolchain/linux_arm_newlib/bin/../lib/gcc/arm-nacl/4.9.2/../../../../arm-nacl/lib/libnacl.a(sysconf_ad295ea2.o)
 .ARM.extab     0x10020d6c        0x0 /home/jfb/nacl_sdk/pepper_42/toolchain/linux_arm_newlib/bin/../lib/gcc/arm-nacl/4.9.2/../../../../arm-nacl/lib/libnacl.a(nacl_tls_init_eb0cd232.o)
 .ARM.extab     0x10020d6c        0x0 /home/jfb/nacl_sdk/pepper_42/toolchain/linux_arm_newlib/bin/../lib/gcc/arm-nacl/4.9.2/../../../../arm-nacl/lib/libnacl.a(close_e9b92fbd.o)
 .ARM.extab     0x10020d6c        0x0 /home/jfb/nacl_sdk/pepper_42/toolchain/linux_arm_newlib/bin/../lib/gcc/arm-nacl/4.9.2/../../../../arm-nacl/lib/libnacl.a(isatty_02f56e94.o)
 .ARM.extab     0x10020d6c        0x0 /home/jfb/nacl_sdk/pepper_42/toolchain/linux_arm_newlib/bin/../lib/gcc/arm-nacl/4.9.2/../../../../arm-nacl/lib/libnacl.a(nacl_irt_fdio_b571b5e7.o)
 .ARM.extab     0x10020d6c        0x0 /home/jfb/nacl_sdk/pepper_42/toolchain/linux_arm_newlib/bin/../lib/gcc/arm-nacl/4.9.2/../../../../arm-nacl/lib/libnacl.a(fstat_0540ff63.o)
 .ARM.extab     0x10020d6c        0x0 /home/jfb/nacl_sdk/pepper_42/toolchain/linux_arm_newlib/bin/../lib/gcc/arm-nacl/4.9.2/../../../../arm-nacl/lib/libnacl.a(lseek_64d2d05c.o)
 .ARM.extab     0x10020d6c        0x0 /home/jfb/nacl_sdk/pepper_42/toolchain/linux_arm_newlib/bin/../lib/gcc/arm-nacl/4.9.2/../../../../arm-nacl/lib/libnacl.a(read_df872e10.o)
 .ARM.extab     0x10020d6c        0x0 /home/jfb/nacl_sdk/pepper_42/toolchain/linux_arm_newlib/bin/../lib/gcc/arm-nacl/4.9.2/../../../../arm-nacl/lib/libnacl.a(nanosleep_e59fdef1.o)
 .ARM.extab     0x10020d6c        0x0 /home/jfb/nacl_sdk/pepper_42/toolchain/linux_arm_newlib/bin/../lib/gcc/arm-nacl/4.9.2/libgcc.a(_divdi3.o)
 .ARM.extab     0x10020d6c        0x0 /home/jfb/nacl_sdk/pepper_42/toolchain/linux_arm_newlib/bin/../lib/gcc/arm-nacl/4.9.2/libgcc.a(_udivdi3.o)
                0x10020d6c                PROVIDE (__exidx_start, .)

.ARM.exidx      0x10020d6c      0x330
 *(.ARM.exidx* .gnu.linkonce.armexidx.*)
 .ARM.exidx.text.startup
                0x10020d74       0x10 /home/jfb/nacl_sdk/pepper_42/toolchain/linux_arm_newlib/bin/../lib/gcc/arm-nacl/4.9.2/../../../../arm-nacl/lib/libppapi_stub.a(plugin_main_irt_21ce9d26.o)
                                  0x8 (size before relaxing)
 .ARM.exidx     0x10020d84        0x8 /home/jfb/nacl_sdk/pepper_42/toolchain/linux_arm_newlib/bin/../lib/gcc/arm-nacl/4.9.2/../../../../arm-nacl/lib/libppapi_stub.a(ppapi_plugin_main_399d0cf7.o)
 .ARM.exidx.text.unlikely
                0x10020d6c        0x8 /home/jfb/nacl_sdk/pepper_42/toolchain/linux_arm_newlib/bin/../lib/gcc/arm-nacl/4.9.2/../../../../arm-nacl/lib/libppapi_stub.a(ppapi_plugin_start_8da67623.o)
 .ARM.exidx     0x10020d8c        0x8 /home/jfb/nacl_sdk/pepper_42/toolchain/linux_arm_newlib/bin/../lib/gcc/arm-nacl/4.9.2/../../../../arm-nacl/lib/libppapi_stub.a(ppapi_plugin_start_8da67623.o)
 .ARM.exidx     0x10020d94        0x8 /home/jfb/nacl_sdk/pepper_42/toolchain/linux_arm_newlib/bin/../lib/gcc/arm-nacl/4.9.2/../../../../arm-nacl/lib/libppapi_stub.a(thread_creator_ccf263e1.o)
                                 0x18 (size before relaxing)
 .ARM.exidx     0x10020d9c       0x88 /home/jfb/nacl_sdk/pepper_42/toolchain/linux_arm_newlib/bin/../lib/gcc/arm-nacl/4.9.2/../../../../arm-nacl/lib/libpthread.a(nc_thread_7e478b15.o)
                                0x128 (size before relaxing)
 .ARM.exidx     0x10020e24       0x20 /home/jfb/nacl_sdk/pepper_42/toolchain/linux_arm_newlib/bin/../lib/gcc/arm-nacl/4.9.2/../../../../arm-nacl/lib/libpthread.a(nc_condvar_305aa45a.o)
                                 0x30 (size before relaxing)
 .ARM.exidx     0x10020e44        0x8 /home/jfb/nacl_sdk/pepper_42/toolchain/linux_arm_newlib/bin/../lib/gcc/arm-nacl/4.9.2/../../../../arm-nacl/lib/libpthread.a(dynamic_annotations_33ba59cc.o)
                                0x130 (size before relaxing)
 .ARM.exidx     0x10020e4c       0x28 /home/jfb/nacl_sdk/pepper_42/toolchain/linux_arm_newlib/bin/../lib/gcc/arm-nacl/4.9.2/../../../../arm-nacl/lib/libpthread.a(nc_mutex_86341ae1.o)
                                 0x68 (size before relaxing)
 .ARM.exidx     0x10020e74        0x8 /home/jfb/nacl_sdk/pepper_42/toolchain/linux_arm_newlib/bin/../lib/gcc/arm-nacl/4.9.2/../../../../arm-nacl/lib/libpthread.a(nc_init_irt_d3daafc0.o)
 .ARM.exidx     0x10020e7c       0x80 /home/jfb/nacl_sdk/pepper_42/toolchain/linux_arm_newlib/bin/../lib/gcc/arm-nacl/4.9.2/libgcc.a(unwind-arm.o)
                                 0xd8 (size before relaxing)
 .ARM.exidx     0x10020efc       0x30 /home/jfb/nacl_sdk/pepper_42/toolchain/linux_arm_newlib/bin/../lib/gcc/arm-nacl/4.9.2/libgcc.a(pr-support.o)
                                 0x48 (size before relaxing)
 .ARM.exidx     0x10020f2c        0x8 /home/jfb/nacl_sdk/pepper_42/toolchain/linux_arm_newlib/bin/../lib/gcc/arm-nacl/4.9.2/../../../../arm-nacl/lib/libnacl.a(_exit_710c7d0d.o)
 .ARM.exidx     0x10020f34        0x0 /home/jfb/nacl_sdk/pepper_42/toolchain/linux_arm_newlib/bin/../lib/gcc/arm-nacl/4.9.2/../../../../arm-nacl/lib/libnacl.a(abort_9f6b5845.o)
                                  0x8 (size before relaxing)
 .ARM.exidx     0x10020f34        0x8 /home/jfb/nacl_sdk/pepper_42/toolchain/linux_arm_newlib/bin/../lib/gcc/arm-nacl/4.9.2/../../../../arm-nacl/lib/libnacl.a(start_fa9ef7de.o)
 .ARM.exidx     0x10020f3c       0xb0 /home/jfb/nacl_sdk/pepper_42/toolchain/linux_arm_newlib/bin/../lib/gcc/arm-nacl/4.9.2/../../../../arm-nacl/lib/libnacl.a(malloc_222c4a1e.o)
                                0x108 (size before relaxing)
 .ARM.exidx     0x10020fec       0x10 /home/jfb/nacl_sdk/pepper_42/toolchain/linux_arm_newlib/bin/../lib/gcc/arm-nacl/4.9.2/../../../../arm-nacl/lib/libnacl.a(nacl_irt_6de1d53f.o)
                                 0x60 (size before relaxing)
 .ARM.exidx     0x10020ffc        0x8 /home/jfb/nacl_sdk/pepper_42/toolchain/linux_arm_newlib/bin/../lib/gcc/arm-nacl/4.9.2/../../../../arm-nacl/lib/libnacl.a(pthread_initialize_minimal_4b6e776b.o)
 .ARM.exidx     0x10021004        0x8 /home/jfb/nacl_sdk/pepper_42/toolchain/linux_arm_newlib/bin/../lib/gcc/arm-nacl/4.9.2/../../../../arm-nacl/lib/libnacl.a(nacl_read_tp_5748ac47.o)
 .ARM.exidx     0x1002100c        0x0 /home/jfb/nacl_sdk/pepper_42/toolchain/linux_arm_newlib/bin/../lib/gcc/arm-nacl/4.9.2/../../../../arm-nacl/lib/libnacl.a(nacl_interface_query_ef8a99f1.o)
                                  0x8 (size before relaxing)
 .ARM.exidx     0x1002100c        0x8 /home/jfb/nacl_sdk/pepper_42/toolchain/linux_arm_newlib/bin/../lib/gcc/arm-nacl/4.9.2/../../../../arm-nacl/lib/libnacl.a(mmap_767fb080.o)
 .ARM.exidx     0x10021014        0x8 /home/jfb/nacl_sdk/pepper_42/toolchain/linux_arm_newlib/bin/../lib/gcc/arm-nacl/4.9.2/../../../../arm-nacl/lib/libnacl.a(sched_yield_56c375be.o)
 .ARM.exidx     0x1002101c        0x0 /home/jfb/nacl_sdk/pepper_42/toolchain/linux_arm_newlib/bin/../lib/gcc/arm-nacl/4.9.2/../../../../arm-nacl/lib/libnacl.a(munmap_d4f09867.o)
                                  0x8 (size before relaxing)
 .ARM.exidx     0x1002101c       0x20 /home/jfb/nacl_sdk/pepper_42/toolchain/linux_arm_newlib/bin/../lib/gcc/arm-nacl/4.9.2/../../../../arm-nacl/lib/libnacl.a(tls_bba1975b.o)
 .ARM.exidx     0x1002103c        0x8 /home/jfb/nacl_sdk/pepper_42/toolchain/linux_arm_newlib/bin/../lib/gcc/arm-nacl/4.9.2/../../../../arm-nacl/lib/libnacl.a(write_fb49787f.o)
 .ARM.exidx     0x10021044        0x8 /home/jfb/nacl_sdk/pepper_42/toolchain/linux_arm_newlib/bin/../lib/gcc/arm-nacl/4.9.2/../../../../arm-nacl/lib/libnacl.a(nacl_tls_get_d2f842b5.o)
 .ARM.exidx     0x1002104c        0x8 /home/jfb/nacl_sdk/pepper_42/toolchain/linux_arm_newlib/bin/../lib/gcc/arm-nacl/4.9.2/../../../../arm-nacl/lib/libnacl.a(nacl_irt_init_7b4f826e.o)
                                 0x10 (size before relaxing)
 .ARM.exidx     0x10021054        0x0 /home/jfb/nacl_sdk/pepper_42/toolchain/linux_arm_newlib/bin/../lib/gcc/arm-nacl/4.9.2/../../../../arm-nacl/lib/libnacl.a(sysconf_ad295ea2.o)
                                  0x8 (size before relaxing)
 .ARM.exidx     0x10021054       0x10 /home/jfb/nacl_sdk/pepper_42/toolchain/linux_arm_newlib/bin/../lib/gcc/arm-nacl/4.9.2/../../../../arm-nacl/lib/libnacl.a(nacl_tls_init_eb0cd232.o)
                                  0x8 (size before relaxing)
 .ARM.exidx     0x10021064        0x8 /home/jfb/nacl_sdk/pepper_42/toolchain/linux_arm_newlib/bin/../lib/gcc/arm-nacl/4.9.2/../../../../arm-nacl/lib/libnacl.a(close_e9b92fbd.o)
 .ARM.exidx     0x1002106c        0x8 /home/jfb/nacl_sdk/pepper_42/toolchain/linux_arm_newlib/bin/../lib/gcc/arm-nacl/4.9.2/../../../../arm-nacl/lib/libnacl.a(isatty_02f56e94.o)
 .ARM.exidx     0x10021074        0x8 /home/jfb/nacl_sdk/pepper_42/toolchain/linux_arm_newlib/bin/../lib/gcc/arm-nacl/4.9.2/../../../../arm-nacl/lib/libnacl.a(nacl_irt_fdio_b571b5e7.o)
 .ARM.exidx     0x1002107c        0x0 /home/jfb/nacl_sdk/pepper_42/toolchain/linux_arm_newlib/bin/../lib/gcc/arm-nacl/4.9.2/../../../../arm-nacl/lib/libnacl.a(fstat_0540ff63.o)
                                  0x8 (size before relaxing)
 .ARM.exidx     0x1002107c        0x8 /home/jfb/nacl_sdk/pepper_42/toolchain/linux_arm_newlib/bin/../lib/gcc/arm-nacl/4.9.2/../../../../arm-nacl/lib/libnacl.a(lseek_64d2d05c.o)
 .ARM.exidx     0x10021084        0x8 /home/jfb/nacl_sdk/pepper_42/toolchain/linux_arm_newlib/bin/../lib/gcc/arm-nacl/4.9.2/../../../../arm-nacl/lib/libnacl.a(read_df872e10.o)
 .ARM.exidx     0x1002108c       0x10 /home/jfb/nacl_sdk/pepper_42/toolchain/linux_arm_newlib/bin/../lib/gcc/arm-nacl/4.9.2/../../../../arm-nacl/lib/libnacl.a(nanosleep_e59fdef1.o)
                                  0x8 (size before relaxing)
 .ARM.exidx     0x1002109c        0x0 /home/jfb/nacl_sdk/pepper_42/toolchain/linux_arm_newlib/bin/../lib/gcc/arm-nacl/4.9.2/libgcc.a(_divdi3.o)
                                  0x8 (size before relaxing)
 .ARM.exidx     0x1002109c        0x0 /home/jfb/nacl_sdk/pepper_42/toolchain/linux_arm_newlib/bin/../lib/gcc/arm-nacl/4.9.2/libgcc.a(_udivdi3.o)
                                  0x8 (size before relaxing)
                0x1002109c                PROVIDE (__exidx_end, .)

.eh_frame_hdr   0x1002109c       0x14
 *(.eh_frame_hdr)
 .eh_frame_hdr  0x1002109c       0x14 /home/jfb/nacl_sdk/pepper_42/toolchain/linux_arm_newlib/bin/../lib/gcc/arm-nacl/4.9.2/../../../../arm-nacl/lib/libcrt_common.a(lib_a-strcmp.o)

.eh_frame       0x100210b0       0x74
 *(.eh_frame)
 .eh_frame      0x100210b0        0x0 /home/jfb/nacl_sdk/pepper_42/toolchain/linux_arm_newlib/bin/../lib/gcc/arm-nacl/4.9.2/crtbegin.o
 .eh_frame      0x100210b0       0x70 /home/jfb/nacl_sdk/pepper_42/toolchain/linux_arm_newlib/bin/../lib/gcc/arm-nacl/4.9.2/../../../../arm-nacl/lib/libcrt_common.a(lib_a-strcmp.o)
 .eh_frame      0x10021120        0x4 /home/jfb/nacl_sdk/pepper_42/toolchain/linux_arm_newlib/bin/../lib/gcc/arm-nacl/4.9.2/crtend.o

.gcc_except_table
 *(.gcc_except_table .gcc_except_table.*)

.exception_ranges
 *(.exception_ranges .exception_ranges*)
                0x10021124                . = (ALIGN (0x10000) - ((0x10000 - .) & 0xffff))
                0x10031124                . = DATA_SEGMENT_ALIGN (0x10000, 0x10000)

.eh_frame
 *(.eh_frame)

.gcc_except_table
 *(.gcc_except_table .gcc_except_table.*)

.exception_ranges
 *(.exception_ranges .exception_ranges*)

.tdata          0x10031128      0x478
 *(.tdata .tdata.* .gnu.linkonce.td.*)
 .tdata         0x10031128      0x478 /home/jfb/nacl_sdk/pepper_42/toolchain/linux_arm_newlib/bin/../lib/gcc/arm-nacl/4.9.2/../../../../arm-nacl/lib/libcrt_common.a(lib_a-impure.o)
                0x10031128                _impure_ptr

.tbss           0x100315a0        0x8
 *(.tbss .tbss.* .gnu.linkonce.tb.*)
 .tbss          0x100315a0        0x8 /home/jfb/nacl_sdk/pepper_42/toolchain/linux_arm_newlib/bin/../lib/gcc/arm-nacl/4.9.2/../../../../arm-nacl/lib/libpthread.a(nc_thread_7e478b15.o)
 *(.tcommon)

.preinit_array  0x100315a0        0x0
                0x100315a0                PROVIDE (__preinit_array_start, .)
 *(.preinit_array)
                0x100315a0                PROVIDE (__preinit_array_end, .)

.init_array     0x100315a0        0x4
                0x100315a0                PROVIDE (__init_array_start, .)
 *(SORT(.init_array.*) SORT(.ctors.*))
 *(.init_array EXCLUDE_FILE(*crtend?.o *crtend.o *crtbegin?.o *crtbegin.o) .ctors)
 .init_array    0x100315a0        0x4 /home/jfb/nacl_sdk/pepper_42/toolchain/linux_arm_newlib/bin/../lib/gcc/arm-nacl/4.9.2/crtbegin.o
                0x100315a4                PROVIDE (__init_array_end, .)

.fini_array     0x100315a4        0x4
                0x100315a4                PROVIDE (__fini_array_start, .)
 *(SORT(.fini_array.*) SORT(.dtors.*))
 *(.fini_array EXCLUDE_FILE(*crtend?.o *crtend.o *crtbegin?.o *crtbegin.o) .dtors)
 .fini_array    0x100315a4        0x4 /home/jfb/nacl_sdk/pepper_42/toolchain/linux_arm_newlib/bin/../lib/gcc/arm-nacl/4.9.2/crtbegin.o
                0x100315a8                PROVIDE (__fini_array_end, .)

.ctors
 *crtbegin.o(.ctors)
 *crtbegin?.o(.ctors)
 *(EXCLUDE_FILE(*crtend?.o *crtend.o) .ctors)
 *(SORT(.ctors.*))
 *(.ctors)

.dtors
 *crtbegin.o(.dtors)
 *crtbegin?.o(.dtors)
 *(EXCLUDE_FILE(*crtend?.o *crtend.o) .dtors)
 *(SORT(.dtors.*))
 *(.dtors)

.jcr            0x100315a8        0x4
 *(.jcr)
 .jcr           0x100315a8        0x0 /home/jfb/nacl_sdk/pepper_42/toolchain/linux_arm_newlib/bin/../lib/gcc/arm-nacl/4.9.2/crtbegin.o
 .jcr           0x100315a8        0x4 /home/jfb/nacl_sdk/pepper_42/toolchain/linux_arm_newlib/bin/../lib/gcc/arm-nacl/4.9.2/crtend.o

.data.rel.ro
 *(.data.rel.ro.local* .gnu.linkonce.d.rel.ro.local.*)
 *(.data.rel.ro .data.rel.ro.* .gnu.linkonce.d.rel.ro.*)

.dynamic
 *(.dynamic)
                0x100315ac                . = DATA_SEGMENT_RELRO_END (., 0x0)

.got            0x100315ac       0x20
 *(.got.plt)
 .got.plt       0x100315ac        0xc /home/jfb/nacl_sdk/pepper_42/toolchain/linux_arm_newlib/bin/../lib/gcc/arm-nacl/4.9.2/crtbegin.o
                0x100315ac                _GLOBAL_OFFSET_TABLE_
 *(.igot.plt)
 .igot.plt      0x100315b8        0x0 /home/jfb/nacl_sdk/pepper_42/toolchain/linux_arm_newlib/bin/../lib/gcc/arm-nacl/4.9.2/crtbegin.o
 *(.got)
 .got           0x100315b8       0x14 /home/jfb/nacl_sdk/pepper_42/toolchain/linux_arm_newlib/bin/../lib/gcc/arm-nacl/4.9.2/crtbegin.o
 *(.igot)

.data           0x100315d0      0x690
                0x100315d0                PROVIDE (__data_start, .)
 *(.data .data.* .gnu.linkonce.d.*)
 .data          0x100315d0        0x0 /home/jfb/nacl_sdk/pepper_42/toolchain/linux_arm_newlib/bin/../lib/gcc/arm-nacl/4.9.2/../../../../arm-nacl/lib/crti.o
 .data          0x100315d0        0x4 /home/jfb/nacl_sdk/pepper_42/toolchain/linux_arm_newlib/bin/../lib/gcc/arm-nacl/4.9.2/crtbegin.o
                0x100315d0                __dso_handle
 .data          0x100315d4       0x18 newlib/Release/debugging_arm.o
 .data          0x100315ec        0x0 /home/jfb/nacl_sdk/pepper_42//lib/newlib_arm/Release/liberror_handling.a(error_handling_arm.o)
 .data          0x100315ec        0x0 /home/jfb/nacl_sdk/pepper_42//lib/newlib_arm/Release/liberror_handling.a(string_stream_arm.o)
 .data          0x100315ec        0x0 /home/jfb/nacl_sdk/pepper_42/toolchain/linux_arm_newlib/bin/../lib/gcc/arm-nacl/4.9.2/../../../../arm-nacl/lib/libppapi_stub.a(plugin_main_irt_21ce9d26.o)
 .data          0x100315ec        0x0 /home/jfb/nacl_sdk/pepper_42/toolchain/linux_arm_newlib/bin/../lib/gcc/arm-nacl/4.9.2/../../../../arm-nacl/lib/libppapi_stub.a(ppapi_plugin_main_399d0cf7.o)
 .data          0x100315ec        0x0 /home/jfb/nacl_sdk/pepper_42/toolchain/linux_arm_newlib/bin/../lib/gcc/arm-nacl/4.9.2/../../../../arm-nacl/lib/libppapi_stub.a(ppapi_plugin_start_8da67623.o)
 .data          0x100315ec        0x0 /home/jfb/nacl_sdk/pepper_42/toolchain/linux_arm_newlib/bin/../lib/gcc/arm-nacl/4.9.2/../../../../arm-nacl/lib/libppapi_stub.a(thread_creator_ccf263e1.o)
 .data          0x100315ec        0x4 /home/jfb/nacl_sdk/pepper_42/toolchain/linux_arm_newlib/bin/../lib/gcc/arm-nacl/4.9.2/../../../../arm-nacl/lib/libpthread.a(nc_thread_7e478b15.o)
                0x100315ec                __nc_running_threads_counter
 .data          0x100315f0        0x0 /home/jfb/nacl_sdk/pepper_42/toolchain/linux_arm_newlib/bin/../lib/gcc/arm-nacl/4.9.2/../../../../arm-nacl/lib/libpthread.a(nc_condvar_305aa45a.o)
 .data          0x100315f0        0x4 /home/jfb/nacl_sdk/pepper_42/toolchain/linux_arm_newlib/bin/../lib/gcc/arm-nacl/4.9.2/../../../../arm-nacl/lib/libpthread.a(dynamic_annotations_33ba59cc.o)
 .data          0x100315f4        0x0 /home/jfb/nacl_sdk/pepper_42/toolchain/linux_arm_newlib/bin/../lib/gcc/arm-nacl/4.9.2/../../../../arm-nacl/lib/libpthread.a(nc_mutex_86341ae1.o)
 .data          0x100315f4        0x0 /home/jfb/nacl_sdk/pepper_42/toolchain/linux_arm_newlib/bin/../lib/gcc/arm-nacl/4.9.2/../../../../arm-nacl/lib/libpthread.a(nc_init_irt_d3daafc0.o)
 .data          0x100315f4        0x0 /home/jfb/nacl_sdk/pepper_42/toolchain/linux_arm_newlib/bin/../lib/gcc/arm-nacl/4.9.2/libgcc.a(unwind-arm.o)
 .data          0x100315f4        0x0 /home/jfb/nacl_sdk/pepper_42/toolchain/linux_arm_newlib/bin/../lib/gcc/arm-nacl/4.9.2/libgcc.a(libunwind.o)
 .data          0x100315f4        0x0 /home/jfb/nacl_sdk/pepper_42/toolchain/linux_arm_newlib/bin/../lib/gcc/arm-nacl/4.9.2/libgcc.a(pr-support.o)
 .data          0x100315f4        0x0 /home/jfb/nacl_sdk/pepper_42/toolchain/linux_arm_newlib/bin/../lib/gcc/arm-nacl/4.9.2/../../../../arm-nacl/lib/libnacl.a(_exit_710c7d0d.o)
 .data          0x100315f4        0x0 /home/jfb/nacl_sdk/pepper_42/toolchain/linux_arm_newlib/bin/../lib/gcc/arm-nacl/4.9.2/../../../../arm-nacl/lib/libnacl.a(abort_9f6b5845.o)
 .data          0x100315f4        0x4 /home/jfb/nacl_sdk/pepper_42/toolchain/linux_arm_newlib/bin/../lib/gcc/arm-nacl/4.9.2/../../../../arm-nacl/lib/libnacl.a(environ_25cd24d8.o)
                0x100315f4                environ
 .data          0x100315f8        0x0 /home/jfb/nacl_sdk/pepper_42/toolchain/linux_arm_newlib/bin/../lib/gcc/arm-nacl/4.9.2/../../../../arm-nacl/lib/libnacl.a(start_fa9ef7de.o)
 .data          0x100315f8        0x0 /home/jfb/nacl_sdk/pepper_42/toolchain/linux_arm_newlib/bin/../lib/gcc/arm-nacl/4.9.2/../../../../arm-nacl/lib/libnacl.a(malloc_222c4a1e.o)
 .data          0x100315f8       0x20 /home/jfb/nacl_sdk/pepper_42/toolchain/linux_arm_newlib/bin/../lib/gcc/arm-nacl/4.9.2/../../../../arm-nacl/lib/libnacl.a(nacl_irt_6de1d53f.o)
                0x100315f8                __libnacl_irt_fdio
 .data          0x10031618        0x0 /home/jfb/nacl_sdk/pepper_42/toolchain/linux_arm_newlib/bin/../lib/gcc/arm-nacl/4.9.2/../../../../arm-nacl/lib/libnacl.a(pthread_initialize_minimal_4b6e776b.o)
 .data          0x10031618        0x0 /home/jfb/nacl_sdk/pepper_42/toolchain/linux_arm_newlib/bin/../lib/gcc/arm-nacl/4.9.2/../../../../arm-nacl/lib/libnacl.a(nacl_read_tp_5748ac47.o)
 .data          0x10031618        0x0 /home/jfb/nacl_sdk/pepper_42/toolchain/linux_arm_newlib/bin/../lib/gcc/arm-nacl/4.9.2/../../../../arm-nacl/lib/libnacl.a(nacl_interface_query_ef8a99f1.o)
 .data          0x10031618        0x0 /home/jfb/nacl_sdk/pepper_42/toolchain/linux_arm_newlib/bin/../lib/gcc/arm-nacl/4.9.2/../../../../arm-nacl/lib/libnacl.a(mmap_767fb080.o)
 .data          0x10031618        0x0 /home/jfb/nacl_sdk/pepper_42/toolchain/linux_arm_newlib/bin/../lib/gcc/arm-nacl/4.9.2/../../../../arm-nacl/lib/libnacl.a(sched_yield_56c375be.o)
 .data          0x10031618        0x0 /home/jfb/nacl_sdk/pepper_42/toolchain/linux_arm_newlib/bin/../lib/gcc/arm-nacl/4.9.2/../../../../arm-nacl/lib/libnacl.a(munmap_d4f09867.o)
 .data          0x10031618        0x0 /home/jfb/nacl_sdk/pepper_42/toolchain/linux_arm_newlib/bin/../lib/gcc/arm-nacl/4.9.2/../../../../arm-nacl/lib/libnacl.a(tls_bba1975b.o)
 .data          0x10031618        0x0 /home/jfb/nacl_sdk/pepper_42/toolchain/linux_arm_newlib/bin/../lib/gcc/arm-nacl/4.9.2/../../../../arm-nacl/lib/libnacl.a(write_fb49787f.o)
 .data          0x10031618        0x0 /home/jfb/nacl_sdk/pepper_42/toolchain/linux_arm_newlib/bin/../lib/gcc/arm-nacl/4.9.2/../../../../arm-nacl/lib/libnacl.a(nacl_tls_get_d2f842b5.o)
 .data          0x10031618        0x0 /home/jfb/nacl_sdk/pepper_42/toolchain/linux_arm_newlib/bin/../lib/gcc/arm-nacl/4.9.2/../../../../arm-nacl/lib/libnacl.a(nacl_irt_init_7b4f826e.o)
 .data          0x10031618        0x0 /home/jfb/nacl_sdk/pepper_42/toolchain/linux_arm_newlib/bin/../lib/gcc/arm-nacl/4.9.2/../../../../arm-nacl/lib/libnacl.a(sysconf_ad295ea2.o)
 .data          0x10031618        0x0 /home/jfb/nacl_sdk/pepper_42/toolchain/linux_arm_newlib/bin/../lib/gcc/arm-nacl/4.9.2/../../../../arm-nacl/lib/libnacl.a(nacl_tls_init_eb0cd232.o)
 .data          0x10031618        0x0 /home/jfb/nacl_sdk/pepper_42/toolchain/linux_arm_newlib/bin/../lib/gcc/arm-nacl/4.9.2/../../../../arm-nacl/lib/libcrt_common.a(lib_a-atexit.o)
 .data          0x10031618        0x0 /home/jfb/nacl_sdk/pepper_42/toolchain/linux_arm_newlib/bin/../lib/gcc/arm-nacl/4.9.2/../../../../arm-nacl/lib/libcrt_common.a(lib_a-errno.o)
 .data          0x10031618        0x0 /home/jfb/nacl_sdk/pepper_42/toolchain/linux_arm_newlib/bin/../lib/gcc/arm-nacl/4.9.2/../../../../arm-nacl/lib/libcrt_common.a(lib_a-exit.o)
 .data          0x10031618        0x0 /home/jfb/nacl_sdk/pepper_42/toolchain/linux_arm_newlib/bin/../lib/gcc/arm-nacl/4.9.2/../../../../arm-nacl/lib/libcrt_common.a(lib_a-fflush.o)
 .data          0x10031618       0x28 /home/jfb/nacl_sdk/pepper_42/toolchain/linux_arm_newlib/bin/../lib/gcc/arm-nacl/4.9.2/../../../../arm-nacl/lib/libcrt_common.a(lib_a-findfp.o)
 .data          0x10031640        0x0 /home/jfb/nacl_sdk/pepper_42/toolchain/linux_arm_newlib/bin/../lib/gcc/arm-nacl/4.9.2/../../../../arm-nacl/lib/libcrt_common.a(lib_a-fini.o)
 .data          0x10031640        0x0 /home/jfb/nacl_sdk/pepper_42/toolchain/linux_arm_newlib/bin/../lib/gcc/arm-nacl/4.9.2/../../../../arm-nacl/lib/libcrt_common.a(lib_a-fprintf.o)
 .data          0x10031640        0x0 /home/jfb/nacl_sdk/pepper_42/toolchain/linux_arm_newlib/bin/../lib/gcc/arm-nacl/4.9.2/../../../../arm-nacl/lib/libcrt_common.a(lib_a-fwalk.o)
 .data          0x10031640        0x0 /home/jfb/nacl_sdk/pepper_42/toolchain/linux_arm_newlib/bin/../lib/gcc/arm-nacl/4.9.2/../../../../arm-nacl/lib/libcrt_common.a(lib_a-fwrite.o)
 .data          0x10031640        0x0 /home/jfb/nacl_sdk/pepper_42/toolchain/linux_arm_newlib/bin/../lib/gcc/arm-nacl/4.9.2/../../../../arm-nacl/lib/libcrt_common.a(lib_a-getenv.o)
 .data          0x10031640        0x0 /home/jfb/nacl_sdk/pepper_42/toolchain/linux_arm_newlib/bin/../lib/gcc/arm-nacl/4.9.2/../../../../arm-nacl/lib/libcrt_common.a(lib_a-getenv_r.o)
 .data          0x10031640      0x470 /home/jfb/nacl_sdk/pepper_42/toolchain/linux_arm_newlib/bin/../lib/gcc/arm-nacl/4.9.2/../../../../arm-nacl/lib/libcrt_common.a(lib_a-impure.o)
 .data          0x10031ab0        0x0 /home/jfb/nacl_sdk/pepper_42/toolchain/linux_arm_newlib/bin/../lib/gcc/arm-nacl/4.9.2/../../../../arm-nacl/lib/libcrt_common.a(lib_a-init.o)
 .data          0x10031ab0        0x0 /home/jfb/nacl_sdk/pepper_42/toolchain/linux_arm_newlib/bin/../lib/gcc/arm-nacl/4.9.2/../../../../arm-nacl/lib/libcrt_common.a(lib_a-memcpy.o)
 .data          0x10031ab0        0x0 /home/jfb/nacl_sdk/pepper_42/toolchain/linux_arm_newlib/bin/../lib/gcc/arm-nacl/4.9.2/../../../../arm-nacl/lib/libcrt_common.a(lib_a-memset.o)
 .data          0x10031ab0        0x0 /home/jfb/nacl_sdk/pepper_42/toolchain/linux_arm_newlib/bin/../lib/gcc/arm-nacl/4.9.2/../../../../arm-nacl/lib/libcrt_common.a(lib_a-sleep.o)
 .data          0x10031ab0        0x0 /home/jfb/nacl_sdk/pepper_42/toolchain/linux_arm_newlib/bin/../lib/gcc/arm-nacl/4.9.2/../../../../arm-nacl/lib/libcrt_common.a(lib_a-stdio.o)
 .data          0x10031ab0        0x0 /home/jfb/nacl_sdk/pepper_42/toolchain/linux_arm_newlib/bin/../lib/gcc/arm-nacl/4.9.2/../../../../arm-nacl/lib/libcrt_common.a(lib_a-strcmp.o)
 .data          0x10031ab0        0x0 /home/jfb/nacl_sdk/pepper_42/toolchain/linux_arm_newlib/bin/../lib/gcc/arm-nacl/4.9.2/../../../../arm-nacl/lib/libcrt_common.a(lib_a-strlen-armv7.o)
 .data          0x10031ab0        0x0 /home/jfb/nacl_sdk/pepper_42/toolchain/linux_arm_newlib/bin/../lib/gcc/arm-nacl/4.9.2/../../../../arm-nacl/lib/libcrt_common.a(lib_a-strncmp.o)
 .data          0x10031ab0        0x0 /home/jfb/nacl_sdk/pepper_42/toolchain/linux_arm_newlib/bin/../lib/gcc/arm-nacl/4.9.2/../../../../arm-nacl/lib/libcrt_common.a(lib_a-vfprintf.o)
 .data          0x10031ab0        0x0 /home/jfb/nacl_sdk/pepper_42/toolchain/linux_arm_newlib/bin/../lib/gcc/arm-nacl/4.9.2/../../../../arm-nacl/lib/libcrt_common.a(lib_a-vsnprintf.o)
 .data          0x10031ab0        0x0 /home/jfb/nacl_sdk/pepper_42/toolchain/linux_arm_newlib/bin/../lib/gcc/arm-nacl/4.9.2/../../../../arm-nacl/lib/libcrt_common.a(lib_a-vsprintf.o)
 .data          0x10031ab0        0x0 /home/jfb/nacl_sdk/pepper_42/toolchain/linux_arm_newlib/bin/../lib/gcc/arm-nacl/4.9.2/../../../../arm-nacl/lib/libcrt_common.a(lib_a-wcrtomb.o)
 .data          0x10031ab0        0x0 /home/jfb/nacl_sdk/pepper_42/toolchain/linux_arm_newlib/bin/../lib/gcc/arm-nacl/4.9.2/../../../../arm-nacl/lib/libcrt_common.a(lib_a-wcsrtombs.o)
 .data          0x10031ab0        0x4 /home/jfb/nacl_sdk/pepper_42/toolchain/linux_arm_newlib/bin/../lib/gcc/arm-nacl/4.9.2/../../../../arm-nacl/lib/libcrt_common.a(lib_a-wctomb_r.o)
                0x10031ab0                __wctomb
 .data          0x10031ab4        0x0 /home/jfb/nacl_sdk/pepper_42/toolchain/linux_arm_newlib/bin/../lib/gcc/arm-nacl/4.9.2/../../../../arm-nacl/lib/libcrt_common.a(lib_a-wsetup.o)
 .data          0x10031ab4        0x0 /home/jfb/nacl_sdk/pepper_42/toolchain/linux_arm_newlib/bin/../lib/gcc/arm-nacl/4.9.2/../../../../arm-nacl/lib/libcrt_common.a(lib_a-__atexit.o)
 .data          0x10031ab4       0x14 /home/jfb/nacl_sdk/pepper_42/toolchain/linux_arm_newlib/bin/../lib/gcc/arm-nacl/4.9.2/../../../../arm-nacl/lib/libcrt_common.a(lib_a-__call_atexit.o)
                0x10031ab4                __atexit_lock
 .data          0x10031ac8        0x0 /home/jfb/nacl_sdk/pepper_42/toolchain/linux_arm_newlib/bin/../lib/gcc/arm-nacl/4.9.2/../../../../arm-nacl/lib/libcrt_common.a(lib_a-dtoa.o)
 .data          0x10031ac8       0x14 /home/jfb/nacl_sdk/pepper_42/toolchain/linux_arm_newlib/bin/../lib/gcc/arm-nacl/4.9.2/../../../../arm-nacl/lib/libcrt_common.a(lib_a-envlock.o)
 .data          0x10031adc        0x0 /home/jfb/nacl_sdk/pepper_42/toolchain/linux_arm_newlib/bin/../lib/gcc/arm-nacl/4.9.2/../../../../arm-nacl/lib/libcrt_common.a(lib_a-fclose.o)
 .data          0x10031adc        0x0 /home/jfb/nacl_sdk/pepper_42/toolchain/linux_arm_newlib/bin/../lib/gcc/arm-nacl/4.9.2/../../../../arm-nacl/lib/libcrt_common.a(lib_a-fvwrite.o)
 .data          0x10031adc      0x17c /home/jfb/nacl_sdk/pepper_42/toolchain/linux_arm_newlib/bin/../lib/gcc/arm-nacl/4.9.2/../../../../arm-nacl/lib/libcrt_common.a(lib_a-locale.o)
                0x10031adc                __default_locale
                0x10031bfc                __mb_cur_max
 .data          0x10031c58        0x0 /home/jfb/nacl_sdk/pepper_42/toolchain/linux_arm_newlib/bin/../lib/gcc/arm-nacl/4.9.2/../../../../arm-nacl/lib/libcrt_common.a(lib_a-makebuf.o)
 .data          0x10031c58        0x4 /home/jfb/nacl_sdk/pepper_42/toolchain/linux_arm_newlib/bin/../lib/gcc/arm-nacl/4.9.2/../../../../arm-nacl/lib/libcrt_common.a(lib_a-mbtowc_r.o)
                0x10031c58                __mbtowc
 .data          0x10031c5c        0x0 /home/jfb/nacl_sdk/pepper_42/toolchain/linux_arm_newlib/bin/../lib/gcc/arm-nacl/4.9.2/../../../../arm-nacl/lib/libcrt_common.a(lib_a-memchr.o)
 .data          0x10031c5c        0x0 /home/jfb/nacl_sdk/pepper_42/toolchain/linux_arm_newlib/bin/../lib/gcc/arm-nacl/4.9.2/../../../../arm-nacl/lib/libcrt_common.a(lib_a-memmove.o)
 .data          0x10031c5c        0x0 /home/jfb/nacl_sdk/pepper_42/toolchain/linux_arm_newlib/bin/../lib/gcc/arm-nacl/4.9.2/../../../../arm-nacl/lib/libcrt_common.a(lib_a-mprec.o)
 .data          0x10031c5c        0x0 /home/jfb/nacl_sdk/pepper_42/toolchain/linux_arm_newlib/bin/../lib/gcc/arm-nacl/4.9.2/../../../../arm-nacl/lib/libcrt_common.a(lib_a-s_fpclassify.o)
 .data          0x10031c5c        0x0 /home/jfb/nacl_sdk/pepper_42/toolchain/linux_arm_newlib/bin/../lib/gcc/arm-nacl/4.9.2/../../../../arm-nacl/lib/libcrt_common.a(lib_a-s_frexp.o)
 .data          0x10031c5c        0x0 /home/jfb/nacl_sdk/pepper_42/toolchain/linux_arm_newlib/bin/../lib/gcc/arm-nacl/4.9.2/../../../../arm-nacl/lib/libcrt_common.a(lib_a-strcasecmp.o)
 .data          0x10031c5c        0x0 /home/jfb/nacl_sdk/pepper_42/toolchain/linux_arm_newlib/bin/../lib/gcc/arm-nacl/4.9.2/../../../../arm-nacl/lib/libcrt_common.a(lib_a-strcat.o)
 .data          0x10031c5c        0x0 /home/jfb/nacl_sdk/pepper_42/toolchain/linux_arm_newlib/bin/../lib/gcc/arm-nacl/4.9.2/../../../../arm-nacl/lib/libcrt_common.a(lib_a-strchr.o)
 .data          0x10031c5c        0x0 /home/jfb/nacl_sdk/pepper_42/toolchain/linux_arm_newlib/bin/../lib/gcc/arm-nacl/4.9.2/../../../../arm-nacl/lib/libcrt_common.a(lib_a-strcpy.o)
 .data          0x10031c5c        0x0 /home/jfb/nacl_sdk/pepper_42/toolchain/linux_arm_newlib/bin/../lib/gcc/arm-nacl/4.9.2/../../../../arm-nacl/lib/libcrt_common.a(lib_a-strlcpy.o)
 .data          0x10031c5c        0x0 /home/jfb/nacl_sdk/pepper_42/toolchain/linux_arm_newlib/bin/../lib/gcc/arm-nacl/4.9.2/../../../../arm-nacl/lib/libcrt_common.a(lib_a-strncasecmp.o)
 .data          0x10031c5c        0x0 /home/jfb/nacl_sdk/pepper_42/toolchain/linux_arm_newlib/bin/../lib/gcc/arm-nacl/4.9.2/../../../../arm-nacl/lib/libcrt_common.a(lib_a-strncpy.o)
 .data          0x10031c5c        0x0 /home/jfb/nacl_sdk/pepper_42/toolchain/linux_arm_newlib/bin/../lib/gcc/arm-nacl/4.9.2/../../../../arm-nacl/lib/libcrt_common.a(lib_a-strtol.o)
 .data          0x10031c5c        0x0 /home/jfb/nacl_sdk/pepper_42/toolchain/linux_arm_newlib/bin/../lib/gcc/arm-nacl/4.9.2/../../../../arm-nacl/lib/libcrt_common.a(lib_a-svfprintf.o)
 .data          0x10031c5c        0x0 /home/jfb/nacl_sdk/pepper_42/toolchain/linux_arm_newlib/bin/../lib/gcc/arm-nacl/4.9.2/../../../../arm-nacl/lib/libcrt_common.a(lib_a-vfiprintf.o)
 .data          0x10031c5c        0x0 /home/jfb/nacl_sdk/pepper_42/toolchain/linux_arm_newlib/bin/../lib/gcc/arm-nacl/4.9.2/../../../../arm-nacl/lib/libcrt_common.a(lib_a-wcsnrtombs.o)
 .data          0x10031c5c        0x4 /home/jfb/nacl_sdk/pepper_42/toolchain/linux_arm_newlib/bin/../lib/gcc/arm-nacl/4.9.2/../../../../arm-nacl/lib/libcrt_common.a(lib_a-ctype_.o)
                0x10031c5c                __ctype_ptr__
 .data          0x10031c60        0x0 /home/jfb/nacl_sdk/pepper_42/toolchain/linux_arm_newlib/bin/../lib/gcc/arm-nacl/4.9.2/../../../../arm-nacl/lib/libcrt_common.a(lib_a-fputwc.o)
 .data          0x10031c60        0x0 /home/jfb/nacl_sdk/pepper_42/toolchain/linux_arm_newlib/bin/../lib/gcc/arm-nacl/4.9.2/../../../../arm-nacl/lib/libcrt_common.a(lib_a-svfiprintf.o)
 .data          0x10031c60        0x0 /home/jfb/nacl_sdk/pepper_42/toolchain/linux_arm_newlib/bin/../lib/gcc/arm-nacl/4.9.2/../../../../arm-nacl/lib/libcrt_common.a(lib_a-wbuf.o)
 .data          0x10031c60        0x0 /home/jfb/nacl_sdk/pepper_42/toolchain/linux_arm_newlib/bin/../lib/gcc/arm-nacl/4.9.2/../../../../arm-nacl/lib/libnacl.a(close_e9b92fbd.o)
 .data          0x10031c60        0x0 /home/jfb/nacl_sdk/pepper_42/toolchain/linux_arm_newlib/bin/../lib/gcc/arm-nacl/4.9.2/../../../../arm-nacl/lib/libnacl.a(isatty_02f56e94.o)
 .data          0x10031c60        0x0 /home/jfb/nacl_sdk/pepper_42/toolchain/linux_arm_newlib/bin/../lib/gcc/arm-nacl/4.9.2/../../../../arm-nacl/lib/libnacl.a(nacl_irt_fdio_b571b5e7.o)
 .data          0x10031c60        0x0 /home/jfb/nacl_sdk/pepper_42/toolchain/linux_arm_newlib/bin/../lib/gcc/arm-nacl/4.9.2/../../../../arm-nacl/lib/libnacl.a(fstat_0540ff63.o)
 .data          0x10031c60        0x0 /home/jfb/nacl_sdk/pepper_42/toolchain/linux_arm_newlib/bin/../lib/gcc/arm-nacl/4.9.2/../../../../arm-nacl/lib/libnacl.a(lseek_64d2d05c.o)
 .data          0x10031c60        0x0 /home/jfb/nacl_sdk/pepper_42/toolchain/linux_arm_newlib/bin/../lib/gcc/arm-nacl/4.9.2/../../../../arm-nacl/lib/libnacl.a(read_df872e10.o)
 .data          0x10031c60        0x0 /home/jfb/nacl_sdk/pepper_42/toolchain/linux_arm_newlib/bin/../lib/gcc/arm-nacl/4.9.2/../../../../arm-nacl/lib/libnacl.a(nanosleep_e59fdef1.o)
 .data          0x10031c60        0x0 /home/jfb/nacl_sdk/pepper_42/toolchain/linux_arm_newlib/bin/../lib/gcc/arm-nacl/4.9.2/libgcc.a(_udivsi3.o)
 .data          0x10031c60        0x0 /home/jfb/nacl_sdk/pepper_42/toolchain/linux_arm_newlib/bin/../lib/gcc/arm-nacl/4.9.2/libgcc.a(_divsi3.o)
 .data          0x10031c60        0x0 /home/jfb/nacl_sdk/pepper_42/toolchain/linux_arm_newlib/bin/../lib/gcc/arm-nacl/4.9.2/libgcc.a(_aeabi_uldivmod.o)
 .data          0x10031c60        0x0 /home/jfb/nacl_sdk/pepper_42/toolchain/linux_arm_newlib/bin/../lib/gcc/arm-nacl/4.9.2/libgcc.a(_dvmd_nacl.o)
 .data          0x10031c60        0x0 /home/jfb/nacl_sdk/pepper_42/toolchain/linux_arm_newlib/bin/../lib/gcc/arm-nacl/4.9.2/libgcc.a(bpabi.o)
 .data          0x10031c60        0x0 /home/jfb/nacl_sdk/pepper_42/toolchain/linux_arm_newlib/bin/../lib/gcc/arm-nacl/4.9.2/libgcc.a(_divdi3.o)
 .data          0x10031c60        0x0 /home/jfb/nacl_sdk/pepper_42/toolchain/linux_arm_newlib/bin/../lib/gcc/arm-nacl/4.9.2/libgcc.a(_udivdi3.o)
 .data          0x10031c60        0x0 /home/jfb/nacl_sdk/pepper_42/toolchain/linux_arm_newlib/bin/../lib/gcc/arm-nacl/4.9.2/crtend.o
 .data          0x10031c60        0x0 /home/jfb/nacl_sdk/pepper_42/toolchain/linux_arm_newlib/bin/../lib/gcc/arm-nacl/4.9.2/../../../../arm-nacl/lib/crtn.o

.tm_clone_table
                0x10031c60        0x0
 .tm_clone_table
                0x10031c60        0x0 /home/jfb/nacl_sdk/pepper_42/toolchain/linux_arm_newlib/bin/../lib/gcc/arm-nacl/4.9.2/crtbegin.o
 .tm_clone_table
                0x10031c60        0x0 /home/jfb/nacl_sdk/pepper_42/toolchain/linux_arm_newlib/bin/../lib/gcc/arm-nacl/4.9.2/crtend.o

.data1
 *(.data1)
                0x10031c60                _edata = .
                0x10031c60                PROVIDE (edata, .)
                0x10031c60                . = .
                0x10031c60                __bss_start = .
                0x10031c60                __bss_start__ = .

.bss            0x10031c60     0x1620
 *(.dynbss)
 *(.bss .bss.* .gnu.linkonce.b.*)
 .bss           0x10031c60        0x0 /home/jfb/nacl_sdk/pepper_42/toolchain/linux_arm_newlib/bin/../lib/gcc/arm-nacl/4.9.2/../../../../arm-nacl/lib/crti.o
 .bss           0x10031c60       0x1c /home/jfb/nacl_sdk/pepper_42/toolchain/linux_arm_newlib/bin/../lib/gcc/arm-nacl/4.9.2/crtbegin.o
 .bss           0x10031c7c       0x10 newlib/Release/debugging_arm.o
                0x10031c7c                g_CrashTime
                0x10031c80                ppb_messaging_interface
                0x10031c84                ppb_var_interface
                0x10031c88                ppb_core_interface
 .bss           0x10031c8c       0x18 /home/jfb/nacl_sdk/pepper_42//lib/newlib_arm/Release/liberror_handling.a(error_handling_arm.o)
 .bss           0x10031ca4        0x0 /home/jfb/nacl_sdk/pepper_42//lib/newlib_arm/Release/liberror_handling.a(string_stream_arm.o)
 .bss           0x10031ca4        0x0 /home/jfb/nacl_sdk/pepper_42/toolchain/linux_arm_newlib/bin/../lib/gcc/arm-nacl/4.9.2/../../../../arm-nacl/lib/libppapi_stub.a(plugin_main_irt_21ce9d26.o)
 .bss           0x10031ca4        0x0 /home/jfb/nacl_sdk/pepper_42/toolchain/linux_arm_newlib/bin/../lib/gcc/arm-nacl/4.9.2/../../../../arm-nacl/lib/libppapi_stub.a(ppapi_plugin_main_399d0cf7.o)
 .bss           0x10031ca4        0x0 /home/jfb/nacl_sdk/pepper_42/toolchain/linux_arm_newlib/bin/../lib/gcc/arm-nacl/4.9.2/../../../../arm-nacl/lib/libppapi_stub.a(ppapi_plugin_start_8da67623.o)
 .bss           0x10031ca4        0x0 /home/jfb/nacl_sdk/pepper_42/toolchain/linux_arm_newlib/bin/../lib/gcc/arm-nacl/4.9.2/../../../../arm-nacl/lib/libppapi_stub.a(thread_creator_ccf263e1.o)
 .bss           0x10031ca4     0x1008 /home/jfb/nacl_sdk/pepper_42/toolchain/linux_arm_newlib/bin/../lib/gcc/arm-nacl/4.9.2/../../../../arm-nacl/lib/libpthread.a(nc_thread_7e478b15.o)
 .bss           0x10032cac        0x0 /home/jfb/nacl_sdk/pepper_42/toolchain/linux_arm_newlib/bin/../lib/gcc/arm-nacl/4.9.2/../../../../arm-nacl/lib/libpthread.a(nc_condvar_305aa45a.o)
 .bss           0x10032cac        0x0 /home/jfb/nacl_sdk/pepper_42/toolchain/linux_arm_newlib/bin/../lib/gcc/arm-nacl/4.9.2/../../../../arm-nacl/lib/libpthread.a(dynamic_annotations_33ba59cc.o)