Archive member included because of file (symbol)

/home/jfb/nacl_sdk/pepper_42//lib/newlib_x86_32/Release/liberror_handling.a(error_handling_x86_32.o)
                              newlib/Release/debugging_x86_32.o (EHHanderInstalled)
/home/jfb/nacl_sdk/pepper_42//lib/newlib_x86_32/Release/liberror_handling.a(string_stream_x86_32.o)
                              /home/jfb/nacl_sdk/pepper_42//lib/newlib_x86_32/Release/liberror_handling.a(error_handling_x86_32.o) (ssinit)
/home/jfb/nacl_sdk/pepper_42/toolchain/linux_x86_newlib/bin/../lib/gcc/x86_64-nacl/4.4.3/../../../../x86_64-nacl/lib/../lib32/libppapi_stub.a(plugin_main_irt_21ce9d26.o)
                              (main)
/home/jfb/nacl_sdk/pepper_42/toolchain/linux_x86_newlib/bin/../lib/gcc/x86_64-nacl/4.4.3/../../../../x86_64-nacl/lib/../lib32/libppapi_stub.a(ppapi_plugin_main_399d0cf7.o)
                              /home/jfb/nacl_sdk/pepper_42/toolchain/linux_x86_newlib/bin/../lib/gcc/x86_64-nacl/4.4.3/../../../../x86_64-nacl/lib/../lib32/libppapi_stub.a(plugin_main_irt_21ce9d26.o) (PpapiPluginMain)
/home/jfb/nacl_sdk/pepper_42/toolchain/linux_x86_newlib/bin/../lib/gcc/x86_64-nacl/4.4.3/../../../../x86_64-nacl/lib/../lib32/libppapi_stub.a(ppapi_plugin_start_8da67623.o)
                              /home/jfb/nacl_sdk/pepper_42/toolchain/linux_x86_newlib/bin/../lib/gcc/x86_64-nacl/4.4.3/../../../../x86_64-nacl/lib/../lib32/libppapi_stub.a(ppapi_plugin_main_399d0cf7.o) (PpapiPluginStart)
/home/jfb/nacl_sdk/pepper_42/toolchain/linux_x86_newlib/bin/../lib/gcc/x86_64-nacl/4.4.3/../../../../x86_64-nacl/lib/../lib32/libppapi_stub.a(thread_creator_ccf263e1.o)
                              /home/jfb/nacl_sdk/pepper_42/toolchain/linux_x86_newlib/bin/../lib/gcc/x86_64-nacl/4.4.3/../../../../x86_64-nacl/lib/../lib32/libppapi_stub.a(ppapi_plugin_start_8da67623.o) (__nacl_register_thread_creator)
/home/jfb/nacl_sdk/pepper_42/toolchain/linux_x86_newlib/bin/../lib/gcc/x86_64-nacl/4.4.3/../../../../x86_64-nacl/lib/../lib32/libpthread.a(nc_thread_7e478b15.o)
                              /home/jfb/nacl_sdk/pepper_42//lib/newlib_x86_32/Release/liberror_handling.a(error_handling_x86_32.o) (pthread_setspecific)
/home/jfb/nacl_sdk/pepper_42/toolchain/linux_x86_newlib/bin/../lib/gcc/x86_64-nacl/4.4.3/../../../../x86_64-nacl/lib/../lib32/libpthread.a(nc_condvar_305aa45a.o)
                              /home/jfb/nacl_sdk/pepper_42/toolchain/linux_x86_newlib/bin/../lib/gcc/x86_64-nacl/4.4.3/../../../../x86_64-nacl/lib/../lib32/libpthread.a(nc_thread_7e478b15.o) (pthread_cond_init)
/home/jfb/nacl_sdk/pepper_42/toolchain/linux_x86_newlib/bin/../lib/gcc/x86_64-nacl/4.4.3/../../../../x86_64-nacl/lib/../lib32/libpthread.a(dynamic_annotations_33ba59cc.o)
                              /home/jfb/nacl_sdk/pepper_42/toolchain/linux_x86_newlib/bin/../lib/gcc/x86_64-nacl/4.4.3/../../../../x86_64-nacl/lib/../lib32/libpthread.a(nc_thread_7e478b15.o) (NACL_AnnotateCondVarWait)
/home/jfb/nacl_sdk/pepper_42/toolchain/linux_x86_newlib/bin/../lib/gcc/x86_64-nacl/4.4.3/../../../../x86_64-nacl/lib/../lib32/libpthread.a(nc_mutex_86341ae1.o)
                              /home/jfb/nacl_sdk/pepper_42/toolchain/linux_x86_newlib/bin/../lib/gcc/x86_64-nacl/4.4.3/../../../../x86_64-nacl/lib/../lib32/libpthread.a(nc_thread_7e478b15.o) (pthread_mutex_init)
/home/jfb/nacl_sdk/pepper_42/toolchain/linux_x86_newlib/bin/../lib/gcc/x86_64-nacl/4.4.3/../../../../x86_64-nacl/lib/../lib32/libpthread.a(nc_init_irt_d3daafc0.o)
                              /home/jfb/nacl_sdk/pepper_42/toolchain/linux_x86_newlib/bin/../lib/gcc/x86_64-nacl/4.4.3/../../../../x86_64-nacl/lib/../lib32/libpthread.a(nc_thread_7e478b15.o) (__nc_initialize_interfaces)
/home/jfb/nacl_sdk/pepper_42/toolchain/linux_x86_newlib/bin/../lib/gcc/x86_64-nacl/4.4.3/../../../../x86_64-nacl/lib/../lib32/libnacl.a(_exit_710c7d0d.o)
                              (_exit)
/home/jfb/nacl_sdk/pepper_42/toolchain/linux_x86_newlib/bin/../lib/gcc/x86_64-nacl/4.4.3/../../../../x86_64-nacl/lib/../lib32/libnacl.a(environ_25cd24d8.o)
                              /home/jfb/nacl_sdk/pepper_42/toolchain/linux_x86_newlib/bin/../lib/gcc/x86_64-nacl/4.4.3/../../../../x86_64-nacl/lib/../lib32/libppapi_stub.a(ppapi_plugin_start_8da67623.o) (environ)
/home/jfb/nacl_sdk/pepper_42/toolchain/linux_x86_newlib/bin/../lib/gcc/x86_64-nacl/4.4.3/../../../../x86_64-nacl/lib/../lib32/libnacl.a(start_fa9ef7de.o)
                              (_start)
/home/jfb/nacl_sdk/pepper_42/toolchain/linux_x86_newlib/bin/../lib/gcc/x86_64-nacl/4.4.3/../../../../x86_64-nacl/lib/../lib32/libnacl.a(malloc_222c4a1e.o)
                              newlib/Release/debugging_x86_32.o (free)
/home/jfb/nacl_sdk/pepper_42/toolchain/linux_x86_newlib/bin/../lib/gcc/x86_64-nacl/4.4.3/../../../../x86_64-nacl/lib/../lib32/libnacl.a(nacl_irt_6de1d53f.o)
[...]
Memory Configuration

Name             Origin             Length             Attributes
*default*        0x0000000000000000 0xffffffffffffffff

Linker script and memory map

LOAD /home/jfb/nacl_sdk/pepper_42/toolchain/linux_x86_newlib/bin/../lib/gcc/x86_64-nacl/4.4.3/../../../../x86_64-nacl/lib/../lib32/crt1.o
LOAD /home/jfb/nacl_sdk/pepper_42/toolchain/linux_x86_newlib/bin/../lib/gcc/x86_64-nacl/4.4.3/../../../../x86_64-nacl/lib/../lib32/crti.o
LOAD /home/jfb/nacl_sdk/pepper_42/toolchain/linux_x86_newlib/bin/../lib/gcc/x86_64-nacl/4.4.3/32/crtbegin.o
LOAD newlib/Release/debugging_x86_32.o
LOAD /home/jfb/nacl_sdk/pepper_42//lib/newlib_x86_32/Release/liberror_handling.a
LOAD /home/jfb/nacl_sdk/pepper_42/toolchain/linux_x86_newlib/bin/../lib/gcc/x86_64-nacl/4.4.3/../../../../x86_64-nacl/lib/../lib32/libppapi.a
LOAD /home/jfb/nacl_sdk/pepper_42/toolchain/linux_x86_newlib/bin/../lib/gcc/x86_64-nacl/4.4.3/../../../../x86_64-nacl/lib/../lib32/libppapi_stub.a
LOAD /home/jfb/nacl_sdk/pepper_42/toolchain/linux_x86_newlib/bin/../lib/gcc/x86_64-nacl/4.4.3/../../../../x86_64-nacl/lib/../lib32/libpthread.a
LOAD /home/jfb/nacl_sdk/pepper_42/toolchain/linux_x86_newlib/bin/../lib/gcc/x86_64-nacl/4.4.3/../../../../x86_64-nacl/lib/../lib32/libstdc++.a
LOAD /home/jfb/nacl_sdk/pepper_42/toolchain/linux_x86_newlib/bin/../lib/gcc/x86_64-nacl/4.4.3/../../../../x86_64-nacl/lib/../lib32/libm.a
LOAD /home/jfb/nacl_sdk/pepper_42/toolchain/linux_x86_newlib/bin/../lib/gcc/x86_64-nacl/4.4.3/32/libgcc.a
LOAD /home/jfb/nacl_sdk/pepper_42/toolchain/linux_x86_newlib/bin/../lib/gcc/x86_64-nacl/4.4.3/../../../../x86_64-nacl/lib/../lib32/libpthread.a
LOAD /home/jfb/nacl_sdk/pepper_42/toolchain/linux_x86_newlib/bin/../lib/gcc/x86_64-nacl/4.4.3/../../../../x86_64-nacl/lib/../lib32/libc.a
START GROUP
LOAD /home/jfb/nacl_sdk/pepper_42/toolchain/linux_x86_newlib/bin/../lib/gcc/x86_64-nacl/4.4.3/../../../../x86_64-nacl/lib/../lib32/libnacl.a
LOAD /home/jfb/nacl_sdk/pepper_42/toolchain/linux_x86_newlib/bin/../lib/gcc/x86_64-nacl/4.4.3/../../../../x86_64-nacl/lib/../lib32/libcrt_common.a
END GROUP
LOAD /home/jfb/nacl_sdk/pepper_42/toolchain/linux_x86_newlib/bin/../lib/gcc/x86_64-nacl/4.4.3/32/libgcc.a
LOAD /home/jfb/nacl_sdk/pepper_42/toolchain/linux_x86_newlib/bin/../lib/gcc/x86_64-nacl/4.4.3/32/crtend.o
LOAD /home/jfb/nacl_sdk/pepper_42/toolchain/linux_x86_newlib/bin/../lib/gcc/x86_64-nacl/4.4.3/../../../../x86_64-nacl/lib/../lib32/crtn.o
                0x0000000000020000                PROVIDE (__executable_start, 0x20000)
                0x0000000000020000                . = 0x20000

.init           0x0000000000020000       0x80
 *(SORT(.init))
 .init          0x0000000000020000       0x20 /home/jfb/nacl_sdk/pepper_42/toolchain/linux_x86_newlib/bin/../lib/gcc/x86_64-nacl/4.4.3/../../../../x86_64-nacl/lib/../lib32/crti.o
                0x0000000000020000                _init
 .init          0x0000000000020020       0x20 /home/jfb/nacl_sdk/pepper_42/toolchain/linux_x86_newlib/bin/../lib/gcc/x86_64-nacl/4.4.3/32/crtbegin.o
 .init          0x0000000000020040       0x20 /home/jfb/nacl_sdk/pepper_42/toolchain/linux_x86_newlib/bin/../lib/gcc/x86_64-nacl/4.4.3/32/crtend.o
 .init          0x0000000000020060       0x20 /home/jfb/nacl_sdk/pepper_42/toolchain/linux_x86_newlib/bin/../lib/gcc/x86_64-nacl/4.4.3/../../../../x86_64-nacl/lib/../lib32/crtn.o

.plt            0x0000000000020080        0x0
 *(.plt)
 *(.iplt)
 .iplt          0x0000000000000000        0x0 /home/jfb/nacl_sdk/pepper_42/toolchain/linux_x86_newlib/bin/../lib/gcc/x86_64-nacl/4.4.3/32/crtbegin.o

.text           0x0000000000020080    0x25aa0
 *(.text.unlikely .text.*_unlikely .text.unlikely.*)
 *(.text.exit .text.exit.*)
 *(.text.startup .text.startup.*)
 *(.text.hot .text.hot.*)
 *(.text .stub .text.* .gnu.linkonce.t.*)
 .text          0x0000000000020080        0x0 /home/jfb/nacl_sdk/pepper_42/toolchain/linux_x86_newlib/bin/../lib/gcc/x86_64-nacl/4.4.3/../../../../x86_64-nacl/lib/../lib32/crti.o
 .text          0x0000000000020080      0x160 /home/jfb/nacl_sdk/pepper_42/toolchain/linux_x86_newlib/bin/../lib/gcc/x86_64-nacl/4.4.3/32/crtbegin.o
 .text          0x00000000000201e0      0x760 newlib/Release/debugging_x86_32.o
                0x00000000000201e0                layer5
                0x0000000000020220                layer4
                0x0000000000020260                layer3
                0x00000000000202a0                layer2
                0x0000000000020360                PPP_InitializeModule
                0x00000000000203e0                PPP_ShutdownModule
                0x0000000000020400                PPP_GetInterface
                0x0000000000020480                PostMessage
                0x00000000000207c0                DumpJson
                0x0000000000020880                layer1
                0x00000000000208e0                NexeMain
 .text          0x0000000000020940      0x9a0 /home/jfb/nacl_sdk/pepper_42//lib/newlib_x86_32/Release/liberror_handling.a(error_handling_x86_32.o)
                0x0000000000020940                EHGetTopFrame
                0x0000000000020980                EHUnwindFrame
                0x0000000000020a00                EHHanderInstalled
                0x0000000000020a20                EHRequestExceptionStackOnThread
                0x0000000000020c20                EHRequestExceptionsRaw
                0x0000000000020e60                EHRequestExceptionsJson
                0x0000000000020f00                EHDefaultJsonHandler
 .text          0x00000000000212e0      0x180 /home/jfb/nacl_sdk/pepper_42//lib/newlib_x86_32/Release/liberror_handling.a(string_stream_x86_32.o)
                0x00000000000212e0                ssinit
                0x0000000000021300                ssfree
                0x0000000000021340                ssvprintf
                0x0000000000021420                ssprintf
 .text          0x0000000000021460       0x40 /home/jfb/nacl_sdk/pepper_42/toolchain/linux_x86_newlib/bin/../lib/gcc/x86_64-nacl/4.4.3/../../../../x86_64-nacl/lib/../lib32/libppapi_stub.a(plugin_main_irt_21ce9d26.o)
                0x0000000000021460                main
 .text          0x00000000000214a0       0x40 /home/jfb/nacl_sdk/pepper_42/toolchain/linux_x86_newlib/bin/../lib/gcc/x86_64-nacl/4.4.3/../../../../x86_64-nacl/lib/../lib32/libppapi_stub.a(ppapi_plugin_main_399d0cf7.o)
                0x00000000000214a0                PpapiPluginMain
 .text          0x00000000000214e0      0x1e0 /home/jfb/nacl_sdk/pepper_42/toolchain/linux_x86_newlib/bin/../lib/gcc/x86_64-nacl/4.4.3/../../../../x86_64-nacl/lib/../lib32/libppapi_stub.a(ppapi_plugin_start_8da67623.o)
                0x0000000000021540                PpapiPluginStart
 .text          0x00000000000216c0       0xc0 /home/jfb/nacl_sdk/pepper_42/toolchain/linux_x86_newlib/bin/../lib/gcc/x86_64-nacl/4.4.3/../../../../x86_64-nacl/lib/../lib32/libppapi_stub.a(thread_creator_ccf263e1.o)
                0x00000000000216c0                __nacl_register_thread_creator
 .text          0x0000000000021780     0x1bc0 /home/jfb/nacl_sdk/pepper_42/toolchain/linux_x86_newlib/bin/../lib/gcc/x86_64-nacl/4.4.3/../../../../x86_64-nacl/lib/../lib32/libpthread.a(nc_thread_7e478b15.o)
                0x0000000000021780                pthread_kill
                0x00000000000217a0                pthread_equal
                0x00000000000217c0                pthread_attr_init
                0x0000000000021800                pthread_attr_destroy
                0x0000000000021820                pthread_attr_setdetachstate
                0x0000000000021860                pthread_attr_getdetachstate
                0x00000000000218a0                pthread_attr_setscope
                0x00000000000218e0                pthread_attr_getscope
                0x0000000000021900                pthread_attr_setstacksize
                0x0000000000021980                pthread_attr_getstacksize
                0x00000000000219c0                pthread_getspecific
                0x0000000000021a40                __nc_tsd_exit
                0x0000000000021be0                pthread_cleanup_pop
                0x0000000000021c80                pthread_setspecific
                0x0000000000021d80                pthread_key_delete
                0x0000000000021e20                pthread_key_create
                0x0000000000021ec0                __local_lock_release
                0x0000000000021f00                __local_lock_release_recursive
                0x0000000000021f20                __local_lock_try_acquire
                0x0000000000021f80                __local_lock_try_acquire_recursive
                0x0000000000021fa0                __local_lock_acquire
                0x0000000000021fe0                __local_lock_acquire_recursive
                0x0000000000022000                __local_lock_close
                0x0000000000022040                __local_lock_close_recursive
                0x0000000000022060                __local_lock_init_recursive
                0x00000000000220e0                __local_lock_init
                0x0000000000022160                pthread_self
                0x00000000000221a0                pthread_setschedprio
                0x0000000000022260                pthread_detach
                0x0000000000022340                pthread_join
                0x0000000000022500                pthread_exit
                0x0000000000022940                pthread_cleanup_push
                0x0000000000022c60                pthread_create
                0x00000000000231a0                __nc_initialize_globals
                0x00000000000232c0                __pthread_initialize
 .text          0x0000000000023340      0x1e0 /home/jfb/nacl_sdk/pepper_42/toolchain/linux_x86_newlib/bin/../lib/gcc/x86_64-nacl/4.4.3/../../../../x86_64-nacl/lib/../lib32/libpthread.a(nc_condvar_305aa45a.o)
                0x0000000000023340                pthread_cond_init
                0x0000000000023360                pthread_cond_destroy
                0x0000000000023380                pthread_cond_timedwait_abs
                0x0000000000023460                pthread_cond_wait
                0x00000000000234e0                pthread_cond_broadcast
                0x0000000000023500                pthread_cond_signal
 .text          0x0000000000023520      0x540 /home/jfb/nacl_sdk/pepper_42/toolchain/linux_x86_newlib/bin/../lib/gcc/x86_64-nacl/4.4.3/../../../../x86_64-nacl/lib/../lib32/libpthread.a(dynamic_annotations_33ba59cc.o)
                0x0000000000023520                NACL_AnnotateRWLockCreate
                0x0000000000023540                NACL_AnnotateRWLockDestroy
                0x0000000000023560                NACL_AnnotateRWLockAcquired
                0x0000000000023580                NACL_AnnotateRWLockReleased
                0x00000000000235a0                NACL_AnnotateBarrierInit
                0x00000000000235c0                NACL_AnnotateBarrierWaitBefore
                0x00000000000235e0                NACL_AnnotateBarrierWaitAfter
                0x0000000000023600                NACL_AnnotateBarrierDestroy
                0x0000000000023620                NACL_AnnotateCondVarWait
                0x0000000000023640                NACL_AnnotateCondVarSignal
                0x0000000000023660                NACL_AnnotateCondVarSignalAll
                0x0000000000023680                NACL_AnnotateHappensBefore
                0x00000000000236a0                NACL_AnnotateHappensAfter
                0x00000000000236c0                NACL_AnnotatePublishMemoryRange
                0x00000000000236e0                NACL_AnnotateUnpublishMemoryRange
                0x0000000000023700                NACL_AnnotatePCQCreate
                0x0000000000023720                NACL_AnnotatePCQDestroy
                0x0000000000023740                NACL_AnnotatePCQPut
                0x0000000000023760                NACL_AnnotatePCQGet
                0x0000000000023780                NACL_AnnotateNewMemory
                0x00000000000237a0                NACL_AnnotateExpectRace
                0x00000000000237c0                NACL_AnnotateFlushExpectedRaces
                0x00000000000237e0                NACL_AnnotateBenignRace
                0x0000000000023800                NACL_AnnotateBenignRaceSized
                0x0000000000023820                NACL_AnnotateMutexIsUsedAsCondVar
                0x0000000000023840                NACL_AnnotateMutexIsNotPHB
                0x0000000000023860                NACL_AnnotateTraceMemory
                0x0000000000023880                NACL_AnnotateThreadName
                0x00000000000238a0                NACL_AnnotateIgnoreReadsBegin
                0x00000000000238c0                NACL_AnnotateIgnoreReadsEnd
                0x00000000000238e0                NACL_AnnotateIgnoreWritesBegin
                0x0000000000023900                NACL_AnnotateIgnoreWritesEnd
                0x0000000000023920                NACL_AnnotateIgnoreSyncBegin
                0x0000000000023940                NACL_AnnotateIgnoreSyncEnd
                0x0000000000023960                NACL_AnnotateEnableRaceDetection
                0x0000000000023980                NACL_AnnotateNoOp
                0x00000000000239a0                NACL_AnnotateFlushState
                0x00000000000239c0                RunningOnValgrind
 .text          0x0000000000023a60      0x6a0 /home/jfb/nacl_sdk/pepper_42/toolchain/linux_x86_newlib/bin/../lib/gcc/x86_64-nacl/4.4.3/../../../../x86_64-nacl/lib/../lib32/libpthread.a(nc_mutex_86341ae1.o)
                0x0000000000023a60                pthread_mutex_init
                0x0000000000023ac0                pthread_mutex_destroy
                0x0000000000023b20                pthread_mutexattr_init
                0x0000000000023b40                pthread_mutexattr_destroy
                0x0000000000023b60                pthread_mutexattr_settype
                0x0000000000023ba0                pthread_mutexattr_gettype
                0x0000000000023bc0                pthread_mutex_unlock
                0x0000000000023fa0                pthread_mutex_timedlock
                0x0000000000023fc0                pthread_mutex_lock
                0x0000000000023fe0                pthread_once
                0x00000000000240e0                pthread_mutex_trylock
 .text          0x0000000000024100       0x60 /home/jfb/nacl_sdk/pepper_42/toolchain/linux_x86_newlib/bin/../lib/gcc/x86_64-nacl/4.4.3/../../../../x86_64-nacl/lib/../lib32/libpthread.a(nc_init_irt_d3daafc0.o)
                0x0000000000024100                __nc_initialize_interfaces
 .text          0x0000000000024160       0x40 /home/jfb/nacl_sdk/pepper_42/toolchain/linux_x86_newlib/bin/../lib/gcc/x86_64-nacl/4.4.3/../../../../x86_64-nacl/lib/../lib32/libnacl.a(_exit_710c7d0d.o)
                0x0000000000024160                _exit
 .text          0x00000000000241a0        0x0 /home/jfb/nacl_sdk/pepper_42/toolchain/linux_x86_newlib/bin/../lib/gcc/x86_64-nacl/4.4.3/../../../../x86_64-nacl/lib/../lib32/libnacl.a(environ_25cd24d8.o)
 .text          0x00000000000241a0      0x120 /home/jfb/nacl_sdk/pepper_42/toolchain/linux_x86_newlib/bin/../lib/gcc/x86_64-nacl/4.4.3/../../../../x86_64-nacl/lib/../lib32/libnacl.a(start_fa9ef7de.o)
                0x00000000000241a0                _start
 .text          0x00000000000242c0     0x6460 /home/jfb/nacl_sdk/pepper_42/toolchain/linux_x86_newlib/bin/../lib/gcc/x86_64-nacl/4.4.3/../../../../x86_64-nacl/lib/../lib32/libnacl.a(malloc_222c4a1e.o)
                0x00000000000242c0                malloc_footprint
                0x00000000000242e0                malloc_max_footprint
                0x0000000000024300                malloc_footprint_limit
                0x0000000000024320                malloc_set_footprint_limit
                0x0000000000024360                malloc_usable_size
                0x00000000000245a0                mallopt
                0x0000000000025ae0                bulk_free
                0x0000000000025ce0                malloc_trim
                0x0000000000025e00                free
                0x00000000000269e0                _free_r
                0x0000000000026a00                mallinfo
                0x0000000000026da0                malloc_stats
                0x00000000000270c0                malloc
                0x0000000000029160                _malloc_r
                0x0000000000029180                calloc
                0x0000000000029240                _calloc_r
                0x0000000000029860                realloc
                0x0000000000029ae0                _realloc_r
                0x0000000000029b00                realloc_in_place
                0x0000000000029fe0                memalign
                0x000000000002a020                pvalloc
                0x000000000002a080                valloc
                0x000000000002a0e0                posix_memalign
                0x000000000002a6a0                independent_calloc
                0x000000000002a700                independent_comalloc
 .text          0x000000000002a720      0x340 /home/jfb/nacl_sdk/pepper_42/toolchain/linux_x86_newlib/bin/../lib/gcc/x86_64-nacl/4.4.3/../../../../x86_64-nacl/lib/../lib32/libnacl.a(nacl_irt_6de1d53f.o)
                0x000000000002a820                __libnacl_irt_init_fn
                0x000000000002a960                __libnacl_irt_query
                0x000000000002aa00                __libnacl_mandatory_irt_query
 .text          0x000000000002aa60      0x100 /home/jfb/nacl_sdk/pepper_42/toolchain/linux_x86_newlib/bin/../lib/gcc/x86_64-nacl/4.4.3/../../../../x86_64-nacl/lib/../lib32/libnacl.a(pthread_initialize_minimal_4b6e776b.o)
                0x000000000002aa60                __pthread_initialize_minimal
 .text          0x000000000002ab60       0x20 /home/jfb/nacl_sdk/pepper_42/toolchain/linux_x86_newlib/bin/../lib/gcc/x86_64-nacl/4.4.3/../../../../x86_64-nacl/lib/../lib32/libnacl.a(nacl_read_tp_5748ac47.o)
                0x000000000002ab60                __nacl_read_tp
 .text          0x000000000002ab80       0x60 /home/jfb/nacl_sdk/pepper_42/toolchain/linux_x86_newlib/bin/../lib/gcc/x86_64-nacl/4.4.3/../../../../x86_64-nacl/lib/../lib32/libnacl.a(nacl_interface_query_ef8a99f1.o)
                0x000000000002ab80                nacl_interface_query
 .text          0x000000000002abe0       0xc0 /home/jfb/nacl_sdk/pepper_42/toolchain/linux_x86_newlib/bin/../lib/gcc/x86_64-nacl/4.4.3/../../../../x86_64-nacl/lib/../lib32/libnacl.a(mmap_767fb080.o)
                0x000000000002abe0                mmap
 .text          0x000000000002aca0       0xa0 /home/jfb/nacl_sdk/pepper_42/toolchain/linux_x86_newlib/bin/../lib/gcc/x86_64-nacl/4.4.3/../../../../x86_64-nacl/lib/../lib32/libnacl.a(sched_yield_56c375be.o)
                0x000000000002aca0                sched_yield
 .text          0x000000000002ad40       0xa0 /home/jfb/nacl_sdk/pepper_42/toolchain/linux_x86_newlib/bin/../lib/gcc/x86_64-nacl/4.4.3/../../../../x86_64-nacl/lib/../lib32/libnacl.a(munmap_d4f09867.o)
                0x000000000002ad40                munmap
 .text          0x000000000002ade0      0x2e0 /home/jfb/nacl_sdk/pepper_42/toolchain/linux_x86_newlib/bin/../lib/gcc/x86_64-nacl/4.4.3/../../../../x86_64-nacl/lib/../lib32/libnacl.a(tls_bba1975b.o)
                0x000000000002af20                __nacl_tls_combined_size
                0x000000000002afa0                __nacl_tls_initialize_memory
 .text          0x000000000002b0c0       0xc0 /home/jfb/nacl_sdk/pepper_42/toolchain/linux_x86_newlib/bin/../lib/gcc/x86_64-nacl/4.4.3/../../../../x86_64-nacl/lib/../lib32/libnacl.a(write_fb49787f.o)
                0x000000000002b0c0                write
 .text          0x000000000002b180       0x40 /home/jfb/nacl_sdk/pepper_42/toolchain/linux_x86_newlib/bin/../lib/gcc/x86_64-nacl/4.4.3/../../../../x86_64-nacl/lib/../lib32/libnacl.a(abort_9f6b5845.o)
                0x000000000002b180                abort
 .text          0x000000000002b1c0       0x20 /home/jfb/nacl_sdk/pepper_42/toolchain/linux_x86_newlib/bin/../lib/gcc/x86_64-nacl/4.4.3/../../../../x86_64-nacl/lib/../lib32/libnacl.a(nacl_tls_get_d2f842b5.o)
                0x000000000002b1c0                nacl_tls_get
 .text          0x000000000002b1e0      0x260 /home/jfb/nacl_sdk/pepper_42/toolchain/linux_x86_newlib/bin/../lib/gcc/x86_64-nacl/4.4.3/../../../../x86_64-nacl/lib/../lib32/libnacl.a(nacl_irt_init_7b4f826e.o)
                0x000000000002b200                __libnacl_irt_init
 .text          0x000000000002b440       0xa0 /home/jfb/nacl_sdk/pepper_42/toolchain/linux_x86_newlib/bin/../lib/gcc/x86_64-nacl/4.4.3/../../../../x86_64-nacl/lib/../lib32/libnacl.a(sysconf_ad295ea2.o)
                0x000000000002b440                sysconf
 .text          0x000000000002b4e0       0x20 /home/jfb/nacl_sdk/pepper_42/toolchain/linux_x86_newlib/bin/../lib/gcc/x86_64-nacl/4.4.3/../../../../x86_64-nacl/lib/../lib32/libnacl.a(nacl_tls_init_eb0cd232.o)
                0x000000000002b4e0                nacl_tls_init
 .text          0x000000000002b500       0x60 /home/jfb/nacl_sdk/pepper_42/toolchain/linux_x86_newlib/bin/../lib/gcc/x86_64-nacl/4.4.3/../../../../x86_64-nacl/lib/../lib32/libcrt_common.a(lib_a-atexit.o)
                0x000000000002b500                atexit
 .text          0x000000000002b560       0x20 /home/jfb/nacl_sdk/pepper_42/toolchain/linux_x86_newlib/bin/../lib/gcc/x86_64-nacl/4.4.3/../../../../x86_64-nacl/lib/../lib32/libcrt_common.a(lib_a-errno.o)
                0x000000000002b560                __errno
 .text          0x000000000002b580       0x60 /home/jfb/nacl_sdk/pepper_42/toolchain/linux_x86_newlib/bin/../lib/gcc/x86_64-nacl/4.4.3/../../../../x86_64-nacl/lib/../lib32/libcrt_common.a(lib_a-exit.o)
                0x000000000002b580                exit
 .text          0x000000000002b5e0      0x620 /home/jfb/nacl_sdk/pepper_42/toolchain/linux_x86_newlib/bin/../lib/gcc/x86_64-nacl/4.4.3/../../../../x86_64-nacl/lib/../lib32/libcrt_common.a(lib_a-fflush.o)
                0x000000000002b5e0                __sflush_r
                0x000000000002b9e0                _fflush_r
                0x000000000002bb60                fflush
 .text          0x000000000002bc00      0x880 /home/jfb/nacl_sdk/pepper_42/toolchain/linux_x86_newlib/bin/../lib/gcc/x86_64-nacl/4.4.3/../../../../x86_64-nacl/lib/../lib32/libcrt_common.a(lib_a-findfp.o)
                0x000000000002bc40                __sinit_lock_release
                0x000000000002bc80                __sfp_lock_release
                0x000000000002bcc0                __fp_unlock_all
                0x000000000002bd60                __sinit_lock_acquire
                0x000000000002bda0                __sfp_lock_acquire
                0x000000000002bde0                __fp_lock_all
                0x000000000002bf00                __sinit
                0x000000000002c0a0                _cleanup_r
                0x000000000002c0e0                _cleanup
                0x000000000002c120                __sfmoreglue
                0x000000000002c1e0                __sfp
 .text          0x000000000002c480       0x80 /home/jfb/nacl_sdk/pepper_42/toolchain/linux_x86_newlib/bin/../lib/gcc/x86_64-nacl/4.4.3/../../../../x86_64-nacl/lib/../lib32/libcrt_common.a(lib_a-fini.o)
                0x000000000002c480                __libc_fini_array
 .text          0x000000000002c500       0xc0 /home/jfb/nacl_sdk/pepper_42/toolchain/linux_x86_newlib/bin/../lib/gcc/x86_64-nacl/4.4.3/../../../../x86_64-nacl/lib/../lib32/libcrt_common.a(lib_a-fprintf.o)
                0x000000000002c500                fprintf
                0x000000000002c560                _fprintf_r
 .text          0x000000000002c5c0      0x420 /home/jfb/nacl_sdk/pepper_42/toolchain/linux_x86_newlib/bin/../lib/gcc/x86_64-nacl/4.4.3/../../../../x86_64-nacl/lib/../lib32/libcrt_common.a(lib_a-fwalk.o)
                0x000000000002c5c0                _fwalk_reent
                0x000000000002c780                _fwalk
 .text          0x000000000002c9e0      0x280 /home/jfb/nacl_sdk/pepper_42/toolchain/linux_x86_newlib/bin/../lib/gcc/x86_64-nacl/4.4.3/../../../../x86_64-nacl/lib/../lib32/libcrt_common.a(lib_a-fwrite.o)
                0x000000000002c9e0                _fwrite_r
                0x000000000002cc00                fwrite
 .text          0x000000000002cc60       0xc0 /home/jfb/nacl_sdk/pepper_42/toolchain/linux_x86_newlib/bin/../lib/gcc/x86_64-nacl/4.4.3/../../../../x86_64-nacl/lib/../lib32/libcrt_common.a(lib_a-getenv.o)
                0x000000000002cc60                getenv
                0x000000000002ccc0                _findenv
 .text          0x000000000002cd20      0x240 /home/jfb/nacl_sdk/pepper_42/toolchain/linux_x86_newlib/bin/../lib/gcc/x86_64-nacl/4.4.3/../../../../x86_64-nacl/lib/../lib32/libcrt_common.a(lib_a-getenv_r.o)
                0x000000000002cd20                _findenv_r
                0x000000000002cf20                _getenv_r
 .text          0x000000000002cf60       0x40 /home/jfb/nacl_sdk/pepper_42/toolchain/linux_x86_newlib/bin/../lib/gcc/x86_64-nacl/4.4.3/../../../../x86_64-nacl/lib/../lib32/libcrt_common.a(lib_a-impure.o)
                0x000000000002cf60                __newlib_thread_init
                0x000000000002cf80                __newlib_thread_exit
 .text          0x000000000002cfa0      0x100 /home/jfb/nacl_sdk/pepper_42/toolchain/linux_x86_newlib/bin/../lib/gcc/x86_64-nacl/4.4.3/../../../../x86_64-nacl/lib/../lib32/libcrt_common.a(lib_a-init.o)
                0x000000000002cfa0                __libc_init_array
 .text          0x000000000002d0a0       0x60 /home/jfb/nacl_sdk/pepper_42/toolchain/linux_x86_newlib/bin/../lib/gcc/x86_64-nacl/4.4.3/../../../../x86_64-nacl/lib/../lib32/libcrt_common.a(lib_a-memcpy.o)
                0x000000000002d0a0                memcpy
 .text          0x000000000002d100       0xa0 /home/jfb/nacl_sdk/pepper_42/toolchain/linux_x86_newlib/bin/../lib/gcc/x86_64-nacl/4.4.3/../../../../x86_64-nacl/lib/../lib32/libcrt_common.a(lib_a-memset.o)
                0x000000000002d100                memset
 .text          0x000000000002d1a0       0xa0 /home/jfb/nacl_sdk/pepper_42/toolchain/linux_x86_newlib/bin/../lib/gcc/x86_64-nacl/4.4.3/../../../../x86_64-nacl/lib/../lib32/libcrt_common.a(lib_a-sleep.o)
                0x000000000002d1a0                sleep
 .text          0x000000000002d240      0x200 /home/jfb/nacl_sdk/pepper_42/toolchain/linux_x86_newlib/bin/../lib/gcc/x86_64-nacl/4.4.3/../../../../x86_64-nacl/lib/../lib32/libcrt_common.a(lib_a-stdio.o)
                0x000000000002d240                __seofread
                0x000000000002d260                __sclose
                0x000000000002d280                __sseek
                0x000000000002d300                __swrite
                0x000000000002d3c0                __sread
 .text          0x000000000002d440       0xe0 /home/jfb/nacl_sdk/pepper_42/toolchain/linux_x86_newlib/bin/../lib/gcc/x86_64-nacl/4.4.3/../../../../x86_64-nacl/lib/../lib32/libcrt_common.a(lib_a-strcat.o)
                0x000000000002d440                strcat
 .text          0x000000000002d520       0xa0 /home/jfb/nacl_sdk/pepper_42/toolchain/linux_x86_newlib/bin/../lib/gcc/x86_64-nacl/4.4.3/../../../../x86_64-nacl/lib/../lib32/libcrt_common.a(lib_a-strcpy.o)
                0x000000000002d520                strcpy
 .text          0x000000000002d5c0       0xa0 /home/jfb/nacl_sdk/pepper_42/toolchain/linux_x86_newlib/bin/../lib/gcc/x86_64-nacl/4.4.3/../../../../x86_64-nacl/lib/../lib32/libcrt_common.a(lib_a-strlen.o)
                0x000000000002d5c0                strlen
 .text          0x000000000002d660      0x180 /home/jfb/nacl_sdk/pepper_42/toolchain/linux_x86_newlib/bin/../lib/gcc/x86_64-nacl/4.4.3/../../../../x86_64-nacl/lib/../lib32/libcrt_common.a(lib_a-strncmp.o)
                0x000000000002d660                strncmp
 .text          0x000000000002d7e0     0x4b00 /home/jfb/nacl_sdk/pepper_42/toolchain/linux_x86_newlib/bin/../lib/gcc/x86_64-nacl/4.4.3/../../../../x86_64-nacl/lib/../lib32/libcrt_common.a(lib_a-vfprintf.o)
                0x000000000002d7e0                _vfprintf_r
                0x0000000000032280                vfprintf
 .text          0x00000000000322e0      0x180 /home/jfb/nacl_sdk/pepper_42/toolchain/linux_x86_newlib/bin/../lib/gcc/x86_64-nacl/4.4.3/../../../../x86_64-nacl/lib/../lib32/libcrt_common.a(lib_a-vsnprintf.o)
                0x00000000000322e0                _vsnprintf_r
                0x0000000000032400                vsnprintf
 .text          0x0000000000032460       0xe0 /home/jfb/nacl_sdk/pepper_42/toolchain/linux_x86_newlib/bin/../lib/gcc/x86_64-nacl/4.4.3/../../../../x86_64-nacl/lib/../lib32/libcrt_common.a(lib_a-vsprintf.o)
                0x0000000000032460                _vsprintf_r
                0x00000000000324e0                vsprintf
 .text          0x0000000000032540      0x220 /home/jfb/nacl_sdk/pepper_42/toolchain/linux_x86_newlib/bin/../lib/gcc/x86_64-nacl/4.4.3/../../../../x86_64-nacl/lib/../lib32/libcrt_common.a(lib_a-wcrtomb.o)
                0x0000000000032540                wcrtomb
                0x0000000000032660                _wcrtomb_r
 .text          0x0000000000032760       0xe0 /home/jfb/nacl_sdk/pepper_42/toolchain/linux_x86_newlib/bin/../lib/gcc/x86_64-nacl/4.4.3/../../../../x86_64-nacl/lib/../lib32/libcrt_common.a(lib_a-wcsrtombs.o)
                0x0000000000032760                wcsrtombs
                0x00000000000327e0                _wcsrtombs_r
 .text          0x0000000000032840      0x540 /home/jfb/nacl_sdk/pepper_42/toolchain/linux_x86_newlib/bin/../lib/gcc/x86_64-nacl/4.4.3/../../../../x86_64-nacl/lib/../lib32/libcrt_common.a(lib_a-wctomb_r.o)
                0x0000000000032840                __ascii_wctomb
                0x00000000000328a0                __utf8_wctomb
                0x0000000000032a00                __sjis_wctomb
                0x0000000000032ae0                __eucjp_wctomb
                0x0000000000032be0                __jis_wctomb
                0x0000000000032d00                _wctomb_r
 .text          0x0000000000032d80      0x2c0 /home/jfb/nacl_sdk/pepper_42/toolchain/linux_x86_newlib/bin/../lib/gcc/x86_64-nacl/4.4.3/../../../../x86_64-nacl/lib/../lib32/libcrt_common.a(lib_a-wsetup.o)
                0x0000000000032d80                __swsetup_r
 .text          0x0000000000033040      0x220 /home/jfb/nacl_sdk/pepper_42/toolchain/linux_x86_newlib/bin/../lib/gcc/x86_64-nacl/4.4.3/../../../../x86_64-nacl/lib/../lib32/libcrt_common.a(lib_a-__atexit.o)
                0x0000000000033040                __register_exitproc
 .text          0x0000000000033260      0x300 /home/jfb/nacl_sdk/pepper_42/toolchain/linux_x86_newlib/bin/../lib/gcc/x86_64-nacl/4.4.3/../../../../x86_64-nacl/lib/../lib32/libcrt_common.a(lib_a-__call_atexit.o)
                0x0000000000033260                __call_exitprocs
 .text          0x0000000000033560     0x2220 /home/jfb/nacl_sdk/pepper_42/toolchain/linux_x86_newlib/bin/../lib/gcc/x86_64-nacl/4.4.3/../../../../x86_64-nacl/lib/../lib32/libcrt_common.a(lib_a-dtoa.o)
                0x0000000000033880                _dtoa_r
 .text          0x0000000000035780       0x40 /home/jfb/nacl_sdk/pepper_42/toolchain/linux_x86_newlib/bin/../lib/gcc/x86_64-nacl/4.4.3/../../../../x86_64-nacl/lib/../lib32/libcrt_common.a(lib_a-envlock.o)
                0x0000000000035780                __env_unlock
                0x00000000000357a0                __env_lock
 .text          0x00000000000357c0      0x340 /home/jfb/nacl_sdk/pepper_42/toolchain/linux_x86_newlib/bin/../lib/gcc/x86_64-nacl/4.4.3/../../../../x86_64-nacl/lib/../lib32/libcrt_common.a(lib_a-fclose.o)
                0x00000000000357c0                _fclose_r
                0x0000000000035aa0                fclose
 .text          0x0000000000035b00      0x7e0 /home/jfb/nacl_sdk/pepper_42/toolchain/linux_x86_newlib/bin/../lib/gcc/x86_64-nacl/4.4.3/../../../../x86_64-nacl/lib/../lib32/libcrt_common.a(lib_a-fvwrite.o)
                0x0000000000035b00                __sfvwrite_r
 .text          0x00000000000362e0     0x1880 /home/jfb/nacl_sdk/pepper_42/toolchain/linux_x86_newlib/bin/../lib/gcc/x86_64-nacl/4.4.3/../../../../x86_64-nacl/lib/../lib32/libcrt_common.a(lib_a-locale.o)
                0x00000000000362e0                __locale_charset
                0x0000000000036300                __locale_mb_cur_max
                0x0000000000036320                __locale_msgcharset
                0x0000000000036340                __locale_cjk_lang
                0x0000000000036360                _localeconv_r
                0x0000000000036380                localeconv
                0x0000000000037440                _setlocale_r
                0x0000000000037b00                setlocale
 .text          0x0000000000037b60      0x260 /home/jfb/nacl_sdk/pepper_42/toolchain/linux_x86_newlib/bin/../lib/gcc/x86_64-nacl/4.4.3/../../../../x86_64-nacl/lib/../lib32/libcrt_common.a(lib_a-makebuf.o)
                0x0000000000037b60                __smakebuf_r
 .text          0x0000000000037dc0      0xd20 /home/jfb/nacl_sdk/pepper_42/toolchain/linux_x86_newlib/bin/../lib/gcc/x86_64-nacl/4.4.3/../../../../x86_64-nacl/lib/../lib32/libcrt_common.a(lib_a-mbtowc_r.o)
                0x0000000000037dc0                __ascii_mbtowc
                0x0000000000037e40                __utf8_mbtowc
                0x00000000000383e0                __sjis_mbtowc
                0x0000000000038560                __eucjp_mbtowc
                0x00000000000387c0                __jis_mbtowc
                0x0000000000038a60                _mbtowc_r
 .text          0x0000000000038ae0       0xa0 /home/jfb/nacl_sdk/pepper_42/toolchain/linux_x86_newlib/bin/../lib/gcc/x86_64-nacl/4.4.3/../../../../x86_64-nacl/lib/../lib32/libcrt_common.a(lib_a-memchr.o)
                0x0000000000038ae0                memchr
 .text          0x0000000000038b80       0xa0 /home/jfb/nacl_sdk/pepper_42/toolchain/linux_x86_newlib/bin/../lib/gcc/x86_64-nacl/4.4.3/../../../../x86_64-nacl/lib/../lib32/libcrt_common.a(lib_a-memmove.o)
                0x0000000000038b80                memmove
 .text          0x0000000000038c20     0x1840 /home/jfb/nacl_sdk/pepper_42/toolchain/linux_x86_newlib/bin/../lib/gcc/x86_64-nacl/4.4.3/../../../../x86_64-nacl/lib/../lib32/libcrt_common.a(lib_a-mprec.o)
                0x0000000000038c20                _Bfree
                0x0000000000038c60                __hi0bits
                0x0000000000038d20                __lo0bits
                0x0000000000038ea0                __mcmp
                0x0000000000038f40                __ulp
                0x0000000000039020                __b2d
                0x00000000000391a0                __ratio
                0x0000000000039240                _mprec_log10
                0x00000000000392a0                __copybits
                0x0000000000039360                __any_on
                0x0000000000039480                _Balloc
                0x00000000000395a0                __d2b
                0x0000000000039780                __mdiff
                0x0000000000039a00                __lshift
                0x0000000000039bc0                __multiply
                0x0000000000039ec0                __i2b
                0x0000000000039f00                __multadd
                0x000000000003a040                __pow5mult
                0x000000000003a280                __s2b
 .text          0x000000000003a460      0x140 /home/jfb/nacl_sdk/pepper_42/toolchain/linux_x86_newlib/bin/../lib/gcc/x86_64-nacl/4.4.3/../../../../x86_64-nacl/lib/../lib32/libcrt_common.a(lib_a-s_fpclassify.o)
                0x000000000003a460                __fpclassifyd
 .text          0x000000000003a5a0       0xe0 /home/jfb/nacl_sdk/pepper_42/toolchain/linux_x86_newlib/bin/../lib/gcc/x86_64-nacl/4.4.3/../../../../x86_64-nacl/lib/../lib32/libcrt_common.a(lib_a-s_frexp.o)
                0x000000000003a5a0                frexp
 .text          0x000000000003a680       0x80 /home/jfb/nacl_sdk/pepper_42/toolchain/linux_x86_newlib/bin/../lib/gcc/x86_64-nacl/4.4.3/../../../../x86_64-nacl/lib/../lib32/libcrt_common.a(lib_a-strcasecmp.o)
                0x000000000003a680                strcasecmp
 .text          0x000000000003a700      0x120 /home/jfb/nacl_sdk/pepper_42/toolchain/linux_x86_newlib/bin/../lib/gcc/x86_64-nacl/4.4.3/../../../../x86_64-nacl/lib/../lib32/libcrt_common.a(lib_a-strchr.o)
                0x000000000003a700                strchr
 .text          0x000000000003a820      0x100 /home/jfb/nacl_sdk/pepper_42/toolchain/linux_x86_newlib/bin/../lib/gcc/x86_64-nacl/4.4.3/../../../../x86_64-nacl/lib/../lib32/libcrt_common.a(lib_a-strcmp.o)
                0x000000000003a820                strcmp
 .text          0x000000000003a920       0xa0 /home/jfb/nacl_sdk/pepper_42/toolchain/linux_x86_newlib/bin/../lib/gcc/x86_64-nacl/4.4.3/../../../../x86_64-nacl/lib/../lib32/libcrt_common.a(lib_a-strlcpy.o)
                0x000000000003a920                strlcpy
 .text          0x000000000003a9c0       0xa0 /home/jfb/nacl_sdk/pepper_42/toolchain/linux_x86_newlib/bin/../lib/gcc/x86_64-nacl/4.4.3/../../../../x86_64-nacl/lib/../lib32/libcrt_common.a(lib_a-strncasecmp.o)
                0x000000000003a9c0                strncasecmp
 .text          0x000000000003aa60      0x140 /home/jfb/nacl_sdk/pepper_42/toolchain/linux_x86_newlib/bin/../lib/gcc/x86_64-nacl/4.4.3/../../../../x86_64-nacl/lib/../lib32/libcrt_common.a(lib_a-strncpy.o)
                0x000000000003aa60                strncpy
 .text          0x000000000003aba0      0x360 /home/jfb/nacl_sdk/pepper_42/toolchain/linux_x86_newlib/bin/../lib/gcc/x86_64-nacl/4.4.3/../../../../x86_64-nacl/lib/../lib32/libcrt_common.a(lib_a-strtol.o)
                0x000000000003aba0                _strtol_r
                0x000000000003aea0                strtol
 .text          0x000000000003af00     0x4740 /home/jfb/nacl_sdk/pepper_42/toolchain/linux_x86_newlib/bin/../lib/gcc/x86_64-nacl/4.4.3/../../../../x86_64-nacl/lib/../lib32/libcrt_common.a(lib_a-svfprintf.o)
                0x000000000003af00                _svfprintf_r
 .text          0x000000000003f640     0x2a00 /home/jfb/nacl_sdk/pepper_42/toolchain/linux_x86_newlib/bin/../lib/gcc/x86_64-nacl/4.4.3/../../../../x86_64-nacl/lib/../lib32/libcrt_common.a(lib_a-vfiprintf.o)
                0x000000000003f640                __sprint_r
                0x000000000003f7c0                _vfiprintf_r
                0x0000000000041fe0                vfiprintf
 .text          0x0000000000042040      0x300 /home/jfb/nacl_sdk/pepper_42/toolchain/linux_x86_newlib/bin/../lib/gcc/x86_64-nacl/4.4.3/../../../../x86_64-nacl/lib/../lib32/libcrt_common.a(lib_a-wcsnrtombs.o)
                0x0000000000042040                _wcsnrtombs_r
                0x00000000000422c0                wcsnrtombs
 .text          0x0000000000042340       0x20 /home/jfb/nacl_sdk/pepper_42/toolchain/linux_x86_newlib/bin/../lib/gcc/x86_64-nacl/4.4.3/../../../../x86_64-nacl/lib/../lib32/libcrt_common.a(lib_a-ctype_.o)
                0x0000000000042340                __set_ctype
 .text          0x0000000000042360      0x3a0 /home/jfb/nacl_sdk/pepper_42/toolchain/linux_x86_newlib/bin/../lib/gcc/x86_64-nacl/4.4.3/../../../../x86_64-nacl/lib/../lib32/libcrt_common.a(lib_a-fputwc.o)
                0x0000000000042360                _fputwc_r
                0x0000000000042680                fputwc
 .text          0x0000000000042700     0x27e0 /home/jfb/nacl_sdk/pepper_42/toolchain/linux_x86_newlib/bin/../lib/gcc/x86_64-nacl/4.4.3/../../../../x86_64-nacl/lib/../lib32/libcrt_common.a(lib_a-svfiprintf.o)
                0x0000000000042700                __ssprint_r
                0x00000000000429a0                _svfiprintf_r
 .text          0x0000000000044ee0      0x2a0 /home/jfb/nacl_sdk/pepper_42/toolchain/linux_x86_newlib/bin/../lib/gcc/x86_64-nacl/4.4.3/../../../../x86_64-nacl/lib/../lib32/libcrt_common.a(lib_a-wbuf.o)
                0x0000000000044ee0                __swbuf_r
                0x0000000000045120                __swbuf
 .text          0x0000000000045180       0xa0 /home/jfb/nacl_sdk/pepper_42/toolchain/linux_x86_newlib/bin/../lib/gcc/x86_64-nacl/4.4.3/../../../../x86_64-nacl/lib/../lib32/libnacl.a(close_e9b92fbd.o)
                0x0000000000045180                close
 .text          0x0000000000045220       0xe0 /home/jfb/nacl_sdk/pepper_42/toolchain/linux_x86_newlib/bin/../lib/gcc/x86_64-nacl/4.4.3/../../../../x86_64-nacl/lib/../lib32/libnacl.a(isatty_02f56e94.o)
                0x0000000000045220                isatty
 .text          0x0000000000045300       0xc0 /home/jfb/nacl_sdk/pepper_42/toolchain/linux_x86_newlib/bin/../lib/gcc/x86_64-nacl/4.4.3/../../../../x86_64-nacl/lib/../lib32/libnacl.a(nacl_irt_fdio_b571b5e7.o)
                0x0000000000045300                __libnacl_irt_dev_fdio_init
 .text          0x00000000000453c0       0xa0 /home/jfb/nacl_sdk/pepper_42/toolchain/linux_x86_newlib/bin/../lib/gcc/x86_64-nacl/4.4.3/../../../../x86_64-nacl/lib/../lib32/libnacl.a(fstat_0540ff63.o)
                0x00000000000453c0                fstat
 .text          0x0000000000045460       0xc0 /home/jfb/nacl_sdk/pepper_42/toolchain/linux_x86_newlib/bin/../lib/gcc/x86_64-nacl/4.4.3/../../../../x86_64-nacl/lib/../lib32/libnacl.a(lseek_64d2d05c.o)
                0x0000000000045460                lseek
 .text          0x0000000000045520       0xc0 /home/jfb/nacl_sdk/pepper_42/toolchain/linux_x86_newlib/bin/../lib/gcc/x86_64-nacl/4.4.3/../../../../x86_64-nacl/lib/../lib32/libnacl.a(read_df872e10.o)
                0x0000000000045520                read
 .text          0x00000000000455e0       0xa0 /home/jfb/nacl_sdk/pepper_42/toolchain/linux_x86_newlib/bin/../lib/gcc/x86_64-nacl/4.4.3/../../../../x86_64-nacl/lib/../lib32/libnacl.a(nanosleep_e59fdef1.o)
                0x00000000000455e0                nanosleep
 .text          0x0000000000045680      0x1e0 /home/jfb/nacl_sdk/pepper_42/toolchain/linux_x86_newlib/bin/../lib/gcc/x86_64-nacl/4.4.3/32/libgcc.a(_udivdi3.o)
                0x0000000000045680                __udivdi3
 .text          0x0000000000045860      0x240 /home/jfb/nacl_sdk/pepper_42/toolchain/linux_x86_newlib/bin/../lib/gcc/x86_64-nacl/4.4.3/32/libgcc.a(_umoddi3.o)
                0x0000000000045860                __umoddi3
 .text          0x0000000000045aa0       0x80 /home/jfb/nacl_sdk/pepper_42/toolchain/linux_x86_newlib/bin/../lib/gcc/x86_64-nacl/4.4.3/32/crtend.o
 .text          0x0000000000045b20        0x0 /home/jfb/nacl_sdk/pepper_42/toolchain/linux_x86_newlib/bin/../lib/gcc/x86_64-nacl/4.4.3/../../../../x86_64-nacl/lib/../lib32/crtn.o
 *(.gnu.warning)

.fini           0x0000000000045b20       0x60
 *(SORT(.fini))
 .fini          0x0000000000045b20       0x20 /home/jfb/nacl_sdk/pepper_42/toolchain/linux_x86_newlib/bin/../lib/gcc/x86_64-nacl/4.4.3/../../../../x86_64-nacl/lib/../lib32/crti.o
                0x0000000000045b20                _fini
 .fini          0x0000000000045b40       0x20 /home/jfb/nacl_sdk/pepper_42/toolchain/linux_x86_newlib/bin/../lib/gcc/x86_64-nacl/4.4.3/32/crtbegin.o
 .fini          0x0000000000045b60       0x20 /home/jfb/nacl_sdk/pepper_42/toolchain/linux_x86_newlib/bin/../lib/gcc/x86_64-nacl/4.4.3/../../../../x86_64-nacl/lib/../lib32/crtn.o
                0x0000000000045b80                PROVIDE (__etext, .)
                0x0000000000045b80                PROVIDE (_etext, .)
                0x0000000000045b80                PROVIDE (etext, .)
                0x0000000010020114                . = (0x10020000 + SIZEOF_HEADERS)

.interp
 *(.interp)

.note.gnu.build-id
                0x0000000010020114       0x24
 *(.note.gnu.build-id)
 .note.gnu.build-id
                0x0000000010020114       0x24 /home/jfb/nacl_sdk/pepper_42/toolchain/linux_x86_newlib/bin/../lib/gcc/x86_64-nacl/4.4.3/../../../../x86_64-nacl/lib/../lib32/crti.o

.hash
 *(.hash)

.gnu.hash
 *(.gnu.hash)

.dynsym
 *(.dynsym)

.dynstr
 *(.dynstr)

.gnu.version
 *(.gnu.version)

.gnu.version_d
 *(.gnu.version_d)

.gnu.version_r
 *(.gnu.version_r)

.rel.dyn        0x0000000010020138        0x0
 *(.rel.init)
 *(.rel.text .rel.text.* .rel.gnu.linkonce.t.*)
 .rel.text      0x0000000000000000        0x0 /home/jfb/nacl_sdk/pepper_42/toolchain/linux_x86_newlib/bin/../lib/gcc/x86_64-nacl/4.4.3/32/crtbegin.o
 *(.rel.fini)
 *(.rel.rodata .rel.rodata.* .rel.gnu.linkonce.r.*)
 *(.rel.data.rel.ro .rel.data.rel.ro.* .rel.gnu.linkonce.d.rel.ro.*)
 *(.rel.data .rel.data.* .rel.gnu.linkonce.d.*)
 *(.rel.tdata .rel.tdata.* .rel.gnu.linkonce.td.*)
 *(.rel.tbss .rel.tbss.* .rel.gnu.linkonce.tb.*)
 *(.rel.ctors)
 *(.rel.dtors)
 *(.rel.got)
 .rel.got       0x0000000000000000        0x0 /home/jfb/nacl_sdk/pepper_42/toolchain/linux_x86_newlib/bin/../lib/gcc/x86_64-nacl/4.4.3/32/crtbegin.o
 *(.rel.bss .rel.bss.* .rel.gnu.linkonce.b.*)
 *(.rel.ifunc)

.rel.plt        0x0000000010020138        0x0
 *(.rel.plt)
                0x0000000010020138                PROVIDE (__rel_iplt_start, .)
 *(.rel.iplt)
 .rel.iplt      0x0000000000000000        0x0 /home/jfb/nacl_sdk/pepper_42/toolchain/linux_x86_newlib/bin/../lib/gcc/x86_64-nacl/4.4.3/32/crtbegin.o
                0x0000000010020138                PROVIDE (__rel_iplt_end, .)

.rodata         0x0000000010020140     0x1402
 *(.rodata .rodata.* .gnu.linkonce.r.*)
 .rodata.str1.1
                0x0000000010020140       0x9e newlib/Release/debugging_x86_32.o
 *fill*         0x00000000100201de        0x2 
 .rodata.str1.4
                0x00000000100201e0       0x38 newlib/Release/debugging_x86_32.o
 .rodata.str1.4
                0x0000000010020218      0x123 /home/jfb/nacl_sdk/pepper_42//lib/newlib_x86_32/Release/liberror_handling.a(error_handling_x86_32.o)
 .rodata.str1.1
                0x000000001002033b       0x9c /home/jfb/nacl_sdk/pepper_42//lib/newlib_x86_32/Release/liberror_handling.a(error_handling_x86_32.o)
                                         0xa3 (size before relaxing)
 *fill*         0x00000000100203d7        0x1 
 .rodata        0x00000000100203d8        0xc /home/jfb/nacl_sdk/pepper_42/toolchain/linux_x86_newlib/bin/../lib/gcc/x86_64-nacl/4.4.3/../../../../x86_64-nacl/lib/../lib32/libppapi_stub.a(ppapi_plugin_main_399d0cf7.o)
 .rodata.str1.4
                0x00000000100203e4       0x99 /home/jfb/nacl_sdk/pepper_42/toolchain/linux_x86_newlib/bin/../lib/gcc/x86_64-nacl/4.4.3/../../../../x86_64-nacl/lib/../lib32/libppapi_stub.a(ppapi_plugin_start_8da67623.o)
 .rodata.str1.1
                0x000000001002047d       0x17 /home/jfb/nacl_sdk/pepper_42/toolchain/linux_x86_newlib/bin/../lib/gcc/x86_64-nacl/4.4.3/../../../../x86_64-nacl/lib/../lib32/libppapi_stub.a(ppapi_plugin_start_8da67623.o)
 .rodata        0x0000000010020494        0x8 /home/jfb/nacl_sdk/pepper_42/toolchain/linux_x86_newlib/bin/../lib/gcc/x86_64-nacl/4.4.3/../../../../x86_64-nacl/lib/../lib32/libppapi_stub.a(thread_creator_ccf263e1.o)
 .rodata.str1.1
                0x000000001002049c        0xc /home/jfb/nacl_sdk/pepper_42/toolchain/linux_x86_newlib/bin/../lib/gcc/x86_64-nacl/4.4.3/../../../../x86_64-nacl/lib/../lib32/libpthread.a(nc_thread_7e478b15.o)
 .rodata        0x00000000100204a8        0x4 /home/jfb/nacl_sdk/pepper_42/toolchain/linux_x86_newlib/bin/../lib/gcc/x86_64-nacl/4.4.3/../../../../x86_64-nacl/lib/../lib32/libpthread.a(nc_thread_7e478b15.o)
                0x00000000100204a8                __nc_kMaxCachedMemoryBlocks
 .rodata.str1.1
                0x00000000100204ac       0x14 /home/jfb/nacl_sdk/pepper_42/toolchain/linux_x86_newlib/bin/../lib/gcc/x86_64-nacl/4.4.3/../../../../x86_64-nacl/lib/../lib32/libpthread.a(dynamic_annotations_33ba59cc.o)
                                         0x16 (size before relaxing)
 .rodata.str1.1
                0x00000000100204c0       0x27 /home/jfb/nacl_sdk/pepper_42/toolchain/linux_x86_newlib/bin/../lib/gcc/x86_64-nacl/4.4.3/../../../../x86_64-nacl/lib/../lib32/libpthread.a(nc_init_irt_d3daafc0.o)
 .rodata.str1.1
                0x00000000100204e7       0x4e /home/jfb/nacl_sdk/pepper_42/toolchain/linux_x86_newlib/bin/../lib/gcc/x86_64-nacl/4.4.3/../../../../x86_64-nacl/lib/../lib32/libnacl.a(malloc_222c4a1e.o)
 *fill*         0x0000000010020535        0x3 
 .rodata.str1.4
                0x0000000010020538       0x58 /home/jfb/nacl_sdk/pepper_42/toolchain/linux_x86_newlib/bin/../lib/gcc/x86_64-nacl/4.4.3/../../../../x86_64-nacl/lib/../lib32/libnacl.a(nacl_irt_6de1d53f.o)
 .rodata        0x0000000010020590       0x13 /home/jfb/nacl_sdk/pepper_42/toolchain/linux_x86_newlib/bin/../lib/gcc/x86_64-nacl/4.4.3/../../../../x86_64-nacl/lib/../lib32/libnacl.a(abort_9f6b5845.o)
 .rodata.str1.1
                0x00000000100205a3       0x88 /home/jfb/nacl_sdk/pepper_42/toolchain/linux_x86_newlib/bin/../lib/gcc/x86_64-nacl/4.4.3/../../../../x86_64-nacl/lib/../lib32/libnacl.a(nacl_irt_init_7b4f826e.o)
 *fill*         0x000000001002062b        0x1 
 .rodata        0x000000001002062c        0x4 /home/jfb/nacl_sdk/pepper_42/toolchain/linux_x86_newlib/bin/../lib/gcc/x86_64-nacl/4.4.3/../../../../x86_64-nacl/lib/../lib32/libcrt_common.a(lib_a-impure.o)
                0x000000001002062c                _global_impure_ptr
 .rodata.str1.1
                0x0000000000000000       0x88 /home/jfb/nacl_sdk/pepper_42/toolchain/linux_x86_newlib/bin/../lib/gcc/x86_64-nacl/4.4.3/../../../../x86_64-nacl/lib/../lib32/libcrt_common.a(lib_a-impure.o)
                                          0x2 (size before relaxing)
 .rodata.str1.1
                0x0000000010020630       0x39 /home/jfb/nacl_sdk/pepper_42/toolchain/linux_x86_newlib/bin/../lib/gcc/x86_64-nacl/4.4.3/../../../../x86_64-nacl/lib/../lib32/libcrt_common.a(lib_a-vfprintf.o)
                                         0x3b (size before relaxing)
 *fill*         0x0000000010020669        0x3 
 .rodata        0x000000001002066c      0x18c /home/jfb/nacl_sdk/pepper_42/toolchain/linux_x86_newlib/bin/../lib/gcc/x86_64-nacl/4.4.3/../../../../x86_64-nacl/lib/../lib32/libcrt_common.a(lib_a-vfprintf.o)
 .rodata.cst4   0x00000000100207f8        0xc /home/jfb/nacl_sdk/pepper_42/toolchain/linux_x86_newlib/bin/../lib/gcc/x86_64-nacl/4.4.3/../../../../x86_64-nacl/lib/../lib32/libcrt_common.a(lib_a-vfprintf.o)
 .rodata.str1.1
                0x0000000010020804        0xd /home/jfb/nacl_sdk/pepper_42/toolchain/linux_x86_newlib/bin/../lib/gcc/x86_64-nacl/4.4.3/../../../../x86_64-nacl/lib/../lib32/libcrt_common.a(lib_a-dtoa.o)
                                          0xf (size before relaxing)
 *fill*         0x0000000010020811        0x3 
 .rodata.cst4   0x0000000010020814       0x14 /home/jfb/nacl_sdk/pepper_42/toolchain/linux_x86_newlib/bin/../lib/gcc/x86_64-nacl/4.4.3/../../../../x86_64-nacl/lib/../lib32/libcrt_common.a(lib_a-dtoa.o)
                                         0x18 (size before relaxing)
 .rodata.cst8   0x0000000010020828       0x18 /home/jfb/nacl_sdk/pepper_42/toolchain/linux_x86_newlib/bin/../lib/gcc/x86_64-nacl/4.4.3/../../../../x86_64-nacl/lib/../lib32/libcrt_common.a(lib_a-dtoa.o)
 .rodata.str1.1
                0x0000000010020840       0xe8 /home/jfb/nacl_sdk/pepper_42/toolchain/linux_x86_newlib/bin/../lib/gcc/x86_64-nacl/4.4.3/../../../../x86_64-nacl/lib/../lib32/libcrt_common.a(lib_a-locale.o)
                                         0xf4 (size before relaxing)
 .rodata        0x0000000010020928       0xf0 /home/jfb/nacl_sdk/pepper_42/toolchain/linux_x86_newlib/bin/../lib/gcc/x86_64-nacl/4.4.3/../../../../x86_64-nacl/lib/../lib32/libcrt_common.a(lib_a-locale.o)
 *fill*         0x0000000010020a18        0x8 
 .rodata        0x0000000010020a20      0x260 /home/jfb/nacl_sdk/pepper_42/toolchain/linux_x86_newlib/bin/../lib/gcc/x86_64-nacl/4.4.3/../../../../x86_64-nacl/lib/../lib32/libcrt_common.a(lib_a-mbtowc_r.o)
 .rodata        0x0000000010020c80      0x154 /home/jfb/nacl_sdk/pepper_42/toolchain/linux_x86_newlib/bin/../lib/gcc/x86_64-nacl/4.4.3/../../../../x86_64-nacl/lib/../lib32/libcrt_common.a(lib_a-mprec.o)
                0x0000000010020c80                __mprec_tens
                0x0000000010020d60                __mprec_bigtens
                0x0000000010020da0                __mprec_tinytens
 .rodata.cst4   0x0000000000000000        0x4 /home/jfb/nacl_sdk/pepper_42/toolchain/linux_x86_newlib/bin/../lib/gcc/x86_64-nacl/4.4.3/../../../../x86_64-nacl/lib/../lib32/libcrt_common.a(lib_a-mprec.o)
 .rodata.cst4   0x0000000010020dd4        0x4 /home/jfb/nacl_sdk/pepper_42/toolchain/linux_x86_newlib/bin/../lib/gcc/x86_64-nacl/4.4.3/../../../../x86_64-nacl/lib/../lib32/libcrt_common.a(lib_a-s_frexp.o)
 .rodata.str1.1
                0x0000000000000000       0x3b /home/jfb/nacl_sdk/pepper_42/toolchain/linux_x86_newlib/bin/../lib/gcc/x86_64-nacl/4.4.3/../../../../x86_64-nacl/lib/../lib32/libcrt_common.a(lib_a-svfprintf.o)
 .rodata        0x0000000010020dd8      0x18c /home/jfb/nacl_sdk/pepper_42/toolchain/linux_x86_newlib/bin/../lib/gcc/x86_64-nacl/4.4.3/../../../../x86_64-nacl/lib/../lib32/libcrt_common.a(lib_a-svfprintf.o)
 .rodata.cst4   0x0000000000000000        0xc /home/jfb/nacl_sdk/pepper_42/toolchain/linux_x86_newlib/bin/../lib/gcc/x86_64-nacl/4.4.3/../../../../x86_64-nacl/lib/../lib32/libcrt_common.a(lib_a-svfprintf.o)
 .rodata.str1.1
                0x0000000000000000       0x29 /home/jfb/nacl_sdk/pepper_42/toolchain/linux_x86_newlib/bin/../lib/gcc/x86_64-nacl/4.4.3/../../../../x86_64-nacl/lib/../lib32/libcrt_common.a(lib_a-vfiprintf.o)
 .rodata        0x0000000010020f64      0x18c /home/jfb/nacl_sdk/pepper_42/toolchain/linux_x86_newlib/bin/../lib/gcc/x86_64-nacl/4.4.3/../../../../x86_64-nacl/lib/../lib32/libcrt_common.a(lib_a-vfiprintf.o)
 *fill*         0x00000000100210f0       0x10 
 .rodata        0x0000000010021100      0x2a0 /home/jfb/nacl_sdk/pepper_42/toolchain/linux_x86_newlib/bin/../lib/gcc/x86_64-nacl/4.4.3/../../../../x86_64-nacl/lib/../lib32/libcrt_common.a(lib_a-ctype_.o)
                0x0000000010021100                _ctype_
 .rodata.str1.1
                0x0000000000000000       0x29 /home/jfb/nacl_sdk/pepper_42/toolchain/linux_x86_newlib/bin/../lib/gcc/x86_64-nacl/4.4.3/../../../../x86_64-nacl/lib/../lib32/libcrt_common.a(lib_a-svfiprintf.o)
 .rodata        0x00000000100213a0      0x18c /home/jfb/nacl_sdk/pepper_42/toolchain/linux_x86_newlib/bin/../lib/gcc/x86_64-nacl/4.4.3/../../../../x86_64-nacl/lib/../lib32/libcrt_common.a(lib_a-svfiprintf.o)
 .rodata.str1.1
                0x000000001002152c       0x16 /home/jfb/nacl_sdk/pepper_42/toolchain/linux_x86_newlib/bin/../lib/gcc/x86_64-nacl/4.4.3/../../../../x86_64-nacl/lib/../lib32/libnacl.a(nacl_irt_fdio_b571b5e7.o)
                                         0x3e (size before relaxing)

.rodata1
 *(.rodata1)

.eh_frame_hdr   0x0000000010021544      0x594
 *(.eh_frame_hdr)
 .eh_frame_hdr  0x0000000010021544      0x594 /home/jfb/nacl_sdk/pepper_42/toolchain/linux_x86_newlib/bin/../lib/gcc/x86_64-nacl/4.4.3/../../../../x86_64-nacl/lib/../lib32/libppapi_stub.a(plugin_main_irt_21ce9d26.o)

.eh_frame       0x0000000010021ad8     0x10d8
 *(.eh_frame)
 .eh_frame      0x0000000010021ad8        0x0 /home/jfb/nacl_sdk/pepper_42/toolchain/linux_x86_newlib/bin/../lib/gcc/x86_64-nacl/4.4.3/32/crtbegin.o
 .eh_frame      0x0000000010021ad8       0x34 /home/jfb/nacl_sdk/pepper_42/toolchain/linux_x86_newlib/bin/../lib/gcc/x86_64-nacl/4.4.3/../../../../x86_64-nacl/lib/../lib32/libppapi_stub.a(plugin_main_irt_21ce9d26.o)
 .eh_frame      0x0000000010021b0c       0x14 /home/jfb/nacl_sdk/pepper_42/toolchain/linux_x86_newlib/bin/../lib/gcc/x86_64-nacl/4.4.3/../../../../x86_64-nacl/lib/../lib32/libppapi_stub.a(ppapi_plugin_main_399d0cf7.o)
                                         0x2c (size before relaxing)
 .eh_frame      0x0000000010021b20       0x38 /home/jfb/nacl_sdk/pepper_42/toolchain/linux_x86_newlib/bin/../lib/gcc/x86_64-nacl/4.4.3/../../../../x86_64-nacl/lib/../lib32/libppapi_stub.a(ppapi_plugin_start_8da67623.o)
                                         0x50 (size before relaxing)
 .eh_frame      0x0000000010021b58       0x3c /home/jfb/nacl_sdk/pepper_42/toolchain/linux_x86_newlib/bin/../lib/gcc/x86_64-nacl/4.4.3/../../../../x86_64-nacl/lib/../lib32/libppapi_stub.a(thread_creator_ccf263e1.o)
                                         0x54 (size before relaxing)
 .eh_frame      0x0000000010021b94      0x3c4 /home/jfb/nacl_sdk/pepper_42/toolchain/linux_x86_newlib/bin/../lib/gcc/x86_64-nacl/4.4.3/../../../../x86_64-nacl/lib/../lib32/libpthread.a(nc_thread_7e478b15.o)
                                        0x3dc (size before relaxing)
 .eh_frame      0x0000000010021f58       0x98 /home/jfb/nacl_sdk/pepper_42/toolchain/linux_x86_newlib/bin/../lib/gcc/x86_64-nacl/4.4.3/../../../../x86_64-nacl/lib/../lib32/libpthread.a(nc_condvar_305aa45a.o)
                                         0xb0 (size before relaxing)
 .eh_frame      0x0000000010021ff0      0x300 /home/jfb/nacl_sdk/pepper_42/toolchain/linux_x86_newlib/bin/../lib/gcc/x86_64-nacl/4.4.3/../../../../x86_64-nacl/lib/../lib32/libpthread.a(dynamic_annotations_33ba59cc.o)
                                        0x318 (size before relaxing)
 .eh_frame      0x00000000100222f0      0x128 /home/jfb/nacl_sdk/pepper_42/toolchain/linux_x86_newlib/bin/../lib/gcc/x86_64-nacl/4.4.3/../../../../x86_64-nacl/lib/../lib32/libpthread.a(nc_mutex_86341ae1.o)
                                        0x140 (size before relaxing)
 .eh_frame      0x0000000010022418       0x14 /home/jfb/nacl_sdk/pepper_42/toolchain/linux_x86_newlib/bin/../lib/gcc/x86_64-nacl/4.4.3/../../../../x86_64-nacl/lib/../lib32/libpthread.a(nc_init_irt_d3daafc0.o)
                                         0x2c (size before relaxing)
 .eh_frame      0x000000001002242c       0x14 /home/jfb/nacl_sdk/pepper_42/toolchain/linux_x86_newlib/bin/../lib/gcc/x86_64-nacl/4.4.3/../../../../x86_64-nacl/lib/../lib32/libnacl.a(_exit_710c7d0d.o)
                                         0x2c (size before relaxing)
 .eh_frame      0x0000000010022440       0x20 /home/jfb/nacl_sdk/pepper_42/toolchain/linux_x86_newlib/bin/../lib/gcc/x86_64-nacl/4.4.3/../../../../x86_64-nacl/lib/../lib32/libnacl.a(start_fa9ef7de.o)
                                         0x38 (size before relaxing)
 .eh_frame      0x0000000010022460      0x3b0 /home/jfb/nacl_sdk/pepper_42/toolchain/linux_x86_newlib/bin/../lib/gcc/x86_64-nacl/4.4.3/../../../../x86_64-nacl/lib/../lib32/libnacl.a(malloc_222c4a1e.o)
                                        0x3c8 (size before relaxing)
 .eh_frame      0x0000000010022810      0x108 /home/jfb/nacl_sdk/pepper_42/toolchain/linux_x86_newlib/bin/../lib/gcc/x86_64-nacl/4.4.3/../../../../x86_64-nacl/lib/../lib32/libnacl.a(nacl_irt_6de1d53f.o)
                                        0x120 (size before relaxing)
 .eh_frame      0x0000000010022918       0x1c /home/jfb/nacl_sdk/pepper_42/toolchain/linux_x86_newlib/bin/../lib/gcc/x86_64-nacl/4.4.3/../../../../x86_64-nacl/lib/../lib32/libnacl.a(pthread_initialize_minimal_4b6e776b.o)
                                         0x34 (size before relaxing)
 .eh_frame      0x0000000010022934       0x14 /home/jfb/nacl_sdk/pepper_42/toolchain/linux_x86_newlib/bin/../lib/gcc/x86_64-nacl/4.4.3/../../../../x86_64-nacl/lib/../lib32/libnacl.a(nacl_read_tp_5748ac47.o)
                                         0x2c (size before relaxing)
 .eh_frame      0x0000000010022948       0x1c /home/jfb/nacl_sdk/pepper_42/toolchain/linux_x86_newlib/bin/../lib/gcc/x86_64-nacl/4.4.3/../../../../x86_64-nacl/lib/../lib32/libnacl.a(nacl_interface_query_ef8a99f1.o)
                                         0x34 (size before relaxing)
 .eh_frame      0x0000000010022964       0x1c /home/jfb/nacl_sdk/pepper_42/toolchain/linux_x86_newlib/bin/../lib/gcc/x86_64-nacl/4.4.3/../../../../x86_64-nacl/lib/../lib32/libnacl.a(mmap_767fb080.o)
                                         0x34 (size before relaxing)
 .eh_frame      0x0000000010022980       0x1c /home/jfb/nacl_sdk/pepper_42/toolchain/linux_x86_newlib/bin/../lib/gcc/x86_64-nacl/4.4.3/../../../../x86_64-nacl/lib/../lib32/libnacl.a(sched_yield_56c375be.o)
                                         0x34 (size before relaxing)
 .eh_frame      0x000000001002299c       0x1c /home/jfb/nacl_sdk/pepper_42/toolchain/linux_x86_newlib/bin/../lib/gcc/x86_64-nacl/4.4.3/../../../../x86_64-nacl/lib/../lib32/libnacl.a(munmap_d4f09867.o)
                                         0x34 (size before relaxing)
 .eh_frame      0x00000000100229b8       0x54 /home/jfb/nacl_sdk/pepper_42/toolchain/linux_x86_newlib/bin/../lib/gcc/x86_64-nacl/4.4.3/../../../../x86_64-nacl/lib/../lib32/libnacl.a(tls_bba1975b.o)
                                         0x6c (size before relaxing)
 .eh_frame      0x0000000010022a0c       0x1c /home/jfb/nacl_sdk/pepper_42/toolchain/linux_x86_newlib/bin/../lib/gcc/x86_64-nacl/4.4.3/../../../../x86_64-nacl/lib/../lib32/libnacl.a(write_fb49787f.o)
                                         0x34 (size before relaxing)
 .eh_frame      0x0000000010022a28       0x14 /home/jfb/nacl_sdk/pepper_42/toolchain/linux_x86_newlib/bin/../lib/gcc/x86_64-nacl/4.4.3/../../../../x86_64-nacl/lib/../lib32/libnacl.a(abort_9f6b5845.o)
                                         0x2c (size before relaxing)
 .eh_frame      0x0000000010022a3c       0x14 /home/jfb/nacl_sdk/pepper_42/toolchain/linux_x86_newlib/bin/../lib/gcc/x86_64-nacl/4.4.3/../../../../x86_64-nacl/lib/../lib32/libnacl.a(nacl_tls_get_d2f842b5.o)
                                         0x2c (size before relaxing)
 .eh_frame      0x0000000010022a50       0x30 /home/jfb/nacl_sdk/pepper_42/toolchain/linux_x86_newlib/bin/../lib/gcc/x86_64-nacl/4.4.3/../../../../x86_64-nacl/lib/../lib32/libnacl.a(nacl_irt_init_7b4f826e.o)
                                         0x48 (size before relaxing)
 .eh_frame      0x0000000010022a80       0x1c /home/jfb/nacl_sdk/pepper_42/toolchain/linux_x86_newlib/bin/../lib/gcc/x86_64-nacl/4.4.3/../../../../x86_64-nacl/lib/../lib32/libnacl.a(sysconf_ad295ea2.o)
                                         0x34 (size before relaxing)
 .eh_frame      0x0000000010022a9c       0x14 /home/jfb/nacl_sdk/pepper_42/toolchain/linux_x86_newlib/bin/../lib/gcc/x86_64-nacl/4.4.3/../../../../x86_64-nacl/lib/../lib32/libnacl.a(nacl_tls_init_eb0cd232.o)
                                         0x2c (size before relaxing)
 .eh_frame      0x0000000010022ab0       0x1c /home/jfb/nacl_sdk/pepper_42/toolchain/linux_x86_newlib/bin/../lib/gcc/x86_64-nacl/4.4.3/../../../../x86_64-nacl/lib/../lib32/libnacl.a(close_e9b92fbd.o)
                                         0x34 (size before relaxing)
 .eh_frame      0x0000000010022acc       0x1c /home/jfb/nacl_sdk/pepper_42/toolchain/linux_x86_newlib/bin/../lib/gcc/x86_64-nacl/4.4.3/../../../../x86_64-nacl/lib/../lib32/libnacl.a(isatty_02f56e94.o)
                                         0x34 (size before relaxing)
 .eh_frame      0x0000000010022ae8       0x14 /home/jfb/nacl_sdk/pepper_42/toolchain/linux_x86_newlib/bin/../lib/gcc/x86_64-nacl/4.4.3/../../../../x86_64-nacl/lib/../lib32/libnacl.a(nacl_irt_fdio_b571b5e7.o)
                                         0x2c (size before relaxing)
 .eh_frame      0x0000000010022afc       0x1c /home/jfb/nacl_sdk/pepper_42/toolchain/linux_x86_newlib/bin/../lib/gcc/x86_64-nacl/4.4.3/../../../../x86_64-nacl/lib/../lib32/libnacl.a(fstat_0540ff63.o)
                                         0x34 (size before relaxing)
 .eh_frame      0x0000000010022b18       0x1c /home/jfb/nacl_sdk/pepper_42/toolchain/linux_x86_newlib/bin/../lib/gcc/x86_64-nacl/4.4.3/../../../../x86_64-nacl/lib/../lib32/libnacl.a(lseek_64d2d05c.o)
                                         0x34 (size before relaxing)
 .eh_frame      0x0000000010022b34       0x1c /home/jfb/nacl_sdk/pepper_42/toolchain/linux_x86_newlib/bin/../lib/gcc/x86_64-nacl/4.4.3/../../../../x86_64-nacl/lib/../lib32/libnacl.a(read_df872e10.o)
                                         0x34 (size before relaxing)
 .eh_frame      0x0000000010022b50       0x1c /home/jfb/nacl_sdk/pepper_42/toolchain/linux_x86_newlib/bin/../lib/gcc/x86_64-nacl/4.4.3/../../../../x86_64-nacl/lib/../lib32/libnacl.a(nanosleep_e59fdef1.o)
                                         0x34 (size before relaxing)
 .eh_frame      0x0000000010022b6c       0x20 /home/jfb/nacl_sdk/pepper_42/toolchain/linux_x86_newlib/bin/../lib/gcc/x86_64-nacl/4.4.3/32/libgcc.a(_udivdi3.o)
                                         0x38 (size before relaxing)
 .eh_frame      0x0000000010022b8c       0x20 /home/jfb/nacl_sdk/pepper_42/toolchain/linux_x86_newlib/bin/../lib/gcc/x86_64-nacl/4.4.3/32/libgcc.a(_umoddi3.o)
                                         0x38 (size before relaxing)
 .eh_frame      0x0000000010022bac        0x4 /home/jfb/nacl_sdk/pepper_42/toolchain/linux_x86_newlib/bin/../lib/gcc/x86_64-nacl/4.4.3/32/crtend.o

.gcc_except_table
 *(.gcc_except_table .gcc_except_table.*)

.exception_ranges
 *(.exception_ranges .exception_ranges*)
                0x0000000010022bb0                . = (ALIGN (0x10000) - ((0x10000 - .) & 0xffff))
                0x0000000010032bb0                . = DATA_SEGMENT_ALIGN (0x10000, 0x10000)

.eh_frame
 *(.eh_frame)

.gcc_except_table
 *(.gcc_except_table .gcc_except_table.*)

.exception_ranges
 *(.exception_ranges .exception_ranges*)

.tdata          0x0000000010032bb0      0x478
 *(.tdata .tdata.* .gnu.linkonce.td.*)
 .tdata         0x0000000010032bb0      0x478 /home/jfb/nacl_sdk/pepper_42/toolchain/linux_x86_newlib/bin/../lib/gcc/x86_64-nacl/4.4.3/../../../../x86_64-nacl/lib/../lib32/libcrt_common.a(lib_a-impure.o)
                0x0000000010032bb0                _impure_ptr

.tbss           0x0000000010033028        0x8
 *(.tbss .tbss.* .gnu.linkonce.tb.*)
 .tbss          0x0000000010033028        0x8 /home/jfb/nacl_sdk/pepper_42/toolchain/linux_x86_newlib/bin/../lib/gcc/x86_64-nacl/4.4.3/../../../../x86_64-nacl/lib/../lib32/libpthread.a(nc_thread_7e478b15.o)
 *(.tcommon)

.preinit_array  0x0000000010033028        0x0
                0x0000000010033028                PROVIDE (__preinit_array_start, .)
 *(.preinit_array)
                0x0000000010033028                PROVIDE (__preinit_array_end, .)

.init_array     0x0000000010033028        0x0
                0x0000000010033028                PROVIDE (__init_array_start, .)
 *(SORT(.init_array.*) SORT(.ctors.*))
 *(.init_array EXCLUDE_FILE(*crtend?.o *crtend.o *crtbegin?.o *crtbegin.o) .ctors)
                0x0000000010033028                PROVIDE (__init_array_end, .)

.fini_array     0x0000000010033028        0x0
                0x0000000010033028                PROVIDE (__fini_array_start, .)
 *(SORT(.fini_array.*) SORT(.dtors.*))
 *(.fini_array EXCLUDE_FILE(*crtend?.o *crtend.o *crtbegin?.o *crtbegin.o) .dtors)
                0x0000000010033028                PROVIDE (__fini_array_end, .)

.ctors          0x0000000010033028        0x8
 *crtbegin.o(.ctors)
 .ctors         0x0000000010033028        0x4 /home/jfb/nacl_sdk/pepper_42/toolchain/linux_x86_newlib/bin/../lib/gcc/x86_64-nacl/4.4.3/32/crtbegin.o
 *crtbegin?.o(.ctors)
 *(EXCLUDE_FILE(*crtend?.o *crtend.o) .ctors)
 *(SORT(.ctors.*))
 *(.ctors)
 .ctors         0x000000001003302c        0x4 /home/jfb/nacl_sdk/pepper_42/toolchain/linux_x86_newlib/bin/../lib/gcc/x86_64-nacl/4.4.3/32/crtend.o

.dtors          0x0000000010033030        0x8
 *crtbegin.o(.dtors)
 .dtors         0x0000000010033030        0x4 /home/jfb/nacl_sdk/pepper_42/toolchain/linux_x86_newlib/bin/../lib/gcc/x86_64-nacl/4.4.3/32/crtbegin.o
 *crtbegin?.o(.dtors)
 *(EXCLUDE_FILE(*crtend?.o *crtend.o) .dtors)
 *(SORT(.dtors.*))
 *(.dtors)
 .dtors         0x0000000010033034        0x4 /home/jfb/nacl_sdk/pepper_42/toolchain/linux_x86_newlib/bin/../lib/gcc/x86_64-nacl/4.4.3/32/crtend.o
                0x0000000010033034                __DTOR_END__

.jcr            0x0000000010033038        0x4
 *(.jcr)
 .jcr           0x0000000010033038        0x0 /home/jfb/nacl_sdk/pepper_42/toolchain/linux_x86_newlib/bin/../lib/gcc/x86_64-nacl/4.4.3/32/crtbegin.o
 .jcr           0x0000000010033038        0x4 /home/jfb/nacl_sdk/pepper_42/toolchain/linux_x86_newlib/bin/../lib/gcc/x86_64-nacl/4.4.3/32/crtend.o

.data.rel.ro
 *(.data.rel.ro.local* .gnu.linkonce.d.rel.ro.local.*)
 *(.data.rel.ro .data.rel.ro.* .gnu.linkonce.d.rel.ro.*)

.dynamic
 *(.dynamic)

.got            0x000000001003303c        0x0
 *(.got)
 .got           0x0000000000000000        0x0 /home/jfb/nacl_sdk/pepper_42/toolchain/linux_x86_newlib/bin/../lib/gcc/x86_64-nacl/4.4.3/32/crtbegin.o
 *(.igot)
                0x000000001003303c                . = DATA_SEGMENT_RELRO_END (., (SIZEOF (.got.plt) >= 0xc)?0xc:0x0)

.got.plt        0x000000001003303c        0xc
 *(.got.plt)
 .got.plt       0x000000001003303c        0xc /home/jfb/nacl_sdk/pepper_42/toolchain/linux_x86_newlib/bin/../lib/gcc/x86_64-nacl/4.4.3/32/crtbegin.o
                0x000000001003303c                _GLOBAL_OFFSET_TABLE_
 *(.igot.plt)
 .igot.plt      0x0000000000000000        0x0 /home/jfb/nacl_sdk/pepper_42/toolchain/linux_x86_newlib/bin/../lib/gcc/x86_64-nacl/4.4.3/32/crtbegin.o

.data           0x0000000010033060      0x6e8
 *(.data .data.* .gnu.linkonce.d.*)
 .data          0x0000000010033060        0x0 /home/jfb/nacl_sdk/pepper_42/toolchain/linux_x86_newlib/bin/../lib/gcc/x86_64-nacl/4.4.3/../../../../x86_64-nacl/lib/../lib32/crti.o
 .data          0x0000000010033060        0x4 /home/jfb/nacl_sdk/pepper_42/toolchain/linux_x86_newlib/bin/../lib/gcc/x86_64-nacl/4.4.3/32/crtbegin.o
                0x0000000010033060                __dso_handle
 .data          0x0000000010033064       0x18 newlib/Release/debugging_x86_32.o
 .data          0x000000001003307c        0x0 /home/jfb/nacl_sdk/pepper_42//lib/newlib_x86_32/Release/liberror_handling.a(error_handling_x86_32.o)
 .data          0x000000001003307c        0x0 /home/jfb/nacl_sdk/pepper_42//lib/newlib_x86_32/Release/liberror_handling.a(string_stream_x86_32.o)
 .data          0x000000001003307c        0x0 /home/jfb/nacl_sdk/pepper_42/toolchain/linux_x86_newlib/bin/../lib/gcc/x86_64-nacl/4.4.3/../../../../x86_64-nacl/lib/../lib32/libppapi_stub.a(plugin_main_irt_21ce9d26.o)
 .data          0x000000001003307c        0x0 /home/jfb/nacl_sdk/pepper_42/toolchain/linux_x86_newlib/bin/../lib/gcc/x86_64-nacl/4.4.3/../../../../x86_64-nacl/lib/../lib32/libppapi_stub.a(ppapi_plugin_main_399d0cf7.o)
 .data          0x000000001003307c        0x0 /home/jfb/nacl_sdk/pepper_42/toolchain/linux_x86_newlib/bin/../lib/gcc/x86_64-nacl/4.4.3/../../../../x86_64-nacl/lib/../lib32/libppapi_stub.a(ppapi_plugin_start_8da67623.o)
 .data          0x000000001003307c        0x0 /home/jfb/nacl_sdk/pepper_42/toolchain/linux_x86_newlib/bin/../lib/gcc/x86_64-nacl/4.4.3/../../../../x86_64-nacl/lib/../lib32/libppapi_stub.a(thread_creator_ccf263e1.o)
 .data          0x000000001003307c        0x4 /home/jfb/nacl_sdk/pepper_42/toolchain/linux_x86_newlib/bin/../lib/gcc/x86_64-nacl/4.4.3/../../../../x86_64-nacl/lib/../lib32/libpthread.a(nc_thread_7e478b15.o)
                0x000000001003307c                __nc_running_threads_counter
 .data          0x0000000010033080        0x0 /home/jfb/nacl_sdk/pepper_42/toolchain/linux_x86_newlib/bin/../lib/gcc/x86_64-nacl/4.4.3/../../../../x86_64-nacl/lib/../lib32/libpthread.a(nc_condvar_305aa45a.o)
 .data          0x0000000010033080        0x4 /home/jfb/nacl_sdk/pepper_42/toolchain/linux_x86_newlib/bin/../lib/gcc/x86_64-nacl/4.4.3/../../../../x86_64-nacl/lib/../lib32/libpthread.a(dynamic_annotations_33ba59cc.o)
 .data          0x0000000010033084        0x0 /home/jfb/nacl_sdk/pepper_42/toolchain/linux_x86_newlib/bin/../lib/gcc/x86_64-nacl/4.4.3/../../../../x86_64-nacl/lib/../lib32/libpthread.a(nc_mutex_86341ae1.o)
 .data          0x0000000010033084        0x0 /home/jfb/nacl_sdk/pepper_42/toolchain/linux_x86_newlib/bin/../lib/gcc/x86_64-nacl/4.4.3/../../../../x86_64-nacl/lib/../lib32/libpthread.a(nc_init_irt_d3daafc0.o)
 .data          0x0000000010033084        0x0 /home/jfb/nacl_sdk/pepper_42/toolchain/linux_x86_newlib/bin/../lib/gcc/x86_64-nacl/4.4.3/../../../../x86_64-nacl/lib/../lib32/libnacl.a(_exit_710c7d0d.o)
 .data          0x0000000010033084        0x4 /home/jfb/nacl_sdk/pepper_42/toolchain/linux_x86_newlib/bin/../lib/gcc/x86_64-nacl/4.4.3/../../../../x86_64-nacl/lib/../lib32/libnacl.a(environ_25cd24d8.o)
                0x0000000010033084                environ
 .data          0x0000000010033088        0x0 /home/jfb/nacl_sdk/pepper_42/toolchain/linux_x86_newlib/bin/../lib/gcc/x86_64-nacl/4.4.3/../../../../x86_64-nacl/lib/../lib32/libnacl.a(start_fa9ef7de.o)
 .data          0x0000000010033088        0x0 /home/jfb/nacl_sdk/pepper_42/toolchain/linux_x86_newlib/bin/../lib/gcc/x86_64-nacl/4.4.3/../../../../x86_64-nacl/lib/../lib32/libnacl.a(malloc_222c4a1e.o)
 *fill*         0x0000000010033088       0x18 
 .data          0x00000000100330a0       0x20 /home/jfb/nacl_sdk/pepper_42/toolchain/linux_x86_newlib/bin/../lib/gcc/x86_64-nacl/4.4.3/../../../../x86_64-nacl/lib/../lib32/libnacl.a(nacl_irt_6de1d53f.o)
                0x00000000100330a0                __libnacl_irt_fdio
 .data          0x00000000100330c0        0x0 /home/jfb/nacl_sdk/pepper_42/toolchain/linux_x86_newlib/bin/../lib/gcc/x86_64-nacl/4.4.3/../../../../x86_64-nacl/lib/../lib32/libnacl.a(pthread_initialize_minimal_4b6e776b.o)
 .data          0x00000000100330c0        0x0 /home/jfb/nacl_sdk/pepper_42/toolchain/linux_x86_newlib/bin/../lib/gcc/x86_64-nacl/4.4.3/../../../../x86_64-nacl/lib/../lib32/libnacl.a(nacl_read_tp_5748ac47.o)
 .data          0x00000000100330c0        0x0 /home/jfb/nacl_sdk/pepper_42/toolchain/linux_x86_newlib/bin/../lib/gcc/x86_64-nacl/4.4.3/../../../../x86_64-nacl/lib/../lib32/libnacl.a(nacl_interface_query_ef8a99f1.o)
 .data          0x00000000100330c0        0x0 /home/jfb/nacl_sdk/pepper_42/toolchain/linux_x86_newlib/bin/../lib/gcc/x86_64-nacl/4.4.3/../../../../x86_64-nacl/lib/../lib32/libnacl.a(mmap_767fb080.o)
 .data          0x00000000100330c0        0x0 /home/jfb/nacl_sdk/pepper_42/toolchain/linux_x86_newlib/bin/../lib/gcc/x86_64-nacl/4.4.3/../../../../x86_64-nacl/lib/../lib32/libnacl.a(sched_yield_56c375be.o)
 .data          0x00000000100330c0        0x0 /home/jfb/nacl_sdk/pepper_42/toolchain/linux_x86_newlib/bin/../lib/gcc/x86_64-nacl/4.4.3/../../../../x86_64-nacl/lib/../lib32/libnacl.a(munmap_d4f09867.o)
 .data          0x00000000100330c0        0x0 /home/jfb/nacl_sdk/pepper_42/toolchain/linux_x86_newlib/bin/../lib/gcc/x86_64-nacl/4.4.3/../../../../x86_64-nacl/lib/../lib32/libnacl.a(tls_bba1975b.o)
 .data          0x00000000100330c0        0x0 /home/jfb/nacl_sdk/pepper_42/toolchain/linux_x86_newlib/bin/../lib/gcc/x86_64-nacl/4.4.3/../../../../x86_64-nacl/lib/../lib32/libnacl.a(write_fb49787f.o)
 .data          0x00000000100330c0        0x0 /home/jfb/nacl_sdk/pepper_42/toolchain/linux_x86_newlib/bin/../lib/gcc/x86_64-nacl/4.4.3/../../../../x86_64-nacl/lib/../lib32/libnacl.a(abort_9f6b5845.o)
 .data          0x00000000100330c0        0x0 /home/jfb/nacl_sdk/pepper_42/toolchain/linux_x86_newlib/bin/../lib/gcc/x86_64-nacl/4.4.3/../../../../x86_64-nacl/lib/../lib32/libnacl.a(nacl_tls_get_d2f842b5.o)
 .data          0x00000000100330c0        0x0 /home/jfb/nacl_sdk/pepper_42/toolchain/linux_x86_newlib/bin/../lib/gcc/x86_64-nacl/4.4.3/../../../../x86_64-nacl/lib/../lib32/libnacl.a(nacl_irt_init_7b4f826e.o)
 .data          0x00000000100330c0        0x0 /home/jfb/nacl_sdk/pepper_42/toolchain/linux_x86_newlib/bin/../lib/gcc/x86_64-nacl/4.4.3/../../../../x86_64-nacl/lib/../lib32/libnacl.a(sysconf_ad295ea2.o)
 .data          0x00000000100330c0        0x0 /home/jfb/nacl_sdk/pepper_42/toolchain/linux_x86_newlib/bin/../lib/gcc/x86_64-nacl/4.4.3/../../../../x86_64-nacl/lib/../lib32/libnacl.a(nacl_tls_init_eb0cd232.o)
 .data          0x00000000100330c0        0x0 /home/jfb/nacl_sdk/pepper_42/toolchain/linux_x86_newlib/bin/../lib/gcc/x86_64-nacl/4.4.3/../../../../x86_64-nacl/lib/../lib32/libcrt_common.a(lib_a-atexit.o)
 .data          0x00000000100330c0        0x0 /home/jfb/nacl_sdk/pepper_42/toolchain/linux_x86_newlib/bin/../lib/gcc/x86_64-nacl/4.4.3/../../../../x86_64-nacl/lib/../lib32/libcrt_common.a(lib_a-errno.o)
 .data          0x00000000100330c0        0x0 /home/jfb/nacl_sdk/pepper_42/toolchain/linux_x86_newlib/bin/../lib/gcc/x86_64-nacl/4.4.3/../../../../x86_64-nacl/lib/../lib32/libcrt_common.a(lib_a-exit.o)
 .data          0x00000000100330c0        0x0 /home/jfb/nacl_sdk/pepper_42/toolchain/linux_x86_newlib/bin/../lib/gcc/x86_64-nacl/4.4.3/../../../../x86_64-nacl/lib/../lib32/libcrt_common.a(lib_a-fflush.o)
 .data          0x00000000100330c0       0x28 /home/jfb/nacl_sdk/pepper_42/toolchain/linux_x86_newlib/bin/../lib/gcc/x86_64-nacl/4.4.3/../../../../x86_64-nacl/lib/../lib32/libcrt_common.a(lib_a-findfp.o)
 .data          0x00000000100330e8        0x0 /home/jfb/nacl_sdk/pepper_42/toolchain/linux_x86_newlib/bin/../lib/gcc/x86_64-nacl/4.4.3/../../../../x86_64-nacl/lib/../lib32/libcrt_common.a(lib_a-fini.o)
 .data          0x00000000100330e8        0x0 /home/jfb/nacl_sdk/pepper_42/toolchain/linux_x86_newlib/bin/../lib/gcc/x86_64-nacl/4.4.3/../../../../x86_64-nacl/lib/../lib32/libcrt_common.a(lib_a-fprintf.o)
 .data          0x00000000100330e8        0x0 /home/jfb/nacl_sdk/pepper_42/toolchain/linux_x86_newlib/bin/../lib/gcc/x86_64-nacl/4.4.3/../../../../x86_64-nacl/lib/../lib32/libcrt_common.a(lib_a-fwalk.o)
 .data          0x00000000100330e8        0x0 /home/jfb/nacl_sdk/pepper_42/toolchain/linux_x86_newlib/bin/../lib/gcc/x86_64-nacl/4.4.3/../../../../x86_64-nacl/lib/../lib32/libcrt_common.a(lib_a-fwrite.o)
 .data          0x00000000100330e8        0x0 /home/jfb/nacl_sdk/pepper_42/toolchain/linux_x86_newlib/bin/../lib/gcc/x86_64-nacl/4.4.3/../../../../x86_64-nacl/lib/../lib32/libcrt_common.a(lib_a-getenv.o)
 .data          0x00000000100330e8        0x0 /home/jfb/nacl_sdk/pepper_42/toolchain/linux_x86_newlib/bin/../lib/gcc/x86_64-nacl/4.4.3/../../../../x86_64-nacl/lib/../lib32/libcrt_common.a(lib_a-getenv_r.o)
 *fill*         0x00000000100330e8       0x18 
 .data          0x0000000010033100      0x470 /home/jfb/nacl_sdk/pepper_42/toolchain/linux_x86_newlib/bin/../lib/gcc/x86_64-nacl/4.4.3/../../../../x86_64-nacl/lib/../lib32/libcrt_common.a(lib_a-impure.o)
 .data          0x0000000010033570        0x0 /home/jfb/nacl_sdk/pepper_42/toolchain/linux_x86_newlib/bin/../lib/gcc/x86_64-nacl/4.4.3/../../../../x86_64-nacl/lib/../lib32/libcrt_common.a(lib_a-init.o)
 .data          0x0000000010033570        0x0 /home/jfb/nacl_sdk/pepper_42/toolchain/linux_x86_newlib/bin/../lib/gcc/x86_64-nacl/4.4.3/../../../../x86_64-nacl/lib/../lib32/libcrt_common.a(lib_a-memcpy.o)
 .data          0x0000000010033570        0x0 /home/jfb/nacl_sdk/pepper_42/toolchain/linux_x86_newlib/bin/../lib/gcc/x86_64-nacl/4.4.3/../../../../x86_64-nacl/lib/../lib32/libcrt_common.a(lib_a-memset.o)
 .data          0x0000000010033570        0x0 /home/jfb/nacl_sdk/pepper_42/toolchain/linux_x86_newlib/bin/../lib/gcc/x86_64-nacl/4.4.3/../../../../x86_64-nacl/lib/../lib32/libcrt_common.a(lib_a-sleep.o)
 .data          0x0000000010033570        0x0 /home/jfb/nacl_sdk/pepper_42/toolchain/linux_x86_newlib/bin/../lib/gcc/x86_64-nacl/4.4.3/../../../../x86_64-nacl/lib/../lib32/libcrt_common.a(lib_a-stdio.o)
 .data          0x0000000010033570        0x0 /home/jfb/nacl_sdk/pepper_42/toolchain/linux_x86_newlib/bin/../lib/gcc/x86_64-nacl/4.4.3/../../../../x86_64-nacl/lib/../lib32/libcrt_common.a(lib_a-strcat.o)
 .data          0x0000000010033570        0x0 /home/jfb/nacl_sdk/pepper_42/toolchain/linux_x86_newlib/bin/../lib/gcc/x86_64-nacl/4.4.3/../../../../x86_64-nacl/lib/../lib32/libcrt_common.a(lib_a-strcpy.o)
 .data          0x0000000010033570        0x0 /home/jfb/nacl_sdk/pepper_42/toolchain/linux_x86_newlib/bin/../lib/gcc/x86_64-nacl/4.4.3/../../../../x86_64-nacl/lib/../lib32/libcrt_common.a(lib_a-strlen.o)
 .data          0x0000000010033570        0x0 /home/jfb/nacl_sdk/pepper_42/toolchain/linux_x86_newlib/bin/../lib/gcc/x86_64-nacl/4.4.3/../../../../x86_64-nacl/lib/../lib32/libcrt_common.a(lib_a-strncmp.o)
 .data          0x0000000010033570        0x0 /home/jfb/nacl_sdk/pepper_42/toolchain/linux_x86_newlib/bin/../lib/gcc/x86_64-nacl/4.4.3/../../../../x86_64-nacl/lib/../lib32/libcrt_common.a(lib_a-vfprintf.o)
 .data          0x0000000010033570        0x0 /home/jfb/nacl_sdk/pepper_42/toolchain/linux_x86_newlib/bin/../lib/gcc/x86_64-nacl/4.4.3/../../../../x86_64-nacl/lib/../lib32/libcrt_common.a(lib_a-vsnprintf.o)
 .data          0x0000000010033570        0x0 /home/jfb/nacl_sdk/pepper_42/toolchain/linux_x86_newlib/bin/../lib/gcc/x86_64-nacl/4.4.3/../../../../x86_64-nacl/lib/../lib32/libcrt_common.a(lib_a-vsprintf.o)
 .data          0x0000000010033570        0x0 /home/jfb/nacl_sdk/pepper_42/toolchain/linux_x86_newlib/bin/../lib/gcc/x86_64-nacl/4.4.3/../../../../x86_64-nacl/lib/../lib32/libcrt_common.a(lib_a-wcrtomb.o)
 .data          0x0000000010033570        0x0 /home/jfb/nacl_sdk/pepper_42/toolchain/linux_x86_newlib/bin/../lib/gcc/x86_64-nacl/4.4.3/../../../../x86_64-nacl/lib/../lib32/libcrt_common.a(lib_a-wcsrtombs.o)
 .data          0x0000000010033570        0x4 /home/jfb/nacl_sdk/pepper_42/toolchain/linux_x86_newlib/bin/../lib/gcc/x86_64-nacl/4.4.3/../../../../x86_64-nacl/lib/../lib32/libcrt_common.a(lib_a-wctomb_r.o)
                0x0000000010033570                __wctomb
 .data          0x0000000010033574        0x0 /home/jfb/nacl_sdk/pepper_42/toolchain/linux_x86_newlib/bin/../lib/gcc/x86_64-nacl/4.4.3/../../../../x86_64-nacl/lib/../lib32/libcrt_common.a(lib_a-wsetup.o)
 .data          0x0000000010033574        0x0 /home/jfb/nacl_sdk/pepper_42/toolchain/linux_x86_newlib/bin/../lib/gcc/x86_64-nacl/4.4.3/../../../../x86_64-nacl/lib/../lib32/libcrt_common.a(lib_a-__atexit.o)
 .data          0x0000000010033574       0x14 /home/jfb/nacl_sdk/pepper_42/toolchain/linux_x86_newlib/bin/../lib/gcc/x86_64-nacl/4.4.3/../../../../x86_64-nacl/lib/../lib32/libcrt_common.a(lib_a-__call_atexit.o)
                0x0000000010033574                __atexit_lock
 .data          0x0000000010033588        0x0 /home/jfb/nacl_sdk/pepper_42/toolchain/linux_x86_newlib/bin/../lib/gcc/x86_64-nacl/4.4.3/../../../../x86_64-nacl/lib/../lib32/libcrt_common.a(lib_a-dtoa.o)
 .data          0x0000000010033588       0x14 /home/jfb/nacl_sdk/pepper_42/toolchain/linux_x86_newlib/bin/../lib/gcc/x86_64-nacl/4.4.3/../../../../x86_64-nacl/lib/../lib32/libcrt_common.a(lib_a-envlock.o)
 .data          0x000000001003359c        0x0 /home/jfb/nacl_sdk/pepper_42/toolchain/linux_x86_newlib/bin/../lib/gcc/x86_64-nacl/4.4.3/../../../../x86_64-nacl/lib/../lib32/libcrt_common.a(lib_a-fclose.o)
 .data          0x000000001003359c        0x0 /home/jfb/nacl_sdk/pepper_42/toolchain/linux_x86_newlib/bin/../lib/gcc/x86_64-nacl/4.4.3/../../../../x86_64-nacl/lib/../lib32/libcrt_common.a(lib_a-fvwrite.o)
 *fill*         0x000000001003359c        0x4 
 .data          0x00000000100335a0      0x1a0 /home/jfb/nacl_sdk/pepper_42/toolchain/linux_x86_newlib/bin/../lib/gcc/x86_64-nacl/4.4.3/../../../../x86_64-nacl/lib/../lib32/libcrt_common.a(lib_a-locale.o)
                0x00000000100335a0                __mb_cur_max
                0x00000000100335c0                __default_locale
 .data          0x0000000010033740        0x0 /home/jfb/nacl_sdk/pepper_42/toolchain/linux_x86_newlib/bin/../lib/gcc/x86_64-nacl/4.4.3/../../../../x86_64-nacl/lib/../lib32/libcrt_common.a(lib_a-makebuf.o)
 .data          0x0000000010033740        0x4 /home/jfb/nacl_sdk/pepper_42/toolchain/linux_x86_newlib/bin/../lib/gcc/x86_64-nacl/4.4.3/../../../../x86_64-nacl/lib/../lib32/libcrt_common.a(lib_a-mbtowc_r.o)
                0x0000000010033740                __mbtowc
 .data          0x0000000010033744        0x0 /home/jfb/nacl_sdk/pepper_42/toolchain/linux_x86_newlib/bin/../lib/gcc/x86_64-nacl/4.4.3/../../../../x86_64-nacl/lib/../lib32/libcrt_common.a(lib_a-memchr.o)
 .data          0x0000000010033744        0x0 /home/jfb/nacl_sdk/pepper_42/toolchain/linux_x86_newlib/bin/../lib/gcc/x86_64-nacl/4.4.3/../../../../x86_64-nacl/lib/../lib32/libcrt_common.a(lib_a-memmove.o)
 .data          0x0000000010033744        0x0 /home/jfb/nacl_sdk/pepper_42/toolchain/linux_x86_newlib/bin/../lib/gcc/x86_64-nacl/4.4.3/../../../../x86_64-nacl/lib/../lib32/libcrt_common.a(lib_a-mprec.o)
 .data          0x0000000010033744        0x0 /home/jfb/nacl_sdk/pepper_42/toolchain/linux_x86_newlib/bin/../lib/gcc/x86_64-nacl/4.4.3/../../../../x86_64-nacl/lib/../lib32/libcrt_common.a(lib_a-s_fpclassify.o)
 .data          0x0000000010033744        0x0 /home/jfb/nacl_sdk/pepper_42/toolchain/linux_x86_newlib/bin/../lib/gcc/x86_64-nacl/4.4.3/../../../../x86_64-nacl/lib/../lib32/libcrt_common.a(lib_a-s_frexp.o)
 .data          0x0000000010033744        0x0 /home/jfb/nacl_sdk/pepper_42/toolchain/linux_x86_newlib/bin/../lib/gcc/x86_64-nacl/4.4.3/../../../../x86_64-nacl/lib/../lib32/libcrt_common.a(lib_a-strcasecmp.o)
 .data          0x0000000010033744        0x0 /home/jfb/nacl_sdk/pepper_42/toolchain/linux_x86_newlib/bin/../lib/gcc/x86_64-nacl/4.4.3/../../../../x86_64-nacl/lib/../lib32/libcrt_common.a(lib_a-strchr.o)
 .data          0x0000000010033744        0x0 /home/jfb/nacl_sdk/pepper_42/toolchain/linux_x86_newlib/bin/../lib/gcc/x86_64-nacl/4.4.3/../../../../x86_64-nacl/lib/../lib32/libcrt_common.a(lib_a-strcmp.o)
 .data          0x0000000010033744        0x0 /home/jfb/nacl_sdk/pepper_42/toolchain/linux_x86_newlib/bin/../lib/gcc/x86_64-nacl/4.4.3/../../../../x86_64-nacl/lib/../lib32/libcrt_common.a(lib_a-strlcpy.o)
 .data          0x0000000010033744        0x0 /home/jfb/nacl_sdk/pepper_42/toolchain/linux_x86_newlib/bin/../lib/gcc/x86_64-nacl/4.4.3/../../../../x86_64-nacl/lib/../lib32/libcrt_common.a(lib_a-strncasecmp.o)
 .data          0x0000000010033744        0x0 /home/jfb/nacl_sdk/pepper_42/toolchain/linux_x86_newlib/bin/../lib/gcc/x86_64-nacl/4.4.3/../../../../x86_64-nacl/lib/../lib32/libcrt_common.a(lib_a-strncpy.o)
 .data          0x0000000010033744        0x0 /home/jfb/nacl_sdk/pepper_42/toolchain/linux_x86_newlib/bin/../lib/gcc/x86_64-nacl/4.4.3/../../../../x86_64-nacl/lib/../lib32/libcrt_common.a(lib_a-strtol.o)
 .data          0x0000000010033744        0x0 /home/jfb/nacl_sdk/pepper_42/toolchain/linux_x86_newlib/bin/../lib/gcc/x86_64-nacl/4.4.3/../../../../x86_64-nacl/lib/../lib32/libcrt_common.a(lib_a-svfprintf.o)
 .data          0x0000000010033744        0x0 /home/jfb/nacl_sdk/pepper_42/toolchain/linux_x86_newlib/bin/../lib/gcc/x86_64-nacl/4.4.3/../../../../x86_64-nacl/lib/../lib32/libcrt_common.a(lib_a-vfiprintf.o)
 .data          0x0000000010033744        0x0 /home/jfb/nacl_sdk/pepper_42/toolchain/linux_x86_newlib/bin/../lib/gcc/x86_64-nacl/4.4.3/../../../../x86_64-nacl/lib/../lib32/libcrt_common.a(lib_a-wcsnrtombs.o)
 .data          0x0000000010033744        0x4 /home/jfb/nacl_sdk/pepper_42/toolchain/linux_x86_newlib/bin/../lib/gcc/x86_64-nacl/4.4.3/../../../../x86_64-nacl/lib/../lib32/libcrt_common.a(lib_a-ctype_.o)
                0x0000000010033744                __ctype_ptr__
 .data          0x0000000010033748        0x0 /home/jfb/nacl_sdk/pepper_42/toolchain/linux_x86_newlib/bin/../lib/gcc/x86_64-nacl/4.4.3/../../../../x86_64-nacl/lib/../lib32/libcrt_common.a(lib_a-fputwc.o)
 .data          0x0000000010033748        0x0 /home/jfb/nacl_sdk/pepper_42/toolchain/linux_x86_newlib/bin/../lib/gcc/x86_64-nacl/4.4.3/../../../../x86_64-nacl/lib/../lib32/libcrt_common.a(lib_a-svfiprintf.o)
 .data          0x0000000010033748        0x0 /home/jfb/nacl_sdk/pepper_42/toolchain/linux_x86_newlib/bin/../lib/gcc/x86_64-nacl/4.4.3/../../../../x86_64-nacl/lib/../lib32/libcrt_common.a(lib_a-wbuf.o)
 .data          0x0000000010033748        0x0 /home/jfb/nacl_sdk/pepper_42/toolchain/linux_x86_newlib/bin/../lib/gcc/x86_64-nacl/4.4.3/../../../../x86_64-nacl/lib/../lib32/libnacl.a(close_e9b92fbd.o)
 .data          0x0000000010033748        0x0 /home/jfb/nacl_sdk/pepper_42/toolchain/linux_x86_newlib/bin/../lib/gcc/x86_64-nacl/4.4.3/../../../../x86_64-nacl/lib/../lib32/libnacl.a(isatty_02f56e94.o)
 .data          0x0000000010033748        0x0 /home/jfb/nacl_sdk/pepper_42/toolchain/linux_x86_newlib/bin/../lib/gcc/x86_64-nacl/4.4.3/../../../../x86_64-nacl/lib/../lib32/libnacl.a(nacl_irt_fdio_b571b5e7.o)
 .data          0x0000000010033748        0x0 /home/jfb/nacl_sdk/pepper_42/toolchain/linux_x86_newlib/bin/../lib/gcc/x86_64-nacl/4.4.3/../../../../x86_64-nacl/lib/../lib32/libnacl.a(fstat_0540ff63.o)
 .data          0x0000000010033748        0x0 /home/jfb/nacl_sdk/pepper_42/toolchain/linux_x86_newlib/bin/../lib/gcc/x86_64-nacl/4.4.3/../../../../x86_64-nacl/lib/../lib32/libnacl.a(lseek_64d2d05c.o)
 .data          0x0000000010033748        0x0 /home/jfb/nacl_sdk/pepper_42/toolchain/linux_x86_newlib/bin/../lib/gcc/x86_64-nacl/4.4.3/../../../../x86_64-nacl/lib/../lib32/libnacl.a(read_df872e10.o)
 .data          0x0000000010033748        0x0 /home/jfb/nacl_sdk/pepper_42/toolchain/linux_x86_newlib/bin/../lib/gcc/x86_64-nacl/4.4.3/../../../../x86_64-nacl/lib/../lib32/libnacl.a(nanosleep_e59fdef1.o)
 .data          0x0000000010033748        0x0 /home/jfb/nacl_sdk/pepper_42/toolchain/linux_x86_newlib/bin/../lib/gcc/x86_64-nacl/4.4.3/32/libgcc.a(_udivdi3.o)
 .data          0x0000000010033748        0x0 /home/jfb/nacl_sdk/pepper_42/toolchain/linux_x86_newlib/bin/../lib/gcc/x86_64-nacl/4.4.3/32/libgcc.a(_umoddi3.o)
 .data          0x0000000010033748        0x0 /home/jfb/nacl_sdk/pepper_42/toolchain/linux_x86_newlib/bin/../lib/gcc/x86_64-nacl/4.4.3/32/crtend.o
 .data          0x0000000010033748        0x0 /home/jfb/nacl_sdk/pepper_42/toolchain/linux_x86_newlib/bin/../lib/gcc/x86_64-nacl/4.4.3/../../../../x86_64-nacl/lib/../lib32/crtn.o

.data1
 *(.data1)
                0x0000000010033748                _edata = .
                0x0000000010033748                PROVIDE (edata, .)
                0x0000000010033748                . = .
                0x0000000010033748                __bss_start = .

.bss            0x0000000010033760     0x16bc
 *(.dynbss)
 *(.bss .bss.* .gnu.linkonce.b.*)
 .bss           0x0000000010033760        0x0 /home/jfb/nacl_sdk/pepper_42/toolchain/linux_x86_newlib/bin/../lib/gcc/x86_64-nacl/4.4.3/../../../../x86_64-nacl/lib/../lib32/crti.o
 .bss           0x0000000010033760       0x20 /home/jfb/nacl_sdk/pepper_42/toolchain/linux_x86_newlib/bin/../lib/gcc/x86_64-nacl/4.4.3/32/crtbegin.o
 .bss           0x0000000010033780       0x10 newlib/Release/debugging_x86_32.o
                0x0000000010033780                ppb_messaging_interface
                0x0000000010033784                ppb_var_interface
                0x0000000010033788                ppb_core_interface
                0x000000001003378c                g_CrashTime
 .bss           0x0000000010033790       0x18 /home/jfb/nacl_sdk/pepper_42//lib/newlib_x86_32/Release/liberror_handling.a(error_handling_x86_32.o)
 .bss           0x00000000100337a8        0x0 /home/jfb/nacl_sdk/pepper_42//lib/newlib_x86_32/Release/liberror_handling.a(string_stream_x86_32.o)
 .bss           0x00000000100337a8        0x0 /home/jfb/nacl_sdk/pepper_42/toolchain/linux_x86_newlib/bin/../lib/gcc/x86_64-nacl/4.4.3/../../../../x86_64-nacl/lib/../lib32/libppapi_stub.a(plugin_main_irt_21ce9d26.o)
 .bss           0x00000000100337a8        0x0 /home/jfb/nacl_sdk/pepper_42/toolchain/linux_x86_newlib/bin/../lib/gcc/x86_64-nacl/4.4.3/../../../../x86_64-nacl/lib/../lib32/libppapi_stub.a(ppapi_plugin_main_399d0cf7.o)
 .bss           0x00000000100337a8        0x0 /home/jfb/nacl_sdk/pepper_42/toolchain/linux_x86_newlib/bin/../lib/gcc/x86_64-nacl/4.4.3/../../../../x86_64-nacl/lib/../lib32/libppapi_stub.a(ppapi_plugin_start_8da67623.o)
 .bss           0x00000000100337a8        0x0 /home/jfb/nacl_sdk/pepper_42/toolchain/linux_x86_newlib/bin/../lib/gcc/x86_64-nacl/4.4.3/../../../../x86_64-nacl/lib/../lib32/libppapi_stub.a(thread_creator_ccf263e1.o)
 *fill*         0x00000000100337a8       0x18 
 .bss           0x00000000100337c0     0x1020 /home/jfb/nacl_sdk/pepper_42/toolchain/linux_x86_newlib/bin/../lib/gcc/x86_64-nacl/4.4.3/../../../../x86_64-nacl/lib/../lib32/libpthread.a(nc_thread_7e478b15.o)
 .bss           0x00000000100347e0        0x0 /home/jfb/nacl_sdk/pepper_42/toolchain/linux_x86_newlib/bin/../lib/gcc/x86_64-nacl/4.4.3/../../../../x86_64-nacl/lib/../lib32/libpthread.a(nc_condvar_305aa45a.o)
 .bss           0x00000000100347e0        0x0 /home/jfb/nacl_sdk/pepper_42/toolchain/linux_x86_newlib/bin/../lib/gcc/x86_64-nacl/4.4.3/../../../../x86_64-nacl/lib/../lib32/libpthread.a(dynamic_annotations_33ba59cc.o)
 .bss           0x00000000100347e0        0x0 /home/jfb/nacl_sdk/pepper_42/toolchain/linux_x86_newlib/bin/../lib/gcc/x86_64-nacl/4.4.3/../../../../x86_64-nacl/lib/../lib32/libpthread.a(nc_mutex_86341ae1.o)
 .bss           0x00000000100347e0        0x0 /home/jfb/nacl_sdk/pepper_42/toolchain/linux_x86_newlib/bin/../lib/gcc/x86_64-nacl/4.4.3/../../../../x86_64-nacl/lib/../lib32/libpthread.a(nc_init_irt_d3daafc0.o)
 .bss           0x00000000100347e0        0x0 /home/jfb/nacl_sdk/pepper_42/toolchain/linux_x86_newlib/bin/../lib/gcc/x86_64-nacl/4.4.3/../../../../x86_64-nacl/lib/../lib32/libnacl.a(_exit_710c7d0d.o)
 .bss           0x00000000100347e0        0x4 /home/jfb/nacl_sdk/pepper_42/toolchain/linux_x86_newlib/bin/../lib/gcc/x86_64-nacl/4.4.3/../../../../x86_64-nacl/lib/../lib32/libnacl.a(environ_25cd24d8.o)
 .bss           0x00000000100347e4        0x0 /home/jfb/nacl_sdk/pepper_42/toolchain/linux_x86_newlib/bin/../lib/gcc/x86_64-nacl/4.4.3/../../../../x86_64-nacl/lib/../lib32/libnacl.a(start_fa9ef7de.o)
 *fill*         0x00000000100347e4       0x1c 
 .bss           0x0000000010034800      0x1fc /home/jfb/nacl_sdk/pepper_42/toolchain/linux_x86_newlib/bin/../lib/gcc/x86_64-nacl/4.4.3/../../../../x86_64-nacl/lib/../lib32/libnacl.a(malloc_222c4a1e.o)
 .bss           0x00000000100349fc        0x0 /home/jfb/nacl_sdk/pepper_42/toolchain/linux_x86_newlib/bin/../lib/gcc/x86_64-nacl/4.4.3/../../../../x86_64-nacl/lib/../lib32/libnacl.a(nacl_irt_6de1d53f.o)
 .bss           0x00000000100349fc        0x0 /home/jfb/nacl_sdk/pepper_42/toolchain/linux_x86_newlib/bin/../lib/gcc/x86_64-nacl/4.4.3/../../../../x86_64-nacl/lib/../lib32/libnacl.a(pthread_initialize_minimal_4b6e776b.o)